Archive member included to satisfy reference by file (symbol)

.\CortexM0\ARM_GCC_541\Debug\Design13.a(UART_1.o)
                              .\CortexM0\ARM_GCC_541\Debug\main.o (UART_1_Start)
.\CortexM0\ARM_GCC_541\Debug\Design13.a(UART_1_UART.o)
                              .\CortexM0\ARM_GCC_541\Debug\Design13.a(UART_1.o) (UART_1_UartInit)
.\CortexM0\ARM_GCC_541\Debug\Design13.a(CapSense_1.o)
                              .\CortexM0\ARM_GCC_541\Debug\main.o (CapSense_1_IsBusy)
.\CortexM0\ARM_GCC_541\Debug\Design13.a(CapSense_1_CSHL.o)
                              .\CortexM0\ARM_GCC_541\Debug\main.o (CapSense_1_InitializeEnabledBaselines)
.\CortexM0\ARM_GCC_541\Debug\Design13.a(CapSense_1_SMS.o)
                              .\CortexM0\ARM_GCC_541\Debug\Design13.a(CapSense_1_CSHL.o) (CapSense_1_UpdateThresholds)
.\CortexM0\ARM_GCC_541\Debug\Design13.a(CyLib.o)
                              .\CortexM0\ARM_GCC_541\Debug\cyfitter_cfg.o (CySysClkWriteImoFreq)
.\CortexM0\ARM_GCC_541\Debug\Design13.a(CyLFClk.o)
                              .\CortexM0\ARM_GCC_541\Debug\cyfitter_cfg.o (CySysClkWcoStart)
.\CortexM0\ARM_GCC_541\Debug\Design13.a(CapSense_1_SampleClk.o)
                              .\CortexM0\ARM_GCC_541\Debug\Design13.a(CapSense_1.o) (CapSense_1_SampleClk_StartEx)
.\CortexM0\ARM_GCC_541\Debug\Design13.a(CapSense_1_SenseClk.o)
                              .\CortexM0\ARM_GCC_541\Debug\Design13.a(CapSense_1.o) (CapSense_1_SenseClk_StartEx)
.\CortexM0\ARM_GCC_541\Debug\Design13.a(CyBootAsmGnu.o)
                              .\CortexM0\ARM_GCC_541\Debug\cyfitter_cfg.o (CyDelayCycles)
.\CortexM0\ARM_GCC_541\Debug\Design13.a(UART_1_SPI_UART.o)
                              .\CortexM0\ARM_GCC_541\Debug\Design13.a(UART_1_UART.o) (UART_1_SpiUartReadRxData)
.\CortexM0\ARM_GCC_541\Debug\Design13.a(CapSense_1_INT.o)
                              .\CortexM0\ARM_GCC_541\Debug\Design13.a(CapSense_1.o) (CapSense_1_ISR)
C:\Program Files (x86)\Cypress\PSoC Creator\4.2\PSoC Creator\psoc\content\CyComponentLibrary\CyComponentLibrary.cylib\CapSense_CSD_P4_v2_60\PSoC4\Library\CapsenseP4Library_GCC.a(CSD_P4_SmartSense_v2_60.o)
                              .\CortexM0\ARM_GCC_541\Debug\Design13.a(CapSense_1_SMS.o) (CalibrateSensors_P4_v2_60)
c:/program files (x86)/cypress/psoc creator/4.2/psoc creator/import/gnu/arm/5.4.1/bin/../lib/gcc/arm-none-eabi/5.4.1/armv6-m\libgcc.a(_udivsi3.o)
                              .\CortexM0\ARM_GCC_541\Debug\Design13.a(CapSense_1_SMS.o) (__aeabi_uidiv)
c:/program files (x86)/cypress/psoc creator/4.2/psoc creator/import/gnu/arm/5.4.1/bin/../lib/gcc/arm-none-eabi/5.4.1/armv6-m\libgcc.a(_divsi3.o)
                              .\CortexM0\ARM_GCC_541\Debug\Design13.a(CapSense_1_CSHL.o) (__aeabi_idiv)
c:/program files (x86)/cypress/psoc creator/4.2/psoc creator/import/gnu/arm/5.4.1/bin/../lib/gcc/arm-none-eabi/5.4.1/armv6-m\libgcc.a(_dvmd_tls.o)
                              c:/program files (x86)/cypress/psoc creator/4.2/psoc creator/import/gnu/arm/5.4.1/bin/../lib/gcc/arm-none-eabi/5.4.1/armv6-m\libgcc.a(_udivsi3.o) (__aeabi_idiv0)
c:/program files (x86)/cypress/psoc creator/4.2/psoc creator/import/gnu/arm/5.4.1/bin/../lib/gcc/arm-none-eabi/5.4.1/../../../../arm-none-eabi/lib/armv6-m\libg_nano.a(lib_a-errno.o)
                              .\CortexM0\ARM_GCC_541\Debug\Cm0Start.o (__errno)
c:/program files (x86)/cypress/psoc creator/4.2/psoc creator/import/gnu/arm/5.4.1/bin/../lib/gcc/arm-none-eabi/5.4.1/../../../../arm-none-eabi/lib/armv6-m\libg_nano.a(lib_a-exit.o)
                              c:/program files (x86)/cypress/psoc creator/4.2/psoc creator/import/gnu/arm/5.4.1/bin/../lib/gcc/arm-none-eabi/5.4.1/../../../../arm-none-eabi/lib/armv6-m/crt0.o (exit)
c:/program files (x86)/cypress/psoc creator/4.2/psoc creator/import/gnu/arm/5.4.1/bin/../lib/gcc/arm-none-eabi/5.4.1/../../../../arm-none-eabi/lib/armv6-m\libg_nano.a(lib_a-impure.o)
                              c:/program files (x86)/cypress/psoc creator/4.2/psoc creator/import/gnu/arm/5.4.1/bin/../lib/gcc/arm-none-eabi/5.4.1/../../../../arm-none-eabi/lib/armv6-m\libg_nano.a(lib_a-exit.o) (_global_impure_ptr)
c:/program files (x86)/cypress/psoc creator/4.2/psoc creator/import/gnu/arm/5.4.1/bin/../lib/gcc/arm-none-eabi/5.4.1/../../../../arm-none-eabi/lib/armv6-m\libg_nano.a(lib_a-init.o)
                              c:/program files (x86)/cypress/psoc creator/4.2/psoc creator/import/gnu/arm/5.4.1/bin/../lib/gcc/arm-none-eabi/5.4.1/../../../../arm-none-eabi/lib/armv6-m/crt0.o (__libc_init_array)
c:/program files (x86)/cypress/psoc creator/4.2/psoc creator/import/gnu/arm/5.4.1/bin/../lib/gcc/arm-none-eabi/5.4.1/../../../../arm-none-eabi/lib/armv6-m\libg_nano.a(lib_a-memset.o)
                              c:/program files (x86)/cypress/psoc creator/4.2/psoc creator/import/gnu/arm/5.4.1/bin/../lib/gcc/arm-none-eabi/5.4.1/../../../../arm-none-eabi/lib/armv6-m/crt0.o (memset)
[...]
Memory Configuration

Name             Origin             Length             Attributes
rom              0x00000000         0x00020000         xr
ram              0x20000000         0x00004000         xrw
*default*        0x00000000         0xffffffff

Linker script and memory map

LOAD c:/program files (x86)/cypress/psoc creator/4.2/psoc creator/import/gnu/arm/5.4.1/bin/../lib/gcc/arm-none-eabi/5.4.1/armv6-m/crti.o
LOAD c:/program files (x86)/cypress/psoc creator/4.2/psoc creator/import/gnu/arm/5.4.1/bin/../lib/gcc/arm-none-eabi/5.4.1/armv6-m/crtbegin.o
LOAD c:/program files (x86)/cypress/psoc creator/4.2/psoc creator/import/gnu/arm/5.4.1/bin/../lib/gcc/arm-none-eabi/5.4.1/../../../../arm-none-eabi/lib/armv6-m/crt0.o
START GROUP
LOAD .\CortexM0\ARM_GCC_541\Debug\main.o
LOAD .\CortexM0\ARM_GCC_541\Debug\cyfitter_cfg.o
LOAD .\CortexM0\ARM_GCC_541\Debug\cymetadata.o
LOAD .\CortexM0\ARM_GCC_541\Debug\Cm0Start.o
LOAD .\CortexM0\ARM_GCC_541\Debug\Design13.a
LOAD C:\Program Files (x86)\Cypress\PSoC Creator\4.2\PSoC Creator\psoc\content\CyComponentLibrary\CyComponentLibrary.cylib\CapSense_CSD_P4_v2_60\PSoC4\Library\CapsenseP4Library_GCC.a
END GROUP
START GROUP
LOAD c:/program files (x86)/cypress/psoc creator/4.2/psoc creator/import/gnu/arm/5.4.1/bin/../lib/gcc/arm-none-eabi/5.4.1/armv6-m\libgcc.a
LOAD c:/program files (x86)/cypress/psoc creator/4.2/psoc creator/import/gnu/arm/5.4.1/bin/../lib/gcc/arm-none-eabi/5.4.1/../../../../arm-none-eabi/lib/armv6-m\libg_nano.a
LOAD c:/program files (x86)/cypress/psoc creator/4.2/psoc creator/import/gnu/arm/5.4.1/bin/../lib/gcc/arm-none-eabi/5.4.1/../../../../arm-none-eabi/lib/armv6-m\libc_nano.a
END GROUP
START GROUP
LOAD c:/program files (x86)/cypress/psoc creator/4.2/psoc creator/import/gnu/arm/5.4.1/bin/../lib/gcc/arm-none-eabi/5.4.1/armv6-m\libgcc.a
LOAD c:/program files (x86)/cypress/psoc creator/4.2/psoc creator/import/gnu/arm/5.4.1/bin/../lib/gcc/arm-none-eabi/5.4.1/../../../../arm-none-eabi/lib/armv6-m\libc_nano.a
END GROUP
LOAD c:/program files (x86)/cypress/psoc creator/4.2/psoc creator/import/gnu/arm/5.4.1/bin/../lib/gcc/arm-none-eabi/5.4.1/armv6-m/crtend.o
LOAD c:/program files (x86)/cypress/psoc creator/4.2/psoc creator/import/gnu/arm/5.4.1/bin/../lib/gcc/arm-none-eabi/5.4.1/armv6-m/crtn.o
START GROUP
LOAD c:/program files (x86)/cypress/psoc creator/4.2/psoc creator/import/gnu/arm/5.4.1/bin/../lib/gcc/arm-none-eabi/5.4.1/armv6-m\libgcc.a
LOAD c:/program files (x86)/cypress/psoc creator/4.2/psoc creator/import/gnu/arm/5.4.1/bin/../lib/gcc/arm-none-eabi/5.4.1/../../../../arm-none-eabi/lib/armv6-m\libc.a
LOAD c:/program files (x86)/cypress/psoc creator/4.2/psoc creator/import/gnu/arm/5.4.1/bin/../lib/gcc/arm-none-eabi/5.4.1/../../../../arm-none-eabi/lib/armv6-m\libnosys.a
END GROUP
                0x00000000                CY_APPL_ORIGIN = 0x0
                0x00000080                CY_FLASH_ROW_SIZE = 0x80
                0x00000001                CY_APPL_NUM = 0x1
                0x00000001                CY_APPL_MAX = 0x1
                0x00000040                CY_METADATA_SIZE = 0x40
                0x00000000                CY_APPL_LOADABLE = 0x0
                0x00000000                CY_CHECKSUM_EXCLUDE_SIZE = ALIGN (0x0, CY_FLASH_ROW_SIZE)
                0x00000000                CY_APP_FOR_STACK_AND_COPIER = 0x0
                [!provide]                PROVIDE (__cy_heap_start, _end)
                0x00000001                PROVIDE (__cy_region_num, ((__cy_regions_end - __cy_regions) / 0x10))
                0x20004000                PROVIDE (__cy_stack, (ORIGIN (ram) + LENGTH (ram)))
                [!provide]                PROVIDE (__cy_heap_end, (__cy_stack - 0x800))

.cybootloader   0x00000000        0x0
 *(.cybootloader)
                0x00000000                appl1_start = CY_APPL_ORIGIN?CY_APPL_ORIGIN:ALIGN (CY_FLASH_ROW_SIZE)
                0x0000ff80                appl2_start = (appl1_start + ALIGN ((((LENGTH (rom) - appl1_start) - (0x2 * CY_FLASH_ROW_SIZE)) / 0x2), CY_FLASH_ROW_SIZE))
                0x00000000                appl_start = (CY_APPL_NUM == 0x1)?appl1_start:appl2_start
                0x00000001                cy_project_type_bootloader = (appl_start == 0x0)?0x1:0x0
                0x00000000                cy_project_type_app_for_stack_and_copier = (CY_APP_FOR_STACK_AND_COPIER == 0x1)?0x1:0x0

.text           0x00000000     0x22fa
 CREATE_OBJECT_SYMBOLS
                0x00000000                PROVIDE (__cy_interrupt_vector, RomVectors)
 *(.romvectors)
 .romvectors    0x00000000       0x10 .\CortexM0\ARM_GCC_541\Debug\Cm0Start.o
                0x00000000                RomVectors
                0x00000001                ASSERT ((. != __cy_interrupt_vector), No interrupt vector)
                0x00000001                ASSERT (CY_APPL_ORIGIN?(SIZEOF (.cybootloader) <= CY_APPL_ORIGIN):0x1, Wrong image location)
                0x00000010                PROVIDE (__cy_reset, Reset)
 *(.text.Reset)
 .text.Reset    0x00000010        0x8 .\CortexM0\ARM_GCC_541\Debug\Cm0Start.o
                0x00000010                Reset
                0x00000001                ASSERT ((. != __cy_reset), No reset code)
 *(.psocinit)
 .psocinit      0x00000018      0x210 .\CortexM0\ARM_GCC_541\Debug\cyfitter_cfg.o
                0x00000128                cyfitter_cfg
                0x00000228                . = MAX (., 0x100)
 *(.text .text.* .gnu.linkonce.t.*)
 .text          0x00000228       0x60 c:/program files (x86)/cypress/psoc creator/4.2/psoc creator/import/gnu/arm/5.4.1/bin/../lib/gcc/arm-none-eabi/5.4.1/armv6-m/crtbegin.o
 .text.main     0x00000288       0x6c .\CortexM0\ARM_GCC_541\Debug\main.o
                0x00000288                main
 .text.cfg_write_bytes32
                0x000002f4       0x34 .\CortexM0\ARM_GCC_541\Debug\cyfitter_cfg.o
 .text.CYMEMZERO
                0x00000328        0xc .\CortexM0\ARM_GCC_541\Debug\cyfitter_cfg.o
 .text.SetAnalogRoutingPumps
                0x00000334       0x40 .\CortexM0\ARM_GCC_541\Debug\cyfitter_cfg.o
                0x00000334                SetAnalogRoutingPumps
 .text.AnalogSetDefault
                0x00000374       0x28 .\CortexM0\ARM_GCC_541\Debug\cyfitter_cfg.o
 .text.IntDefaultHandler
                0x0000039c       0x10 .\CortexM0\ARM_GCC_541\Debug\Cm0Start.o
                0x0000039c                IntDefaultHandler
 .text._sbrk    0x000003ac       0x30 .\CortexM0\ARM_GCC_541\Debug\Cm0Start.o
                0x000003ac                _sbrk
 .text.Start_c  0x000003dc       0x48 .\CortexM0\ARM_GCC_541\Debug\Cm0Start.o
                0x000003dc                Start_c
 .text.initialize_psoc
                0x00000424       0x4c .\CortexM0\ARM_GCC_541\Debug\Cm0Start.o
                0x00000424                initialize_psoc
 .text.UART_1_ScbModePostEnable
                0x00000470        0x8 .\CortexM0\ARM_GCC_541\Debug\Design13.a(UART_1.o)
 .text.UART_1_Init
                0x00000478        0x8 .\CortexM0\ARM_GCC_541\Debug\Design13.a(UART_1.o)
                0x00000478                UART_1_Init
 .text.UART_1_Enable
                0x00000480       0x18 .\CortexM0\ARM_GCC_541\Debug\Design13.a(UART_1.o)
                0x00000480                UART_1_Enable
 .text.UART_1_Start
                0x00000498       0x20 .\CortexM0\ARM_GCC_541\Debug\Design13.a(UART_1.o)
                0x00000498                UART_1_Start
 .text.UART_1_UartInit
                0x000004b8       0xa8 .\CortexM0\ARM_GCC_541\Debug\Design13.a(UART_1_UART.o)
                0x000004b8                UART_1_UartInit
 .text.UART_1_UartPostEnable
                0x00000560       0x2c .\CortexM0\ARM_GCC_541\Debug\Design13.a(UART_1_UART.o)
                0x00000560                UART_1_UartPostEnable
 .text.UART_1_UartPutString
                0x0000058c       0x18 .\CortexM0\ARM_GCC_541\Debug\Design13.a(UART_1_UART.o)
                0x0000058c                UART_1_UartPutString
 .text.CapSense_1_CsdHwBlockInit
                0x000005a4       0x7c .\CortexM0\ARM_GCC_541\Debug\Design13.a(CapSense_1.o)
                0x000005a4                CapSense_1_CsdHwBlockInit
 .text.CapSense_1_Enable
                0x00000620       0x40 .\CortexM0\ARM_GCC_541\Debug\Design13.a(CapSense_1.o)
                0x00000620                CapSense_1_Enable
 .text.CapSense_1_IsBusy
                0x00000660       0x10 .\CortexM0\ARM_GCC_541\Debug\Design13.a(CapSense_1.o)
                0x00000660                CapSense_1_IsBusy
 .text.CapSense_1_ReadSensorRaw
                0x00000670       0x10 .\CortexM0\ARM_GCC_541\Debug\Design13.a(CapSense_1.o)
                0x00000670                CapSense_1_ReadSensorRaw
 .text.CapSense_1_EnableSensor
                0x00000680       0x48 .\CortexM0\ARM_GCC_541\Debug\Design13.a(CapSense_1.o)
                0x00000680                CapSense_1_EnableSensor
 .text.CapSense_1_DisableSensor
                0x000006c8       0x70 .\CortexM0\ARM_GCC_541\Debug\Design13.a(CapSense_1.o)
                0x000006c8                CapSense_1_DisableSensor
 .text.CapSense_1_ClearSensors
                0x00000738       0x14 .\CortexM0\ARM_GCC_541\Debug\Design13.a(CapSense_1.o)
                0x00000738                CapSense_1_ClearSensors
 .text.CapSense_1_SetShieldDelay
                0x0000074c       0x18 .\CortexM0\ARM_GCC_541\Debug\Design13.a(CapSense_1.o)
                0x0000074c                CapSense_1_SetShieldDelay
 .text.CapSense_1_GetBitValue
                0x00000764       0x18 .\CortexM0\ARM_GCC_541\Debug\Design13.a(CapSense_1.o)
                0x00000764                CapSense_1_GetBitValue
 .text.CapSense_1_FindNextSensor
                0x0000077c       0x24 .\CortexM0\ARM_GCC_541\Debug\Design13.a(CapSense_1.o)
                0x0000077c                CapSense_1_FindNextSensor
 .text.CapSense_1_PreScan
                0x000007a0      0x10c .\CortexM0\ARM_GCC_541\Debug\Design13.a(CapSense_1.o)
                0x000007a0                CapSense_1_PreScan
 .text.CapSense_1_ScanSensor
                0x000008ac       0x1c .\CortexM0\ARM_GCC_541\Debug\Design13.a(CapSense_1.o)
                0x000008ac                CapSense_1_ScanSensor
 .text.CapSense_1_ScanEnabledWidgets
                0x000008c8       0x38 .\CortexM0\ARM_GCC_541\Debug\Design13.a(CapSense_1.o)
                0x000008c8                CapSense_1_ScanEnabledWidgets
 .text.CapSense_1_PostScan
                0x00000900       0x90 .\CortexM0\ARM_GCC_541\Debug\Design13.a(CapSense_1.o)
                0x00000900                CapSense_1_PostScan
 .text.CapSense_1_SetBitValue
                0x00000990       0x28 .\CortexM0\ARM_GCC_541\Debug\Design13.a(CapSense_1.o)
                0x00000990                CapSense_1_SetBitValue
 .text.CapSense_1_GetSensorRaw
                0x000009b8       0x2c .\CortexM0\ARM_GCC_541\Debug\Design13.a(CapSense_1.o)
                0x000009b8                CapSense_1_GetSensorRaw
 .text.CapSense_1_SetUnscannedSensorState
                0x000009e4        0xc .\CortexM0\ARM_GCC_541\Debug\Design13.a(CapSense_1.o)
                0x000009e4                CapSense_1_SetUnscannedSensorState
 .text.CapSense_1_Init
                0x000009f0       0x24 .\CortexM0\ARM_GCC_541\Debug\Design13.a(CapSense_1.o)
                0x000009f0                CapSense_1_Init
 .text.CapSense_1_Start
                0x00000a14       0x38 .\CortexM0\ARM_GCC_541\Debug\Design13.a(CapSense_1.o)
                0x00000a14                CapSense_1_Start
 .text.CapSense_1_NormalizeWidgets
                0x00000a4c       0x40 .\CortexM0\ARM_GCC_541\Debug\Design13.a(CapSense_1.o)
                0x00000a4c                CapSense_1_NormalizeWidgets
 .text.CapSense_1_BaseInit
                0x00000a8c       0x24 .\CortexM0\ARM_GCC_541\Debug\Design13.a(CapSense_1_CSHL.o)
                0x00000a8c                CapSense_1_BaseInit
 .text.CapSense_1_InitializeEnabledBaselines
                0x00000ab0       0x30 .\CortexM0\ARM_GCC_541\Debug\Design13.a(CapSense_1_CSHL.o)
                0x00000ab0                CapSense_1_InitializeEnabledBaselines
 .text.CapSense_1_FindMaximum
                0x00000ae0       0x2c .\CortexM0\ARM_GCC_541\Debug\Design13.a(CapSense_1_CSHL.o)
                0x00000ae0                CapSense_1_FindMaximum
 .text.CapSense_1_CalcCentroid
                0x00000b0c       0xe4 .\CortexM0\ARM_GCC_541\Debug\Design13.a(CapSense_1_CSHL.o)
                0x00000b0c                CapSense_1_CalcCentroid
 .text.CapSense_1_IIR4Filter
                0x00000bf0        0xc .\CortexM0\ARM_GCC_541\Debug\Design13.a(CapSense_1_CSHL.o)
                0x00000bf0                CapSense_1_IIR4Filter
 .text.CapSense_1_UpdateBaselineNoThreshold
                0x00000bfc      0x120 .\CortexM0\ARM_GCC_541\Debug\Design13.a(CapSense_1_CSHL.o)
                0x00000bfc                CapSense_1_UpdateBaselineNoThreshold
 .text.CapSense_1_UpdateSensorBaseline
                0x00000d1c       0x10 .\CortexM0\ARM_GCC_541\Debug\Design13.a(CapSense_1_CSHL.o)
                0x00000d1c                CapSense_1_UpdateSensorBaseline
 .text.CapSense_1_UpdateEnabledBaselines
                0x00000d2c       0x24 .\CortexM0\ARM_GCC_541\Debug\Design13.a(CapSense_1_CSHL.o)
                0x00000d2c                CapSense_1_UpdateEnabledBaselines
 .text.CapSense_1_GetCentroidPos
                0x00000d50       0x7c .\CortexM0\ARM_GCC_541\Debug\Design13.a(CapSense_1_CSHL.o)
                0x00000d50                CapSense_1_GetCentroidPos
 .text.CapSense_1_UpdateThresholds
                0x00000dcc       0x74 .\CortexM0\ARM_GCC_541\Debug\Design13.a(CapSense_1_SMS.o)
                0x00000dcc                CapSense_1_UpdateThresholds
 .text.CapSense_1_SetAnalogSwitchesSrcDirect
                0x00000e40       0x10 .\CortexM0\ARM_GCC_541\Debug\Design13.a(CapSense_1_SMS.o)
                0x00000e40                CapSense_1_SetAnalogSwitchesSrcDirect
 .text.CapSense_1_DisableBaselineIDAC
                0x00000e50       0x1c .\CortexM0\ARM_GCC_541\Debug\Design13.a(CapSense_1_SMS.o)
                0x00000e50                CapSense_1_DisableBaselineIDAC
 .text.CapSense_1_EnableBaselineIDAC
                0x00000e6c       0x50 .\CortexM0\ARM_GCC_541\Debug\Design13.a(CapSense_1_SMS.o)
                0x00000e6c                CapSense_1_EnableBaselineIDAC
 .text.CapSense_1_AutoTune
                0x00000ebc       0xbc .\CortexM0\ARM_GCC_541\Debug\Design13.a(CapSense_1_SMS.o)
                0x00000ebc                CapSense_1_AutoTune
 .text.CySysClkWriteImoFreq
                0x00000f78       0x64 .\CortexM0\ARM_GCC_541\Debug\Design13.a(CyLib.o)
                0x00000f78                CySysClkWriteImoFreq
 .text.CySysClkEcoReadStatus
                0x00000fdc       0x10 .\CortexM0\ARM_GCC_541\Debug\Design13.a(CyLib.o)
                0x00000fdc                CySysClkEcoReadStatus
 .text.CyIntEnable
                0x00000fec       0x14 .\CortexM0\ARM_GCC_541\Debug\Design13.a(CyLib.o)
                0x00000fec                CyIntEnable
 .text.CyIntDisable
                0x00001000       0x14 .\CortexM0\ARM_GCC_541\Debug\Design13.a(CyLib.o)
                0x00001000                CyIntDisable
 .text.CyIntClearPending
                0x00001014       0x14 .\CortexM0\ARM_GCC_541\Debug\Design13.a(CyLib.o)
                0x00001014                CyIntClearPending
 .text.CyHalt   0x00001028        0x4 .\CortexM0\ARM_GCC_541\Debug\Design13.a(CyLib.o)
                0x00001028                CyHalt
 .text.CyIntSetVector
                0x0000102c       0x24 .\CortexM0\ARM_GCC_541\Debug\Design13.a(CyLib.o)
                0x0000102c                CyIntSetVector
 .text.CyIntSetPriority
                0x00001050       0x4c .\CortexM0\ARM_GCC_541\Debug\Design13.a(CyLib.o)
                0x00001050                CyIntSetPriority
 .text.CyDelayUs
                0x0000109c       0x14 .\CortexM0\ARM_GCC_541\Debug\Design13.a(CyLib.o)
                0x0000109c                CyDelayUs
 .text.CySysClkEcoStart
                0x000010b0       0x54 .\CortexM0\ARM_GCC_541\Debug\Design13.a(CyLib.o)
                0x000010b0                CySysClkEcoStart
 .text.CySysWdtLocked
                0x00001104       0x14 .\CortexM0\ARM_GCC_541\Debug\Design13.a(CyLFClk.o)
 .text.CySysClkWcoStart
                0x00001118       0x40 .\CortexM0\ARM_GCC_541\Debug\Design13.a(CyLFClk.o)
                0x00001118                CySysClkWcoStart
 .text.CySysClkWcoSetPowerMode
                0x00001158       0x80 .\CortexM0\ARM_GCC_541\Debug\Design13.a(CyLFClk.o)
                0x00001158                CySysClkWcoSetPowerMode
 .text.CySysWdtLock
                0x000011d8       0x1c .\CortexM0\ARM_GCC_541\Debug\Design13.a(CyLFClk.o)
                0x000011d8                CySysWdtLock
 .text.CySysWdtUnlock
                0x000011f4       0x30 .\CortexM0\ARM_GCC_541\Debug\Design13.a(CyLFClk.o)
                0x000011f4                CySysWdtUnlock
 .text.CySysWdtClearInterrupt
                0x00001224       0x4c .\CortexM0\ARM_GCC_541\Debug\Design13.a(CyLFClk.o)
                0x00001224                CySysWdtClearInterrupt
 .text.CySysWdtIsr
                0x00001270       0xa4 .\CortexM0\ARM_GCC_541\Debug\Design13.a(CyLFClk.o)
                0x00001270                CySysWdtIsr
 .text.CapSense_1_SampleClk_StartEx
                0x00001314       0x1c .\CortexM0\ARM_GCC_541\Debug\Design13.a(CapSense_1_SampleClk.o)
                0x00001314                CapSense_1_SampleClk_StartEx
 .text.CapSense_1_SampleClk_Stop
                0x00001330       0x18 .\CortexM0\ARM_GCC_541\Debug\Design13.a(CapSense_1_SampleClk.o)
                0x00001330                CapSense_1_SampleClk_Stop
 .text.CapSense_1_SampleClk_SetFractionalDividerRegister
                0x00001348       0x20 .\CortexM0\ARM_GCC_541\Debug\Design13.a(CapSense_1_SampleClk.o)
                0x00001348                CapSense_1_SampleClk_SetFractionalDividerRegister
 .text.CapSense_1_SenseClk_StartEx
                0x00001368       0x1c .\CortexM0\ARM_GCC_541\Debug\Design13.a(CapSense_1_SenseClk.o)
                0x00001368                CapSense_1_SenseClk_StartEx
 .text.CapSense_1_SenseClk_Stop
                0x00001384       0x18 .\CortexM0\ARM_GCC_541\Debug\Design13.a(CapSense_1_SenseClk.o)
                0x00001384                CapSense_1_SenseClk_Stop
 .text.CapSense_1_SenseClk_SetFractionalDividerRegister
                0x0000139c       0x20 .\CortexM0\ARM_GCC_541\Debug\Design13.a(CapSense_1_SenseClk.o)
                0x0000139c                CapSense_1_SenseClk_SetFractionalDividerRegister
 *fill*         0x000013bc        0x4 
 .text          0x000013c0       0x20 .\CortexM0\ARM_GCC_541\Debug\Design13.a(CyBootAsmGnu.o)
                0x000013c0                CyDelayCycles
                0x000013d2                CyEnterCriticalSection
                0x000013da                CyExitCriticalSection
 .text.UART_1_SpiUartWriteTxData
                0x000013e0       0x1c .\CortexM0\ARM_GCC_541\Debug\Design13.a(UART_1_SPI_UART.o)
                0x000013e0                UART_1_SpiUartWriteTxData
 .text.CapSense_1_ISR
                0x000013fc       0x9c .\CortexM0\ARM_GCC_541\Debug\Design13.a(CapSense_1_INT.o)
                0x000013fc                CapSense_1_ISR
 .text.CalibrateOneDAC_P4_v2_60
                0x00001498       0x40 C:\Program Files (x86)\Cypress\PSoC Creator\4.2\PSoC Creator\psoc\content\CyComponentLibrary\CyComponentLibrary.cylib\CapSense_CSD_P4_v2_60\PSoC4\Library\CapsenseP4Library_GCC.a(CSD_P4_SmartSense_v2_60.o)
                0x00001498                CalibrateOneDAC_P4_v2_60
 .text.CalibrateSensors_P4_v2_60
                0x000014d8       0x22 C:\Program Files (x86)\Cypress\PSoC Creator\4.2\PSoC Creator\psoc\content\CyComponentLibrary\CyComponentLibrary.cylib\CapSense_CSD_P4_v2_60\PSoC4\Library\CapsenseP4Library_GCC.a(CSD_P4_SmartSense_v2_60.o)
                0x000014d8                CalibrateSensors_P4_v2_60
 .text.TunePrescalers_P4_v2_60
                0x000014fa       0x42 C:\Program Files (x86)\Cypress\PSoC Creator\4.2\PSoC Creator\psoc\content\CyComponentLibrary\CyComponentLibrary.cylib\CapSense_CSD_P4_v2_60\PSoC4\Library\CapsenseP4Library_GCC.a(CSD_P4_SmartSense_v2_60.o)
                0x000014fa                TunePrescalers_P4_v2_60
 .text.TuneSensitivity_P4_v2_60
                0x0000153c       0xdc C:\Program Files (x86)\Cypress\PSoC Creator\4.2\PSoC Creator\psoc\content\CyComponentLibrary\CyComponentLibrary.cylib\CapSense_CSD_P4_v2_60\PSoC4\Library\CapsenseP4Library_GCC.a(CSD_P4_SmartSense_v2_60.o)
                0x0000153c                TuneSensitivity_P4_v2_60
 .text.MeasureNoiseEnvelope_P4_v2_60
                0x00001618       0xfc C:\Program Files (x86)\Cypress\PSoC Creator\4.2\PSoC Creator\psoc\content\CyComponentLibrary\CyComponentLibrary.cylib\CapSense_CSD_P4_v2_60\PSoC4\Library\CapsenseP4Library_GCC.a(CSD_P4_SmartSense_v2_60.o)
                0x00001618                MeasureNoiseEnvelope_P4_v2_60
 .text.CalculateThresholds_P4_v2_60
                0x00001714       0x36 C:\Program Files (x86)\Cypress\PSoC Creator\4.2\PSoC Creator\psoc\content\CyComponentLibrary\CyComponentLibrary.cylib\CapSense_CSD_P4_v2_60\PSoC4\Library\CapsenseP4Library_GCC.a(CSD_P4_SmartSense_v2_60.o)
                0x00001714                CalculateThresholds_P4_v2_60
 *fill*         0x0000174a        0x2 
 .text          0x0000174c      0x114 c:/program files (x86)/cypress/psoc creator/4.2/psoc creator/import/gnu/arm/5.4.1/bin/../lib/gcc/arm-none-eabi/5.4.1/armv6-m\libgcc.a(_udivsi3.o)
                0x0000174c                __aeabi_uidiv
                0x0000174c                __udivsi3
                0x00001858                __aeabi_uidivmod
 .text          0x00001860      0x1d4 c:/program files (x86)/cypress/psoc creator/4.2/psoc creator/import/gnu/arm/5.4.1/bin/../lib/gcc/arm-none-eabi/5.4.1/armv6-m\libgcc.a(_divsi3.o)
                0x00001860                __divsi3
                0x00001860                __aeabi_idiv
                0x00001a2c                __aeabi_idivmod
 .text          0x00001a34        0x4 c:/program files (x86)/cypress/psoc creator/4.2/psoc creator/import/gnu/arm/5.4.1/bin/../lib/gcc/arm-none-eabi/5.4.1/armv6-m\libgcc.a(_dvmd_tls.o)
                0x00001a34                __aeabi_idiv0
                0x00001a34                __aeabi_ldiv0
 .text.__errno  0x00001a38        0xc c:/program files (x86)/cypress/psoc creator/4.2/psoc creator/import/gnu/arm/5.4.1/bin/../lib/gcc/arm-none-eabi/5.4.1/../../../../arm-none-eabi/lib/armv6-m\libg_nano.a(lib_a-errno.o)
                0x00001a38                __errno
 .text.__libc_init_array
                0x00001a44       0x4c c:/program files (x86)/cypress/psoc creator/4.2/psoc creator/import/gnu/arm/5.4.1/bin/../lib/gcc/arm-none-eabi/5.4.1/../../../../arm-none-eabi/lib/armv6-m\libg_nano.a(lib_a-init.o)
                0x00001a44                __libc_init_array
 .text.memset   0x00001a90       0x10 c:/program files (x86)/cypress/psoc creator/4.2/psoc creator/import/gnu/arm/5.4.1/bin/../lib/gcc/arm-none-eabi/5.4.1/../../../../arm-none-eabi/lib/armv6-m\libg_nano.a(lib_a-memset.o)
                0x00001a90                memset
 .text.sprintf  0x00001aa0       0x44 c:/program files (x86)/cypress/psoc creator/4.2/psoc creator/import/gnu/arm/5.4.1/bin/../lib/gcc/arm-none-eabi/5.4.1/../../../../arm-none-eabi/lib/armv6-m\libg_nano.a(lib_a-sprintf.o)
                0x00001aa0                siprintf
                0x00001aa0                sprintf
 .text.__ssputs_r
                0x00001ae4       0xc4 c:/program files (x86)/cypress/psoc creator/4.2/psoc creator/import/gnu/arm/5.4.1/bin/../lib/gcc/arm-none-eabi/5.4.1/../../../../arm-none-eabi/lib/armv6-m\libg_nano.a(lib_a-nano-svfprintf.o)
                0x00001ae4                __ssputs_r
 .text._svfprintf_r
                0x00001ba8      0x1fc c:/program files (x86)/cypress/psoc creator/4.2/psoc creator/import/gnu/arm/5.4.1/bin/../lib/gcc/arm-none-eabi/5.4.1/../../../../arm-none-eabi/lib/armv6-m\libg_nano.a(lib_a-nano-svfprintf.o)
                0x00001ba8                _svfiprintf_r
                0x00001ba8                _svfprintf_r
 .text._printf_common
                0x00001da4       0xdc c:/program files (x86)/cypress/psoc creator/4.2/psoc creator/import/gnu/arm/5.4.1/bin/../lib/gcc/arm-none-eabi/5.4.1/../../../../arm-none-eabi/lib/armv6-m\libg_nano.a(lib_a-nano-vfprintf_i.o)
                0x00001da4                _printf_common
 .text._printf_i
                0x00001e80      0x244 c:/program files (x86)/cypress/psoc creator/4.2/psoc creator/import/gnu/arm/5.4.1/bin/../lib/gcc/arm-none-eabi/5.4.1/../../../../arm-none-eabi/lib/armv6-m\libg_nano.a(lib_a-nano-vfprintf_i.o)
                0x00001e80                _printf_i
 .text.memchr   0x000020c4       0x16 c:/program files (x86)/cypress/psoc creator/4.2/psoc creator/import/gnu/arm/5.4.1/bin/../lib/gcc/arm-none-eabi/5.4.1/../../../../arm-none-eabi/lib/armv6-m\libg_nano.a(lib_a-memchr-stub.o)
                0x000020c4                memchr
 .text.memcpy   0x000020da       0x12 c:/program files (x86)/cypress/psoc creator/4.2/psoc creator/import/gnu/arm/5.4.1/bin/../lib/gcc/arm-none-eabi/5.4.1/../../../../arm-none-eabi/lib/armv6-m\libg_nano.a(lib_a-memcpy-stub.o)
                0x000020da                memcpy
 .text.memmove  0x000020ec       0x2a c:/program files (x86)/cypress/psoc creator/4.2/psoc creator/import/gnu/arm/5.4.1/bin/../lib/gcc/arm-none-eabi/5.4.1/../../../../arm-none-eabi/lib/armv6-m\libg_nano.a(lib_a-memmove.o)
                0x000020ec                memmove
 *fill*         0x00002116        0x2 
 .text._free_r  0x00002118       0x98 c:/program files (x86)/cypress/psoc creator/4.2/psoc creator/import/gnu/arm/5.4.1/bin/../lib/gcc/arm-none-eabi/5.4.1/../../../../arm-none-eabi/lib/armv6-m\libg_nano.a(lib_a-nano-freer.o)
                0x00002118                _free_r
 .text._malloc_r
                0x000021b0       0xc0 c:/program files (x86)/cypress/psoc creator/4.2/psoc creator/import/gnu/arm/5.4.1/bin/../lib/gcc/arm-none-eabi/5.4.1/../../../../arm-none-eabi/lib/armv6-m\libg_nano.a(lib_a-nano-mallocr.o)
                0x000021b0                _malloc_r
 .text._realloc_r
                0x00002270       0x4c c:/program files (x86)/cypress/psoc creator/4.2/psoc creator/import/gnu/arm/5.4.1/bin/../lib/gcc/arm-none-eabi/5.4.1/../../../../arm-none-eabi/lib/armv6-m\libg_nano.a(lib_a-nano-reallocr.o)
                0x00002270                _realloc_r
 .text._sbrk_r  0x000022bc       0x24 c:/program files (x86)/cypress/psoc creator/4.2/psoc creator/import/gnu/arm/5.4.1/bin/../lib/gcc/arm-none-eabi/5.4.1/../../../../arm-none-eabi/lib/armv6-m\libg_nano.a(lib_a-sbrkr.o)
                0x000022bc                _sbrk_r
 .text.__malloc_lock
                0x000022e0        0x2 c:/program files (x86)/cypress/psoc creator/4.2/psoc creator/import/gnu/arm/5.4.1/bin/../lib/gcc/arm-none-eabi/5.4.1/../../../../arm-none-eabi/lib/armv6-m\libg_nano.a(lib_a-mlock.o)
                0x000022e0                __malloc_lock
 .text.__malloc_unlock
                0x000022e2        0x2 c:/program files (x86)/cypress/psoc creator/4.2/psoc creator/import/gnu/arm/5.4.1/bin/../lib/gcc/arm-none-eabi/5.4.1/../../../../arm-none-eabi/lib/armv6-m\libg_nano.a(lib_a-mlock.o)
                0x000022e2                __malloc_unlock
 .text._malloc_usable_size_r
                0x000022e4       0x16 c:/program files (x86)/cypress/psoc creator/4.2/psoc creator/import/gnu/arm/5.4.1/bin/../lib/gcc/arm-none-eabi/5.4.1/../../../../arm-none-eabi/lib/armv6-m\libg_nano.a(lib_a-nano-msizer.o)
                0x000022e4                _malloc_usable_size_r
 *(.plt)
 *(.gnu.warning)
 *(.glue_7t)
 .glue_7t       0x000022fa        0x0 linker stubs
 *(.glue_7)
 .glue_7        0x000022fa        0x0 linker stubs
 *(.vfp11_veneer)
 .vfp11_veneer  0x000022fa        0x0 linker stubs
 *(.bootloader)
 *(.ARM.extab* .gnu.linkonce.armextab.*)
 *(.gcc_except_table)

.v4_bx          0x000022fc        0x0
 .v4_bx         0x000022fc        0x0 linker stubs

.iplt           0x000022fc        0x0
 .iplt          0x000022fc        0x0 c:/program files (x86)/cypress/psoc creator/4.2/psoc creator/import/gnu/arm/5.4.1/bin/../lib/gcc/arm-none-eabi/5.4.1/armv6-m/crtbegin.o

.eh_frame_hdr
 *(.eh_frame_hdr)

.eh_frame       0x000022fc        0x4
 *(.eh_frame)
 .eh_frame      0x000022fc        0x0 c:/program files (x86)/cypress/psoc creator/4.2/psoc creator/import/gnu/arm/5.4.1/bin/../lib/gcc/arm-none-eabi/5.4.1/armv6-m/crtbegin.o
 .eh_frame      0x000022fc        0x4 c:/program files (x86)/cypress/psoc creator/4.2/psoc creator/import/gnu/arm/5.4.1/bin/../lib/gcc/arm-none-eabi/5.4.1/armv6-m/crtend.o
                [!provide]                PROVIDE (__exidx_start, .)

.ARM.exidx
 *(.ARM.exidx* .gnu.linkonce.armexidx.*)
                0x00002300                __exidx_end = .

.rodata         0x00002300      0x1d0
 *(.rodata .rodata.* .gnu.linkonce.r.*)
 .rodata.str1.4
                0x00002300        0x8 .\CortexM0\ARM_GCC_541\Debug\main.o
                                  0x6 (size before relaxing)
 .rodata        0x00002308       0x3c .\CortexM0\ARM_GCC_541\Debug\cyfitter_cfg.o
 .rodata        0x00002344       0x80 .\CortexM0\ARM_GCC_541\Debug\Design13.a(CapSense_1.o)
                0x00002344                CapSense_1_portTable
                0x0000234c                CapSense_1_pinShiftTbl
                0x00002354                CapSense_1_prtSelTbl
                0x00002370                CapSense_1_prtCfgTbl
                0x0000238c                CapSense_1_prtDRTbl
                0x000023a8                CapSense_1_widgetNumber
                0x000023b0                CapSense_1_maskTable
 .rodata        0x000023c4        0x5 .\CortexM0\ARM_GCC_541\Debug\Design13.a(CapSense_1_CSHL.o)
                0x000023c4                CapSense_1_numberOfSensors
                0x000023c8                CapSense_1_rawDataIndex
 *fill*         0x000023c9        0x3 
 .rodata        0x000023cc       0x6c .\CortexM0\ARM_GCC_541\Debug\Design13.a(CapSense_1_SMS.o)
                0x000023cc                CapSense_1_configPointers
                0x00002428                CapSense_1_prescalerTable
 .rodata        0x00002438       0x2e .\CortexM0\ARM_GCC_541\Debug\Design13.a(CyLib.o)
                0x00002438                cyImoFreqMhz2Reg
 .rodata.str1.1
                0x00002466        0x2 c:/program files (x86)/cypress/psoc creator/4.2/psoc creator/import/gnu/arm/5.4.1/bin/../lib/gcc/arm-none-eabi/5.4.1/../../../../arm-none-eabi/lib/armv6-m\libg_nano.a(lib_a-impure.o)
 .rodata.str1.1
                0x00002468       0x11 c:/program files (x86)/cypress/psoc creator/4.2/psoc creator/import/gnu/arm/5.4.1/bin/../lib/gcc/arm-none-eabi/5.4.1/../../../../arm-none-eabi/lib/armv6-m\libg_nano.a(lib_a-nano-svfprintf.o)
 .rodata.str1.1
                0x00002479       0x22 c:/program files (x86)/cypress/psoc creator/4.2/psoc creator/import/gnu/arm/5.4.1/bin/../lib/gcc/arm-none-eabi/5.4.1/../../../../arm-none-eabi/lib/armv6-m\libg_nano.a(lib_a-nano-vfprintf_i.o)
                0x0000249c                . = ALIGN (0x4)
 *fill*         0x0000249b        0x1 
 *(.init)
 .init          0x0000249c        0x4 c:/program files (x86)/cypress/psoc creator/4.2/psoc creator/import/gnu/arm/5.4.1/bin/../lib/gcc/arm-none-eabi/5.4.1/armv6-m/crti.o
                0x0000249c                _init
 .init          0x000024a0        0x8 c:/program files (x86)/cypress/psoc creator/4.2/psoc creator/import/gnu/arm/5.4.1/bin/../lib/gcc/arm-none-eabi/5.4.1/armv6-m/crtn.o
                0x000024a8                . = ALIGN (0x4)
                0x000024a8                __preinit_array_start = .
 *(.preinit_array)
                0x000024a8                __preinit_array_end = .
                0x000024a8                . = ALIGN (0x4)
                0x000024a8                __init_array_start = .
 *(SORT(.init_array.*))
 *(.init_array)
 .init_array    0x000024a8        0x4 c:/program files (x86)/cypress/psoc creator/4.2/psoc creator/import/gnu/arm/5.4.1/bin/../lib/gcc/arm-none-eabi/5.4.1/armv6-m/crtbegin.o
 .init_array    0x000024ac        0x4 .\CortexM0\ARM_GCC_541\Debug\Cm0Start.o
                0x000024b0                __init_array_end = .
                0x000024b0                . = ALIGN (0x4)
 *(.fini)
 .fini          0x000024b0        0x4 c:/program files (x86)/cypress/psoc creator/4.2/psoc creator/import/gnu/arm/5.4.1/bin/../lib/gcc/arm-none-eabi/5.4.1/armv6-m/crti.o
                0x000024b0                _fini
 .fini          0x000024b4        0x8 c:/program files (x86)/cypress/psoc creator/4.2/psoc creator/import/gnu/arm/5.4.1/bin/../lib/gcc/arm-none-eabi/5.4.1/armv6-m/crtn.o
                0x000024bc                . = ALIGN (0x4)
                0x000024bc                __fini_array_start = .
 *(.fini_array)
 .fini_array    0x000024bc        0x4 c:/program files (x86)/cypress/psoc creator/4.2/psoc creator/import/gnu/arm/5.4.1/bin/../lib/gcc/arm-none-eabi/5.4.1/armv6-m/crtbegin.o
 *(SORT(.fini_array.*))
                0x000024c0                __fini_array_end = .
                0x000024c0                . = ALIGN (0x4)
 *crtbegin.o(.ctors)
 *(EXCLUDE_FILE(*crtend.o) .ctors)
 *(SORT(.ctors.*))
 *crtend.o(.ctors)
                0x000024c0                . = ALIGN (0x4)
 *crtbegin.o(.dtors)
 *(EXCLUDE_FILE(*crtend.o) .dtors)
 *(SORT(.dtors.*))
 *crtend.o(.dtors)
                0x000024c0                . = ALIGN (0x4)
                0x000024c0                __cy_regions = .
                0x000024c0        0x4 LONG 0x24d0 __cy_region_init_ram
                0x000024c4        0x4 LONG 0x200000c0 __cy_region_start_data
                0x000024c8        0x4 LONG 0xc0 __cy_region_init_size_ram
                0x000024cc        0x4 LONG 0x148 __cy_region_zero_size_ram
                0x000024d0                __cy_regions_end = .
                0x000024d0                . = ALIGN (0x8)
                0x000024d0                _etext = .

.cy_checksum_exclude
                0x000024d0        0x0
 *(.cy_checksum_exclude)

.ramvectors     0x20000000       0xc0
                0x20000000                __cy_region_start_ram = .
 *(.ramvectors)
 .ramvectors    0x20000000       0xc0 .\CortexM0\ARM_GCC_541\Debug\Cm0Start.o
                0x20000000                CyRamVectors

.noinit
 *(.noinit)

.data           0x200000c0       0xc0 load address 0x000024d0
                0x200000c0                __cy_region_start_data = .
 *(.jcr)
 .jcr           0x200000c0        0x0 c:/program files (x86)/cypress/psoc creator/4.2/psoc creator/import/gnu/arm/5.4.1/bin/../lib/gcc/arm-none-eabi/5.4.1/armv6-m/crtbegin.o
 .jcr           0x200000c0        0x4 c:/program files (x86)/cypress/psoc creator/4.2/psoc creator/import/gnu/arm/5.4.1/bin/../lib/gcc/arm-none-eabi/5.4.1/armv6-m/crtend.o
 *(.got.plt)
 *(.got)
 *(.shdata)
 *(.data .data.* .gnu.linkonce.d.*)
 .data          0x200000c4        0x2 .\CortexM0\ARM_GCC_541\Debug\main.o
                0x200000c4                oldsliderval
 *fill*         0x200000c6        0x2 
 .data          0x200000c8        0x4 .\CortexM0\ARM_GCC_541\Debug\Cm0Start.o
 .data          0x200000cc       0x1c .\CortexM0\ARM_GCC_541\Debug\Design13.a(CapSense_1.o)
                0x200000cc                CapSense_1_widgetResolution
                0x200000d0                CapSense_1_sensorEnableMask
                0x200000d4                CapSense_1_pcTable
 .data          0x200000e8        0xf .\CortexM0\ARM_GCC_541\Debug\Design13.a(CapSense_1_CSHL.o)
                0x200000e8                CapSense_1_debounce
                0x200000ec                CapSense_1_lowBaselineReset
                0x200000f1                CapSense_1_enableRawFilters
 *fill*         0x200000f7        0x1 
 .data          0x200000f8        0x5 .\CortexM0\ARM_GCC_541\Debug\Design13.a(CapSense_1_SMS.o)
                0x200000f8                CapSense_1_sensorSensitivity
 *fill*         0x200000fd        0x3 
 .data          0x20000100       0x14 .\CortexM0\ARM_GCC_541\Debug\Design13.a(CyLib.o)
                0x20000100                CySysClkPumpConfig
                0x20000104                cydelay32kMs
                0x20000108                cydelayFreqKhz
                0x2000010c                cydelayFreqMhz
                0x20000110                cydelayFreqHz
 .data          0x20000114        0x8 .\CortexM0\ARM_GCC_541\Debug\Design13.a(CyLFClk.o)
 .data.impure_data
                0x2000011c       0x60 c:/program files (x86)/cypress/psoc creator/4.2/psoc creator/import/gnu/arm/5.4.1/bin/../lib/gcc/arm-none-eabi/5.4.1/../../../../arm-none-eabi/lib/armv6-m\libg_nano.a(lib_a-impure.o)
 .data._impure_ptr
                0x2000017c        0x4 c:/program files (x86)/cypress/psoc creator/4.2/psoc creator/import/gnu/arm/5.4.1/bin/../lib/gcc/arm-none-eabi/5.4.1/../../../../arm-none-eabi/lib/armv6-m\libg_nano.a(lib_a-impure.o)
                0x2000017c                _impure_ptr
                0x20000180                . = ALIGN (0x8)
 *(.ram)
                0x20000180                _edata = .

.igot.plt       0x20000180        0x0 load address 0x00002590
 .igot.plt      0x20000180        0x0 c:/program files (x86)/cypress/psoc creator/4.2/psoc creator/import/gnu/arm/5.4.1/bin/../lib/gcc/arm-none-eabi/5.4.1/armv6-m/crtbegin.o

.bss            0x20000180      0x148 load address 0x00002590
                0x20000180                PROVIDE (__bss_start__, .)
 *(.shbss)
 *(.bss .bss.* .gnu.linkonce.b.*)
 .bss           0x20000180       0x1c c:/program files (x86)/cypress/psoc creator/4.2/psoc creator/import/gnu/arm/5.4.1/bin/../lib/gcc/arm-none-eabi/5.4.1/armv6-m/crtbegin.o
 .bss           0x2000019c        0x4 .\CortexM0\ARM_GCC_541\Debug\Design13.a(UART_1.o)
                0x2000019c                UART_1_initVar
                0x2000019e                UART_1_IntrTxMask
 .bss           0x200001a0       0x11 .\CortexM0\ARM_GCC_541\Debug\Design13.a(CapSense_1.o)
                0x200001a0                CapSense_1_csdStatusVar
                0x200001a4                CapSense_1_sensorRaw
                0x200001ae                CapSense_1_sensorIndex
                0x200001b0                CapSense_1_lowLevelTuningDone
 *fill*         0x200001b1        0x3 
 .bss           0x200001b4       0x27 .\CortexM0\ARM_GCC_541\Debug\Design13.a(CapSense_1_CSHL.o)
                0x200001b4                CapSense_1_sensorBaseline
                0x200001c0                CapSense_1_sensorBaselineLow
                0x200001c8                CapSense_1_sensorSignal
                0x200001d4                CapSense_1_sensorOnMask
 *fill*         0x200001db        0x1 
 .bss           0x200001dc       0x28 .\CortexM0\ARM_GCC_541\Debug\Design13.a(CyLFClk.o)
 .bss           0x20000204        0x1 .\CortexM0\ARM_GCC_541\Debug\Design13.a(CapSense_1_INT.o)
 *fill*         0x20000205        0x3 
 .bss.__malloc_sbrk_start
                0x20000208        0x4 c:/program files (x86)/cypress/psoc creator/4.2/psoc creator/import/gnu/arm/5.4.1/bin/../lib/gcc/arm-none-eabi/5.4.1/../../../../arm-none-eabi/lib/armv6-m\libg_nano.a(lib_a-nano-mallocr.o)
                0x20000208                __malloc_sbrk_start
 .bss.__malloc_free_list
                0x2000020c        0x4 c:/program files (x86)/cypress/psoc creator/4.2/psoc creator/import/gnu/arm/5.4.1/bin/../lib/gcc/arm-none-eabi/5.4.1/../../../../arm-none-eabi/lib/armv6-m\libg_nano.a(lib_a-nano-mallocr.o)
                0x2000020c                __malloc_free_list
 *(COMMON)
 COMMON         0x20000210        0xc .\CortexM0\ARM_GCC_541\Debug\main.o
                0x20000210                msg
                0x2000021a                sliderval
 COMMON         0x2000021c       0x2d .\CortexM0\ARM_GCC_541\Debug\Design13.a(CapSense_1.o)
                0x2000021c                CapSense_1_sensorEnableMaskBackup
                0x2000021d                CapSense_1_csdTrim1
                0x20000220                CapSense_1_scanSpeedTbl
                0x20000224                CapSense_1_unscannedSnsDriveMode
                0x2000022c                CapSense_1_sampleClkDividerVal
                0x20000234                CapSense_1_modulationIDAC
                0x2000023c                CapSense_1_senseClkDividerVal
                0x20000244                CapSense_1_compensationIDAC
 *fill*         0x20000249        0x3 
 COMMON         0x2000024c       0x21 .\CortexM0\ARM_GCC_541\Debug\Design13.a(CapSense_1_CSHL.o)
                0x2000024c                CapSense_1_rawFilterData1
                0x20000258                CapSense_1_fingerThreshold
                0x2000025c                CapSense_1_noiseThreshold
                0x20000260                CapSense_1_negativeNoiseThreshold
                0x20000264                CapSense_1_lowBaselineResetCnt
                0x2000026c                CapSense_1_hysteresis
 *fill*         0x2000026d        0x3 
 COMMON         0x20000270       0x4d .\CortexM0\ARM_GCC_541\Debug\Design13.a(CapSense_1_SMS.o)
                0x20000270                CapSense_1_config
                0x2000027c                CapSense_1_runningDifferenceTbl
                0x20000284                CapSense_1_signRegisterTbl
                0x2000028c                CapSense_1_kValueTbl
                0x20000294                CapSense_1_previousSampleTbl
                0x200002a0                CapSense_1_sampleMinTbl
                0x200002ac                CapSense_1_sampleMaxTbl
                0x200002b8                CapSense_1_noiseEnvelopeTbl
 *fill*         0x200002bd        0x3 
 COMMON         0x200002c0        0x4 c:/program files (x86)/cypress/psoc creator/4.2/psoc creator/import/gnu/arm/5.4.1/bin/../lib/gcc/arm-none-eabi/5.4.1/../../../../arm-none-eabi/lib/armv6-m\libg_nano.a(lib_a-reent.o)
                0x200002c0                errno
                0x200002c8                . = ALIGN (0x8)
 *fill*         0x200002c4        0x4 
 *(.ram.b)
                0x200002c8                _end = .
                0x200002c8                __end = .
                0x200002c8                PROVIDE (end, .)
                0x200002c8                PROVIDE (__bss_end__, .)
                0x000024d0                __cy_region_init_ram = LOADADDR (.data)
                0x000000c0                __cy_region_init_size_ram = (_edata - ADDR (.data))
                0x00000148                __cy_region_zero_size_ram = (_end - _edata)

.heap           0x200002c8       0x80 load address 0x00002590
                0x200002c8                . = _end
                0x20000348                . = (. + 0x80)
 *fill*         0x200002c8       0x80 
                0x20000348                __cy_heap_limit = .

.stack          0x20003800      0x800
                0x20003800                __cy_stack_limit = .
                0x20004000                . = (. + 0x800)
 *fill*         0x20003800      0x800 
                0x00000001                ASSERT ((__cy_stack_limit >= __cy_heap_limit), region RAM overflowed with stack)
                0x00000000                cy_checksum_exclude_size = (CY_APPL_LOADABLE == 0x1)?SIZEOF (.cy_checksum_exclude):0x0
                0x00000001                ASSERT ((cy_checksum_exclude_size <= CY_CHECKSUM_EXCLUDE_SIZE), CY_BOOT: Section .cy_checksum_exclude size exceedes specified limit.)
                0x0001ffc0                cyloadermeta_start = (cy_project_type_bootloader || cy_project_type_app_for_stack_and_copier)?(LENGTH (rom) - CY_METADATA_SIZE):0xf0000000

.cyloadermeta
 *(.cyloadermeta)
                0x0001ffc0                cyloadablemeta_start = cy_project_type_app_for_stack_and_copier?((LENGTH (rom) - CY_FLASH_ROW_SIZE) - CY_METADATA_SIZE):((LENGTH (rom) - (CY_FLASH_ROW_SIZE * (CY_APPL_NUM - 0x1))) - CY_METADATA_SIZE)

.cyloadablemeta
 *(.cyloadablemeta)

.cyflashprotect
                0x90400000       0x80
 *(.cyflashprotect)
 .cyflashprotect
                0x90400000       0x80 .\CortexM0\ARM_GCC_541\Debug\cymetadata.o
                0x90400000                cy_meta_flashprotect

.cymeta         0x90500000        0xc
 *(.cymeta)
 .cymeta        0x90500000        0xc .\CortexM0\ARM_GCC_541\Debug\cymetadata.o
                0x90500000                cy_metadata

.cychipprotect  0x90600000        0x1
 *(.cychipprotect)
 .cychipprotect
                0x90600000        0x1 .\CortexM0\ARM_GCC_541\Debug\cymetadata.o
                0x90600000                cy_meta_chipprotect

.rel.dyn        0x00002590        0x0 load address 0x90600004
 .rel.iplt      0x00002590        0x0 c:/program files (x86)/cypress/psoc creator/4.2/psoc creator/import/gnu/arm/5.4.1/bin/../lib/gcc/arm-none-eabi/5.4.1/armv6-m/crtbegin.o

.stab
 *(.stab)

.stabstr
 *(.stabstr)

.debug
 *(.debug)

.line
 *(.line)

.debug_srcinfo
 *(.debug_srcinfo)

.debug_sfnames
 *(.debug_sfnames)

.debug_aranges  0x00000000      0x958
 *(.debug_aranges)
 .debug_aranges
                0x00000000       0x28 .\CortexM0\ARM_GCC_541\Debug\main.o
 .debug_aranges
                0x00000028       0x48 .\CortexM0\ARM_GCC_541\Debug\cyfitter_cfg.o
 .debug_aranges
                0x00000070       0x18 .\CortexM0\ARM_GCC_541\Debug\cymetadata.o
 .debug_aranges
                0x00000088       0x48 .\CortexM0\ARM_GCC_541\Debug\Cm0Start.o
 .debug_aranges
                0x000000d0       0x58 .\CortexM0\ARM_GCC_541\Debug\Design13.a(UART_1.o)
 .debug_aranges
                0x00000128       0x90 .\CortexM0\ARM_GCC_541\Debug\Design13.a(UART_1_UART.o)
 .debug_aranges
                0x000001b8      0x158 .\CortexM0\ARM_GCC_541\Debug\Design13.a(CapSense_1.o)
 .debug_aranges
                0x00000310      0x148 .\CortexM0\ARM_GCC_541\Debug\Design13.a(CapSense_1_CSHL.o)
 .debug_aranges
                0x00000458       0x60 .\CortexM0\ARM_GCC_541\Debug\Design13.a(CapSense_1_SMS.o)
 .debug_aranges
                0x000004b8      0x1b0 .\CortexM0\ARM_GCC_541\Debug\Design13.a(CyLib.o)
 .debug_aranges
                0x00000668      0x188 .\CortexM0\ARM_GCC_541\Debug\Design13.a(CyLFClk.o)
 .debug_aranges
                0x000007f0       0x40 .\CortexM0\ARM_GCC_541\Debug\Design13.a(CapSense_1_SampleClk.o)
 .debug_aranges
                0x00000830       0x40 .\CortexM0\ARM_GCC_541\Debug\Design13.a(CapSense_1_SenseClk.o)
 .debug_aranges
                0x00000870       0x20 .\CortexM0\ARM_GCC_541\Debug\Design13.a(CyBootAsmGnu.o)
 .debug_aranges
                0x00000890       0x60 .\CortexM0\ARM_GCC_541\Debug\Design13.a(UART_1_SPI_UART.o)
 .debug_aranges
                0x000008f0       0x20 .\CortexM0\ARM_GCC_541\Debug\Design13.a(CapSense_1_INT.o)
 .debug_aranges
                0x00000910       0x48 C:\Program Files (x86)\Cypress\PSoC Creator\4.2\PSoC Creator\psoc\content\CyComponentLibrary\CyComponentLibrary.cylib\CapSense_CSD_P4_v2_60\PSoC4\Library\CapsenseP4Library_GCC.a(CSD_P4_SmartSense_v2_60.o)

.debug_pubnames
 *(.debug_pubnames)

.debug_info     0x00000000     0x643b
 *(.debug_info .gnu.linkonce.wi.*)
 .debug_info    0x00000000      0x1e6 .\CortexM0\ARM_GCC_541\Debug\main.o
 .debug_info    0x000001e6      0x499 .\CortexM0\ARM_GCC_541\Debug\cyfitter_cfg.o
 .debug_info    0x0000067f       0xf8 .\CortexM0\ARM_GCC_541\Debug\cymetadata.o
 .debug_info    0x00000777      0x3a2 .\CortexM0\ARM_GCC_541\Debug\Cm0Start.o
 .debug_info    0x00000b19      0x23a .\CortexM0\ARM_GCC_541\Debug\Design13.a(UART_1.o)
 .debug_info    0x00000d53      0x3b5 .\CortexM0\ARM_GCC_541\Debug\Design13.a(UART_1_UART.o)
 .debug_info    0x00001108     0x1111 .\CortexM0\ARM_GCC_541\Debug\Design13.a(CapSense_1.o)
 .debug_info    0x00002219     0x1116 .\CortexM0\ARM_GCC_541\Debug\Design13.a(CapSense_1_CSHL.o)
 .debug_info    0x0000332f      0x7ca .\CortexM0\ARM_GCC_541\Debug\Design13.a(CapSense_1_SMS.o)
 .debug_info    0x00003af9      0xbd0 .\CortexM0\ARM_GCC_541\Debug\Design13.a(CyLib.o)
 .debug_info    0x000046c9     0x1071 .\CortexM0\ARM_GCC_541\Debug\Design13.a(CyLFClk.o)
 .debug_info    0x0000573a      0x166 .\CortexM0\ARM_GCC_541\Debug\Design13.a(CapSense_1_SampleClk.o)
 .debug_info    0x000058a0      0x166 .\CortexM0\ARM_GCC_541\Debug\Design13.a(CapSense_1_SenseClk.o)
 .debug_info    0x00005a06       0x9b .\CortexM0\ARM_GCC_541\Debug\Design13.a(CyBootAsmGnu.o)
 .debug_info    0x00005aa1      0x220 .\CortexM0\ARM_GCC_541\Debug\Design13.a(UART_1_SPI_UART.o)
 .debug_info    0x00005cc1      0x198 .\CortexM0\ARM_GCC_541\Debug\Design13.a(CapSense_1_INT.o)
 .debug_info    0x00005e59      0x5e2 C:\Program Files (x86)\Cypress\PSoC Creator\4.2\PSoC Creator\psoc\content\CyComponentLibrary\CyComponentLibrary.cylib\CapSense_CSD_P4_v2_60\PSoC4\Library\CapsenseP4Library_GCC.a(CSD_P4_SmartSense_v2_60.o)

.debug_abbrev   0x00000000     0x15b0
 *(.debug_abbrev)
 .debug_abbrev  0x00000000       0xe4 .\CortexM0\ARM_GCC_541\Debug\main.o
 .debug_abbrev  0x000000e4      0x1cf .\CortexM0\ARM_GCC_541\Debug\cyfitter_cfg.o
 .debug_abbrev  0x000002b3       0x5d .\CortexM0\ARM_GCC_541\Debug\cymetadata.o
 .debug_abbrev  0x00000310      0x1d7 .\CortexM0\ARM_GCC_541\Debug\Cm0Start.o
 .debug_abbrev  0x000004e7       0xd5 .\CortexM0\ARM_GCC_541\Debug\Design13.a(UART_1.o)
 .debug_abbrev  0x000005bc      0x132 .\CortexM0\ARM_GCC_541\Debug\Design13.a(UART_1_UART.o)
 .debug_abbrev  0x000006ee      0x188 .\CortexM0\ARM_GCC_541\Debug\Design13.a(CapSense_1.o)
 .debug_abbrev  0x00000876      0x242 .\CortexM0\ARM_GCC_541\Debug\Design13.a(CapSense_1_CSHL.o)
 .debug_abbrev  0x00000ab8      0x1d5 .\CortexM0\ARM_GCC_541\Debug\Design13.a(CapSense_1_SMS.o)
 .debug_abbrev  0x00000c8d      0x1e0 .\CortexM0\ARM_GCC_541\Debug\Design13.a(CyLib.o)
 .debug_abbrev  0x00000e6d      0x248 .\CortexM0\ARM_GCC_541\Debug\Design13.a(CyLFClk.o)
 .debug_abbrev  0x000010b5       0xb7 .\CortexM0\ARM_GCC_541\Debug\Design13.a(CapSense_1_SampleClk.o)
 .debug_abbrev  0x0000116c       0xb7 .\CortexM0\ARM_GCC_541\Debug\Design13.a(CapSense_1_SenseClk.o)
 .debug_abbrev  0x00001223       0x14 .\CortexM0\ARM_GCC_541\Debug\Design13.a(CyBootAsmGnu.o)
 .debug_abbrev  0x00001237      0x14f .\CortexM0\ARM_GCC_541\Debug\Design13.a(UART_1_SPI_UART.o)
 .debug_abbrev  0x00001386       0xca .\CortexM0\ARM_GCC_541\Debug\Design13.a(CapSense_1_INT.o)
 .debug_abbrev  0x00001450      0x160 C:\Program Files (x86)\Cypress\PSoC Creator\4.2\PSoC Creator\psoc\content\CyComponentLibrary\CyComponentLibrary.cylib\CapSense_CSD_P4_v2_60\PSoC4\Library\CapsenseP4Library_GCC.a(CSD_P4_SmartSense_v2_60.o)

.debug_line     0x00000000     0x24b8
 *(.debug_line)
 .debug_line    0x00000000      0x137 .\CortexM0\ARM_GCC_541\Debug\main.o
 .debug_line    0x00000137      0x1b4 .\CortexM0\ARM_GCC_541\Debug\cyfitter_cfg.o
 .debug_line    0x000002eb      0x141 .\CortexM0\ARM_GCC_541\Debug\cymetadata.o
 .debug_line    0x0000042c      0x236 .\CortexM0\ARM_GCC_541\Debug\Cm0Start.o
 .debug_line    0x00000662      0x10c .\CortexM0\ARM_GCC_541\Debug\Design13.a(UART_1.o)
 .debug_line    0x0000076e      0x1d5 .\CortexM0\ARM_GCC_541\Debug\Design13.a(UART_1_UART.o)
 .debug_line    0x00000943      0x505 .\CortexM0\ARM_GCC_541\Debug\Design13.a(CapSense_1.o)
 .debug_line    0x00000e48      0x480 .\CortexM0\ARM_GCC_541\Debug\Design13.a(CapSense_1_CSHL.o)
 .debug_line    0x000012c8      0x1b3 .\CortexM0\ARM_GCC_541\Debug\Design13.a(CapSense_1_SMS.o)
 .debug_line    0x0000147b      0x4d0 .\CortexM0\ARM_GCC_541\Debug\Design13.a(CyLib.o)
 .debug_line    0x0000194b      0x5db .\CortexM0\ARM_GCC_541\Debug\Design13.a(CyLFClk.o)
 .debug_line    0x00001f26       0xc7 .\CortexM0\ARM_GCC_541\Debug\Design13.a(CapSense_1_SampleClk.o)
 .debug_line    0x00001fed       0xc6 .\CortexM0\ARM_GCC_541\Debug\Design13.a(CapSense_1_SenseClk.o)
 .debug_line    0x000020b3       0x68 .\CortexM0\ARM_GCC_541\Debug\Design13.a(CyBootAsmGnu.o)
 .debug_line    0x0000211b      0x11c .\CortexM0\ARM_GCC_541\Debug\Design13.a(UART_1_SPI_UART.o)
 .debug_line    0x00002237       0xb2 .\CortexM0\ARM_GCC_541\Debug\Design13.a(CapSense_1_INT.o)
 .debug_line    0x000022e9      0x1cf C:\Program Files (x86)\Cypress\PSoC Creator\4.2\PSoC Creator\psoc\content\CyComponentLibrary\CyComponentLibrary.cylib\CapSense_CSD_P4_v2_60\PSoC4\Library\CapsenseP4Library_GCC.a(CSD_P4_SmartSense_v2_60.o)

.debug_frame    0x00000000     0x1b20
 *(.debug_frame)
 .debug_frame   0x00000000       0x3c .\CortexM0\ARM_GCC_541\Debug\main.o
 .debug_frame   0x0000003c       0xb8 .\CortexM0\ARM_GCC_541\Debug\cyfitter_cfg.o
 .debug_frame   0x000000f4       0xbc .\CortexM0\ARM_GCC_541\Debug\Cm0Start.o
 .debug_frame   0x000001b0       0xd8 .\CortexM0\ARM_GCC_541\Debug\Design13.a(UART_1.o)
 .debug_frame   0x00000288      0x144 .\CortexM0\ARM_GCC_541\Debug\Design13.a(UART_1_UART.o)
 .debug_frame   0x000003cc      0x3cc .\CortexM0\ARM_GCC_541\Debug\Design13.a(CapSense_1.o)
 .debug_frame   0x00000798      0x368 .\CortexM0\ARM_GCC_541\Debug\Design13.a(CapSense_1_CSHL.o)
 .debug_frame   0x00000b00       0xec .\CortexM0\ARM_GCC_541\Debug\Design13.a(CapSense_1_SMS.o)
 .debug_frame   0x00000bec      0x444 .\CortexM0\ARM_GCC_541\Debug\Design13.a(CyLib.o)
 .debug_frame   0x00001030      0x4a8 .\CortexM0\ARM_GCC_541\Debug\Design13.a(CyLFClk.o)
 .debug_frame   0x000014d8       0x6c .\CortexM0\ARM_GCC_541\Debug\Design13.a(CapSense_1_SampleClk.o)
 .debug_frame   0x00001544       0x6c .\CortexM0\ARM_GCC_541\Debug\Design13.a(CapSense_1_SenseClk.o)
 .debug_frame   0x000015b0       0xb0 .\CortexM0\ARM_GCC_541\Debug\Design13.a(UART_1_SPI_UART.o)
 .debug_frame   0x00001660       0x2c .\CortexM0\ARM_GCC_541\Debug\Design13.a(CapSense_1_INT.o)
 .debug_frame   0x0000168c       0xec C:\Program Files (x86)\Cypress\PSoC Creator\4.2\PSoC Creator\psoc\content\CyComponentLibrary\CyComponentLibrary.cylib\CapSense_CSD_P4_v2_60\PSoC4\Library\CapsenseP4Library_GCC.a(CSD_P4_SmartSense_v2_60.o)
 .debug_frame   0x00001778       0x20 c:/program files (x86)/cypress/psoc creator/4.2/psoc creator/import/gnu/arm/5.4.1/bin/../lib/gcc/arm-none-eabi/5.4.1/armv6-m\libgcc.a(_udivsi3.o)
 .debug_frame   0x00001798       0x20 c:/program files (x86)/cypress/psoc creator/4.2/psoc creator/import/gnu/arm/5.4.1/bin/../lib/gcc/arm-none-eabi/5.4.1/armv6-m\libgcc.a(_divsi3.o)
 .debug_frame   0x000017b8       0x20 c:/program files (x86)/cypress/psoc creator/4.2/psoc creator/import/gnu/arm/5.4.1/bin/../lib/gcc/arm-none-eabi/5.4.1/../../../../arm-none-eabi/lib/armv6-m\libg_nano.a(lib_a-errno.o)
 .debug_frame   0x000017d8       0x28 c:/program files (x86)/cypress/psoc creator/4.2/psoc creator/import/gnu/arm/5.4.1/bin/../lib/gcc/arm-none-eabi/5.4.1/../../../../arm-none-eabi/lib/armv6-m\libg_nano.a(lib_a-exit.o)
 .debug_frame   0x00001800       0x2c c:/program files (x86)/cypress/psoc creator/4.2/psoc creator/import/gnu/arm/5.4.1/bin/../lib/gcc/arm-none-eabi/5.4.1/../../../../arm-none-eabi/lib/armv6-m\libg_nano.a(lib_a-init.o)
 .debug_frame   0x0000182c       0x20 c:/program files (x86)/cypress/psoc creator/4.2/psoc creator/import/gnu/arm/5.4.1/bin/../lib/gcc/arm-none-eabi/5.4.1/../../../../arm-none-eabi/lib/armv6-m\libg_nano.a(lib_a-memset.o)
 .debug_frame   0x0000184c       0x50 c:/program files (x86)/cypress/psoc creator/4.2/psoc creator/import/gnu/arm/5.4.1/bin/../lib/gcc/arm-none-eabi/5.4.1/../../../../arm-none-eabi/lib/armv6-m\libg_nano.a(lib_a-sprintf.o)
 .debug_frame   0x0000189c       0x74 c:/program files (x86)/cypress/psoc creator/4.2/psoc creator/import/gnu/arm/5.4.1/bin/../lib/gcc/arm-none-eabi/5.4.1/../../../../arm-none-eabi/lib/armv6-m\libg_nano.a(lib_a-nano-svfprintf.o)
 .debug_frame   0x00001910       0x54 c:/program files (x86)/cypress/psoc creator/4.2/psoc creator/import/gnu/arm/5.4.1/bin/../lib/gcc/arm-none-eabi/5.4.1/../../../../arm-none-eabi/lib/armv6-m\libg_nano.a(lib_a-nano-vfprintf_i.o)
 .debug_frame   0x00001964       0x20 c:/program files (x86)/cypress/psoc creator/4.2/psoc creator/import/gnu/arm/5.4.1/bin/../lib/gcc/arm-none-eabi/5.4.1/../../../../arm-none-eabi/lib/armv6-m\libg_nano.a(lib_a-memchr-stub.o)
 .debug_frame   0x00001984       0x28 c:/program files (x86)/cypress/psoc creator/4.2/psoc creator/import/gnu/arm/5.4.1/bin/../lib/gcc/arm-none-eabi/5.4.1/../../../../arm-none-eabi/lib/armv6-m\libg_nano.a(lib_a-memcpy-stub.o)
 .debug_frame   0x000019ac       0x28 c:/program files (x86)/cypress/psoc creator/4.2/psoc creator/import/gnu/arm/5.4.1/bin/../lib/gcc/arm-none-eabi/5.4.1/../../../../arm-none-eabi/lib/armv6-m\libg_nano.a(lib_a-memmove.o)
 .debug_frame   0x000019d4       0x2c c:/program files (x86)/cypress/psoc creator/4.2/psoc creator/import/gnu/arm/5.4.1/bin/../lib/gcc/arm-none-eabi/5.4.1/../../../../arm-none-eabi/lib/armv6-m\libg_nano.a(lib_a-nano-freer.o)
 .debug_frame   0x00001a00       0x2c c:/program files (x86)/cypress/psoc creator/4.2/psoc creator/import/gnu/arm/5.4.1/bin/../lib/gcc/arm-none-eabi/5.4.1/../../../../arm-none-eabi/lib/armv6-m\libg_nano.a(lib_a-nano-mallocr.o)
 .debug_frame   0x00001a2c       0x30 c:/program files (x86)/cypress/psoc creator/4.2/psoc creator/import/gnu/arm/5.4.1/bin/../lib/gcc/arm-none-eabi/5.4.1/../../../../arm-none-eabi/lib/armv6-m\libg_nano.a(lib_a-nano-reallocr.o)
 .debug_frame   0x00001a5c       0x2c c:/program files (x86)/cypress/psoc creator/4.2/psoc creator/import/gnu/arm/5.4.1/bin/../lib/gcc/arm-none-eabi/5.4.1/../../../../arm-none-eabi/lib/armv6-m\libg_nano.a(lib_a-sbrkr.o)
 .debug_frame   0x00001a88       0x30 c:/program files (x86)/cypress/psoc creator/4.2/psoc creator/import/gnu/arm/5.4.1/bin/../lib/gcc/arm-none-eabi/5.4.1/../../../../arm-none-eabi/lib/armv6-m\libg_nano.a(lib_a-mlock.o)
 .debug_frame   0x00001ab8       0x20 c:/program files (x86)/cypress/psoc creator/4.2/psoc creator/import/gnu/arm/5.4.1/bin/../lib/gcc/arm-none-eabi/5.4.1/../../../../arm-none-eabi/lib/armv6-m\libg_nano.a(lib_a-nano-msizer.o)
 .debug_frame   0x00001ad8       0x48 c:/program files (x86)/cypress/psoc creator/4.2/psoc creator/import/gnu/arm/5.4.1/bin/../lib/gcc/arm-none-eabi/5.4.1/../../../../arm-none-eabi/lib/armv6-m\libg_nano.a(lib_a-reent.o)

.debug_str      0x00000000     0x2d67
 *(.debug_str)
 .debug_str     0x00000000      0x23f .\CortexM0\ARM_GCC_541\Debug\main.o
                                0x289 (size before relaxing)
 .debug_str     0x0000023f      0x1aa .\CortexM0\ARM_GCC_541\Debug\cyfitter_cfg.o
                                0x35a (size before relaxing)
 .debug_str     0x000003e9       0x63 .\CortexM0\ARM_GCC_541\Debug\cymetadata.o
                                0x1d3 (size before relaxing)
 .debug_str     0x0000044c      0x13a .\CortexM0\ARM_GCC_541\Debug\Cm0Start.o
                                0x30c (size before relaxing)
 .debug_str     0x00000586      0x111 .\CortexM0\ARM_GCC_541\Debug\Design13.a(UART_1.o)
                                0x2be (size before relaxing)
 .debug_str     0x00000697      0x1f6 .\CortexM0\ARM_GCC_541\Debug\Design13.a(UART_1_UART.o)
                                0x3fb (size before relaxing)
 .debug_str     0x0000088d      0x960 .\CortexM0\ARM_GCC_541\Debug\Design13.a(CapSense_1.o)
                                0xb82 (size before relaxing)
 .debug_str     0x000011ed      0x855 .\CortexM0\ARM_GCC_541\Debug\Design13.a(CapSense_1_CSHL.o)
                                0xc8a (size before relaxing)
 .debug_str     0x00001a42      0x27e .\CortexM0\ARM_GCC_541\Debug\Design13.a(CapSense_1_SMS.o)
                                0x83c (size before relaxing)
 .debug_str     0x00001cc0      0x4ae .\CortexM0\ARM_GCC_541\Debug\Design13.a(CyLib.o)
                                0x746 (size before relaxing)
 .debug_str     0x0000216e      0x6e4 .\CortexM0\ARM_GCC_541\Debug\Design13.a(CyLFClk.o)
                                0x943 (size before relaxing)
 .debug_str     0x00002852       0xbc .\CortexM0\ARM_GCC_541\Debug\Design13.a(CapSense_1_SampleClk.o)
                                0x2b0 (size before relaxing)
 .debug_str     0x0000290e       0x85 .\CortexM0\ARM_GCC_541\Debug\Design13.a(CapSense_1_SenseClk.o)
                                0x2aa (size before relaxing)
 .debug_str     0x00002993       0xf1 .\CortexM0\ARM_GCC_541\Debug\Design13.a(UART_1_SPI_UART.o)
                                0x2ed (size before relaxing)
 .debug_str     0x00002a84       0x4e .\CortexM0\ARM_GCC_541\Debug\Design13.a(CapSense_1_INT.o)
                                0x2ae (size before relaxing)
 .debug_str     0x00002ad2      0x295 C:\Program Files (x86)\Cypress\PSoC Creator\4.2\PSoC Creator\psoc\content\CyComponentLibrary\CyComponentLibrary.cylib\CapSense_CSD_P4_v2_60\PSoC4\Library\CapsenseP4Library_GCC.a(CSD_P4_SmartSense_v2_60.o)
                                0x59d (size before relaxing)

.debug_loc      0x00000000     0x37da
 *(.debug_loc)
 .debug_loc     0x00000000      0x14d .\CortexM0\ARM_GCC_541\Debug\cyfitter_cfg.o
 .debug_loc     0x0000014d      0x14f .\CortexM0\ARM_GCC_541\Debug\Cm0Start.o
 .debug_loc     0x0000029c       0x7e .\CortexM0\ARM_GCC_541\Debug\Design13.a(UART_1.o)
 .debug_loc     0x0000031a      0x223 .\CortexM0\ARM_GCC_541\Debug\Design13.a(UART_1_UART.o)
 .debug_loc     0x0000053d      0xb9d .\CortexM0\ARM_GCC_541\Debug\Design13.a(CapSense_1.o)
 .debug_loc     0x000010da      0x9e3 .\CortexM0\ARM_GCC_541\Debug\Design13.a(CapSense_1_CSHL.o)
 .debug_loc     0x00001abd      0x20f .\CortexM0\ARM_GCC_541\Debug\Design13.a(CapSense_1_SMS.o)
 .debug_loc     0x00001ccc      0x554 .\CortexM0\ARM_GCC_541\Debug\Design13.a(CyLib.o)
 .debug_loc     0x00002220      0xdaa .\CortexM0\ARM_GCC_541\Debug\Design13.a(CyLFClk.o)
 .debug_loc     0x00002fca       0x76 .\CortexM0\ARM_GCC_541\Debug\Design13.a(CapSense_1_SampleClk.o)
 .debug_loc     0x00003040       0x76 .\CortexM0\ARM_GCC_541\Debug\Design13.a(CapSense_1_SenseClk.o)
 .debug_loc     0x000030b6       0x96 .\CortexM0\ARM_GCC_541\Debug\Design13.a(UART_1_SPI_UART.o)
 .debug_loc     0x0000314c      0x68e C:\Program Files (x86)\Cypress\PSoC Creator\4.2\PSoC Creator\psoc\content\CyComponentLibrary\CyComponentLibrary.cylib\CapSense_CSD_P4_v2_60\PSoC4\Library\CapsenseP4Library_GCC.a(CSD_P4_SmartSense_v2_60.o)

.debug_macinfo
 *(.debug_macinfo)

.debug_ranges   0x00000000      0x830
 *(.debug_ranges)
 .debug_ranges  0x00000000       0x18 .\CortexM0\ARM_GCC_541\Debug\main.o
 .debug_ranges  0x00000018       0x38 .\CortexM0\ARM_GCC_541\Debug\cyfitter_cfg.o
 .debug_ranges  0x00000050       0x38 .\CortexM0\ARM_GCC_541\Debug\Cm0Start.o
 .debug_ranges  0x00000088       0x48 .\CortexM0\ARM_GCC_541\Debug\Design13.a(UART_1.o)
 .debug_ranges  0x000000d0       0x80 .\CortexM0\ARM_GCC_541\Debug\Design13.a(UART_1_UART.o)
 .debug_ranges  0x00000150      0x148 .\CortexM0\ARM_GCC_541\Debug\Design13.a(CapSense_1.o)
 .debug_ranges  0x00000298      0x138 .\CortexM0\ARM_GCC_541\Debug\Design13.a(CapSense_1_CSHL.o)
 .debug_ranges  0x000003d0       0x50 .\CortexM0\ARM_GCC_541\Debug\Design13.a(CapSense_1_SMS.o)
 .debug_ranges  0x00000420      0x1a0 .\CortexM0\ARM_GCC_541\Debug\Design13.a(CyLib.o)
 .debug_ranges  0x000005c0      0x178 .\CortexM0\ARM_GCC_541\Debug\Design13.a(CyLFClk.o)
 .debug_ranges  0x00000738       0x30 .\CortexM0\ARM_GCC_541\Debug\Design13.a(CapSense_1_SampleClk.o)
 .debug_ranges  0x00000768       0x30 .\CortexM0\ARM_GCC_541\Debug\Design13.a(CapSense_1_SenseClk.o)
 .debug_ranges  0x00000798       0x50 .\CortexM0\ARM_GCC_541\Debug\Design13.a(UART_1_SPI_UART.o)
 .debug_ranges  0x000007e8       0x10 .\CortexM0\ARM_GCC_541\Debug\Design13.a(CapSense_1_INT.o)
 .debug_ranges  0x000007f8       0x38 C:\Program Files (x86)\Cypress\PSoC Creator\4.2\PSoC Creator\psoc\content\CyComponentLibrary\CyComponentLibrary.cylib\CapSense_CSD_P4_v2_60\PSoC4\Library\CapsenseP4Library_GCC.a(CSD_P4_SmartSense_v2_60.o)

.comment        0x00000000       0xde
 .comment       0x00000000       0x6e .\CortexM0\ARM_GCC_541\Debug\main.o
                                 0x6f (size before relaxing)
 .comment       0x0000006e       0x6f .\CortexM0\ARM_GCC_541\Debug\cyfitter_cfg.o
 .comment       0x0000006e       0x6f .\CortexM0\ARM_GCC_541\Debug\cymetadata.o
 .comment       0x0000006e       0x6f .\CortexM0\ARM_GCC_541\Debug\Cm0Start.o
 .comment       0x0000006e       0x6f .\CortexM0\ARM_GCC_541\Debug\Design13.a(UART_1.o)
 .comment       0x0000006e       0x6f .\CortexM0\ARM_GCC_541\Debug\Design13.a(UART_1_UART.o)
 .comment       0x0000006e       0x6f .\CortexM0\ARM_GCC_541\Debug\Design13.a(CapSense_1.o)
 .comment       0x0000006e       0x6f .\CortexM0\ARM_GCC_541\Debug\Design13.a(CapSense_1_CSHL.o)
 .comment       0x0000006e       0x6f .\CortexM0\ARM_GCC_541\Debug\Design13.a(CapSense_1_SMS.o)
 .comment       0x0000006e       0x6f .\CortexM0\ARM_GCC_541\Debug\Design13.a(CyLib.o)
 .comment       0x0000006e       0x6f .\CortexM0\ARM_GCC_541\Debug\Design13.a(CyLFClk.o)
 .comment       0x0000006e       0x6f .\CortexM0\ARM_GCC_541\Debug\Design13.a(CapSense_1_SampleClk.o)
 .comment       0x0000006e       0x6f .\CortexM0\ARM_GCC_541\Debug\Design13.a(CapSense_1_SenseClk.o)
 .comment       0x0000006e       0x6f .\CortexM0\ARM_GCC_541\Debug\Design13.a(UART_1_SPI_UART.o)
 .comment       0x0000006e       0x6f .\CortexM0\ARM_GCC_541\Debug\Design13.a(CapSense_1_INT.o)
 .comment       0x0000006e       0x70 C:\Program Files (x86)\Cypress\PSoC Creator\4.2\PSoC Creator\psoc\content\CyComponentLibrary\CyComponentLibrary.cylib\CapSense_CSD_P4_v2_60\PSoC4\Library\CapsenseP4Library_GCC.a(CSD_P4_SmartSense_v2_60.o)
                                 0x71 (size before relaxing)

.debug_weaknames
 *(.debug_weaknames)

.debug_funcnames
 *(.debug_funcnames)

.debug_typenames
 *(.debug_typenames)

.debug_varnames
 *(.debug_varnames)

.note.gnu.arm.ident
 *(.note.gnu.arm.ident)

.ARM.attributes
                0x00000000       0x28
 *(.ARM.attributes)
 .ARM.attributes
                0x00000000       0x1e c:/program files (x86)/cypress/psoc creator/4.2/psoc creator/import/gnu/arm/5.4.1/bin/../lib/gcc/arm-none-eabi/5.4.1/armv6-m/crti.o
 .ARM.attributes
                0x0000001e       0x2c c:/program files (x86)/cypress/psoc creator/4.2/psoc creator/import/gnu/arm/5.4.1/bin/../lib/gcc/arm-none-eabi/5.4.1/armv6-m/crtbegin.o
 .ARM.attributes
                0x0000004a       0x1b c:/program files (x86)/cypress/psoc creator/4.2/psoc creator/import/gnu/arm/5.4.1/bin/../lib/gcc/arm-none-eabi/5.4.1/../../../../arm-none-eabi/lib/armv6-m/crt0.o
 .ARM.attributes
                0x00000065       0x31 .\CortexM0\ARM_GCC_541\Debug\main.o
 .ARM.attributes
                0x00000096       0x31 .\CortexM0\ARM_GCC_541\Debug\cyfitter_cfg.o
 .ARM.attributes
                0x000000c7       0x31 .\CortexM0\ARM_GCC_541\Debug\cymetadata.o
 .ARM.attributes
                0x000000f8       0x31 .\CortexM0\ARM_GCC_541\Debug\Cm0Start.o
 .ARM.attributes
                0x00000129       0x31 .\CortexM0\ARM_GCC_541\Debug\Design13.a(UART_1.o)
 .ARM.attributes
                0x0000015a       0x31 .\CortexM0\ARM_GCC_541\Debug\Design13.a(UART_1_UART.o)
 .ARM.attributes
                0x0000018b       0x31 .\CortexM0\ARM_GCC_541\Debug\Design13.a(CapSense_1.o)
 .ARM.attributes
                0x000001bc       0x31 .\CortexM0\ARM_GCC_541\Debug\Design13.a(CapSense_1_CSHL.o)
 .ARM.attributes
                0x000001ed       0x31 .\CortexM0\ARM_GCC_541\Debug\Design13.a(CapSense_1_SMS.o)
 .ARM.attributes
                0x0000021e       0x31 .\CortexM0\ARM_GCC_541\Debug\Design13.a(CyLib.o)
 .ARM.attributes
                0x0000024f       0x31 .\CortexM0\ARM_GCC_541\Debug\Design13.a(CyLFClk.o)
 .ARM.attributes
                0x00000280       0x31 .\CortexM0\ARM_GCC_541\Debug\Design13.a(CapSense_1_SampleClk.o)
 .ARM.attributes
                0x000002b1       0x31 .\CortexM0\ARM_GCC_541\Debug\Design13.a(CapSense_1_SenseClk.o)
 .ARM.attributes
                0x000002e2       0x21 .\CortexM0\ARM_GCC_541\Debug\Design13.a(CyBootAsmGnu.o)
 .ARM.attributes
                0x00000303       0x31 .\CortexM0\ARM_GCC_541\Debug\Design13.a(UART_1_SPI_UART.o)
 .ARM.attributes
                0x00000334       0x31 .\CortexM0\ARM_GCC_541\Debug\Design13.a(CapSense_1_INT.o)
 .ARM.attributes
                0x00000365       0x31 C:\Program Files (x86)\Cypress\PSoC Creator\4.2\PSoC Creator\psoc\content\CyComponentLibrary\CyComponentLibrary.cylib\CapSense_CSD_P4_v2_60\PSoC4\Library\CapsenseP4Library_GCC.a(CSD_P4_SmartSense_v2_60.o)
 .ARM.attributes
                0x00000396       0x1e c:/program files (x86)/cypress/psoc creator/4.2/psoc creator/import/gnu/arm/5.4.1/bin/../lib/gcc/arm-none-eabi/5.4.1/armv6-m\libgcc.a(_udivsi3.o)
 .ARM.attributes
                0x000003b4       0x1e c:/program files (x86)/cypress/psoc creator/4.2/psoc creator/import/gnu/arm/5.4.1/bin/../lib/gcc/arm-none-eabi/5.4.1/armv6-m\libgcc.a(_divsi3.o)
 .ARM.attributes
                0x000003d2       0x1e c:/program files (x86)/cypress/psoc creator/4.2/psoc creator/import/gnu/arm/5.4.1/bin/../lib/gcc/arm-none-eabi/5.4.1/armv6-m\libgcc.a(_dvmd_tls.o)
 .ARM.attributes
                0x000003f0       0x2c c:/program files (x86)/cypress/psoc creator/4.2/psoc creator/import/gnu/arm/5.4.1/bin/../lib/gcc/arm-none-eabi/5.4.1/../../../../arm-none-eabi/lib/armv6-m\libg_nano.a(lib_a-errno.o)
 .ARM.attributes
                0x0000041c       0x2c c:/program files (x86)/cypress/psoc creator/4.2/psoc creator/import/gnu/arm/5.4.1/bin/../lib/gcc/arm-none-eabi/5.4.1/../../../../arm-none-eabi/lib/armv6-m\libg_nano.a(lib_a-exit.o)
 .ARM.attributes
                0x00000448       0x2c c:/program files (x86)/cypress/psoc creator/4.2/psoc creator/import/gnu/arm/5.4.1/bin/../lib/gcc/arm-none-eabi/5.4.1/../../../../arm-none-eabi/lib/armv6-m\libg_nano.a(lib_a-impure.o)
 .ARM.attributes
                0x00000474       0x2c c:/program files (x86)/cypress/psoc creator/4.2/psoc creator/import/gnu/arm/5.4.1/bin/../lib/gcc/arm-none-eabi/5.4.1/../../../../arm-none-eabi/lib/armv6-m\libg_nano.a(lib_a-init.o)
 .ARM.attributes
                0x000004a0       0x2c c:/program files (x86)/cypress/psoc creator/4.2/psoc creator/import/gnu/arm/5.4.1/bin/../lib/gcc/arm-none-eabi/5.4.1/../../../../arm-none-eabi/lib/armv6-m\libg_nano.a(lib_a-memset.o)
 .ARM.attributes
                0x000004cc       0x2c c:/program files (x86)/cypress/psoc creator/4.2/psoc creator/import/gnu/arm/5.4.1/bin/../lib/gcc/arm-none-eabi/5.4.1/../../../../arm-none-eabi/lib/armv6-m\libg_nano.a(lib_a-sprintf.o)
 .ARM.attributes
                0x000004f8       0x2c c:/program files (x86)/cypress/psoc creator/4.2/psoc creator/import/gnu/arm/5.4.1/bin/../lib/gcc/arm-none-eabi/5.4.1/../../../../arm-none-eabi/lib/armv6-m\libg_nano.a(lib_a-nano-svfprintf.o)
 .ARM.attributes
                0x00000524       0x2c c:/program files (x86)/cypress/psoc creator/4.2/psoc creator/import/gnu/arm/5.4.1/bin/../lib/gcc/arm-none-eabi/5.4.1/../../../../arm-none-eabi/lib/armv6-m\libg_nano.a(lib_a-nano-vfprintf_i.o)
 .ARM.attributes
                0x00000550       0x2c c:/program files (x86)/cypress/psoc creator/4.2/psoc creator/import/gnu/arm/5.4.1/bin/../lib/gcc/arm-none-eabi/5.4.1/../../../../arm-none-eabi/lib/armv6-m\libg_nano.a(lib_a-memchr-stub.o)
 .ARM.attributes
                0x0000057c       0x2c c:/program files (x86)/cypress/psoc creator/4.2/psoc creator/import/gnu/arm/5.4.1/bin/../lib/gcc/arm-none-eabi/5.4.1/../../../../arm-none-eabi/lib/armv6-m\libg_nano.a(lib_a-memcpy-stub.o)
 .ARM.attributes
                0x000005a8       0x2c c:/program files (x86)/cypress/psoc creator/4.2/psoc creator/import/gnu/arm/5.4.1/bin/../lib/gcc/arm-none-eabi/5.4.1/../../../../arm-none-eabi/lib/armv6-m\libg_nano.a(lib_a-memmove.o)
 .ARM.attributes
                0x000005d4       0x2c c:/program files (x86)/cypress/psoc creator/4.2/psoc creator/import/gnu/arm/5.4.1/bin/../lib/gcc/arm-none-eabi/5.4.1/../../../../arm-none-eabi/lib/armv6-m\libg_nano.a(lib_a-nano-freer.o)
 .ARM.attributes
                0x00000600       0x2c c:/program files (x86)/cypress/psoc creator/4.2/psoc creator/import/gnu/arm/5.4.1/bin/../lib/gcc/arm-none-eabi/5.4.1/../../../../arm-none-eabi/lib/armv6-m\libg_nano.a(lib_a-nano-mallocr.o)
 .ARM.attributes
                0x0000062c       0x2c c:/program files (x86)/cypress/psoc creator/4.2/psoc creator/import/gnu/arm/5.4.1/bin/../lib/gcc/arm-none-eabi/5.4.1/../../../../arm-none-eabi/lib/armv6-m\libg_nano.a(lib_a-nano-reallocr.o)
 .ARM.attributes
                0x00000658       0x2c c:/program files (x86)/cypress/psoc creator/4.2/psoc creator/import/gnu/arm/5.4.1/bin/../lib/gcc/arm-none-eabi/5.4.1/../../../../arm-none-eabi/lib/armv6-m\libg_nano.a(lib_a-sbrkr.o)
 .ARM.attributes
                0x00000684       0x2c c:/program files (x86)/cypress/psoc creator/4.2/psoc creator/import/gnu/arm/5.4.1/bin/../lib/gcc/arm-none-eabi/5.4.1/../../../../arm-none-eabi/lib/armv6-m\libg_nano.a(lib_a-mlock.o)
 .ARM.attributes
                0x000006b0       0x2c c:/program files (x86)/cypress/psoc creator/4.2/psoc creator/import/gnu/arm/5.4.1/bin/../lib/gcc/arm-none-eabi/5.4.1/../../../../arm-none-eabi/lib/armv6-m\libg_nano.a(lib_a-nano-msizer.o)
 .ARM.attributes
                0x000006dc       0x2c c:/program files (x86)/cypress/psoc creator/4.2/psoc creator/import/gnu/arm/5.4.1/bin/../lib/gcc/arm-none-eabi/5.4.1/../../../../arm-none-eabi/lib/armv6-m\libg_nano.a(lib_a-reent.o)
 .ARM.attributes
                0x00000708       0x2c c:/program files (x86)/cypress/psoc creator/4.2/psoc creator/import/gnu/arm/5.4.1/bin/../lib/gcc/arm-none-eabi/5.4.1/armv6-m/crtend.o
 .ARM.attributes
                0x00000734       0x1e c:/program files (x86)/cypress/psoc creator/4.2/psoc creator/import/gnu/arm/5.4.1/bin/../lib/gcc/arm-none-eabi/5.4.1/armv6-m/crtn.o

/DISCARD/
 *(.note.GNU-stack)
OUTPUT(C:\Users\bryan.lee\Documents\GitHub\hello-world\Psoc_101_4BLE\Design13.cydsn\CortexM0\ARM_GCC_541\Debug\Design13.elf elf32-littlearm)
