Archive member included because of file (symbol)

.\CortexM3\ARM_GCC_493\Debug\Combine.a(cyfitter_cfg.o)
                              .\CortexM3\ARM_GCC_493\Debug\Cm3Start.o (cyfitter_cfg)
.\CortexM3\ARM_GCC_493\Debug\Combine.a(CyLib.o)
                              .\CortexM3\ARM_GCC_493\Debug\Cm3Start.o (CyResetStatus)
.\CortexM3\ARM_GCC_493\Debug\Combine.a(cyPm.o)
                              .\CortexM3\ARM_GCC_493\Debug\Combine.a(CyLib.o) (CyPmReadStatus)
.\CortexM3\ARM_GCC_493\Debug\Combine.a(shiftregReceiver.o)
                              .\CortexM3\ARM_GCC_493\Debug\main.o (shiftregReceiver_Start)
.\CortexM3\ARM_GCC_493\Debug\Combine.a(shiftregSender.o)
                              .\CortexM3\ARM_GCC_493\Debug\main.o (shiftregSender_Start)
.\CortexM3\ARM_GCC_493\Debug\Combine.a(clockShift.o)
                              .\CortexM3\ARM_GCC_493\Debug\main.o (clockShift_SetDividerRegister)
.\CortexM3\ARM_GCC_493\Debug\Combine.a(counterShift.o)
                              .\CortexM3\ARM_GCC_493\Debug\main.o (counterShift_Start)
.\CortexM3\ARM_GCC_493\Debug\Combine.a(isrStoreInt.o)
                              .\CortexM3\ARM_GCC_493\Debug\main.o (isrStoreInt_StartEx)
.\CortexM3\ARM_GCC_493\Debug\Combine.a(counterPolarC.o)
                              .\CortexM3\ARM_GCC_493\Debug\main.o (counterPolarC_Start)
.\CortexM3\ARM_GCC_493\Debug\Combine.a(counterPolarS.o)
                              .\CortexM3\ARM_GCC_493\Debug\main.o (counterPolarS_Start)
.\CortexM3\ARM_GCC_493\Debug\Combine.a(counterANTPlus.o)
                              .\CortexM3\ARM_GCC_493\Debug\main.o (counterANTPlus_Start)
.\CortexM3\ARM_GCC_493\Debug\Combine.a(pinDMK.o)
                              .\CortexM3\ARM_GCC_493\Debug\main.o (pinDMK_Read)
.\CortexM3\ARM_GCC_493\Debug\Combine.a(pgaPolarC.o)
                              .\CortexM3\ARM_GCC_493\Debug\main.o (pgaPolarC_Start)
.\CortexM3\ARM_GCC_493\Debug\Combine.a(pgaPolarS.o)
                              .\CortexM3\ARM_GCC_493\Debug\main.o (pgaPolarS_Start)
.\CortexM3\ARM_GCC_493\Debug\Combine.a(pgaANTPlus.o)
                              .\CortexM3\ARM_GCC_493\Debug\main.o (pgaANTPlus_Start)
.\CortexM3\ARM_GCC_493\Debug\Combine.a(statusButton.o)
                              .\CortexM3\ARM_GCC_493\Debug\main.o (statusButton_Read)
.\CortexM3\ARM_GCC_493\Debug\Combine.a(lcdDisplay.o)
                              .\CortexM3\ARM_GCC_493\Debug\main.o (lcdDisplay_WriteControl)
.\CortexM3\ARM_GCC_493\Debug\Combine.a(PWMPulseCapture.o)
                              .\CortexM3\ARM_GCC_493\Debug\main.o (PWMPulseCapture_Start)
.\CortexM3\ARM_GCC_493\Debug\Combine.a(isrPulseCapture.o)
                              .\CortexM3\ARM_GCC_493\Debug\main.o (isrPulseCapture_StartEx)
.\CortexM3\ARM_GCC_493\Debug\Combine.a(CyBootAsmGnu.o)
                              .\CortexM3\ARM_GCC_493\Debug\Combine.a(cyfitter_cfg.o) (CyDelayCycles)
.\CortexM3\ARM_GCC_493\Debug\Combine.a(CyFlash.o)
                              .\CortexM3\ARM_GCC_493\Debug\Combine.a(cyPm.o) (CyFlash_SetWaitCycles)
.\CortexM3\ARM_GCC_493\Debug\Combine.a(CySpc.o)
                              .\CortexM3\ARM_GCC_493\Debug\Combine.a(CyFlash.o) (CySpcStart)
c:/program files (x86)/cypress/psoc creator/4.0/psoc creator/import/gnu/arm/4.9.3/bin/../lib/gcc/arm-none-eabi/4.9.3/../../../../arm-none-eabi/lib/armv7-m\libg_nano.a(lib_a-errno.o)
                              .\CortexM3\ARM_GCC_493\Debug\Cm3Start.o (__errno)
c:/program files (x86)/cypress/psoc creator/4.0/psoc creator/import/gnu/arm/4.9.3/bin/../lib/gcc/arm-none-eabi/4.9.3/../../../../arm-none-eabi/lib/armv7-m\libg_nano.a(lib_a-exit.o)
                              c:/program files (x86)/cypress/psoc creator/4.0/psoc creator/import/gnu/arm/4.9.3/bin/../lib/gcc/arm-none-eabi/4.9.3/../../../../arm-none-eabi/lib/armv7-m/crt0.o (exit)
c:/program files (x86)/cypress/psoc creator/4.0/psoc creator/import/gnu/arm/4.9.3/bin/../lib/gcc/arm-none-eabi/4.9.3/../../../../arm-none-eabi/lib/armv7-m\libg_nano.a(lib_a-impure.o)
                              c:/program files (x86)/cypress/psoc creator/4.0/psoc creator/import/gnu/arm/4.9.3/bin/../lib/gcc/arm-none-eabi/4.9.3/../../../../arm-none-eabi/lib/armv7-m\libg_nano.a(lib_a-exit.o) (_global_impure_ptr)
c:/program files (x86)/cypress/psoc creator/4.0/psoc creator/import/gnu/arm/4.9.3/bin/../lib/gcc/arm-none-eabi/4.9.3/../../../../arm-none-eabi/lib/armv7-m\libg_nano.a(lib_a-init.o)
                              c:/program files (x86)/cypress/psoc creator/4.0/psoc creator/import/gnu/arm/4.9.3/bin/../lib/gcc/arm-none-eabi/4.9.3/../../../../arm-none-eabi/lib/armv7-m/crt0.o (__libc_init_array)
c:/program files (x86)/cypress/psoc creator/4.0/psoc creator/import/gnu/arm/4.9.3/bin/../lib/gcc/arm-none-eabi/4.9.3/../../../../arm-none-eabi/lib/armv7-m\libg_nano.a(lib_a-memcpy.o)
                              .\CortexM3\ARM_GCC_493\Debug\Combine.a(cyfitter_cfg.o) (memcpy)
[...]
Memory Configuration

Name             Origin             Length             Attributes
rom              0x00000000         0x00040000         xr
ram              0x1fff8000         0x00010000         xrw
*default*        0x00000000         0xffffffff

Linker script and memory map

LOAD c:/program files (x86)/cypress/psoc creator/4.0/psoc creator/import/gnu/arm/4.9.3/bin/../lib/gcc/arm-none-eabi/4.9.3/armv7-m/crti.o
LOAD c:/program files (x86)/cypress/psoc creator/4.0/psoc creator/import/gnu/arm/4.9.3/bin/../lib/gcc/arm-none-eabi/4.9.3/armv7-m/crtbegin.o
LOAD c:/program files (x86)/cypress/psoc creator/4.0/psoc creator/import/gnu/arm/4.9.3/bin/../lib/gcc/arm-none-eabi/4.9.3/../../../../arm-none-eabi/lib/armv7-m/crt0.o
START GROUP
LOAD .\CortexM3\ARM_GCC_493\Debug\main.o
LOAD .\CortexM3\ARM_GCC_493\Debug\Cm3Start.o
LOAD .\CortexM3\ARM_GCC_493\Debug\cymetadata.o
LOAD .\CortexM3\ARM_GCC_493\Debug\Combine.a
LOAD C:\Program Files (x86)\Cypress\PSoC Creator\4.0\PSoC Creator\psoc\content\cycomponentlibrary\CyComponentLibrary.cylib\CortexM3\ARM_GCC_493\Debug\CyComponentLibrary.a
END GROUP
START GROUP
LOAD c:/program files (x86)/cypress/psoc creator/4.0/psoc creator/import/gnu/arm/4.9.3/bin/../lib/gcc/arm-none-eabi/4.9.3/armv7-m\libgcc.a
LOAD c:/program files (x86)/cypress/psoc creator/4.0/psoc creator/import/gnu/arm/4.9.3/bin/../lib/gcc/arm-none-eabi/4.9.3/../../../../arm-none-eabi/lib/armv7-m\libg_nano.a
LOAD c:/program files (x86)/cypress/psoc creator/4.0/psoc creator/import/gnu/arm/4.9.3/bin/../lib/gcc/arm-none-eabi/4.9.3/../../../../arm-none-eabi/lib/armv7-m\libc_nano.a
END GROUP
START GROUP
LOAD c:/program files (x86)/cypress/psoc creator/4.0/psoc creator/import/gnu/arm/4.9.3/bin/../lib/gcc/arm-none-eabi/4.9.3/armv7-m\libgcc.a
LOAD c:/program files (x86)/cypress/psoc creator/4.0/psoc creator/import/gnu/arm/4.9.3/bin/../lib/gcc/arm-none-eabi/4.9.3/../../../../arm-none-eabi/lib/armv7-m\libc_nano.a
END GROUP
LOAD c:/program files (x86)/cypress/psoc creator/4.0/psoc creator/import/gnu/arm/4.9.3/bin/../lib/gcc/arm-none-eabi/4.9.3/armv7-m/crtend.o
LOAD c:/program files (x86)/cypress/psoc creator/4.0/psoc creator/import/gnu/arm/4.9.3/bin/../lib/gcc/arm-none-eabi/4.9.3/armv7-m/crtn.o
START GROUP
LOAD c:/program files (x86)/cypress/psoc creator/4.0/psoc creator/import/gnu/arm/4.9.3/bin/../lib/gcc/arm-none-eabi/4.9.3/armv7-m\libgcc.a
LOAD c:/program files (x86)/cypress/psoc creator/4.0/psoc creator/import/gnu/arm/4.9.3/bin/../lib/gcc/arm-none-eabi/4.9.3/../../../../arm-none-eabi/lib/armv7-m\libc.a
LOAD c:/program files (x86)/cypress/psoc creator/4.0/psoc creator/import/gnu/arm/4.9.3/bin/../lib/gcc/arm-none-eabi/4.9.3/../../../../arm-none-eabi/lib/armv7-m\libnosys.a
END GROUP
                0x00000000                CY_APPL_ORIGIN = 0x0
                0x00000100                CY_FLASH_ROW_SIZE = 0x100
                0x00000020                CY_ECC_ROW_SIZE = 0x20
                0x00000000                CY_EE_IN_BTLDR = 0x0
                0x00000000                CY_APPL_LOADABLE = 0x0
                0x00000800                CY_EE_SIZE = 0x800
                0x00000001                CY_APPL_NUM = 0x1
                0x00000001                CY_APPL_MAX = 0x1
                0x00000040                CY_METADATA_SIZE = 0x40
                0x00000000                CY_APPL_LOADABLE = 0x0
                0x00000000                CY_CHECKSUM_EXCLUDE_SIZE = ALIGN (0x0, CY_FLASH_ROW_SIZE)
                0x1fff8258                PROVIDE (__cy_heap_start, _end)
                0x00000001                PROVIDE (__cy_region_num, ((__cy_regions_end - __cy_regions) / 0x10))
                0x20008000                PROVIDE (__cy_stack, (ORIGIN (ram) + 0x10000))
                0x20004000                PROVIDE (__cy_heap_end, (__cy_stack - 0x4000))

.cybootloader   0x00000000        0x0
 *(.cybootloader)
                0x00000000                appl1_start = CY_APPL_ORIGIN?CY_APPL_ORIGIN:ALIGN (CY_FLASH_ROW_SIZE)
                0x0001ff00                appl2_start = (appl1_start + ALIGN ((((0x40000 - appl1_start) - (0x2 * CY_FLASH_ROW_SIZE)) / 0x2), CY_FLASH_ROW_SIZE))
                0x00000000                appl_start = (CY_APPL_NUM == 0x1)?appl1_start:appl2_start
                0x00000000                ecc_offset = ((appl_start / CY_FLASH_ROW_SIZE) * CY_ECC_ROW_SIZE)
                0x00000000                ee_offset = (CY_APPL_LOADABLE && ! (CY_EE_IN_BTLDR))?((CY_EE_SIZE / CY_APPL_MAX) * (CY_APPL_NUM - 0x1)):0x0
                0x00000800                ee_size = (CY_APPL_LOADABLE && ! (CY_EE_IN_BTLDR))?(CY_EE_SIZE / CY_APPL_MAX):CY_EE_SIZE
                0x00000000                PROVIDE (CY_ECC_OFFSET, ecc_offset)

.text           0x00000000     0x1f72
 CREATE_OBJECT_SYMBOLS
                0x00000000                PROVIDE (__cy_interrupt_vector, RomVectors)
 *(.romvectors)
 .romvectors    0x00000000       0x10 .\CortexM3\ARM_GCC_493\Debug\Cm3Start.o
                0x00000000                RomVectors
                0x00000001                ASSERT ((. != __cy_interrupt_vector), No interrupt vector)
                0x00000001                ASSERT (CY_APPL_ORIGIN?(SIZEOF (.cybootloader) <= CY_APPL_ORIGIN):0x1, Wrong image location)
                0x00000010                PROVIDE (__cy_reset, Reset)
 *(.text.Reset)
 .text.Reset    0x00000010       0x18 .\CortexM3\ARM_GCC_493\Debug\Cm3Start.o
                0x00000010                Reset
                0x00000001                ASSERT ((. != __cy_reset), No reset code)
 *(.dma_init)
                0x00000001                ASSERT ((((appl_start + .) <= 0x10000) || 0x1), DMA Init must be within the first 64k of flash)
 *(.text .text.* .gnu.linkonce.t.*)
 .text          0x00000028       0x5c c:/program files (x86)/cypress/psoc creator/4.0/psoc creator/import/gnu/arm/4.9.3/bin/../lib/gcc/arm-none-eabi/4.9.3/armv7-m/crtbegin.o
 .text.InitializeHardware
                0x00000084       0x5c .\CortexM3\ARM_GCC_493\Debug\main.o
                0x00000084                InitializeHardware
 .text.main     0x000000e0       0xf4 .\CortexM3\ARM_GCC_493\Debug\main.o
                0x000000e0                main
 .text.StoreISR
                0x000001d4       0x24 .\CortexM3\ARM_GCC_493\Debug\main.o
                0x000001d4                StoreISR
 .text.PulseCapture
                0x000001f8       0x18 .\CortexM3\ARM_GCC_493\Debug\main.o
                0x000001f8                PulseCapture
 .text.IntDefaultHandler
                0x00000210        0x8 .\CortexM3\ARM_GCC_493\Debug\Cm3Start.o
                0x00000210                IntDefaultHandler
 .text.Start_c  0x00000218       0x98 .\CortexM3\ARM_GCC_493\Debug\Cm3Start.o
                0x00000218                Start_c
 .text.initialize_psoc
                0x000002b0       0x8c .\CortexM3\ARM_GCC_493\Debug\Cm3Start.o
                0x000002b0                initialize_psoc
 .text.CYMEMZERO
                0x0000033c       0x1c .\CortexM3\ARM_GCC_493\Debug\Combine.a(cyfitter_cfg.o)
 .text.CYCONFIGCPY
                0x00000358       0x1c .\CortexM3\ARM_GCC_493\Debug\Combine.a(cyfitter_cfg.o)
 .text.CyClockStartupError
                0x00000374        0xc .\CortexM3\ARM_GCC_493\Debug\Combine.a(cyfitter_cfg.o)
 .text.cfg_write_bytes32
                0x00000380       0x74 .\CortexM3\ARM_GCC_493\Debug\Combine.a(cyfitter_cfg.o)
 .text.ClockSetup
                0x000003f4      0x188 .\CortexM3\ARM_GCC_493\Debug\Combine.a(cyfitter_cfg.o)
 .text.AnalogSetDefault
                0x0000057c       0x9c .\CortexM3\ARM_GCC_493\Debug\Combine.a(cyfitter_cfg.o)
 .text.cyfitter_cfg
                0x00000618      0x17c .\CortexM3\ARM_GCC_493\Debug\Combine.a(cyfitter_cfg.o)
                0x00000618                cyfitter_cfg
 .text.CyHalt   0x00000794       0x18 .\CortexM3\ARM_GCC_493\Debug\Combine.a(CyLib.o)
                0x00000794                CyHalt
 .text.CyDelay  0x000007ac       0x44 .\CortexM3\ARM_GCC_493\Debug\Combine.a(CyLib.o)
                0x000007ac                CyDelay
 .text.CyDelayUs
                0x000007f0       0x24 .\CortexM3\ARM_GCC_493\Debug\Combine.a(CyLib.o)
                0x000007f0                CyDelayUs
 .text.shiftregReceiver_Start
                0x00000814       0x20 .\CortexM3\ARM_GCC_493\Debug\Combine.a(shiftregReceiver.o)
                0x00000814                shiftregReceiver_Start
 .text.shiftregReceiver_Enable
                0x00000834       0x20 .\CortexM3\ARM_GCC_493\Debug\Combine.a(shiftregReceiver.o)
                0x00000834                shiftregReceiver_Enable
 .text.shiftregReceiver_Init
                0x00000854        0xc .\CortexM3\ARM_GCC_493\Debug\Combine.a(shiftregReceiver.o)
                0x00000854                shiftregReceiver_Init
 .text.shiftregReceiver_EnableInt
                0x00000860       0x30 .\CortexM3\ARM_GCC_493\Debug\Combine.a(shiftregReceiver.o)
                0x00000860                shiftregReceiver_EnableInt
 .text.shiftregReceiver_GetFIFOStatus
                0x00000890       0x58 .\CortexM3\ARM_GCC_493\Debug\Combine.a(shiftregReceiver.o)
                0x00000890                shiftregReceiver_GetFIFOStatus
 .text.shiftregReceiver_SetIntMode
                0x000008e8       0x40 .\CortexM3\ARM_GCC_493\Debug\Combine.a(shiftregReceiver.o)
                0x000008e8                shiftregReceiver_SetIntMode
 .text.shiftregReceiver_WriteRegValue
                0x00000928       0x20 .\CortexM3\ARM_GCC_493\Debug\Combine.a(shiftregReceiver.o)
                0x00000928                shiftregReceiver_WriteRegValue
 .text.shiftregReceiver_ReadData
                0x00000948       0x18 .\CortexM3\ARM_GCC_493\Debug\Combine.a(shiftregReceiver.o)
                0x00000948                shiftregReceiver_ReadData
 .text.shiftregSender_Start
                0x00000960       0x20 .\CortexM3\ARM_GCC_493\Debug\Combine.a(shiftregSender.o)
                0x00000960                shiftregSender_Start
 .text.shiftregSender_Enable
                0x00000980       0x20 .\CortexM3\ARM_GCC_493\Debug\Combine.a(shiftregSender.o)
                0x00000980                shiftregSender_Enable
 .text.shiftregSender_Init
                0x000009a0        0xc .\CortexM3\ARM_GCC_493\Debug\Combine.a(shiftregSender.o)
                0x000009a0                shiftregSender_Init
 .text.shiftregSender_EnableInt
                0x000009ac       0x30 .\CortexM3\ARM_GCC_493\Debug\Combine.a(shiftregSender.o)
                0x000009ac                shiftregSender_EnableInt
 .text.shiftregSender_GetFIFOStatus
                0x000009dc       0x90 .\CortexM3\ARM_GCC_493\Debug\Combine.a(shiftregSender.o)
                0x000009dc                shiftregSender_GetFIFOStatus
 .text.shiftregSender_SetIntMode
                0x00000a6c       0x40 .\CortexM3\ARM_GCC_493\Debug\Combine.a(shiftregSender.o)
                0x00000a6c                shiftregSender_SetIntMode
 .text.shiftregSender_WriteData
                0x00000aac       0x34 .\CortexM3\ARM_GCC_493\Debug\Combine.a(shiftregSender.o)
                0x00000aac                shiftregSender_WriteData
 .text.clockShift_SetDividerRegister
                0x00000ae0      0x160 .\CortexM3\ARM_GCC_493\Debug\Combine.a(clockShift.o)
                0x00000ae0                clockShift_SetDividerRegister
 .text.clockShift_GetDividerRegister
                0x00000c40       0x18 .\CortexM3\ARM_GCC_493\Debug\Combine.a(clockShift.o)
                0x00000c40                clockShift_GetDividerRegister
 .text.clockShift_GetSourceRegister
                0x00000c58       0x20 .\CortexM3\ARM_GCC_493\Debug\Combine.a(clockShift.o)
                0x00000c58                clockShift_GetSourceRegister
 .text.counterShift_Init
                0x00000c78       0x98 .\CortexM3\ARM_GCC_493\Debug\Combine.a(counterShift.o)
                0x00000c78                counterShift_Init
 .text.counterShift_Enable
                0x00000d10       0x48 .\CortexM3\ARM_GCC_493\Debug\Combine.a(counterShift.o)
                0x00000d10                counterShift_Enable
 .text.counterShift_Start
                0x00000d58       0x20 .\CortexM3\ARM_GCC_493\Debug\Combine.a(counterShift.o)
                0x00000d58                counterShift_Start
 .text.counterShift_SetInterruptMode
                0x00000d78       0x20 .\CortexM3\ARM_GCC_493\Debug\Combine.a(counterShift.o)
                0x00000d78                counterShift_SetInterruptMode
 .text.counterShift_WriteCounter
                0x00000d98       0x54 .\CortexM3\ARM_GCC_493\Debug\Combine.a(counterShift.o)
                0x00000d98                counterShift_WriteCounter
 .text.counterShift_WritePeriod
                0x00000dec       0x20 .\CortexM3\ARM_GCC_493\Debug\Combine.a(counterShift.o)
                0x00000dec                counterShift_WritePeriod
 .text.isrStoreInt_StartEx
                0x00000e0c       0x24 .\CortexM3\ARM_GCC_493\Debug\Combine.a(isrStoreInt.o)
                0x00000e0c                isrStoreInt_StartEx
 .text.isrStoreInt_SetVector
                0x00000e30       0x24 .\CortexM3\ARM_GCC_493\Debug\Combine.a(isrStoreInt.o)
                0x00000e30                isrStoreInt_SetVector
 .text.isrStoreInt_SetPriority
                0x00000e54       0x24 .\CortexM3\ARM_GCC_493\Debug\Combine.a(isrStoreInt.o)
                0x00000e54                isrStoreInt_SetPriority
 .text.isrStoreInt_Enable
                0x00000e78       0x18 .\CortexM3\ARM_GCC_493\Debug\Combine.a(isrStoreInt.o)
                0x00000e78                isrStoreInt_Enable
 .text.isrStoreInt_Disable
                0x00000e90       0x18 .\CortexM3\ARM_GCC_493\Debug\Combine.a(isrStoreInt.o)
                0x00000e90                isrStoreInt_Disable
 .text.counterPolarC_Init
                0x00000ea8       0x80 .\CortexM3\ARM_GCC_493\Debug\Combine.a(counterPolarC.o)
                0x00000ea8                counterPolarC_Init
 .text.counterPolarC_Enable
                0x00000f28       0x20 .\CortexM3\ARM_GCC_493\Debug\Combine.a(counterPolarC.o)
                0x00000f28                counterPolarC_Enable
 .text.counterPolarC_Start
                0x00000f48       0x20 .\CortexM3\ARM_GCC_493\Debug\Combine.a(counterPolarC.o)
                0x00000f48                counterPolarC_Start
 .text.counterPolarC_SetInterruptMode
                0x00000f68       0x20 .\CortexM3\ARM_GCC_493\Debug\Combine.a(counterPolarC.o)
                0x00000f68                counterPolarC_SetInterruptMode
 .text.counterPolarC_ReadStatusRegister
                0x00000f88       0x18 .\CortexM3\ARM_GCC_493\Debug\Combine.a(counterPolarC.o)
                0x00000f88                counterPolarC_ReadStatusRegister
 .text.counterPolarC_WriteCounter
                0x00000fa0       0x20 .\CortexM3\ARM_GCC_493\Debug\Combine.a(counterPolarC.o)
                0x00000fa0                counterPolarC_WriteCounter
 .text.counterPolarC_ReadCapture
                0x00000fc0       0x18 .\CortexM3\ARM_GCC_493\Debug\Combine.a(counterPolarC.o)
                0x00000fc0                counterPolarC_ReadCapture
 .text.counterPolarC_WritePeriod
                0x00000fd8       0x20 .\CortexM3\ARM_GCC_493\Debug\Combine.a(counterPolarC.o)
                0x00000fd8                counterPolarC_WritePeriod
 .text.counterPolarC_WriteCompare
                0x00000ff8       0x20 .\CortexM3\ARM_GCC_493\Debug\Combine.a(counterPolarC.o)
                0x00000ff8                counterPolarC_WriteCompare
 .text.counterPolarC_ClearFIFO
                0x00001018       0x1c .\CortexM3\ARM_GCC_493\Debug\Combine.a(counterPolarC.o)
                0x00001018                counterPolarC_ClearFIFO
 .text.counterPolarS_Init
                0x00001034       0x84 .\CortexM3\ARM_GCC_493\Debug\Combine.a(counterPolarS.o)
                0x00001034                counterPolarS_Init
 .text.counterPolarS_Enable
                0x000010b8       0x20 .\CortexM3\ARM_GCC_493\Debug\Combine.a(counterPolarS.o)
                0x000010b8                counterPolarS_Enable
 .text.counterPolarS_Start
                0x000010d8       0x20 .\CortexM3\ARM_GCC_493\Debug\Combine.a(counterPolarS.o)
                0x000010d8                counterPolarS_Start
 .text.counterPolarS_SetInterruptMode
                0x000010f8       0x20 .\CortexM3\ARM_GCC_493\Debug\Combine.a(counterPolarS.o)
                0x000010f8                counterPolarS_SetInterruptMode
 .text.counterPolarS_ReadStatusRegister
                0x00001118       0x18 .\CortexM3\ARM_GCC_493\Debug\Combine.a(counterPolarS.o)
                0x00001118                counterPolarS_ReadStatusRegister
 .text.counterPolarS_WriteCounter
                0x00001130       0x20 .\CortexM3\ARM_GCC_493\Debug\Combine.a(counterPolarS.o)
                0x00001130                counterPolarS_WriteCounter
 .text.counterPolarS_ReadCapture
                0x00001150       0x18 .\CortexM3\ARM_GCC_493\Debug\Combine.a(counterPolarS.o)
                0x00001150                counterPolarS_ReadCapture
 .text.counterPolarS_WritePeriod
                0x00001168       0x20 .\CortexM3\ARM_GCC_493\Debug\Combine.a(counterPolarS.o)
                0x00001168                counterPolarS_WritePeriod
 .text.counterPolarS_WriteCompare
                0x00001188       0x20 .\CortexM3\ARM_GCC_493\Debug\Combine.a(counterPolarS.o)
                0x00001188                counterPolarS_WriteCompare
 .text.counterPolarS_ClearFIFO
                0x000011a8       0x1c .\CortexM3\ARM_GCC_493\Debug\Combine.a(counterPolarS.o)
                0x000011a8                counterPolarS_ClearFIFO
 .text.counterANTPlus_Init
                0x000011c4       0x80 .\CortexM3\ARM_GCC_493\Debug\Combine.a(counterANTPlus.o)
                0x000011c4                counterANTPlus_Init
 .text.counterANTPlus_Enable
                0x00001244       0x20 .\CortexM3\ARM_GCC_493\Debug\Combine.a(counterANTPlus.o)
                0x00001244                counterANTPlus_Enable
 .text.counterANTPlus_Start
                0x00001264       0x20 .\CortexM3\ARM_GCC_493\Debug\Combine.a(counterANTPlus.o)
                0x00001264                counterANTPlus_Start
 .text.counterANTPlus_SetInterruptMode
                0x00001284       0x20 .\CortexM3\ARM_GCC_493\Debug\Combine.a(counterANTPlus.o)
                0x00001284                counterANTPlus_SetInterruptMode
 .text.counterANTPlus_ReadStatusRegister
                0x000012a4       0x18 .\CortexM3\ARM_GCC_493\Debug\Combine.a(counterANTPlus.o)
                0x000012a4                counterANTPlus_ReadStatusRegister
 .text.counterANTPlus_WriteCounter
                0x000012bc       0x20 .\CortexM3\ARM_GCC_493\Debug\Combine.a(counterANTPlus.o)
                0x000012bc                counterANTPlus_WriteCounter
 .text.counterANTPlus_ReadCapture
                0x000012dc       0x18 .\CortexM3\ARM_GCC_493\Debug\Combine.a(counterANTPlus.o)
                0x000012dc                counterANTPlus_ReadCapture
 .text.counterANTPlus_WritePeriod
                0x000012f4       0x20 .\CortexM3\ARM_GCC_493\Debug\Combine.a(counterANTPlus.o)
                0x000012f4                counterANTPlus_WritePeriod
 .text.counterANTPlus_WriteCompare
                0x00001314       0x20 .\CortexM3\ARM_GCC_493\Debug\Combine.a(counterANTPlus.o)
                0x00001314                counterANTPlus_WriteCompare
 .text.counterANTPlus_ClearFIFO
                0x00001334       0x1c .\CortexM3\ARM_GCC_493\Debug\Combine.a(counterANTPlus.o)
                0x00001334                counterANTPlus_ClearFIFO
 .text.pinDMK_Read
                0x00001350       0x20 .\CortexM3\ARM_GCC_493\Debug\Combine.a(pinDMK.o)
                0x00001350                pinDMK_Read
 .text.pgaPolarC_Init
                0x00001370       0x3c .\CortexM3\ARM_GCC_493\Debug\Combine.a(pgaPolarC.o)
                0x00001370                pgaPolarC_Init
 .text.pgaPolarC_Enable
                0x000013ac       0x48 .\CortexM3\ARM_GCC_493\Debug\Combine.a(pgaPolarC.o)
                0x000013ac                pgaPolarC_Enable
 .text.pgaPolarC_Start
                0x000013f4       0x20 .\CortexM3\ARM_GCC_493\Debug\Combine.a(pgaPolarC.o)
                0x000013f4                pgaPolarC_Start
 .text.pgaPolarC_SetPower
                0x00001414       0x38 .\CortexM3\ARM_GCC_493\Debug\Combine.a(pgaPolarC.o)
                0x00001414                pgaPolarC_SetPower
 .text.pgaPolarC_SetGain
                0x0000144c       0xbc .\CortexM3\ARM_GCC_493\Debug\Combine.a(pgaPolarC.o)
                0x0000144c                pgaPolarC_SetGain
 .text.pgaPolarS_Init
                0x00001508       0x3c .\CortexM3\ARM_GCC_493\Debug\Combine.a(pgaPolarS.o)
                0x00001508                pgaPolarS_Init
 .text.pgaPolarS_Enable
                0x00001544       0x48 .\CortexM3\ARM_GCC_493\Debug\Combine.a(pgaPolarS.o)
                0x00001544                pgaPolarS_Enable
 .text.pgaPolarS_Start
                0x0000158c       0x20 .\CortexM3\ARM_GCC_493\Debug\Combine.a(pgaPolarS.o)
                0x0000158c                pgaPolarS_Start
 .text.pgaPolarS_SetPower
                0x000015ac       0x38 .\CortexM3\ARM_GCC_493\Debug\Combine.a(pgaPolarS.o)
                0x000015ac                pgaPolarS_SetPower
 .text.pgaPolarS_SetGain
                0x000015e4       0xbc .\CortexM3\ARM_GCC_493\Debug\Combine.a(pgaPolarS.o)
                0x000015e4                pgaPolarS_SetGain
 .text.pgaANTPlus_Init
                0x000016a0       0x3c .\CortexM3\ARM_GCC_493\Debug\Combine.a(pgaANTPlus.o)
                0x000016a0                pgaANTPlus_Init
 .text.pgaANTPlus_Enable
                0x000016dc       0x48 .\CortexM3\ARM_GCC_493\Debug\Combine.a(pgaANTPlus.o)
                0x000016dc                pgaANTPlus_Enable
 .text.pgaANTPlus_Start
                0x00001724       0x20 .\CortexM3\ARM_GCC_493\Debug\Combine.a(pgaANTPlus.o)
                0x00001724                pgaANTPlus_Start
 .text.pgaANTPlus_SetPower
                0x00001744       0x38 .\CortexM3\ARM_GCC_493\Debug\Combine.a(pgaANTPlus.o)
                0x00001744                pgaANTPlus_SetPower
 .text.pgaANTPlus_SetGain
                0x0000177c       0xbc .\CortexM3\ARM_GCC_493\Debug\Combine.a(pgaANTPlus.o)
                0x0000177c                pgaANTPlus_SetGain
 .text.statusButton_Read
                0x00001838       0x18 .\CortexM3\ARM_GCC_493\Debug\Combine.a(statusButton.o)
                0x00001838                statusButton_Read
 .text.lcdDisplay_Init
                0x00001850       0x6c .\CortexM3\ARM_GCC_493\Debug\Combine.a(lcdDisplay.o)
                0x00001850                lcdDisplay_Init
 .text.lcdDisplay_Enable
                0x000018bc       0x18 .\CortexM3\ARM_GCC_493\Debug\Combine.a(lcdDisplay.o)
                0x000018bc                lcdDisplay_Enable
 .text.lcdDisplay_Start
                0x000018d4       0x20 .\CortexM3\ARM_GCC_493\Debug\Combine.a(lcdDisplay.o)
                0x000018d4                lcdDisplay_Start
 .text.lcdDisplay_Position
                0x000018f4       0x6c .\CortexM3\ARM_GCC_493\Debug\Combine.a(lcdDisplay.o)
                0x000018f4                lcdDisplay_Position
 .text.lcdDisplay_PrintString
                0x00001960       0x38 .\CortexM3\ARM_GCC_493\Debug\Combine.a(lcdDisplay.o)
                0x00001960                lcdDisplay_PrintString
 .text.lcdDisplay_PutChar
                0x00001998       0x18 .\CortexM3\ARM_GCC_493\Debug\Combine.a(lcdDisplay.o)
                0x00001998                lcdDisplay_PutChar
 .text.lcdDisplay_WriteData
                0x000019b0       0x34 .\CortexM3\ARM_GCC_493\Debug\Combine.a(lcdDisplay.o)
                0x000019b0                lcdDisplay_WriteData
 .text.lcdDisplay_WriteControl
                0x000019e4       0x34 .\CortexM3\ARM_GCC_493\Debug\Combine.a(lcdDisplay.o)
                0x000019e4                lcdDisplay_WriteControl
 .text.lcdDisplay_IsReady
                0x00001a18      0x178 .\CortexM3\ARM_GCC_493\Debug\Combine.a(lcdDisplay.o)
                0x00001a18                lcdDisplay_IsReady
 .text.lcdDisplay_WrDatNib
                0x00001b90       0x78 .\CortexM3\ARM_GCC_493\Debug\Combine.a(lcdDisplay.o)
 .text.lcdDisplay_WrCntrlNib
                0x00001c08       0x60 .\CortexM3\ARM_GCC_493\Debug\Combine.a(lcdDisplay.o)
 .text.lcdDisplay_PrintInt8
                0x00001c68       0x38 .\CortexM3\ARM_GCC_493\Debug\Combine.a(lcdDisplay.o)
                0x00001c68                lcdDisplay_PrintInt8
 .text.PWMPulseCapture_Start
                0x00001ca0       0x20 .\CortexM3\ARM_GCC_493\Debug\Combine.a(PWMPulseCapture.o)
                0x00001ca0                PWMPulseCapture_Start
 .text.PWMPulseCapture_Init
                0x00001cc0       0x94 .\CortexM3\ARM_GCC_493\Debug\Combine.a(PWMPulseCapture.o)
                0x00001cc0                PWMPulseCapture_Init
 .text.PWMPulseCapture_Enable
                0x00001d54       0x20 .\CortexM3\ARM_GCC_493\Debug\Combine.a(PWMPulseCapture.o)
                0x00001d54                PWMPulseCapture_Enable
 .text.PWMPulseCapture_WriteCounter
                0x00001d74       0x20 .\CortexM3\ARM_GCC_493\Debug\Combine.a(PWMPulseCapture.o)
                0x00001d74                PWMPulseCapture_WriteCounter
 .text.PWMPulseCapture_ClearFIFO
                0x00001d94       0x1c .\CortexM3\ARM_GCC_493\Debug\Combine.a(PWMPulseCapture.o)
                0x00001d94                PWMPulseCapture_ClearFIFO
 .text.PWMPulseCapture_WritePeriod
                0x00001db0       0x20 .\CortexM3\ARM_GCC_493\Debug\Combine.a(PWMPulseCapture.o)
                0x00001db0                PWMPulseCapture_WritePeriod
 .text.PWMPulseCapture_WriteCompare
                0x00001dd0       0x20 .\CortexM3\ARM_GCC_493\Debug\Combine.a(PWMPulseCapture.o)
                0x00001dd0                PWMPulseCapture_WriteCompare
 .text.PWMPulseCapture_SetInterruptMode
                0x00001df0       0x20 .\CortexM3\ARM_GCC_493\Debug\Combine.a(PWMPulseCapture.o)
                0x00001df0                PWMPulseCapture_SetInterruptMode
 .text.PWMPulseCapture_ReadStatusRegister
                0x00001e10       0x18 .\CortexM3\ARM_GCC_493\Debug\Combine.a(PWMPulseCapture.o)
                0x00001e10                PWMPulseCapture_ReadStatusRegister
 .text.PWMPulseCapture_ReadCapture
                0x00001e28       0x18 .\CortexM3\ARM_GCC_493\Debug\Combine.a(PWMPulseCapture.o)
                0x00001e28                PWMPulseCapture_ReadCapture
 .text.isrPulseCapture_StartEx
                0x00001e40       0x24 .\CortexM3\ARM_GCC_493\Debug\Combine.a(isrPulseCapture.o)
                0x00001e40                isrPulseCapture_StartEx
 .text.isrPulseCapture_SetVector
                0x00001e64       0x24 .\CortexM3\ARM_GCC_493\Debug\Combine.a(isrPulseCapture.o)
                0x00001e64                isrPulseCapture_SetVector
 .text.isrPulseCapture_SetPriority
                0x00001e88       0x24 .\CortexM3\ARM_GCC_493\Debug\Combine.a(isrPulseCapture.o)
                0x00001e88                isrPulseCapture_SetPriority
 .text.isrPulseCapture_Enable
                0x00001eac       0x18 .\CortexM3\ARM_GCC_493\Debug\Combine.a(isrPulseCapture.o)
                0x00001eac                isrPulseCapture_Enable
 .text.isrPulseCapture_Disable
                0x00001ec4       0x18 .\CortexM3\ARM_GCC_493\Debug\Combine.a(isrPulseCapture.o)
                0x00001ec4                isrPulseCapture_Disable
 *fill*         0x00001edc        0x4 
 .text          0x00001ee0       0x20 .\CortexM3\ARM_GCC_493\Debug\Combine.a(CyBootAsmGnu.o)
                0x00001ee0                CyDelayCycles
                0x00001ef0                CyEnterCriticalSection
                0x00001ef8                CyExitCriticalSection
 .text.__libc_init_array
                0x00001f00       0x4c c:/program files (x86)/cypress/psoc creator/4.0/psoc creator/import/gnu/arm/4.9.3/bin/../lib/gcc/arm-none-eabi/4.9.3/../../../../arm-none-eabi/lib/armv7-m\libg_nano.a(lib_a-init.o)
                0x00001f00                __libc_init_array
 .text.memcpy   0x00001f4c       0x16 c:/program files (x86)/cypress/psoc creator/4.0/psoc creator/import/gnu/arm/4.9.3/bin/../lib/gcc/arm-none-eabi/4.9.3/../../../../arm-none-eabi/lib/armv7-m\libg_nano.a(lib_a-memcpy.o)
                0x00001f4c                memcpy
 .text.memset   0x00001f62       0x10 c:/program files (x86)/cypress/psoc creator/4.0/psoc creator/import/gnu/arm/4.9.3/bin/../lib/gcc/arm-none-eabi/4.9.3/../../../../arm-none-eabi/lib/armv7-m\libg_nano.a(lib_a-memset.o)
                0x00001f62                memset
 *(.plt)
 *(.gnu.warning)
 *(.glue_7t)
 .glue_7t       0x00000000        0x0 linker stubs
 *(.glue_7)
 .glue_7        0x00000000        0x0 linker stubs
 *(.vfp11_veneer)
 .vfp11_veneer  0x00000000        0x0 linker stubs
 *(.bootloader)
 *(.ARM.extab* .gnu.linkonce.armextab.*)
 *(.gcc_except_table)

.v4_bx          0x00001f74        0x0
 .v4_bx         0x00000000        0x0 linker stubs

.iplt           0x00001f74        0x0
 .iplt          0x00000000        0x0 c:/program files (x86)/cypress/psoc creator/4.0/psoc creator/import/gnu/arm/4.9.3/bin/../lib/gcc/arm-none-eabi/4.9.3/armv7-m/crtbegin.o

.eh_frame_hdr
 *(.eh_frame_hdr)

.eh_frame       0x00001f74        0x4
 *(.eh_frame)
 .eh_frame      0x00001f74        0x0 c:/program files (x86)/cypress/psoc creator/4.0/psoc creator/import/gnu/arm/4.9.3/bin/../lib/gcc/arm-none-eabi/4.9.3/armv7-m/crtbegin.o
 .eh_frame      0x00001f74        0x4 c:/program files (x86)/cypress/psoc creator/4.0/psoc creator/import/gnu/arm/4.9.3/bin/../lib/gcc/arm-none-eabi/4.9.3/armv7-m/crtend.o
                0x00001f78                PROVIDE (__exidx_start, .)

.ARM.exidx
 *(.ARM.exidx* .gnu.linkonce.armexidx.*)
                0x00001f78                __exidx_end = .

.rodata         0x00001f78       0xf0
 *(.rodata .rodata.* .gnu.linkonce.r.*)
 .rodata        0x00001f78       0x34 .\CortexM3\ARM_GCC_493\Debug\main.o
 .rodata        0x00001fac       0x30 .\CortexM3\ARM_GCC_493\Debug\Combine.a(cyfitter_cfg.o)
 .rodata        0x00001fdc       0x18 .\CortexM3\ARM_GCC_493\Debug\Combine.a(pgaPolarC.o)
 .rodata        0x00001ff4       0x18 .\CortexM3\ARM_GCC_493\Debug\Combine.a(pgaPolarS.o)
 .rodata        0x0000200c       0x18 .\CortexM3\ARM_GCC_493\Debug\Combine.a(pgaANTPlus.o)
 .rodata        0x00002024       0x10 .\CortexM3\ARM_GCC_493\Debug\Combine.a(lcdDisplay.o)
                0x00002034                . = ALIGN (0x4)
 *(.init)
 .init          0x00002034        0x4 c:/program files (x86)/cypress/psoc creator/4.0/psoc creator/import/gnu/arm/4.9.3/bin/../lib/gcc/arm-none-eabi/4.9.3/armv7-m/crti.o
                0x00002034                _init
 .init          0x00002038        0x8 c:/program files (x86)/cypress/psoc creator/4.0/psoc creator/import/gnu/arm/4.9.3/bin/../lib/gcc/arm-none-eabi/4.9.3/armv7-m/crtn.o
                0x00002040                . = ALIGN (0x4)
                0x00002040                __preinit_array_start = .
 *(.preinit_array)
                0x00002040                __preinit_array_end = .
                0x00002040                . = ALIGN (0x4)
                0x00002040                __init_array_start = .
 *(SORT(.init_array.*))
 *(.init_array)
 .init_array    0x00002040        0x4 c:/program files (x86)/cypress/psoc creator/4.0/psoc creator/import/gnu/arm/4.9.3/bin/../lib/gcc/arm-none-eabi/4.9.3/armv7-m/crtbegin.o
 .init_array    0x00002044        0x4 .\CortexM3\ARM_GCC_493\Debug\Cm3Start.o
                0x00002048                __init_array_end = .
                0x00002048                . = ALIGN (0x4)
 *(.fini)
 .fini          0x00002048        0x4 c:/program files (x86)/cypress/psoc creator/4.0/psoc creator/import/gnu/arm/4.9.3/bin/../lib/gcc/arm-none-eabi/4.9.3/armv7-m/crti.o
                0x00002048                _fini
 .fini          0x0000204c        0x8 c:/program files (x86)/cypress/psoc creator/4.0/psoc creator/import/gnu/arm/4.9.3/bin/../lib/gcc/arm-none-eabi/4.9.3/armv7-m/crtn.o
                0x00002054                . = ALIGN (0x4)
                0x00002054                __fini_array_start = .
 *(.fini_array)
 .fini_array    0x00002054        0x4 c:/program files (x86)/cypress/psoc creator/4.0/psoc creator/import/gnu/arm/4.9.3/bin/../lib/gcc/arm-none-eabi/4.9.3/armv7-m/crtbegin.o
 *(SORT(.fini_array.*))
                0x00002058                __fini_array_end = .
                0x00002058                . = ALIGN (0x4)
 *crtbegin.o(.ctors)
 *(EXCLUDE_FILE(*crtend.o) .ctors)
 *(SORT(.ctors.*))
 *crtend.o(.ctors)
                0x00002058                . = ALIGN (0x4)
 *crtbegin.o(.dtors)
 *(EXCLUDE_FILE(*crtend.o) .dtors)
 *(SORT(.dtors.*))
 *crtend.o(.dtors)
                0x00002058                . = ALIGN (0x4)
                0x00002058                __cy_regions = .
                0x00002058        0x4 LONG 0x2068 __cy_region_init_ram
                0x0000205c        0x4 LONG 0x1fff8108 __cy_region_start_data
                0x00002060        0x4 LONG 0x18 __cy_region_init_size_ram
                0x00002064        0x4 LONG 0x138 __cy_region_zero_size_ram
                0x00002068                __cy_regions_end = .
                0x00002068                . = ALIGN (0x8)
                0x00002068                _etext = .

.cy_checksum_exclude
                0x00002068        0x0
 *(.cy_checksum_exclude)

.ramvectors     0x1fff8000      0x100
                0x1fff8000                __cy_region_start_ram = .
 *(.ramvectors)
 .ramvectors    0x1fff8000      0x100 .\CortexM3\ARM_GCC_493\Debug\Cm3Start.o
                0x1fff8000                CyRamVectors

.noinit         0x1fff8100        0x5
 *(.noinit)
 .noinit        0x1fff8100        0x4 .\CortexM3\ARM_GCC_493\Debug\Cm3Start.o
 .noinit        0x1fff8104        0x1 .\CortexM3\ARM_GCC_493\Debug\Combine.a(CyLib.o)
                0x1fff8104                CyResetStatus

.data           0x1fff8108       0x18 load address 0x00002068
                0x1fff8108                __cy_region_start_data = .
 *(.jcr)
 .jcr           0x1fff8108        0x0 c:/program files (x86)/cypress/psoc creator/4.0/psoc creator/import/gnu/arm/4.9.3/bin/../lib/gcc/arm-none-eabi/4.9.3/armv7-m/crtbegin.o
 .jcr           0x1fff8108        0x4 c:/program files (x86)/cypress/psoc creator/4.0/psoc creator/import/gnu/arm/4.9.3/bin/../lib/gcc/arm-none-eabi/4.9.3/armv7-m/crtend.o
 *(.got.plt)
 *(.got)
 *(.shdata)
 *(.data .data.* .gnu.linkonce.d.*)
 .data          0x1fff810c       0x10 .\CortexM3\ARM_GCC_493\Debug\Combine.a(CyLib.o)
                0x1fff810c                cydelay_freq_hz
                0x1fff8110                cydelay_freq_khz
                0x1fff8114                cydelay_freq_mhz
                0x1fff8118                cydelay_32k_ms
                0x1fff8120                . = ALIGN (0x8)
 *fill*         0x1fff811c        0x4 
 *(.ram)
                0x1fff8120                _edata = .

.igot.plt       0x1fff8120        0x0 load address 0x00002080
 .igot.plt      0x00000000        0x0 c:/program files (x86)/cypress/psoc creator/4.0/psoc creator/import/gnu/arm/4.9.3/bin/../lib/gcc/arm-none-eabi/4.9.3/armv7-m/crtbegin.o

.bss            0x1fff8120      0x138 load address 0x00002080
                0x1fff8120                PROVIDE (__bss_start__, .)
 *(.shbss)
 *(.bss .bss.* .gnu.linkonce.b.*)
 .bss           0x1fff8120       0x1c c:/program files (x86)/cypress/psoc creator/4.0/psoc creator/import/gnu/arm/4.9.3/bin/../lib/gcc/arm-none-eabi/4.9.3/armv7-m/crtbegin.o
 .bss           0x1fff813c        0x1 .\CortexM3\ARM_GCC_493\Debug\Combine.a(shiftregReceiver.o)
                0x1fff813c                shiftregReceiver_initVar
 .bss           0x1fff813d        0x1 .\CortexM3\ARM_GCC_493\Debug\Combine.a(shiftregSender.o)
                0x1fff813d                shiftregSender_initVar
 .bss           0x1fff813e        0x1 .\CortexM3\ARM_GCC_493\Debug\Combine.a(counterShift.o)
                0x1fff813e                counterShift_initVar
 .bss           0x1fff813f        0x1 .\CortexM3\ARM_GCC_493\Debug\Combine.a(counterPolarC.o)
                0x1fff813f                counterPolarC_initVar
 .bss           0x1fff8140        0x1 .\CortexM3\ARM_GCC_493\Debug\Combine.a(counterPolarS.o)
                0x1fff8140                counterPolarS_initVar
 .bss           0x1fff8141        0x1 .\CortexM3\ARM_GCC_493\Debug\Combine.a(counterANTPlus.o)
                0x1fff8141                counterANTPlus_initVar
 .bss           0x1fff8142        0x1 .\CortexM3\ARM_GCC_493\Debug\Combine.a(pgaPolarC.o)
                0x1fff8142                pgaPolarC_initVar
 .bss           0x1fff8143        0x1 .\CortexM3\ARM_GCC_493\Debug\Combine.a(pgaPolarS.o)
                0x1fff8143                pgaPolarS_initVar
 .bss           0x1fff8144        0x1 .\CortexM3\ARM_GCC_493\Debug\Combine.a(pgaANTPlus.o)
                0x1fff8144                pgaANTPlus_initVar
 .bss           0x1fff8145        0x2 .\CortexM3\ARM_GCC_493\Debug\Combine.a(lcdDisplay.o)
                0x1fff8145                lcdDisplay_enableState
                0x1fff8146                lcdDisplay_initVar
 .bss           0x1fff8147        0x1 .\CortexM3\ARM_GCC_493\Debug\Combine.a(PWMPulseCapture.o)
                0x1fff8147                PWMPulseCapture_initVar
 *(COMMON)
 COMMON         0x1fff8148      0x10d .\CortexM3\ARM_GCC_493\Debug\main.o
                0x1fff8148                Polar_C_Pulse_Count
                0x1fff8149                statusButtonRead
                0x1fff814a                Polar_S_Pulse_Count
                0x1fff814c                pinDMK
                0x1fff8150                ShiftData
                0x1fff8250                CaptureFlag
                0x1fff8254                ANTplus_Pulse_Count
                0x1fff8258                . = ALIGN (0x8)
 *fill*         0x1fff8255        0x3 
 *(.ram.b)
                0x1fff8258                _end = .
                0x1fff8258                __end = .
                0x1fff8258                PROVIDE (end, .)
                0x1fff8258                PROVIDE (__bss_end__, .)
                0x00002068                __cy_region_init_ram = LOADADDR (.data)
                0x00000018                __cy_region_init_size_ram = (_edata - ADDR (.data))
                0x00000138                __cy_region_zero_size_ram = (_end - _edata)

.heap           0x1fff8258     0x1000 load address 0x00002080
                0x1fff8258                . = _end
                0x1fff9258                . = (. + 0x1000)
 *fill*         0x1fff8258     0x1000 
                0x1fff9258                __cy_heap_limit = .

.stack          0x20004000     0x4000
                0x20004000                __cy_stack_limit = .
                0x20008000                . = (. + 0x4000)
 *fill*         0x20004000     0x4000 
                0x00000001                ASSERT ((__cy_stack_limit >= __cy_heap_limit), region RAM overflowed with stack)
                0x00000000                cy_checksum_exclude_size = (CY_APPL_LOADABLE == 0x1)?SIZEOF (.cy_checksum_exclude):0x0
                0x00000001                ASSERT ((cy_checksum_exclude_size <= CY_CHECKSUM_EXCLUDE_SIZE), CY_BOOT: Section .cy_checksum_exclude size exceedes specified limit.)

.cyloadermeta
 *(.cyloadermeta)

.cyloadablemeta
 *(.cyloadablemeta)

.cyconfigecc    0x80000000      0x67c
 *(.cyconfigecc)
 .cyconfigecc   0x80000000      0x67c .\CortexM3\ARM_GCC_493\Debug\cymetadata.o
                0x80000000                cy_meta_configecc

.cycustnvl      0x90000000        0x4
 *(.cycustnvl)
 .cycustnvl     0x90000000        0x4 .\CortexM3\ARM_GCC_493\Debug\cymetadata.o
                0x90000000                cy_meta_custnvl

.cywolatch      0x90100000        0x4
 *(.cywolatch)
 .cywolatch     0x90100000        0x4 .\CortexM3\ARM_GCC_493\Debug\cymetadata.o
                0x90100000                cy_meta_wonvl

.cyeeprom       0x90200000        0x0
 *(.cyeeprom)
                0x00000001                ASSERT ((. <= ((0x90200000 + ee_offset) + ee_size)), .cyeeprom data will not fit in EEPROM)

.cyflashprotect
                0x90400000      0x100
 *(.cyflashprotect)
 .cyflashprotect
                0x90400000      0x100 .\CortexM3\ARM_GCC_493\Debug\cymetadata.o
                0x90400000                cy_meta_flashprotect

.cymeta         0x90500000        0xc
 *(.cymeta)
 .cymeta        0x90500000        0xc .\CortexM3\ARM_GCC_493\Debug\cymetadata.o
                0x90500000                cy_metadata

.rel.dyn        0x00002080        0x0 load address 0x9050000c
 .rel.iplt      0x00000000        0x0 c:/program files (x86)/cypress/psoc creator/4.0/psoc creator/import/gnu/arm/4.9.3/bin/../lib/gcc/arm-none-eabi/4.9.3/armv7-m/crtbegin.o

.stab
 *(.stab)

.stabstr
 *(.stabstr)

.debug
 *(.debug)

.line
 *(.line)

.debug_srcinfo
 *(.debug_srcinfo)

.debug_sfnames
 *(.debug_sfnames)

.debug_aranges  0x00000000      0xc68
 *(.debug_aranges)
 .debug_aranges
                0x00000000       0x38 .\CortexM3\ARM_GCC_493\Debug\main.o
 .debug_aranges
                0x00000038       0x48 .\CortexM3\ARM_GCC_493\Debug\Cm3Start.o
 .debug_aranges
                0x00000080       0x18 .\CortexM3\ARM_GCC_493\Debug\cymetadata.o
 .debug_aranges
                0x00000098       0x60 .\CortexM3\ARM_GCC_493\Debug\Combine.a(cyfitter_cfg.o)
 .debug_aranges
                0x000000f8      0x298 .\CortexM3\ARM_GCC_493\Debug\Combine.a(CyLib.o)
 .debug_aranges
                0x00000390       0x98 .\CortexM3\ARM_GCC_493\Debug\Combine.a(cyPm.o)
 .debug_aranges
                0x00000428       0x78 .\CortexM3\ARM_GCC_493\Debug\Combine.a(shiftregReceiver.o)
 .debug_aranges
                0x000004a0       0x78 .\CortexM3\ARM_GCC_493\Debug\Combine.a(shiftregSender.o)
 .debug_aranges
                0x00000518       0x70 .\CortexM3\ARM_GCC_493\Debug\Combine.a(clockShift.o)
 .debug_aranges
                0x00000588       0x80 .\CortexM3\ARM_GCC_493\Debug\Combine.a(counterShift.o)
 .debug_aranges
                0x00000608       0x80 .\CortexM3\ARM_GCC_493\Debug\Combine.a(isrStoreInt.o)
 .debug_aranges
                0x00000688       0x98 .\CortexM3\ARM_GCC_493\Debug\Combine.a(counterPolarC.o)
 .debug_aranges
                0x00000720       0x98 .\CortexM3\ARM_GCC_493\Debug\Combine.a(counterPolarS.o)
 .debug_aranges
                0x000007b8       0x98 .\CortexM3\ARM_GCC_493\Debug\Combine.a(counterANTPlus.o)
 .debug_aranges
                0x00000850       0x38 .\CortexM3\ARM_GCC_493\Debug\Combine.a(pinDMK.o)
 .debug_aranges
                0x00000888       0x48 .\CortexM3\ARM_GCC_493\Debug\Combine.a(pgaPolarC.o)
 .debug_aranges
                0x000008d0       0x48 .\CortexM3\ARM_GCC_493\Debug\Combine.a(pgaPolarS.o)
 .debug_aranges
                0x00000918       0x48 .\CortexM3\ARM_GCC_493\Debug\Combine.a(pgaANTPlus.o)
 .debug_aranges
                0x00000960       0x40 .\CortexM3\ARM_GCC_493\Debug\Combine.a(statusButton.o)
 .debug_aranges
                0x000009a0       0x98 .\CortexM3\ARM_GCC_493\Debug\Combine.a(lcdDisplay.o)
 .debug_aranges
                0x00000a38       0x98 .\CortexM3\ARM_GCC_493\Debug\Combine.a(PWMPulseCapture.o)
 .debug_aranges
                0x00000ad0       0x80 .\CortexM3\ARM_GCC_493\Debug\Combine.a(isrPulseCapture.o)
 .debug_aranges
                0x00000b50       0x20 .\CortexM3\ARM_GCC_493\Debug\Combine.a(CyBootAsmGnu.o)
 .debug_aranges
                0x00000b70       0x80 .\CortexM3\ARM_GCC_493\Debug\Combine.a(CyFlash.o)
 .debug_aranges
                0x00000bf0       0x78 .\CortexM3\ARM_GCC_493\Debug\Combine.a(CySpc.o)

.debug_pubnames
 *(.debug_pubnames)

.debug_info     0x00000000     0x4777
 *(.debug_info .gnu.linkonce.wi.*)
 .debug_info    0x00000000      0x1b0 .\CortexM3\ARM_GCC_493\Debug\main.o
 .debug_info    0x000001b0      0x313 .\CortexM3\ARM_GCC_493\Debug\Cm3Start.o
 .debug_info    0x000004c3      0x13e .\CortexM3\ARM_GCC_493\Debug\cymetadata.o
 .debug_info    0x00000601      0x3a1 .\CortexM3\ARM_GCC_493\Debug\Combine.a(cyfitter_cfg.o)
 .debug_info    0x000009a2      0xe34 .\CortexM3\ARM_GCC_493\Debug\Combine.a(CyLib.o)
 .debug_info    0x000017d6      0x561 .\CortexM3\ARM_GCC_493\Debug\Combine.a(cyPm.o)
 .debug_info    0x00001d37      0x21a .\CortexM3\ARM_GCC_493\Debug\Combine.a(shiftregReceiver.o)
 .debug_info    0x00001f51      0x249 .\CortexM3\ARM_GCC_493\Debug\Combine.a(shiftregSender.o)
 .debug_info    0x0000219a      0x25d .\CortexM3\ARM_GCC_493\Debug\Combine.a(clockShift.o)
 .debug_info    0x000023f7      0x21b .\CortexM3\ARM_GCC_493\Debug\Combine.a(counterShift.o)
 .debug_info    0x00002612      0x23a .\CortexM3\ARM_GCC_493\Debug\Combine.a(isrStoreInt.o)
 .debug_info    0x0000284c      0x26d .\CortexM3\ARM_GCC_493\Debug\Combine.a(counterPolarC.o)
 .debug_info    0x00002ab9      0x26d .\CortexM3\ARM_GCC_493\Debug\Combine.a(counterPolarS.o)
 .debug_info    0x00002d26      0x26d .\CortexM3\ARM_GCC_493\Debug\Combine.a(counterANTPlus.o)
 .debug_info    0x00002f93      0x11e .\CortexM3\ARM_GCC_493\Debug\Combine.a(pinDMK.o)
 .debug_info    0x000030b1      0x186 .\CortexM3\ARM_GCC_493\Debug\Combine.a(pgaPolarC.o)
 .debug_info    0x00003237      0x186 .\CortexM3\ARM_GCC_493\Debug\Combine.a(pgaPolarS.o)
 .debug_info    0x000033bd      0x186 .\CortexM3\ARM_GCC_493\Debug\Combine.a(pgaANTPlus.o)
 .debug_info    0x00003543      0x13b .\CortexM3\ARM_GCC_493\Debug\Combine.a(statusButton.o)
 .debug_info    0x0000367e      0x3c8 .\CortexM3\ARM_GCC_493\Debug\Combine.a(lcdDisplay.o)
 .debug_info    0x00003a46      0x2a0 .\CortexM3\ARM_GCC_493\Debug\Combine.a(PWMPulseCapture.o)
 .debug_info    0x00003ce6      0x23a .\CortexM3\ARM_GCC_493\Debug\Combine.a(isrPulseCapture.o)
 .debug_info    0x00003f20       0x9a .\CortexM3\ARM_GCC_493\Debug\Combine.a(CyBootAsmGnu.o)
 .debug_info    0x00003fba      0x36a .\CortexM3\ARM_GCC_493\Debug\Combine.a(CyFlash.o)
 .debug_info    0x00004324      0x453 .\CortexM3\ARM_GCC_493\Debug\Combine.a(CySpc.o)

.debug_abbrev   0x00000000     0x1bb3
 *(.debug_abbrev)
 .debug_abbrev  0x00000000       0xf0 .\CortexM3\ARM_GCC_493\Debug\main.o
 .debug_abbrev  0x000000f0      0x1a7 .\CortexM3\ARM_GCC_493\Debug\Cm3Start.o
 .debug_abbrev  0x00000297       0x77 .\CortexM3\ARM_GCC_493\Debug\cymetadata.o
 .debug_abbrev  0x0000030e      0x19d .\CortexM3\ARM_GCC_493\Debug\Combine.a(cyfitter_cfg.o)
 .debug_abbrev  0x000004ab      0x217 .\CortexM3\ARM_GCC_493\Debug\Combine.a(CyLib.o)
 .debug_abbrev  0x000006c2      0x161 .\CortexM3\ARM_GCC_493\Debug\Combine.a(cyPm.o)
 .debug_abbrev  0x00000823      0x129 .\CortexM3\ARM_GCC_493\Debug\Combine.a(shiftregReceiver.o)
 .debug_abbrev  0x0000094c      0x129 .\CortexM3\ARM_GCC_493\Debug\Combine.a(shiftregSender.o)
 .debug_abbrev  0x00000a75      0x11d .\CortexM3\ARM_GCC_493\Debug\Combine.a(clockShift.o)
 .debug_abbrev  0x00000b92      0x105 .\CortexM3\ARM_GCC_493\Debug\Combine.a(counterShift.o)
 .debug_abbrev  0x00000c97      0x172 .\CortexM3\ARM_GCC_493\Debug\Combine.a(isrStoreInt.o)
 .debug_abbrev  0x00000e09      0x12c .\CortexM3\ARM_GCC_493\Debug\Combine.a(counterPolarC.o)
 .debug_abbrev  0x00000f35      0x12c .\CortexM3\ARM_GCC_493\Debug\Combine.a(counterPolarS.o)
 .debug_abbrev  0x00001061      0x12c .\CortexM3\ARM_GCC_493\Debug\Combine.a(counterANTPlus.o)
 .debug_abbrev  0x0000118d       0x90 .\CortexM3\ARM_GCC_493\Debug\Combine.a(pinDMK.o)
 .debug_abbrev  0x0000121d       0xd0 .\CortexM3\ARM_GCC_493\Debug\Combine.a(pgaPolarC.o)
 .debug_abbrev  0x000012ed       0xd0 .\CortexM3\ARM_GCC_493\Debug\Combine.a(pgaPolarS.o)
 .debug_abbrev  0x000013bd       0xd0 .\CortexM3\ARM_GCC_493\Debug\Combine.a(pgaANTPlus.o)
 .debug_abbrev  0x0000148d       0xaa .\CortexM3\ARM_GCC_493\Debug\Combine.a(statusButton.o)
 .debug_abbrev  0x00001537      0x120 .\CortexM3\ARM_GCC_493\Debug\Combine.a(lcdDisplay.o)
 .debug_abbrev  0x00001657      0x12e .\CortexM3\ARM_GCC_493\Debug\Combine.a(PWMPulseCapture.o)
 .debug_abbrev  0x00001785      0x172 .\CortexM3\ARM_GCC_493\Debug\Combine.a(isrPulseCapture.o)
 .debug_abbrev  0x000018f7       0x14 .\CortexM3\ARM_GCC_493\Debug\Combine.a(CyBootAsmGnu.o)
 .debug_abbrev  0x0000190b      0x13c .\CortexM3\ARM_GCC_493\Debug\Combine.a(CyFlash.o)
 .debug_abbrev  0x00001a47      0x16c .\CortexM3\ARM_GCC_493\Debug\Combine.a(CySpc.o)

.debug_line     0x00000000     0x2ab9
 *(.debug_line)
 .debug_line    0x00000000      0x1c3 .\CortexM3\ARM_GCC_493\Debug\main.o
 .debug_line    0x000001c3      0x1d4 .\CortexM3\ARM_GCC_493\Debug\Cm3Start.o
 .debug_line    0x00000397       0x51 .\CortexM3\ARM_GCC_493\Debug\cymetadata.o
 .debug_line    0x000003e8      0x21d .\CortexM3\ARM_GCC_493\Debug\Combine.a(cyfitter_cfg.o)
 .debug_line    0x00000605      0x870 .\CortexM3\ARM_GCC_493\Debug\Combine.a(CyLib.o)
 .debug_line    0x00000e75      0x37f .\CortexM3\ARM_GCC_493\Debug\Combine.a(cyPm.o)
 .debug_line    0x000011f4      0x14a .\CortexM3\ARM_GCC_493\Debug\Combine.a(shiftregReceiver.o)
 .debug_line    0x0000133e      0x154 .\CortexM3\ARM_GCC_493\Debug\Combine.a(shiftregSender.o)
 .debug_line    0x00001492      0x1a5 .\CortexM3\ARM_GCC_493\Debug\Combine.a(clockShift.o)
 .debug_line    0x00001637      0x15f .\CortexM3\ARM_GCC_493\Debug\Combine.a(counterShift.o)
 .debug_line    0x00001796      0x156 .\CortexM3\ARM_GCC_493\Debug\Combine.a(isrStoreInt.o)
 .debug_line    0x000018ec      0x18d .\CortexM3\ARM_GCC_493\Debug\Combine.a(counterPolarC.o)
 .debug_line    0x00001a79      0x18d .\CortexM3\ARM_GCC_493\Debug\Combine.a(counterPolarS.o)
 .debug_line    0x00001c06      0x18e .\CortexM3\ARM_GCC_493\Debug\Combine.a(counterANTPlus.o)
 .debug_line    0x00001d94       0x95 .\CortexM3\ARM_GCC_493\Debug\Combine.a(pinDMK.o)
 .debug_line    0x00001e29       0xd9 .\CortexM3\ARM_GCC_493\Debug\Combine.a(pgaPolarC.o)
 .debug_line    0x00001f02       0xd9 .\CortexM3\ARM_GCC_493\Debug\Combine.a(pgaPolarS.o)
 .debug_line    0x00001fdb       0xda .\CortexM3\ARM_GCC_493\Debug\Combine.a(pgaANTPlus.o)
 .debug_line    0x000020b5       0xaf .\CortexM3\ARM_GCC_493\Debug\Combine.a(statusButton.o)
 .debug_line    0x00002164      0x1e8 .\CortexM3\ARM_GCC_493\Debug\Combine.a(lcdDisplay.o)
 .debug_line    0x0000234c      0x193 .\CortexM3\ARM_GCC_493\Debug\Combine.a(PWMPulseCapture.o)
 .debug_line    0x000024df      0x15a .\CortexM3\ARM_GCC_493\Debug\Combine.a(isrPulseCapture.o)
 .debug_line    0x00002639       0x66 .\CortexM3\ARM_GCC_493\Debug\Combine.a(CyBootAsmGnu.o)
 .debug_line    0x0000269f      0x205 .\CortexM3\ARM_GCC_493\Debug\Combine.a(CyFlash.o)
 .debug_line    0x000028a4      0x215 .\CortexM3\ARM_GCC_493\Debug\Combine.a(CySpc.o)

.debug_frame    0x00000000     0x3074
 *(.debug_frame)
 .debug_frame   0x00000000       0x98 .\CortexM3\ARM_GCC_493\Debug\main.o
 .debug_frame   0x00000098       0xd8 .\CortexM3\ARM_GCC_493\Debug\Cm3Start.o
 .debug_frame   0x00000170      0x16c .\CortexM3\ARM_GCC_493\Debug\Combine.a(cyfitter_cfg.o)
 .debug_frame   0x000002dc      0xbe8 .\CortexM3\ARM_GCC_493\Debug\Combine.a(CyLib.o)
 .debug_frame   0x00000ec4      0x234 .\CortexM3\ARM_GCC_493\Debug\Combine.a(cyPm.o)
 .debug_frame   0x000010f8      0x1b8 .\CortexM3\ARM_GCC_493\Debug\Combine.a(shiftregReceiver.o)
 .debug_frame   0x000012b0      0x1bc .\CortexM3\ARM_GCC_493\Debug\Combine.a(shiftregSender.o)
 .debug_frame   0x0000146c      0x1b4 .\CortexM3\ARM_GCC_493\Debug\Combine.a(clockShift.o)
 .debug_frame   0x00001620      0x1e4 .\CortexM3\ARM_GCC_493\Debug\Combine.a(counterShift.o)
 .debug_frame   0x00001804      0x1e8 .\CortexM3\ARM_GCC_493\Debug\Combine.a(isrStoreInt.o)
 .debug_frame   0x000019ec      0x258 .\CortexM3\ARM_GCC_493\Debug\Combine.a(counterPolarC.o)
 .debug_frame   0x00001c44      0x258 .\CortexM3\ARM_GCC_493\Debug\Combine.a(counterPolarS.o)
 .debug_frame   0x00001e9c      0x258 .\CortexM3\ARM_GCC_493\Debug\Combine.a(counterANTPlus.o)
 .debug_frame   0x000020f4       0xa8 .\CortexM3\ARM_GCC_493\Debug\Combine.a(pinDMK.o)
 .debug_frame   0x0000219c       0xe0 .\CortexM3\ARM_GCC_493\Debug\Combine.a(pgaPolarC.o)
 .debug_frame   0x0000227c       0xe0 .\CortexM3\ARM_GCC_493\Debug\Combine.a(pgaPolarS.o)
 .debug_frame   0x0000235c       0xe0 .\CortexM3\ARM_GCC_493\Debug\Combine.a(pgaANTPlus.o)
 .debug_frame   0x0000243c       0xd0 .\CortexM3\ARM_GCC_493\Debug\Combine.a(statusButton.o)
 .debug_frame   0x0000250c      0x260 .\CortexM3\ARM_GCC_493\Debug\Combine.a(lcdDisplay.o)
 .debug_frame   0x0000276c      0x25c .\CortexM3\ARM_GCC_493\Debug\Combine.a(PWMPulseCapture.o)
 .debug_frame   0x000029c8      0x1e8 .\CortexM3\ARM_GCC_493\Debug\Combine.a(isrPulseCapture.o)
 .debug_frame   0x00002bb0      0x210 .\CortexM3\ARM_GCC_493\Debug\Combine.a(CyFlash.o)
 .debug_frame   0x00002dc0      0x1f8 .\CortexM3\ARM_GCC_493\Debug\Combine.a(CySpc.o)
 .debug_frame   0x00002fb8       0x20 c:/program files (x86)/cypress/psoc creator/4.0/psoc creator/import/gnu/arm/4.9.3/bin/../lib/gcc/arm-none-eabi/4.9.3/../../../../arm-none-eabi/lib/armv7-m\libg_nano.a(lib_a-errno.o)
 .debug_frame   0x00002fd8       0x28 c:/program files (x86)/cypress/psoc creator/4.0/psoc creator/import/gnu/arm/4.9.3/bin/../lib/gcc/arm-none-eabi/4.9.3/../../../../arm-none-eabi/lib/armv7-m\libg_nano.a(lib_a-exit.o)
 .debug_frame   0x00003000       0x2c c:/program files (x86)/cypress/psoc creator/4.0/psoc creator/import/gnu/arm/4.9.3/bin/../lib/gcc/arm-none-eabi/4.9.3/../../../../arm-none-eabi/lib/armv7-m\libg_nano.a(lib_a-init.o)
 .debug_frame   0x0000302c       0x28 c:/program files (x86)/cypress/psoc creator/4.0/psoc creator/import/gnu/arm/4.9.3/bin/../lib/gcc/arm-none-eabi/4.9.3/../../../../arm-none-eabi/lib/armv7-m\libg_nano.a(lib_a-memcpy.o)
 .debug_frame   0x00003054       0x20 c:/program files (x86)/cypress/psoc creator/4.0/psoc creator/import/gnu/arm/4.9.3/bin/../lib/gcc/arm-none-eabi/4.9.3/../../../../arm-none-eabi/lib/armv7-m\libg_nano.a(lib_a-memset.o)

.debug_str      0x00000000     0x2956
 *(.debug_str)
 .debug_str     0x00000000      0x1fc .\CortexM3\ARM_GCC_493\Debug\main.o
                                0x244 (size before relaxing)
 .debug_str     0x000001fc      0x13c .\CortexM3\ARM_GCC_493\Debug\Cm3Start.o
                                0x2d5 (size before relaxing)
 .debug_str     0x00000338       0x75 .\CortexM3\ARM_GCC_493\Debug\cymetadata.o
                                0x1f4 (size before relaxing)
 .debug_str     0x000003ad      0x166 .\CortexM3\ARM_GCC_493\Debug\Combine.a(cyfitter_cfg.o)
                                0x30b (size before relaxing)
 .debug_str     0x00000513      0x7e5 .\CortexM3\ARM_GCC_493\Debug\Combine.a(CyLib.o)
                                0x9d0 (size before relaxing)
 .debug_str     0x00000cf8      0x365 .\CortexM3\ARM_GCC_493\Debug\Combine.a(cyPm.o)
                                0x535 (size before relaxing)
 .debug_str     0x0000105d      0x1ad .\CortexM3\ARM_GCC_493\Debug\Combine.a(shiftregReceiver.o)
                                0x340 (size before relaxing)
 .debug_str     0x0000120a      0x16a .\CortexM3\ARM_GCC_493\Debug\Combine.a(shiftregSender.o)
                                0x32e (size before relaxing)
 .debug_str     0x00001374      0x186 .\CortexM3\ARM_GCC_493\Debug\Combine.a(clockShift.o)
                                0x31c (size before relaxing)
 .debug_str     0x000014fa      0x1aa .\CortexM3\ARM_GCC_493\Debug\Combine.a(counterShift.o)
                                0x33b (size before relaxing)
 .debug_str     0x000016a4      0x13a .\CortexM3\ARM_GCC_493\Debug\Combine.a(isrStoreInt.o)
                                0x2f8 (size before relaxing)
 .debug_str     0x000017de      0x20a .\CortexM3\ARM_GCC_493\Debug\Combine.a(counterPolarC.o)
                                0x3b4 (size before relaxing)
 .debug_str     0x000019e8      0x1fd .\CortexM3\ARM_GCC_493\Debug\Combine.a(counterPolarS.o)
                                0x3b4 (size before relaxing)
 .debug_str     0x00001be5      0x210 .\CortexM3\ARM_GCC_493\Debug\Combine.a(counterANTPlus.o)
                                0x3c7 (size before relaxing)
 .debug_str     0x00001df5       0x6b .\CortexM3\ARM_GCC_493\Debug\Combine.a(pinDMK.o)
                                0x1f1 (size before relaxing)
 .debug_str     0x00001e60       0xd1 .\CortexM3\ARM_GCC_493\Debug\Combine.a(pgaPolarC.o)
                                0x255 (size before relaxing)
 .debug_str     0x00001f31       0xc0 .\CortexM3\ARM_GCC_493\Debug\Combine.a(pgaPolarS.o)
                                0x255 (size before relaxing)
 .debug_str     0x00001ff1       0xca .\CortexM3\ARM_GCC_493\Debug\Combine.a(pgaANTPlus.o)
                                0x25f (size before relaxing)
 .debug_str     0x000020bb       0xa0 .\CortexM3\ARM_GCC_493\Debug\Combine.a(statusButton.o)
                                0x238 (size before relaxing)
 .debug_str     0x0000215b      0x1f4 .\CortexM3\ARM_GCC_493\Debug\Combine.a(lcdDisplay.o)
                                0x3a3 (size before relaxing)
 .debug_str     0x0000234f      0x231 .\CortexM3\ARM_GCC_493\Debug\Combine.a(PWMPulseCapture.o)
                                0x3ed (size before relaxing)
 .debug_str     0x00002580      0x172 .\CortexM3\ARM_GCC_493\Debug\Combine.a(isrPulseCapture.o)
                                0x330 (size before relaxing)
 .debug_str     0x000026f2      0x145 .\CortexM3\ARM_GCC_493\Debug\Combine.a(CyFlash.o)
                                0x2f4 (size before relaxing)
 .debug_str     0x00002837      0x11f .\CortexM3\ARM_GCC_493\Debug\Combine.a(CySpc.o)
                                0x2f1 (size before relaxing)

.debug_loc
 *(.debug_loc)

.debug_macinfo
 *(.debug_macinfo)

.debug_ranges   0x00000000      0xac0
 *(.debug_ranges)
 .debug_ranges  0x00000000       0x28 .\CortexM3\ARM_GCC_493\Debug\main.o
 .debug_ranges  0x00000028       0x38 .\CortexM3\ARM_GCC_493\Debug\Cm3Start.o
 .debug_ranges  0x00000060       0x50 .\CortexM3\ARM_GCC_493\Debug\Combine.a(cyfitter_cfg.o)
 .debug_ranges  0x000000b0      0x288 .\CortexM3\ARM_GCC_493\Debug\Combine.a(CyLib.o)
 .debug_ranges  0x00000338       0x88 .\CortexM3\ARM_GCC_493\Debug\Combine.a(cyPm.o)
 .debug_ranges  0x000003c0       0x68 .\CortexM3\ARM_GCC_493\Debug\Combine.a(shiftregReceiver.o)
 .debug_ranges  0x00000428       0x68 .\CortexM3\ARM_GCC_493\Debug\Combine.a(shiftregSender.o)
 .debug_ranges  0x00000490       0x60 .\CortexM3\ARM_GCC_493\Debug\Combine.a(clockShift.o)
 .debug_ranges  0x000004f0       0x70 .\CortexM3\ARM_GCC_493\Debug\Combine.a(counterShift.o)
 .debug_ranges  0x00000560       0x70 .\CortexM3\ARM_GCC_493\Debug\Combine.a(isrStoreInt.o)
 .debug_ranges  0x000005d0       0x88 .\CortexM3\ARM_GCC_493\Debug\Combine.a(counterPolarC.o)
 .debug_ranges  0x00000658       0x88 .\CortexM3\ARM_GCC_493\Debug\Combine.a(counterPolarS.o)
 .debug_ranges  0x000006e0       0x88 .\CortexM3\ARM_GCC_493\Debug\Combine.a(counterANTPlus.o)
 .debug_ranges  0x00000768       0x28 .\CortexM3\ARM_GCC_493\Debug\Combine.a(pinDMK.o)
 .debug_ranges  0x00000790       0x38 .\CortexM3\ARM_GCC_493\Debug\Combine.a(pgaPolarC.o)
 .debug_ranges  0x000007c8       0x38 .\CortexM3\ARM_GCC_493\Debug\Combine.a(pgaPolarS.o)
 .debug_ranges  0x00000800       0x38 .\CortexM3\ARM_GCC_493\Debug\Combine.a(pgaANTPlus.o)
 .debug_ranges  0x00000838       0x30 .\CortexM3\ARM_GCC_493\Debug\Combine.a(statusButton.o)
 .debug_ranges  0x00000868       0x88 .\CortexM3\ARM_GCC_493\Debug\Combine.a(lcdDisplay.o)
 .debug_ranges  0x000008f0       0x88 .\CortexM3\ARM_GCC_493\Debug\Combine.a(PWMPulseCapture.o)
 .debug_ranges  0x00000978       0x70 .\CortexM3\ARM_GCC_493\Debug\Combine.a(isrPulseCapture.o)
 .debug_ranges  0x000009e8       0x70 .\CortexM3\ARM_GCC_493\Debug\Combine.a(CyFlash.o)
 .debug_ranges  0x00000a58       0x68 .\CortexM3\ARM_GCC_493\Debug\Combine.a(CySpc.o)

.comment        0x00000000       0x70
 .comment       0x00000000       0x70 .\CortexM3\ARM_GCC_493\Debug\main.o
                                 0x71 (size before relaxing)
 .comment       0x00000000       0x71 .\CortexM3\ARM_GCC_493\Debug\Cm3Start.o
 .comment       0x00000000       0x71 .\CortexM3\ARM_GCC_493\Debug\cymetadata.o
 .comment       0x00000000       0x71 .\CortexM3\ARM_GCC_493\Debug\Combine.a(cyfitter_cfg.o)
 .comment       0x00000000       0x71 .\CortexM3\ARM_GCC_493\Debug\Combine.a(CyLib.o)
 .comment       0x00000000       0x71 .\CortexM3\ARM_GCC_493\Debug\Combine.a(cyPm.o)
 .comment       0x00000000       0x71 .\CortexM3\ARM_GCC_493\Debug\Combine.a(shiftregReceiver.o)
 .comment       0x00000000       0x71 .\CortexM3\ARM_GCC_493\Debug\Combine.a(shiftregSender.o)
 .comment       0x00000000       0x71 .\CortexM3\ARM_GCC_493\Debug\Combine.a(clockShift.o)
 .comment       0x00000000       0x71 .\CortexM3\ARM_GCC_493\Debug\Combine.a(counterShift.o)
 .comment       0x00000000       0x71 .\CortexM3\ARM_GCC_493\Debug\Combine.a(isrStoreInt.o)
 .comment       0x00000000       0x71 .\CortexM3\ARM_GCC_493\Debug\Combine.a(counterPolarC.o)
 .comment       0x00000000       0x71 .\CortexM3\ARM_GCC_493\Debug\Combine.a(counterPolarS.o)
 .comment       0x00000000       0x71 .\CortexM3\ARM_GCC_493\Debug\Combine.a(counterANTPlus.o)
 .comment       0x00000000       0x71 .\CortexM3\ARM_GCC_493\Debug\Combine.a(pinDMK.o)
 .comment       0x00000000       0x71 .\CortexM3\ARM_GCC_493\Debug\Combine.a(pgaPolarC.o)
 .comment       0x00000000       0x71 .\CortexM3\ARM_GCC_493\Debug\Combine.a(pgaPolarS.o)
 .comment       0x00000000       0x71 .\CortexM3\ARM_GCC_493\Debug\Combine.a(pgaANTPlus.o)
 .comment       0x00000000       0x71 .\CortexM3\ARM_GCC_493\Debug\Combine.a(statusButton.o)
 .comment       0x00000000       0x71 .\CortexM3\ARM_GCC_493\Debug\Combine.a(lcdDisplay.o)
 .comment       0x00000000       0x71 .\CortexM3\ARM_GCC_493\Debug\Combine.a(PWMPulseCapture.o)
 .comment       0x00000000       0x71 .\CortexM3\ARM_GCC_493\Debug\Combine.a(isrPulseCapture.o)
 .comment       0x00000000       0x71 .\CortexM3\ARM_GCC_493\Debug\Combine.a(CyFlash.o)
 .comment       0x00000000       0x71 .\CortexM3\ARM_GCC_493\Debug\Combine.a(CySpc.o)

.debug_weaknames
 *(.debug_weaknames)

.debug_funcnames
 *(.debug_funcnames)

.debug_typenames
 *(.debug_typenames)

.debug_varnames
 *(.debug_varnames)

.note.gnu.arm.ident
 *(.note.gnu.arm.ident)

.ARM.attributes
                0x00000000       0x29
 *(.ARM.attributes)
 .ARM.attributes
                0x00000000       0x1d c:/program files (x86)/cypress/psoc creator/4.0/psoc creator/import/gnu/arm/4.9.3/bin/../lib/gcc/arm-none-eabi/4.9.3/armv7-m/crti.o
 .ARM.attributes
                0x0000001d       0x2d c:/program files (x86)/cypress/psoc creator/4.0/psoc creator/import/gnu/arm/4.9.3/bin/../lib/gcc/arm-none-eabi/4.9.3/armv7-m/crtbegin.o
 .ARM.attributes
                0x0000004a       0x1b c:/program files (x86)/cypress/psoc creator/4.0/psoc creator/import/gnu/arm/4.9.3/bin/../lib/gcc/arm-none-eabi/4.9.3/../../../../arm-none-eabi/lib/armv7-m/crt0.o
 .ARM.attributes
                0x00000065       0x33 .\CortexM3\ARM_GCC_493\Debug\main.o
 .ARM.attributes
                0x00000098       0x33 .\CortexM3\ARM_GCC_493\Debug\Cm3Start.o
 .ARM.attributes
                0x000000cb       0x33 .\CortexM3\ARM_GCC_493\Debug\cymetadata.o
 .ARM.attributes
                0x000000fe       0x33 .\CortexM3\ARM_GCC_493\Debug\Combine.a(cyfitter_cfg.o)
 .ARM.attributes
                0x00000131       0x33 .\CortexM3\ARM_GCC_493\Debug\Combine.a(CyLib.o)
 .ARM.attributes
                0x00000164       0x33 .\CortexM3\ARM_GCC_493\Debug\Combine.a(cyPm.o)
 .ARM.attributes
                0x00000197       0x33 .\CortexM3\ARM_GCC_493\Debug\Combine.a(shiftregReceiver.o)
 .ARM.attributes
                0x000001ca       0x33 .\CortexM3\ARM_GCC_493\Debug\Combine.a(shiftregSender.o)
 .ARM.attributes
                0x000001fd       0x33 .\CortexM3\ARM_GCC_493\Debug\Combine.a(clockShift.o)
 .ARM.attributes
                0x00000230       0x33 .\CortexM3\ARM_GCC_493\Debug\Combine.a(counterShift.o)
 .ARM.attributes
                0x00000263       0x33 .\CortexM3\ARM_GCC_493\Debug\Combine.a(isrStoreInt.o)
 .ARM.attributes
                0x00000296       0x33 .\CortexM3\ARM_GCC_493\Debug\Combine.a(counterPolarC.o)
 .ARM.attributes
                0x000002c9       0x33 .\CortexM3\ARM_GCC_493\Debug\Combine.a(counterPolarS.o)
 .ARM.attributes
                0x000002fc       0x33 .\CortexM3\ARM_GCC_493\Debug\Combine.a(counterANTPlus.o)
 .ARM.attributes
                0x0000032f       0x33 .\CortexM3\ARM_GCC_493\Debug\Combine.a(pinDMK.o)
 .ARM.attributes
                0x00000362       0x33 .\CortexM3\ARM_GCC_493\Debug\Combine.a(pgaPolarC.o)
 .ARM.attributes
                0x00000395       0x33 .\CortexM3\ARM_GCC_493\Debug\Combine.a(pgaPolarS.o)
 .ARM.attributes
                0x000003c8       0x33 .\CortexM3\ARM_GCC_493\Debug\Combine.a(pgaANTPlus.o)
 .ARM.attributes
                0x000003fb       0x33 .\CortexM3\ARM_GCC_493\Debug\Combine.a(statusButton.o)
 .ARM.attributes
                0x0000042e       0x33 .\CortexM3\ARM_GCC_493\Debug\Combine.a(lcdDisplay.o)
 .ARM.attributes
                0x00000461       0x33 .\CortexM3\ARM_GCC_493\Debug\Combine.a(PWMPulseCapture.o)
 .ARM.attributes
                0x00000494       0x33 .\CortexM3\ARM_GCC_493\Debug\Combine.a(isrPulseCapture.o)
 .ARM.attributes
                0x000004c7       0x21 .\CortexM3\ARM_GCC_493\Debug\Combine.a(CyBootAsmGnu.o)
 .ARM.attributes
                0x000004e8       0x33 .\CortexM3\ARM_GCC_493\Debug\Combine.a(CyFlash.o)
 .ARM.attributes
                0x0000051b       0x33 .\CortexM3\ARM_GCC_493\Debug\Combine.a(CySpc.o)
 .ARM.attributes
                0x0000054e       0x2d c:/program files (x86)/cypress/psoc creator/4.0/psoc creator/import/gnu/arm/4.9.3/bin/../lib/gcc/arm-none-eabi/4.9.3/../../../../arm-none-eabi/lib/armv7-m\libg_nano.a(lib_a-errno.o)
 .ARM.attributes
                0x0000057b       0x2d c:/program files (x86)/cypress/psoc creator/4.0/psoc creator/import/gnu/arm/4.9.3/bin/../lib/gcc/arm-none-eabi/4.9.3/../../../../arm-none-eabi/lib/armv7-m\libg_nano.a(lib_a-exit.o)
 .ARM.attributes
                0x000005a8       0x2d c:/program files (x86)/cypress/psoc creator/4.0/psoc creator/import/gnu/arm/4.9.3/bin/../lib/gcc/arm-none-eabi/4.9.3/../../../../arm-none-eabi/lib/armv7-m\libg_nano.a(lib_a-impure.o)
 .ARM.attributes
                0x000005d5       0x2d c:/program files (x86)/cypress/psoc creator/4.0/psoc creator/import/gnu/arm/4.9.3/bin/../lib/gcc/arm-none-eabi/4.9.3/../../../../arm-none-eabi/lib/armv7-m\libg_nano.a(lib_a-init.o)
 .ARM.attributes
                0x00000602       0x2d c:/program files (x86)/cypress/psoc creator/4.0/psoc creator/import/gnu/arm/4.9.3/bin/../lib/gcc/arm-none-eabi/4.9.3/../../../../arm-none-eabi/lib/armv7-m\libg_nano.a(lib_a-memcpy.o)
 .ARM.attributes
                0x0000062f       0x2d c:/program files (x86)/cypress/psoc creator/4.0/psoc creator/import/gnu/arm/4.9.3/bin/../lib/gcc/arm-none-eabi/4.9.3/../../../../arm-none-eabi/lib/armv7-m\libg_nano.a(lib_a-memset.o)
 .ARM.attributes
                0x0000065c       0x2d c:/program files (x86)/cypress/psoc creator/4.0/psoc creator/import/gnu/arm/4.9.3/bin/../lib/gcc/arm-none-eabi/4.9.3/armv7-m/crtend.o
 .ARM.attributes
                0x00000689       0x1d c:/program files (x86)/cypress/psoc creator/4.0/psoc creator/import/gnu/arm/4.9.3/bin/../lib/gcc/arm-none-eabi/4.9.3/armv7-m/crtn.o

/DISCARD/
 *(.note.GNU-stack)
OUTPUT(.\CortexM3\ARM_GCC_493\Debug\Combine.elf elf32-littlearm)
