Archive member included to satisfy reference by file (symbol)

C:\Program Files (x86)\Cypress\PSoC Creator\4.2\PSoC Creator\psoc\content\CyComponentLibrary\CyComponentLibrary.cylib\CapSense_v2_0\Library\CapSense_Library_GCC_M0p.a(CapSense_SmartSense_LL.o)
                              .\CortexM0p\ARM_GCC_541\Debug\CapSense_Sensing.o (SmartSense_TunePrescalers)
C:\Program Files (x86)\Cypress\PSoC Creator\4.2\PSoC Creator\psoc\content\CyComponentLibrary\CyComponentLibrary.cylib\CapSense_v2_0\Library\CapSense_Library_GCC_M0p.a(CapSense_SmartSense_SL.o)
                              .\CortexM0p\ARM_GCC_541\Debug\CapSense_Processing.o (SmartSense_UpdateThresholds)
Generated_Source\PSoC6\pdl\middleware\ble\lib\cy_ble_stack_gcc_controller_ipc_cm0p.a(CyBleStackMgrIP_Interface.o)
                              .\CortexM0p\ARM_GCC_541\Debug\cy_ble.o (Cy_BLE_EnableDleFeature)
Generated_Source\PSoC6\pdl\middleware\ble\lib\cy_ble_stack_gcc_controller_ipc_cm0p.a(CyBleStackMgr_PSoCHal.o)
                              Generated_Source\PSoC6\pdl\middleware\ble\lib\cy_ble_stack_gcc_controller_ipc_cm0p.a(CyBleStackMgrIP_Interface.o) (bt_config)
Generated_Source\PSoC6\pdl\middleware\ble\lib\cy_ble_stack_gcc_controller_ipc_cm0p.a(CyBleStackMgr_BleSSDriver.o)
                              Generated_Source\PSoC6\pdl\middleware\ble\lib\cy_ble_stack_gcc_controller_ipc_cm0p.a(CyBleStackMgrIP_Interface.o) (CyBleStackMgr_BleSSInit)
Generated_Source\PSoC6\pdl\middleware\ble\lib\cy_ble_stack_gcc_controller_ipc_cm0p.a(CyBleStackMgr_StackTaskHandler.o)
                              Generated_Source\PSoC6\pdl\middleware\ble\lib\cy_ble_stack_gcc_controller_ipc_cm0p.a(CyBleStackMgrIP_Interface.o) (CyBle_CreateBleStackTask)
Generated_Source\PSoC6\pdl\middleware\ble\lib\cy_ble_stack_gcc_controller_ipc_cm0p.a(config_bin.o)
                              Generated_Source\PSoC6\pdl\middleware\ble\lib\cy_ble_stack_gcc_controller_ipc_cm0p.a(CyBleStackMgr_PSoCHal.o) (bt_cfg_pdata)
Generated_Source\PSoC6\pdl\middleware\ble\lib\cy_ble_stack_gcc_controller_ipc_cm0p.a(BT_timer.o)
                              Generated_Source\PSoC6\pdl\middleware\ble\lib\cy_ble_stack_gcc_controller_ipc_cm0p.a(CyBleStackMgr_StackTaskHandler.o) (BT_timer_process_signals)
Generated_Source\PSoC6\pdl\middleware\ble\lib\cy_ble_stack_gcc_controller_ipc_cm0p.a(bt_os_common.o)
                              Generated_Source\PSoC6\pdl\middleware\ble\lib\cy_ble_stack_gcc_controller_ipc_cm0p.a(CyBleStackMgr_StackTaskHandler.o) (BT_ISROSQPost)
Generated_Source\PSoC6\pdl\middleware\ble\lib\cy_ble_stack_gcc_controller_ipc_cm0p.a(CyBleStackMgrIP_Pilo.o)
                              Generated_Source\PSoC6\pdl\middleware\ble\lib\cy_ble_stack_gcc_controller_ipc_cm0p.a(CyBleStackMgrIP_Interface.o) (CyPilo_InitCalibration)
Generated_Source\PSoC6\pdl\middleware\ble\lib\cy_ble_stack_gcc_controller_ipc_cm0p.a(mint_os.o)
                              Generated_Source\PSoC6\pdl\middleware\ble\lib\cy_ble_stack_gcc_controller_ipc_cm0p.a(CyBleStackMgrIP_Interface.o) (OS_init)
Generated_Source\PSoC6\pdl\middleware\ble\lib\cy_ble_stack_gcc_controller_ipc_cm0p.a(mint_os_queue.o)
                              Generated_Source\PSoC6\pdl\middleware\ble\lib\cy_ble_stack_gcc_controller_ipc_cm0p.a(mint_os.o) (OS_TOTAL_QUEUES)
Generated_Source\PSoC6\pdl\middleware\ble\lib\cy_ble_stack_gcc_controller_ipc_cm0p.a(mint_os_task.o)
                              Generated_Source\PSoC6\pdl\middleware\ble\lib\cy_ble_stack_gcc_controller_ipc_cm0p.a(mint_os.o) (idle_func_handler)
Generated_Source\PSoC6\pdl\middleware\ble\lib\cy_ble_stack_gcc_controller_ipc_cm0p.a(mint_buf_mgmt.o)
                              Generated_Source\PSoC6\pdl\middleware\ble\lib\cy_ble_stack_gcc_controller_ipc_cm0p.a(CyBleStackMgrIP_Interface.o) (mint_buf_mgmt_init)
Generated_Source\PSoC6\pdl\middleware\ble\lib\cy_ble_stack_gcc_controller_ipc_cm0p.a(transport_ipc.o)
                              Generated_Source\PSoC6\pdl\middleware\ble\lib\cy_ble_stack_gcc_controller_ipc_cm0p.a(CyBleStackMgr_PSoCHal.o) (CyBleController_HciIpcInit)
Generated_Source\PSoC6\pdl\middleware\ble\lib\cy_ble_stack_gcc_controller_ipc_cm0p.a(CyBleStackMgr_PSoCIPCHal.o)
                              Generated_Source\PSoC6\pdl\middleware\ble\lib\cy_ble_stack_gcc_controller_ipc_cm0p.a(CyBleStackMgrIP_Interface.o) (CyBleController_IPC_HAL_InitWithStaticMem)
Generated_Source\PSoC6\pdl\middleware\ble\lib\cy_ble_stack_gcc_controller_ipc_cm0p.a(CyBleControllerIP_Interface.o)
                              Generated_Source\PSoC6\pdl\middleware\ble\lib\cy_ble_stack_gcc_controller_ipc_cm0p.a(CyBleStackMgrIP_Interface.o) (CyBle_ControllerEnableDleFeature)
Generated_Source\PSoC6\pdl\middleware\ble\lib\cy_ble_stack_gcc_controller_ipc_cm0p.a(ll.o)
                              Generated_Source\PSoC6\pdl\middleware\ble\lib\cy_ble_stack_gcc_controller_ipc_cm0p.a(CyBleControllerIP_Interface.o) (ll_self_device_data)
[...]
Memory Configuration

Name             Origin             Length             Attributes
ram              0x08000000         0x00024000         xrw
flash            0x10000000         0x00080000         xr
em_eeprom        0x14000000         0x00008000         xr
sflash_user_data 0x16000800         0x00000800         xr
sflash_nar       0x16001a00         0x00000200         xr
sflash_public_key 0x16005a00         0x00000c00         xr
sflash_toc_2     0x16007c00         0x00000200         xr
sflash_rtoc_2    0x16007e00         0x00000200         xr
xip              0x18000000         0x08000000         xr
efuse            0x90700000         0x00100000         r
*default*        0x00000000         0xffffffff

Linker script and memory map

LOAD c:/program files (x86)/cypress/psoc creator/4.2/psoc creator/import/gnu/arm/5.4.1/bin/../lib/gcc/arm-none-eabi/5.4.1/armv6-m/crti.o
LOAD c:/program files (x86)/cypress/psoc creator/4.2/psoc creator/import/gnu/arm/5.4.1/bin/../lib/gcc/arm-none-eabi/5.4.1/armv6-m/crtbegin.o
LOAD c:/program files (x86)/cypress/psoc creator/4.2/psoc creator/import/gnu/arm/5.4.1/bin/../lib/gcc/arm-none-eabi/5.4.1/../../../../arm-none-eabi/lib/armv6-m/crt0.o
START GROUP
LOAD Generated_Source\PSoC6\pdl\middleware\ble\lib\cy_ble_stack_gcc_radio_max_cm0p.a
LOAD Generated_Source\PSoC6\pdl\middleware\ble\lib\cy_ble_stack_gcc_controller_ipc_cm0p.a
LOAD .\CortexM0p\ARM_GCC_541\Debug\startup_psoc63_cm0plus.o
LOAD .\CortexM0p\ARM_GCC_541\Debug\main_cm0p.o
LOAD .\CortexM0p\ARM_GCC_541\Debug\system_psoc63_cm0plus.o
LOAD .\CortexM0p\ARM_GCC_541\Debug\cy_ipc_config.o
LOAD .\CortexM0p\ARM_GCC_541\Debug\cyfitter_sysint_cfg.o
LOAD .\CortexM0p\ARM_GCC_541\Debug\cyfitter_cfg.o
LOAD .\CortexM0p\ARM_GCC_541\Debug\cymetadata.o
LOAD .\CortexM0p\ARM_GCC_541\Debug\MCWDT_PDL.o
LOAD .\CortexM0p\ARM_GCC_541\Debug\BLE.o
LOAD .\CortexM0p\ARM_GCC_541\Debug\BLE_config.o
LOAD .\CortexM0p\ARM_GCC_541\Debug\BLE_custom_config.o
LOAD .\CortexM0p\ARM_GCC_541\Debug\PWM_Red.o
LOAD .\CortexM0p\ARM_GCC_541\Debug\PWM_Blue.o
LOAD .\CortexM0p\ARM_GCC_541\Debug\PWM_Green.o
LOAD .\CortexM0p\ARM_GCC_541\Debug\CapSense_Control.o
LOAD .\CortexM0p\ARM_GCC_541\Debug\CapSense_Processing.o
LOAD .\CortexM0p\ARM_GCC_541\Debug\CapSense_Structure.o
LOAD .\CortexM0p\ARM_GCC_541\Debug\CapSense_Tuner.o
LOAD .\CortexM0p\ARM_GCC_541\Debug\CapSense_Filter.o
LOAD .\CortexM0p\ARM_GCC_541\Debug\CapSense_Sensing.o
LOAD .\CortexM0p\ARM_GCC_541\Debug\CapSense_INT.o
LOAD .\CortexM0p\ARM_GCC_541\Debug\CapSense_SensingCSD_LL.o
LOAD .\CortexM0p\ARM_GCC_541\Debug\CapSense_SensingCSX_LL.o
LOAD .\CortexM0p\ARM_GCC_541\Debug\CapSense_Centroid_LL.o
LOAD .\CortexM0p\ARM_GCC_541\Debug\CY_EINK_SPIM.o
LOAD .\CortexM0p\ARM_GCC_541\Debug\CY_EINK_Timer.o
LOAD .\CortexM0p\ARM_GCC_541\Debug\cy_sysint.o
LOAD .\CortexM0p\ARM_GCC_541\Debug\cy_ipc_drv.o
LOAD .\CortexM0p\ARM_GCC_541\Debug\cy_ipc_sema.o
LOAD .\CortexM0p\ARM_GCC_541\Debug\cy_ipc_pipe.o
LOAD .\CortexM0p\ARM_GCC_541\Debug\cy_sysclk.o
LOAD .\CortexM0p\ARM_GCC_541\Debug\cy_wdt.o
LOAD .\CortexM0p\ARM_GCC_541\Debug\cy_mcwdt.o
LOAD .\CortexM0p\ARM_GCC_541\Debug\cy_tcpwm_counter.o
LOAD .\CortexM0p\ARM_GCC_541\Debug\cy_tcpwm_pwm.o
LOAD .\CortexM0p\ARM_GCC_541\Debug\cy_tcpwm_quaddec.o
LOAD .\CortexM0p\ARM_GCC_541\Debug\cy_scb_common.o
LOAD .\CortexM0p\ARM_GCC_541\Debug\cy_scb_i2c.o
LOAD .\CortexM0p\ARM_GCC_541\Debug\cy_scb_ezi2c.o
LOAD .\CortexM0p\ARM_GCC_541\Debug\cy_scb_spi.o
LOAD .\CortexM0p\ARM_GCC_541\Debug\cy_scb_uart.o
LOAD .\CortexM0p\ARM_GCC_541\Debug\cy_efuse.o
LOAD .\CortexM0p\ARM_GCC_541\Debug\cy_flash.o
LOAD .\CortexM0p\ARM_GCC_541\Debug\cy_gpio.o
LOAD .\CortexM0p\ARM_GCC_541\Debug\cy_sysanalog.o
LOAD .\CortexM0p\ARM_GCC_541\Debug\cy_syspm.o
LOAD .\CortexM0p\ARM_GCC_541\Debug\cy_syslib.o
LOAD .\CortexM0p\ARM_GCC_541\Debug\cy_syslib_gcc.o
LOAD .\CortexM0p\ARM_GCC_541\Debug\cy_trigmux.o
LOAD .\CortexM0p\ARM_GCC_541\Debug\cy_systick.o
LOAD .\CortexM0p\ARM_GCC_541\Debug\cy_profile.o
LOAD .\CortexM0p\ARM_GCC_541\Debug\cy_prot.o
LOAD .\CortexM0p\ARM_GCC_541\Debug\cy_lvd.o
LOAD .\CortexM0p\ARM_GCC_541\Debug\cy_ble.o
LOAD .\CortexM0p\ARM_GCC_541\Debug\cy_ble_hal_int.o
LOAD .\CortexM0p\ARM_GCC_541\Debug\cy_ble_hal_pvt.o
LOAD .\CortexM0p\ARM_GCC_541\Debug\cy_ble_gap.o
LOAD .\CortexM0p\ARM_GCC_541\Debug\cy_ble_gatt.o
LOAD .\CortexM0p\ARM_GCC_541\Debug\cy_ble_event_handler.o
LOAD .\CortexM0p\ARM_GCC_541\Debug\cy_ble_ancs.o
LOAD .\CortexM0p\ARM_GCC_541\Debug\cy_ble_ans.o
LOAD .\CortexM0p\ARM_GCC_541\Debug\cy_ble_aios.o
LOAD .\CortexM0p\ARM_GCC_541\Debug\cy_ble_bas.o
LOAD .\CortexM0p\ARM_GCC_541\Debug\cy_ble_bcs.o
LOAD .\CortexM0p\ARM_GCC_541\Debug\cy_ble_bls.o
LOAD .\CortexM0p\ARM_GCC_541\Debug\cy_ble_bms.o
LOAD .\CortexM0p\ARM_GCC_541\Debug\cy_ble_bts.o
LOAD .\CortexM0p\ARM_GCC_541\Debug\cy_ble_cgms.o
LOAD .\CortexM0p\ARM_GCC_541\Debug\cy_ble_cps.o
LOAD .\CortexM0p\ARM_GCC_541\Debug\cy_ble_cscs.o
LOAD .\CortexM0p\ARM_GCC_541\Debug\cy_ble_cts.o
LOAD .\CortexM0p\ARM_GCC_541\Debug\cy_ble_custom.o
LOAD .\CortexM0p\ARM_GCC_541\Debug\cy_ble_dis.o
LOAD .\CortexM0p\ARM_GCC_541\Debug\cy_ble_ess.o
LOAD .\CortexM0p\ARM_GCC_541\Debug\cy_ble_gls.o
LOAD .\CortexM0p\ARM_GCC_541\Debug\cy_ble_hids.o
LOAD .\CortexM0p\ARM_GCC_541\Debug\cy_ble_hps.o
LOAD .\CortexM0p\ARM_GCC_541\Debug\cy_ble_hrs.o
LOAD .\CortexM0p\ARM_GCC_541\Debug\cy_ble_hts.o
LOAD .\CortexM0p\ARM_GCC_541\Debug\cy_ble_ias.o
LOAD .\CortexM0p\ARM_GCC_541\Debug\cy_ble_ips.o
LOAD .\CortexM0p\ARM_GCC_541\Debug\cy_ble_lls.o
LOAD .\CortexM0p\ARM_GCC_541\Debug\cy_ble_lns.o
LOAD .\CortexM0p\ARM_GCC_541\Debug\cy_ble_ndcs.o
LOAD .\CortexM0p\ARM_GCC_541\Debug\cy_ble_plxs.o
LOAD .\CortexM0p\ARM_GCC_541\Debug\cy_ble_pass.o
LOAD .\CortexM0p\ARM_GCC_541\Debug\cy_ble_rscs.o
LOAD .\CortexM0p\ARM_GCC_541\Debug\cy_ble_rtus.o
LOAD .\CortexM0p\ARM_GCC_541\Debug\cy_ble_scps.o
LOAD .\CortexM0p\ARM_GCC_541\Debug\cy_ble_tps.o
LOAD .\CortexM0p\ARM_GCC_541\Debug\cy_ble_uds.o
LOAD .\CortexM0p\ARM_GCC_541\Debug\cy_ble_wpts.o
LOAD .\CortexM0p\ARM_GCC_541\Debug\cy_ble_wss.o
LOAD .\CortexM0p\ARM_GCC_541\Debug\cy_ble_clk.o
LOAD C:\Program Files (x86)\Cypress\PSoC Creator\4.2\PSoC Creator\psoc\content\CyComponentLibrary\CyComponentLibrary.cylib\CapSense_v2_0\Library\CapSense_Library_GCC_M0p.a
END GROUP
START GROUP
LOAD c:/program files (x86)/cypress/psoc creator/4.2/psoc creator/import/gnu/arm/5.4.1/bin/../lib/gcc/arm-none-eabi/5.4.1/armv6-m\libgcc.a
LOAD c:/program files (x86)/cypress/psoc creator/4.2/psoc creator/import/gnu/arm/5.4.1/bin/../lib/gcc/arm-none-eabi/5.4.1/../../../../arm-none-eabi/lib/armv6-m\libg_nano.a
LOAD c:/program files (x86)/cypress/psoc creator/4.2/psoc creator/import/gnu/arm/5.4.1/bin/../lib/gcc/arm-none-eabi/5.4.1/../../../../arm-none-eabi/lib/armv6-m\libc_nano.a
END GROUP
START GROUP
LOAD c:/program files (x86)/cypress/psoc creator/4.2/psoc creator/import/gnu/arm/5.4.1/bin/../lib/gcc/arm-none-eabi/5.4.1/armv6-m\libgcc.a
LOAD c:/program files (x86)/cypress/psoc creator/4.2/psoc creator/import/gnu/arm/5.4.1/bin/../lib/gcc/arm-none-eabi/5.4.1/../../../../arm-none-eabi/lib/armv6-m\libc_nano.a
END GROUP
LOAD c:/program files (x86)/cypress/psoc creator/4.2/psoc creator/import/gnu/arm/5.4.1/bin/../lib/gcc/arm-none-eabi/5.4.1/armv6-m/crtend.o
LOAD c:/program files (x86)/cypress/psoc creator/4.2/psoc creator/import/gnu/arm/5.4.1/bin/../lib/gcc/arm-none-eabi/5.4.1/armv6-m/crtn.o
START GROUP
LOAD c:/program files (x86)/cypress/psoc creator/4.2/psoc creator/import/gnu/arm/5.4.1/bin/../lib/gcc/arm-none-eabi/5.4.1/armv6-m\libgcc.a
LOAD c:/program files (x86)/cypress/psoc creator/4.2/psoc creator/import/gnu/arm/5.4.1/bin/../lib/gcc/arm-none-eabi/5.4.1/../../../../arm-none-eabi/lib/armv6-m\libc.a
LOAD c:/program files (x86)/cypress/psoc creator/4.2/psoc creator/import/gnu/arm/5.4.1/bin/../lib/gcc/arm-none-eabi/5.4.1/../../../../arm-none-eabi/lib/armv6-m\libnosys.a
END GROUP
START GROUP
LOAD c:/program files (x86)/cypress/psoc creator/4.2/psoc creator/import/gnu/arm/5.4.1/bin/../lib/gcc/arm-none-eabi/5.4.1/armv6-m\libgcc.a
LOAD c:/program files (x86)/cypress/psoc creator/4.2/psoc creator/import/gnu/arm/5.4.1/bin/../lib/gcc/arm-none-eabi/5.4.1/../../../../arm-none-eabi/lib/armv6-m\libc.a
LOAD c:/program files (x86)/cypress/psoc creator/4.2/psoc creator/import/gnu/arm/5.4.1/bin/../lib/gcc/arm-none-eabi/5.4.1/../../../../arm-none-eabi/lib/armv6-m\libm.a
LOAD c:/program files (x86)/cypress/psoc creator/4.2/psoc creator/import/gnu/arm/5.4.1/bin/../lib/gcc/arm-none-eabi/5.4.1/../../../../arm-none-eabi/lib/armv6-m\libnosys.a
END GROUP

.cy_app_header
 *(.cy_app_header)

.text           0x10000000     0x61f0
                0x10000000                . = ALIGN (0x4)
                0x10000000                __Vectors = .
 *(.vectors)
 .vectors       0x10000000       0xc0 .\CortexM0p\ARM_GCC_541\Debug\startup_psoc63_cm0plus.o
                0x100000c0                . = ALIGN (0x4)
                0x100000c0                __Vectors_End = .
                0x000000c0                __Vectors_Size = (__Vectors_End - __Vectors)
                0x100000c0                __end__ = .
                0x100000c0                . = ALIGN (0x4)
 *(.text*)
 .text          0x100000c0       0x60 c:/program files (x86)/cypress/psoc creator/4.2/psoc creator/import/gnu/arm/5.4.1/bin/../lib/gcc/arm-none-eabi/5.4.1/armv6-m/crtbegin.o
 .text          0x10000120       0x90 .\CortexM0p\ARM_GCC_541\Debug\startup_psoc63_cm0plus.o
                0x10000120                Cy_OnResetUser
                0x10000122                Cy_SaveIRQ
                0x1000012a                Cy_RestoreIRQ
                0x10000130                Reset_Handler
                0x10000190                SysTick_Handler
                0x10000190                PendSV_Handler
                0x10000190                NMI_Handler
                0x10000190                NvicMux19_IRQHandler
                0x10000190                NvicMux8_IRQHandler
                0x10000190                NvicMux27_IRQHandler
                0x10000190                NvicMux26_IRQHandler
                0x10000190                NvicMux17_IRQHandler
                0x10000190                NvicMux0_IRQHandler
                0x10000190                NvicMux25_IRQHandler
                0x10000190                NvicMux13_IRQHandler
                0x10000190                NvicMux11_IRQHandler
                0x10000190                NvicMux9_IRQHandler
                0x10000190                NvicMux18_IRQHandler
                0x10000190                NvicMux6_IRQHandler
                0x10000190                NvicMux10_IRQHandler
                0x10000190                NvicMux7_IRQHandler
                0x10000190                NvicMux2_IRQHandler
                0x10000190                NvicMux4_IRQHandler
                0x10000190                Default_Handler
                0x10000190                NvicMux30_IRQHandler
                0x10000190                NvicMux12_IRQHandler
                0x10000190                NvicMux5_IRQHandler
                0x10000190                NvicMux14_IRQHandler
                0x10000190                NvicMux3_IRQHandler
                0x10000190                SVC_Handler
                0x10000190                NvicMux1_IRQHandler
                0x10000190                NvicMux16_IRQHandler
                0x10000190                NvicMux29_IRQHandler
                0x10000190                NvicMux31_IRQHandler
                0x10000190                NvicMux21_IRQHandler
                0x10000190                NvicMux24_IRQHandler
                0x10000190                NvicMux20_IRQHandler
                0x10000190                NvicMux22_IRQHandler
                0x10000190                NvicMux15_IRQHandler
                0x10000190                NvicMux28_IRQHandler
                0x10000190                NvicMux23_IRQHandler
                0x10000194                HardFault_Handler
 .text.main     0x100001b0       0x34 .\CortexM0p\ARM_GCC_541\Debug\main_cm0p.o
                0x100001b0                main
 .text.SystemCoreClockUpdate
                0x100001e4      0x1b0 .\CortexM0p\ARM_GCC_541\Debug\system_psoc63_cm0plus.o
                0x100001e4                SystemCoreClockUpdate
 .text.SystemInit
                0x10000394       0xa4 .\CortexM0p\ARM_GCC_541\Debug\system_psoc63_cm0plus.o
                0x10000394                SystemInit
 .text.Cy_SysGetCM4Status
                0x10000438       0x10 .\CortexM0p\ARM_GCC_541\Debug\system_psoc63_cm0plus.o
                0x10000438                Cy_SysGetCM4Status
 .text.Cy_SysResetCM4
                0x10000448       0x34 .\CortexM0p\ARM_GCC_541\Debug\system_psoc63_cm0plus.o
                0x10000448                Cy_SysResetCM4
 .text.Cy_SysEnableCM4
                0x1000047c       0x4c .\CortexM0p\ARM_GCC_541\Debug\system_psoc63_cm0plus.o
                0x1000047c                Cy_SysEnableCM4
 .text.Cy_IPC_SystemPipeIsr
                0x100004c8        0xc .\CortexM0p\ARM_GCC_541\Debug\cy_ipc_config.o
 .text.Cy_IPC_SystemSemaInit
                0x100004d4       0x14 .\CortexM0p\ARM_GCC_541\Debug\cy_ipc_config.o
                0x100004d4                Cy_IPC_SystemSemaInit
 .text.Cy_IPC_SystemPipeInit
                0x100004e8       0x28 .\CortexM0p\ARM_GCC_541\Debug\cy_ipc_config.o
                0x100004e8                Cy_IPC_SystemPipeInit
 .text.CyClockStartupError
                0x10000510        0x4 .\CortexM0p\ARM_GCC_541\Debug\cyfitter_cfg.o
 .text.AnalogSetDefault
                0x10000514       0x30 .\CortexM0p\ARM_GCC_541\Debug\cyfitter_cfg.o
 .text.ClockInit
                0x10000544      0x27c .\CortexM0p\ARM_GCC_541\Debug\cyfitter_cfg.o
 .text.Cy_SystemInit
                0x100007c0      0x1a8 .\CortexM0p\ARM_GCC_541\Debug\cyfitter_cfg.o
                0x100007c0                Cy_SystemInit
 .text.Cy_BLE_Start
                0x10000968       0x20 .\CortexM0p\ARM_GCC_541\Debug\BLE.o
                0x10000968                Cy_BLE_Start
 .text.Cy_SysInt_SetIntSource
                0x10000988       0x88 .\CortexM0p\ARM_GCC_541\Debug\cy_sysint.o
                0x10000988                Cy_SysInt_SetIntSource
 .text.Cy_SysInt_GetIntSource
                0x10000a10       0x78 .\CortexM0p\ARM_GCC_541\Debug\cy_sysint.o
                0x10000a10                Cy_SysInt_GetIntSource
 .text.Cy_SysInt_SetVector
                0x10000a88       0x44 .\CortexM0p\ARM_GCC_541\Debug\cy_sysint.o
                0x10000a88                Cy_SysInt_SetVector
 .text.Cy_SysInt_Init
                0x10000acc       0xcc .\CortexM0p\ARM_GCC_541\Debug\cy_sysint.o
                0x10000acc                Cy_SysInt_Init
 .text.Cy_IPC_Drv_LockRelease
                0x10000b98       0x34 .\CortexM0p\ARM_GCC_541\Debug\cy_ipc_drv.o
                0x10000b98                Cy_IPC_Drv_LockRelease
 .text.Cy_IPC_Drv_SendMsgWord
                0x10000bcc       0x40 .\CortexM0p\ARM_GCC_541\Debug\cy_ipc_drv.o
                0x10000bcc                Cy_IPC_Drv_SendMsgWord
 .text.Cy_IPC_Drv_ReadMsgWord
                0x10000c0c       0x2c .\CortexM0p\ARM_GCC_541\Debug\cy_ipc_drv.o
                0x10000c0c                Cy_IPC_Drv_ReadMsgWord
 .text.Cy_IPC_Sema_Init
                0x10000c38       0xb8 .\CortexM0p\ARM_GCC_541\Debug\cy_ipc_sema.o
                0x10000c38                Cy_IPC_Sema_Init
 .text.Cy_IPC_Sema_Set
                0x10000cf0       0x8c .\CortexM0p\ARM_GCC_541\Debug\cy_ipc_sema.o
                0x10000cf0                Cy_IPC_Sema_Set
 .text.Cy_IPC_Sema_Clear
                0x10000d7c       0x8c .\CortexM0p\ARM_GCC_541\Debug\cy_ipc_sema.o
                0x10000d7c                Cy_IPC_Sema_Clear
 .text.Cy_IPC_Sema_Status
                0x10000e08       0x3c .\CortexM0p\ARM_GCC_541\Debug\cy_ipc_sema.o
                0x10000e08                Cy_IPC_Sema_Status
 .text.Cy_IPC_Pipe_Config
                0x10000e44       0x14 .\CortexM0p\ARM_GCC_541\Debug\cy_ipc_pipe.o
                0x10000e44                Cy_IPC_Pipe_Config
 .text.Cy_IPC_Pipe_EndpointInit
                0x10000e58       0xd0 .\CortexM0p\ARM_GCC_541\Debug\cy_ipc_pipe.o
                0x10000e58                Cy_IPC_Pipe_EndpointInit
 .text.Cy_IPC_Pipe_Init
                0x10000f28       0xcc .\CortexM0p\ARM_GCC_541\Debug\cy_ipc_pipe.o
                0x10000f28                Cy_IPC_Pipe_Init
 .text.Cy_IPC_Pipe_SendMessage
                0x10000ff4       0xd0 .\CortexM0p\ARM_GCC_541\Debug\cy_ipc_pipe.o
                0x10000ff4                Cy_IPC_Pipe_SendMessage
 .text.Cy_IPC_Pipe_RegisterCallback
                0x100010c4       0x64 .\CortexM0p\ARM_GCC_541\Debug\cy_ipc_pipe.o
                0x100010c4                Cy_IPC_Pipe_RegisterCallback
 .text.Cy_IPC_Pipe_RegisterCallbackRel
                0x10001128       0x3c .\CortexM0p\ARM_GCC_541\Debug\cy_ipc_pipe.o
                0x10001128                Cy_IPC_Pipe_RegisterCallbackRel
 .text.Cy_IPC_Pipe_ExecCallback
                0x10001164       0xc4 .\CortexM0p\ARM_GCC_541\Debug\cy_ipc_pipe.o
                0x10001164                Cy_IPC_Pipe_ExecCallback
 .text.Cy_IPC_Pipe_ExecuteCallback
                0x10001228       0x3c .\CortexM0p\ARM_GCC_541\Debug\cy_ipc_pipe.o
                0x10001228                Cy_IPC_Pipe_ExecuteCallback
 .text.Cy_IPC_Pipe_EndpointPause
                0x10001264       0x60 .\CortexM0p\ARM_GCC_541\Debug\cy_ipc_pipe.o
                0x10001264                Cy_IPC_Pipe_EndpointPause
 .text.Cy_IPC_Pipe_EndpointResume
                0x100012c4       0x58 .\CortexM0p\ARM_GCC_541\Debug\cy_ipc_pipe.o
                0x100012c4                Cy_IPC_Pipe_EndpointResume
 .text.Cy_SysClk_ClkPathSetSource
                0x1000131c       0x50 .\CortexM0p\ARM_GCC_541\Debug\cy_sysclk.o
                0x1000131c                Cy_SysClk_ClkPathSetSource
 .text.Cy_SysClk_ClkPathGetSource
                0x1000136c       0x40 .\CortexM0p\ARM_GCC_541\Debug\cy_sysclk.o
                0x1000136c                Cy_SysClk_ClkPathGetSource
 .text.Cy_SysClk_FllManualConfigure
                0x100013ac      0x170 .\CortexM0p\ARM_GCC_541\Debug\cy_sysclk.o
                0x100013ac                Cy_SysClk_FllManualConfigure
 .text.Cy_SysClk_FllEnable
                0x1000151c       0xcc .\CortexM0p\ARM_GCC_541\Debug\cy_sysclk.o
                0x1000151c                Cy_SysClk_FllEnable
 .text.Cy_SysClk_StartClkMeasurementCounters
                0x100015e8      0x1b8 .\CortexM0p\ARM_GCC_541\Debug\cy_sysclk.o
                0x100015e8                Cy_SysClk_StartClkMeasurementCounters
 .text.Cy_SysClk_ClkMeasurementCountersGetFreq
                0x100017a0       0xdc .\CortexM0p\ARM_GCC_541\Debug\cy_sysclk.o
                0x100017a0                Cy_SysClk_ClkMeasurementCountersGetFreq
 .text.Cy_Flash_GetRowNum
                0x1000187c       0x4c .\CortexM0p\ARM_GCC_541\Debug\cy_flash.o
 .text.Cy_Flash_BoundsCheck
                0x100018c8       0x1c .\CortexM0p\ARM_GCC_541\Debug\cy_flash.o
 .text.Cy_Flash_ProcessOpcode
                0x100018e4       0xbc .\CortexM0p\ARM_GCC_541\Debug\cy_flash.o
 .text.Cy_Flash_OperationStatus
                0x100019a0       0x4c .\CortexM0p\ARM_GCC_541\Debug\cy_flash.o
 .text.Cy_Flash_Init
                0x100019ec       0x14 .\CortexM0p\ARM_GCC_541\Debug\cy_flash.o
                0x100019ec                Cy_Flash_Init
 .text.Cy_Flash_WriteRow
                0x10001a00       0x84 .\CortexM0p\ARM_GCC_541\Debug\cy_flash.o
                0x10001a00                Cy_Flash_WriteRow
 .text.Cy_Flash_IsOperationComplete
                0x10001a84        0x8 .\CortexM0p\ARM_GCC_541\Debug\cy_flash.o
                0x10001a84                Cy_Flash_IsOperationComplete
 .text.Cy_Flash_StartErase
                0x10001a8c       0x80 .\CortexM0p\ARM_GCC_541\Debug\cy_flash.o
                0x10001a8c                Cy_Flash_StartErase
 .text.Cy_Flash_StartProgram
                0x10001b0c       0x88 .\CortexM0p\ARM_GCC_541\Debug\cy_flash.o
                0x10001b0c                Cy_Flash_StartProgram
 .text.Cy_GPIO_Pin_Init
                0x10001b94      0x2d4 .\CortexM0p\ARM_GCC_541\Debug\cy_gpio.o
                0x10001b94                Cy_GPIO_Pin_Init
 .text.Cy_GPIO_Port_Init
                0x10001e68       0xb4 .\CortexM0p\ARM_GCC_541\Debug\cy_gpio.o
                0x10001e68                Cy_GPIO_Port_Init
 .text.SaveRegisters
                0x10001f1c       0x54 .\CortexM0p\ARM_GCC_541\Debug\cy_syspm.o
 .text.RestoreRegisters
                0x10001f70       0x54 .\CortexM0p\ARM_GCC_541\Debug\cy_syspm.o
 .text.SetReadMarginTrimUlp
                0x10001fc4       0x28 .\CortexM0p\ARM_GCC_541\Debug\cy_syspm.o
 .text.SetReadMarginTrimLp
                0x10001fec       0x28 .\CortexM0p\ARM_GCC_541\Debug\cy_syspm.o
 .text.SetWriteAssistTrimUlp
                0x10002014       0x20 .\CortexM0p\ARM_GCC_541\Debug\cy_syspm.o
 .text.SetWriteAssistTrimLp
                0x10002034       0x20 .\CortexM0p\ARM_GCC_541\Debug\cy_syspm.o
 .text.IsVoltageChangePossible
                0x10002054       0x34 .\CortexM0p\ARM_GCC_541\Debug\cy_syspm.o
 .text.WriteVoltageBitForFlash
                0x10002088       0x78 .\CortexM0p\ARM_GCC_541\Debug\cy_syspm.o
 .text.Cy_SysPm_BuckSetVoltage1
                0x10002100       0xac .\CortexM0p\ARM_GCC_541\Debug\cy_syspm.o
                0x10002100                Cy_SysPm_BuckSetVoltage1
 .text.Cy_SysPm_BuckEnable
                0x100021ac      0x148 .\CortexM0p\ARM_GCC_541\Debug\cy_syspm.o
                0x100021ac                Cy_SysPm_BuckEnable
 .text.Cy_SysPm_BuckIsOutputEnabled
                0x100022f4       0x4c .\CortexM0p\ARM_GCC_541\Debug\cy_syspm.o
                0x100022f4                Cy_SysPm_BuckIsOutputEnabled
 .text.Cy_SysPm_BuckSetVoltage2
                0x10002340       0x4c .\CortexM0p\ARM_GCC_541\Debug\cy_syspm.o
                0x10002340                Cy_SysPm_BuckSetVoltage2
 .text.Cy_SysPm_LdoSetVoltage
                0x1000238c       0xc8 .\CortexM0p\ARM_GCC_541\Debug\cy_syspm.o
                0x1000238c                Cy_SysPm_LdoSetVoltage
 .text.Cy_SysPm_RegisterCallback
                0x10002454       0x7c .\CortexM0p\ARM_GCC_541\Debug\cy_syspm.o
                0x10002454                Cy_SysPm_RegisterCallback
 .text.Cy_SysPm_ExecuteCallback
                0x100024d0       0xc8 .\CortexM0p\ARM_GCC_541\Debug\cy_syspm.o
                0x100024d0                Cy_SysPm_ExecuteCallback
 .text.Cy_SysPm_Sleep
                0x10002598       0x8c .\CortexM0p\ARM_GCC_541\Debug\cy_syspm.o
                0x10002598                Cy_SysPm_Sleep
 .text.Cy_SysPm_DeepSleep
                0x10002624      0x110 .\CortexM0p\ARM_GCC_541\Debug\cy_syspm.o
                0x10002624                Cy_SysPm_DeepSleep
 .text.Cy_SysPm_IoUnfreeze
                0x10002734       0x2c .\CortexM0p\ARM_GCC_541\Debug\cy_syspm.o
                0x10002734                Cy_SysPm_IoUnfreeze
 .text.Cy_SysLib_DelayUs
                0x10002760       0x14 .\CortexM0p\ARM_GCC_541\Debug\cy_syslib.o
                0x10002760                Cy_SysLib_DelayUs
 .text.Cy_SysLib_Halt
                0x10002774        0x4 .\CortexM0p\ARM_GCC_541\Debug\cy_syslib.o
                0x10002774                Cy_SysLib_Halt
 .text.Cy_SysLib_AssertFailed
                0x10002778       0x1c .\CortexM0p\ARM_GCC_541\Debug\cy_syslib.o
                0x10002778                Cy_SysLib_AssertFailed
 .text.Cy_SysLib_ClearFlashCacheAndBuffer
                0x10002794        0xc .\CortexM0p\ARM_GCC_541\Debug\cy_syslib.o
                0x10002794                Cy_SysLib_ClearFlashCacheAndBuffer
 .text.Cy_SysLib_ResetBackupDomain
                0x100027a0       0x20 .\CortexM0p\ARM_GCC_541\Debug\cy_syslib.o
                0x100027a0                Cy_SysLib_ResetBackupDomain
 .text.Cy_SysLib_GetResetReason
                0x100027c0       0x1c .\CortexM0p\ARM_GCC_541\Debug\cy_syslib.o
                0x100027c0                Cy_SysLib_GetResetReason
 .text.Cy_SysLib_ProcessingFault
                0x100027dc        0x4 .\CortexM0p\ARM_GCC_541\Debug\cy_syslib.o
                0x100027dc                Cy_SysLib_ProcessingFault
 .text.Cy_SysLib_FaultHandler
                0x100027e0       0x30 .\CortexM0p\ARM_GCC_541\Debug\cy_syslib.o
                0x100027e0                Cy_SysLib_FaultHandler
 .text.Cy_SysLib_SetWaitStates
                0x10002810       0x90 .\CortexM0p\ARM_GCC_541\Debug\cy_syslib.o
                0x10002810                Cy_SysLib_SetWaitStates
 .text          0x100028a0       0x20 .\CortexM0p\ARM_GCC_541\Debug\cy_syslib_gcc.o
                0x100028a0                Cy_SysLib_DelayCycles
                0x100028b2                Cy_SysLib_EnterCriticalSection
                0x100028ba                Cy_SysLib_ExitCriticalSection
 .text.Cy_SysTick_SetClockSource
                0x100028c0       0x34 .\CortexM0p\ARM_GCC_541\Debug\cy_systick.o
                0x100028c0                Cy_SysTick_SetClockSource
 .text.Cy_Prot_GetActivePC
                0x100028f4       0x28 .\CortexM0p\ARM_GCC_541\Debug\cy_prot.o
                0x100028f4                Cy_Prot_GetActivePC
 .text.Cy_BLE_DeepSleepCallback
                0x1000291c       0xb4 .\CortexM0p\ARM_GCC_541\Debug\cy_ble.o
                0x1000291c                Cy_BLE_DeepSleepCallback
 .text.Cy_BLE_Init
                0x100029d0       0x20 .\CortexM0p\ARM_GCC_541\Debug\cy_ble.o
                0x100029d0                Cy_BLE_Init
 .text.Cy_BLE_Enable
                0x100029f0       0x64 .\CortexM0p\ARM_GCC_541\Debug\cy_ble.o
                0x100029f0                Cy_BLE_Enable
 .text.Cy_BLE_ConfigureExtPA
                0x10002a54       0x10 .\CortexM0p\ARM_GCC_541\Debug\cy_ble.o
                0x10002a54                Cy_BLE_ConfigureExtPA
 .text.Cy_BLE_BlessInterrupt
                0x10002a64        0x8 .\CortexM0p\ARM_GCC_541\Debug\cy_ble_hal_int.o
                0x10002a64                Cy_BLE_BlessInterrupt
 .text.Cy_BLE_IPC_CtrlMsgFlushRecvCallBack
                0x10002a6c       0x10 .\CortexM0p\ARM_GCC_541\Debug\cy_ble_hal_pvt.o
 .text.Cy_BLE_HAL_RadioCalibrationRead
                0x10002a7c       0x2c .\CortexM0p\ARM_GCC_541\Debug\cy_ble_hal_pvt.o
                0x10002a7c                Cy_BLE_HAL_RadioCalibrationRead
 .text.Cy_BLE_HAL_NvramWrite
                0x10002aa8      0x324 .\CortexM0p\ARM_GCC_541\Debug\cy_ble_hal_pvt.o
                0x10002aa8                Cy_BLE_HAL_NvramWrite
 .text.Cy_BLE_HAL_RadioCalibrationWrite
                0x10002dcc       0x2c .\CortexM0p\ARM_GCC_541\Debug\cy_ble_hal_pvt.o
                0x10002dcc                Cy_BLE_HAL_RadioCalibrationWrite
 .text.Cy_BLE_HAL_GetIcPackageType
                0x10002df8        0x4 .\CortexM0p\ARM_GCC_541\Debug\cy_ble_hal_pvt.o
                0x10002df8                Cy_BLE_HAL_GetIcPackageType
 .text.Cy_BLE_HAL_GetSiliconId
                0x10002dfc        0xc .\CortexM0p\ARM_GCC_541\Debug\cy_ble_hal_pvt.o
                0x10002dfc                Cy_BLE_HAL_GetSiliconId
 .text.Cy_BLE_HAL_IsDefinedTx5dbm
                0x10002e08        0x4 .\CortexM0p\ARM_GCC_541\Debug\cy_ble_hal_pvt.o
                0x10002e08                Cy_BLE_HAL_IsDefinedTx5dbm
 .text.Cy_BLE_HAL_DelayUs
                0x10002e0c        0x8 .\CortexM0p\ARM_GCC_541\Debug\cy_ble_hal_pvt.o
                0x10002e0c                Cy_BLE_HAL_DelayUs
 .text.Cy_BLE_HAL_LfClkGetSource
                0x10002e14       0x14 .\CortexM0p\ARM_GCC_541\Debug\cy_ble_hal_pvt.o
                0x10002e14                Cy_BLE_HAL_LfClkGetSource
 .text.Cy_BLE_HAL_ClkMeasurementCountersDone
                0x10002e28       0x14 .\CortexM0p\ARM_GCC_541\Debug\cy_ble_hal_pvt.o
                0x10002e28                Cy_BLE_HAL_ClkMeasurementCountersDone
 .text.Cy_BLE_HAL_ClkMeasurementCountersGetFreq
                0x10002e3c        0x8 .\CortexM0p\ARM_GCC_541\Debug\cy_ble_hal_pvt.o
                0x10002e3c                Cy_BLE_HAL_ClkMeasurementCountersGetFreq
 .text.Cy_BLE_HAL_StartClkMeasurementCounters
                0x10002e44       0x2c .\CortexM0p\ARM_GCC_541\Debug\cy_ble_hal_pvt.o
                0x10002e44                Cy_BLE_HAL_StartClkMeasurementCounters
 .text.Cy_BLE_HAL_TryPiloTrim
                0x10002e70       0x78 .\CortexM0p\ARM_GCC_541\Debug\cy_ble_hal_pvt.o
                0x10002e70                Cy_BLE_HAL_TryPiloTrim
 .text.Cy_BLE_HAL_PiloTrim
                0x10002ee8       0x14 .\CortexM0p\ARM_GCC_541\Debug\cy_ble_hal_pvt.o
                0x10002ee8                Cy_BLE_HAL_PiloTrim
 .text.Cy_BLE_HAL_BlessStart
                0x10002efc       0x40 .\CortexM0p\ARM_GCC_541\Debug\cy_ble_hal_pvt.o
                0x10002efc                Cy_BLE_HAL_BlessStart
 .text.Cy_BLE_HAL_GetIpBlockVersion
                0x10002f3c        0x4 .\CortexM0p\ARM_GCC_541\Debug\cy_ble_hal_pvt.o
                0x10002f3c                Cy_BLE_HAL_GetIpBlockVersion
 .text.Cy_BLE_HAL_EnterCriticalSection
                0x10002f40        0x8 .\CortexM0p\ARM_GCC_541\Debug\cy_ble_hal_pvt.o
                0x10002f40                Cy_BLE_HAL_EnterCriticalSection
 .text.Cy_BLE_HAL_ExitCriticalSection
                0x10002f48        0x8 .\CortexM0p\ARM_GCC_541\Debug\cy_ble_hal_pvt.o
                0x10002f48                Cy_BLE_HAL_ExitCriticalSection
 .text.Cy_BLE_HAL_SysPmSleep
                0x10002f50        0x8 .\CortexM0p\ARM_GCC_541\Debug\cy_ble_hal_pvt.o
                0x10002f50                Cy_BLE_HAL_SysPmSleep
 .text.Cy_BLE_HAL_SimoBuckSetVoltage2
                0x10002f58        0xc .\CortexM0p\ARM_GCC_541\Debug\cy_ble_hal_pvt.o
                0x10002f58                Cy_BLE_HAL_SimoBuckSetVoltage2
 .text.Cy_BLE_Ipc_Cypipe_Isr_Enable
                0x10002f64        0xc .\CortexM0p\ARM_GCC_541\Debug\cy_ble_hal_pvt.o
                0x10002f64                Cy_BLE_Ipc_Cypipe_Isr_Enable
 .text.Cy_BLE_HAL_EnableGlobalInterrupts
                0x10002f70       0x2c .\CortexM0p\ARM_GCC_541\Debug\cy_ble_hal_pvt.o
                0x10002f70                Cy_BLE_HAL_EnableGlobalInterrupts
 .text.Cy_BLE_Ipc_Cypipe_Isr_Disable
                0x10002f9c        0xc .\CortexM0p\ARM_GCC_541\Debug\cy_ble_hal_pvt.o
                0x10002f9c                Cy_BLE_Ipc_Cypipe_Isr_Disable
 .text.Cy_BLE_HAL_DisableGlobalInterrupts
                0x10002fa8       0x34 .\CortexM0p\ARM_GCC_541\Debug\cy_ble_hal_pvt.o
                0x10002fa8                Cy_BLE_HAL_DisableGlobalInterrupts
 .text.Cy_BLE_IPC_ControllerRegisterClientCallbacks
                0x10002fdc       0x28 .\CortexM0p\ARM_GCC_541\Debug\cy_ble_hal_pvt.o
                0x10002fdc                Cy_BLE_IPC_ControllerRegisterClientCallbacks
 .text.Cy_BLE_IPC_SendMessageToHost
                0x10003004       0x20 .\CortexM0p\ARM_GCC_541\Debug\cy_ble_hal_pvt.o
                0x10003004                Cy_BLE_IPC_SendMessageToHost
 .text.Cy_BLE_HAL_RcbRegRead
                0x10003024       0x50 .\CortexM0p\ARM_GCC_541\Debug\cy_ble_clk.o
 .text.Cy_BLE_HAL_RcbRegWrite
                0x10003074       0x4c .\CortexM0p\ARM_GCC_541\Debug\cy_ble_clk.o
 .text.Cy_BLE_HAL_MxdRadioEnableClocks
                0x100030c0      0x21c .\CortexM0p\ARM_GCC_541\Debug\cy_ble_clk.o
 .text.Cy_BLE_HAL_EcoSetTrim
                0x100032dc       0x38 .\CortexM0p\ARM_GCC_541\Debug\cy_ble_clk.o
 .text.Cy_BLE_EcoStop
                0x10003314       0x18 .\CortexM0p\ARM_GCC_541\Debug\cy_ble_clk.o
                0x10003314                Cy_BLE_EcoStop
 .text.Cy_BLE_HAL_Init
                0x1000332c       0x68 .\CortexM0p\ARM_GCC_541\Debug\cy_ble_clk.o
                0x1000332c                Cy_BLE_HAL_Init
 .text.Cy_BLE_EcoStart
                0x10003394      0x23c .\CortexM0p\ARM_GCC_541\Debug\cy_ble_clk.o
                0x10003394                Cy_BLE_EcoStart
 .text.Cy_BLE_HAL_EcoGetFrequency
                0x100035d0        0xc .\CortexM0p\ARM_GCC_541\Debug\cy_ble_clk.o
                0x100035d0                Cy_BLE_HAL_EcoGetFrequency
 .text.Cy_BLE_HAL_IsEcoCpuClockSrc
                0x100035dc       0x20 .\CortexM0p\ARM_GCC_541\Debug\cy_ble_clk.o
                0x100035dc                Cy_BLE_HAL_IsEcoCpuClockSrc
 .text.Cy_BLE_HAL_IsWcoLfclkSrc
                0x100035fc       0x24 .\CortexM0p\ARM_GCC_541\Debug\cy_ble_clk.o
                0x100035fc                Cy_BLE_HAL_IsWcoLfclkSrc
 .text          0x10003620      0x114 c:/program files (x86)/cypress/psoc creator/4.2/psoc creator/import/gnu/arm/5.4.1/bin/../lib/gcc/arm-none-eabi/5.4.1/armv6-m\libgcc.a(_udivsi3.o)
                0x10003620                __aeabi_uidiv
                0x10003620                __udivsi3
                0x1000372c                __aeabi_uidivmod
 .text          0x10003734      0x1d4 c:/program files (x86)/cypress/psoc creator/4.2/psoc creator/import/gnu/arm/5.4.1/bin/../lib/gcc/arm-none-eabi/5.4.1/armv6-m\libgcc.a(_divsi3.o)
                0x10003734                __divsi3
                0x10003734                __aeabi_idiv
                0x10003900                __aeabi_idivmod
 .text          0x10003908        0x4 c:/program files (x86)/cypress/psoc creator/4.2/psoc creator/import/gnu/arm/5.4.1/bin/../lib/gcc/arm-none-eabi/5.4.1/armv6-m\libgcc.a(_dvmd_tls.o)
                0x10003908                __aeabi_idiv0
                0x10003908                __aeabi_ldiv0
 .text          0x1000390c       0x40 c:/program files (x86)/cypress/psoc creator/4.2/psoc creator/import/gnu/arm/5.4.1/bin/../lib/gcc/arm-none-eabi/5.4.1/armv6-m\libgcc.a(_aeabi_uldivmod.o)
                0x1000390c                __aeabi_uldivmod
 .text          0x1000394c       0x58 c:/program files (x86)/cypress/psoc creator/4.2/psoc creator/import/gnu/arm/5.4.1/bin/../lib/gcc/arm-none-eabi/5.4.1/armv6-m\libgcc.a(_muldi3.o)
                0x1000394c                __muldi3
                0x1000394c                __aeabi_lmul
 .text          0x100039a4       0x3c c:/program files (x86)/cypress/psoc creator/4.2/psoc creator/import/gnu/arm/5.4.1/bin/../lib/gcc/arm-none-eabi/5.4.1/armv6-m\libgcc.a(_fixunsdfsi.o)
                0x100039a4                __aeabi_d2uiz
                0x100039a4                __fixunsdfsi
 .text          0x100039e0      0x180 c:/program files (x86)/cypress/psoc creator/4.2/psoc creator/import/gnu/arm/5.4.1/bin/../lib/gcc/arm-none-eabi/5.4.1/armv6-m\libgcc.a(_udivmoddi4.o)
                0x100039e0                __udivmoddi4
 .text          0x10003b60      0x62c c:/program files (x86)/cypress/psoc creator/4.2/psoc creator/import/gnu/arm/5.4.1/bin/../lib/gcc/arm-none-eabi/5.4.1/armv6-m\libgcc.a(divdf3.o)
                0x10003b60                __aeabi_ddiv
 .text          0x1000418c      0x4f4 c:/program files (x86)/cypress/psoc creator/4.2/psoc creator/import/gnu/arm/5.4.1/bin/../lib/gcc/arm-none-eabi/5.4.1/armv6-m\libgcc.a(muldf3.o)
                0x1000418c                __aeabi_dmul
 .text          0x10004680      0x6a8 c:/program files (x86)/cypress/psoc creator/4.2/psoc creator/import/gnu/arm/5.4.1/bin/../lib/gcc/arm-none-eabi/5.4.1/armv6-m\libgcc.a(subdf3.o)
                0x10004680                __aeabi_dsub
 .text          0x10004d28       0x6c c:/program files (x86)/cypress/psoc creator/4.2/psoc creator/import/gnu/arm/5.4.1/bin/../lib/gcc/arm-none-eabi/5.4.1/armv6-m\libgcc.a(fixdfsi.o)
                0x10004d28                __aeabi_d2iz
 .text          0x10004d94       0x70 c:/program files (x86)/cypress/psoc creator/4.2/psoc creator/import/gnu/arm/5.4.1/bin/../lib/gcc/arm-none-eabi/5.4.1/armv6-m\libgcc.a(floatunsidf.o)
                0x10004d94                __aeabi_ui2d
 .text          0x10004e04       0x7c c:/program files (x86)/cypress/psoc creator/4.2/psoc creator/import/gnu/arm/5.4.1/bin/../lib/gcc/arm-none-eabi/5.4.1/armv6-m\libgcc.a(_arm_cmpdf2.o)
                0x10004e04                __aeabi_cdrcmple
                0x10004e14                __aeabi_cdcmple
                0x10004e14                __aeabi_cdcmpeq
                0x10004e24                __aeabi_dcmpeq
                0x10004e30                __aeabi_dcmplt
                0x10004e44                __aeabi_dcmple
                0x10004e58                __aeabi_dcmpgt
                0x10004e6c                __aeabi_dcmpge
 .text          0x10004e80       0x3c c:/program files (x86)/cypress/psoc creator/4.2/psoc creator/import/gnu/arm/5.4.1/bin/../lib/gcc/arm-none-eabi/5.4.1/armv6-m\libgcc.a(_clzsi2.o)
                0x10004e80                __clzsi2
 .text          0x10004ebc       0x18 c:/program files (x86)/cypress/psoc creator/4.2/psoc creator/import/gnu/arm/5.4.1/bin/../lib/gcc/arm-none-eabi/5.4.1/armv6-m\libgcc.a(_clzdi2.o)
                0x10004ebc                __clzdi2
 .text          0x10004ed4       0x80 c:/program files (x86)/cypress/psoc creator/4.2/psoc creator/import/gnu/arm/5.4.1/bin/../lib/gcc/arm-none-eabi/5.4.1/armv6-m\libgcc.a(eqdf2.o)
                0x10004ed4                __nedf2
                0x10004ed4                __eqdf2
 .text          0x10004f54       0xc8 c:/program files (x86)/cypress/psoc creator/4.2/psoc creator/import/gnu/arm/5.4.1/bin/../lib/gcc/arm-none-eabi/5.4.1/armv6-m\libgcc.a(gedf2.o)
                0x10004f54                __gedf2
                0x10004f54                __gtdf2
 .text          0x1000501c       0xd4 c:/program files (x86)/cypress/psoc creator/4.2/psoc creator/import/gnu/arm/5.4.1/bin/../lib/gcc/arm-none-eabi/5.4.1/armv6-m\libgcc.a(ledf2.o)
                0x1000501c                __ledf2
                0x1000501c                __ltdf2
 .text.memcmp   0x100050f0       0x1e c:/program files (x86)/cypress/psoc creator/4.2/psoc creator/import/gnu/arm/5.4.1/bin/../lib/gcc/arm-none-eabi/5.4.1/../../../../arm-none-eabi/lib/armv6-m\libg_nano.a(lib_a-memcmp.o)
                0x100050f0                memcmp
 .text.memcpy   0x1000510e       0x12 c:/program files (x86)/cypress/psoc creator/4.2/psoc creator/import/gnu/arm/5.4.1/bin/../lib/gcc/arm-none-eabi/5.4.1/../../../../arm-none-eabi/lib/armv6-m\libg_nano.a(lib_a-memcpy-stub.o)
                0x1000510e                memcpy
 .text.memset   0x10005120       0x10 c:/program files (x86)/cypress/psoc creator/4.2/psoc creator/import/gnu/arm/5.4.1/bin/../lib/gcc/arm-none-eabi/5.4.1/../../../../arm-none-eabi/lib/armv6-m\libg_nano.a(lib_a-memset.o)
                0x10005120                memset
 .text.strncpy  0x10005130       0x26 c:/program files (x86)/cypress/psoc creator/4.2/psoc creator/import/gnu/arm/5.4.1/bin/../lib/gcc/arm-none-eabi/5.4.1/../../../../arm-none-eabi/lib/armv6-m\libg_nano.a(lib_a-strncpy.o)
                0x10005130                strncpy
 *(.init)
 *fill*         0x10005156        0x2 
 .init          0x10005158        0x4 c:/program files (x86)/cypress/psoc creator/4.2/psoc creator/import/gnu/arm/5.4.1/bin/../lib/gcc/arm-none-eabi/5.4.1/armv6-m/crti.o
                0x10005158                _init
 .init          0x1000515c        0x8 c:/program files (x86)/cypress/psoc creator/4.2/psoc creator/import/gnu/arm/5.4.1/bin/../lib/gcc/arm-none-eabi/5.4.1/armv6-m/crtn.o
 *(.fini)
 .fini          0x10005164        0x4 c:/program files (x86)/cypress/psoc creator/4.2/psoc creator/import/gnu/arm/5.4.1/bin/../lib/gcc/arm-none-eabi/5.4.1/armv6-m/crti.o
                0x10005164                _fini
 .fini          0x10005168        0x8 c:/program files (x86)/cypress/psoc creator/4.2/psoc creator/import/gnu/arm/5.4.1/bin/../lib/gcc/arm-none-eabi/5.4.1/armv6-m/crtn.o
 .fini.__stub   0x10005170       0x30 linker stubs
 *crtbegin.o(.ctors)
 *crtbegin?.o(.ctors)
 *(EXCLUDE_FILE(*crtend.o *crtend?.o) .ctors)
 *(SORT(.ctors.*))
 *(.ctors)
 *crtbegin.o(.dtors)
 *crtbegin?.o(.dtors)
 *(EXCLUDE_FILE(*crtend.o *crtend?.o) .dtors)
 *(SORT(.dtors.*))
 *(.dtors)
 *(.rodata .rodata.* .constdata .constdata.* .conststring .conststring.*)
 .rodata.str1.4
                0x100051a0        0xc .\CortexM0p\ARM_GCC_541\Debug\main_cm0p.o
 .rodata        0x100051ac       0x34 .\CortexM0p\ARM_GCC_541\Debug\cy_ipc_config.o
 .rodata        0x100051e0        0x8 .\CortexM0p\ARM_GCC_541\Debug\cyfitter_sysint_cfg.o
                0x100051e0                BLE_bless_isr_cfg
 .rodata        0x100051e8      0x110 .\CortexM0p\ARM_GCC_541\Debug\cyfitter_cfg.o
 .rodata        0x100052f8       0x40 .\CortexM0p\ARM_GCC_541\Debug\cy_sysint.o
 .rodata.str1.4
                0x10005338       0x41 .\CortexM0p\ARM_GCC_541\Debug\cy_sysint.o
 *fill*         0x10005379        0x3 
 .rodata.str1.4
                0x1000537c       0x7f .\CortexM0p\ARM_GCC_541\Debug\cy_ipc_drv.o
 *fill*         0x100053fb        0x1 
 .rodata.str1.4
                0x100053fc       0x3f .\CortexM0p\ARM_GCC_541\Debug\cy_ipc_sema.o
 *fill*         0x1000543b        0x1 
 .rodata.str1.4
                0x1000543c       0x40 .\CortexM0p\ARM_GCC_541\Debug\cy_ipc_pipe.o
                                 0x7f (size before relaxing)
 .rodata.str1.4
                0x1000547c       0x85 .\CortexM0p\ARM_GCC_541\Debug\cy_sysclk.o
 *fill*         0x10005501        0x3 
 .rodata.str1.4
                0x10005504       0x7d .\CortexM0p\ARM_GCC_541\Debug\cy_gpio.o
 *fill*         0x10005581        0x3 
 .rodata.str1.4
                0x10005584       0x3f .\CortexM0p\ARM_GCC_541\Debug\cy_syspm.o
 *fill*         0x100055c3        0x1 
 .rodata.str1.4
                0x100055c4       0x3d .\CortexM0p\ARM_GCC_541\Debug\cy_prot.o
 *fill*         0x10005601        0x3 
 .rodata.str1.4
                0x10005604       0x3c .\CortexM0p\ARM_GCC_541\Debug\cy_ble_hal_pvt.o
                                 0x3b (size before relaxing)
 .rodata        0x10005640       0x6c .\CortexM0p\ARM_GCC_541\Debug\cy_ble_clk.o
 .constdata     0x100056ac       0x48 Generated_Source\PSoC6\pdl\middleware\ble\lib\cy_ble_stack_gcc_controller_ipc_cm0p.a(config_bin.o)
                0x100056ac                bt_cfg_pdata
 .constdata     0x100056f4       0x10 Generated_Source\PSoC6\pdl\middleware\ble\lib\cy_ble_stack_gcc_controller_ipc_cm0p.a(ll_connection.o)
                0x100056f4                g_slave_clock_accuracy
 .constdata     0x10005704       0xd0 Generated_Source\PSoC6\pdl\middleware\ble\lib\cy_ble_stack_gcc_controller_ipc_cm0p.a(ll_pdu.o)
                0x10005704                enc_valid_pdu_list
                0x1000570c                fp_ll_pdu_handlers
                0x10005770                fp_ll_pdu_ack_handlers
 .constdata     0x100057d4       0x88 Generated_Source\PSoC6\pdl\middleware\ble\lib\cy_ble_stack_gcc_controller_ipc_cm0p.a(ll_privacy.o)
 .constdata     0x1000585c       0x40 Generated_Source\PSoC6\pdl\middleware\ble\lib\cy_ble_stack_gcc_controller_ipc_cm0p.a(ll_dle.o)
 .constdata     0x1000589c       0x50 Generated_Source\PSoC6\pdl\middleware\ble\lib\cy_ble_stack_gcc_controller_ipc_cm0p.a(ll_phy_update.o)
 .constdata     0x100058ec       0x84 Generated_Source\PSoC6\pdl\middleware\ble\lib\cy_ble_stack_gcc_controller_ipc_cm0p.a(lec_hci_le_commands.o)
 .constdata     0x10005970      0x3f6 Generated_Source\PSoC6\pdl\middleware\ble\lib\cy_ble_stack_gcc_controller_ipc_cm0p.a(lec_hci_le_commands.o)
 *fill*         0x10005d66        0x2 
 .constdata     0x10005d68       0x84 Generated_Source\PSoC6\pdl\middleware\ble\lib\cy_ble_stack_gcc_controller_ipc_cm0p.a(lec_hci_le_commands.o)
 .constdata     0x10005dec       0x84 Generated_Source\PSoC6\pdl\middleware\ble\lib\cy_ble_stack_gcc_controller_ipc_cm0p.a(lec_hci_le_commands.o)
 .constdata     0x10005e70       0x21 Generated_Source\PSoC6\pdl\middleware\ble\lib\cy_ble_stack_gcc_controller_ipc_cm0p.a(lec_hci_le_commands.o)
 .constdata     0x10005e91       0x40 Generated_Source\PSoC6\pdl\middleware\ble\lib\cy_ble_stack_gcc_controller_ipc_cm0p.a(lec_hci_le_common_commands.o)
                0x10005e91                Cu8_hci_le_supported_commands_array
 *fill*         0x10005ed1        0x3 
 .constdata     0x10005ed4       0xcc Generated_Source\PSoC6\pdl\middleware\ble\lib\cy_ble_stack_gcc_controller_ipc_cm0p.a(lec_hci_le_privacy.o)
 .constdata     0x10005fa0        0xc Generated_Source\PSoC6\pdl\middleware\ble\lib\cy_ble_stack_gcc_controller_ipc_cm0p.a(lec_hci_le_privacy.o)
 .constdata     0x10005fac       0x60 Generated_Source\PSoC6\pdl\middleware\ble\lib\cy_ble_stack_gcc_controller_ipc_cm0p.a(lec_hci_le_dle.o)
 .constdata     0x1000600c       0x78 Generated_Source\PSoC6\pdl\middleware\ble\lib\cy_ble_stack_gcc_controller_ipc_cm0p.a(lec_hci_le_phy_update.o)
 .conststring   0x10006084       0x87 Generated_Source\PSoC6\pdl\middleware\ble\lib\cy_ble_stack_gcc_controller_ipc_cm0p.a(drbg.o)
 *fill*         0x1000610b        0x1 
 .constdata     0x1000610c       0x60 Generated_Source\PSoC6\pdl\middleware\ble\lib\cy_ble_stack_gcc_radio_max_cm0p.a(CyBlessVer3.o)
                0x1000610c                rssiMap
 .rodata        0x1000616c       0x40 c:/program files (x86)/cypress/psoc creator/4.2/psoc creator/import/gnu/arm/5.4.1/bin/../lib/gcc/arm-none-eabi/5.4.1/armv6-m\libgcc.a(divdf3.o)
 .rodata        0x100061ac       0x40 c:/program files (x86)/cypress/psoc creator/4.2/psoc creator/import/gnu/arm/5.4.1/bin/../lib/gcc/arm-none-eabi/5.4.1/armv6-m\libgcc.a(muldf3.o)
 *(.eh_frame*)
 .eh_frame      0x100061ec        0x0 c:/program files (x86)/cypress/psoc creator/4.2/psoc creator/import/gnu/arm/5.4.1/bin/../lib/gcc/arm-none-eabi/5.4.1/armv6-m/crtbegin.o
 .eh_frame      0x100061ec        0x4 c:/program files (x86)/cypress/psoc creator/4.2/psoc creator/import/gnu/arm/5.4.1/bin/../lib/gcc/arm-none-eabi/5.4.1/armv6-m/crtend.o

.glue_7         0x100061f0        0x0
 .glue_7        0x100061f0        0x0 linker stubs

.glue_7t        0x100061f0        0x0
 .glue_7t       0x100061f0        0x0 linker stubs

.vfp11_veneer   0x100061f0        0x0
 .vfp11_veneer  0x100061f0        0x0 linker stubs

.v4_bx          0x100061f0        0x0
 .v4_bx         0x100061f0        0x0 linker stubs

.iplt           0x100061f0        0x0
 .iplt          0x100061f0        0x0 c:/program files (x86)/cypress/psoc creator/4.2/psoc creator/import/gnu/arm/5.4.1/bin/../lib/gcc/arm-none-eabi/5.4.1/armv6-m/crtbegin.o

i.CyBleStackMgr_Init
                0x100061f0       0xe8
 i.CyBleStackMgr_Init
                0x100061f0       0xe8 Generated_Source\PSoC6\pdl\middleware\ble\lib\cy_ble_stack_gcc_controller_ipc_cm0p.a(CyBleStackMgrIP_Interface.o)
                0x100061f0                CyBleStackMgr_Init

i.CyBleStackMgr_ProcessBleEvents
                0x100062d8       0x2c
 i.CyBleStackMgr_ProcessBleEvents
                0x100062d8       0x2c Generated_Source\PSoC6\pdl\middleware\ble\lib\cy_ble_stack_gcc_controller_ipc_cm0p.a(CyBleStackMgrIP_Interface.o)
                0x100062d8                CyBleStackMgr_ProcessBleEvents

i.CyBleStackMgr_Shutdown
                0x10006304       0x28
 i.CyBleStackMgr_Shutdown
                0x10006304       0x28 Generated_Source\PSoC6\pdl\middleware\ble\lib\cy_ble_stack_gcc_controller_ipc_cm0p.a(CyBleStackMgrIP_Interface.o)
                0x10006304                CyBleStackMgr_Shutdown

i.CyBle_GetHeapConfig
                0x1000632c        0x8
 i.CyBle_GetHeapConfig
                0x1000632c        0x8 Generated_Source\PSoC6\pdl\middleware\ble\lib\cy_ble_stack_gcc_controller_ipc_cm0p.a(CyBleStackMgrIP_Interface.o)
                0x1000632c                CyBle_GetHeapConfig

i.CyBle_GetHeapMemory
                0x10006334       0x3c
 i.CyBle_GetHeapMemory
                0x10006334       0x3c Generated_Source\PSoC6\pdl\middleware\ble\lib\cy_ble_stack_gcc_controller_ipc_cm0p.a(CyBleStackMgrIP_Interface.o)
                0x10006334                CyBle_GetHeapMemory

i.CyBle_StackGetConfigPtr
                0x10006370        0x8
 i.CyBle_StackGetConfigPtr
                0x10006370        0x8 Generated_Source\PSoC6\pdl\middleware\ble\lib\cy_ble_stack_gcc_controller_ipc_cm0p.a(CyBleStackMgrIP_Interface.o)
                0x10006370                CyBle_StackGetConfigPtr

i.Cy_BLE_EnableDleFeature
                0x10006378        0x8
 i.Cy_BLE_EnableDleFeature
                0x10006378        0x8 Generated_Source\PSoC6\pdl\middleware\ble\lib\cy_ble_stack_gcc_controller_ipc_cm0p.a(CyBleStackMgrIP_Interface.o)
                0x10006378                Cy_BLE_EnableDleFeature

i.Cy_BLE_GetStackLibraryVersion
                0x10006380       0x24
 i.Cy_BLE_GetStackLibraryVersion
                0x10006380       0x24 Generated_Source\PSoC6\pdl\middleware\ble\lib\cy_ble_stack_gcc_controller_ipc_cm0p.a(CyBleStackMgrIP_Interface.o)
                0x10006380                Cy_BLE_GetStackLibraryVersion

i.Cy_BLE_ProcessEvents
                0x100063a4        0x8
 i.Cy_BLE_ProcessEvents
                0x100063a4        0x8 Generated_Source\PSoC6\pdl\middleware\ble\lib\cy_ble_stack_gcc_controller_ipc_cm0p.a(CyBleStackMgrIP_Interface.o)
                0x100063a4                Cy_BLE_ProcessEvents

i.Cy_BLE_StackEnterLPM
                0x100063ac        0x8
 i.Cy_BLE_StackEnterLPM
                0x100063ac        0x8 Generated_Source\PSoC6\pdl\middleware\ble\lib\cy_ble_stack_gcc_controller_ipc_cm0p.a(CyBleStackMgrIP_Interface.o)
                0x100063ac                Cy_BLE_StackEnterLPM

i.Cy_BLE_StackGetBleSsState
                0x100063b4        0x8
 i.Cy_BLE_StackGetBleSsState
                0x100063b4        0x8 Generated_Source\PSoC6\pdl\middleware\ble\lib\cy_ble_stack_gcc_controller_ipc_cm0p.a(CyBleStackMgrIP_Interface.o)
                0x100063b4                Cy_BLE_StackGetBleSsState

i.Cy_BLE_StackInit
                0x100063bc       0x58
 i.Cy_BLE_StackInit
                0x100063bc       0x58 Generated_Source\PSoC6\pdl\middleware\ble\lib\cy_ble_stack_gcc_controller_ipc_cm0p.a(CyBleStackMgrIP_Interface.o)
                0x100063bc                Cy_BLE_StackInit

i.Cy_BLE_StackSetFeatureConfig
                0x10006414       0x54
 i.Cy_BLE_StackSetFeatureConfig
                0x10006414       0x54 Generated_Source\PSoC6\pdl\middleware\ble\lib\cy_ble_stack_gcc_controller_ipc_cm0p.a(CyBleStackMgrIP_Interface.o)
                0x10006414                Cy_BLE_StackSetFeatureConfig

i.ble_stack_idle_task_callback
                0x10006468        0x2
 i.ble_stack_idle_task_callback
                0x10006468        0x2 Generated_Source\PSoC6\pdl\middleware\ble\lib\cy_ble_stack_gcc_controller_ipc_cm0p.a(CyBleStackMgrIP_Interface.o)
                0x10006468                ble_stack_idle_task_callback

i.CyBleStackMgr_GetTime
                0x1000646c       0x28
 i.CyBleStackMgr_GetTime
                0x1000646c       0x28 Generated_Source\PSoC6\pdl\middleware\ble\lib\cy_ble_stack_gcc_controller_ipc_cm0p.a(CyBleStackMgr_PSoCHal.o)
                0x1000646c                CyBleStackMgr_GetTime

i.CyBleStackMgr_HalInit
                0x10006494       0x1c
 i.CyBleStackMgr_HalInit
                0x10006494       0x1c Generated_Source\PSoC6\pdl\middleware\ble\lib\cy_ble_stack_gcc_controller_ipc_cm0p.a(CyBleStackMgr_PSoCHal.o)
                0x10006494                CyBleStackMgr_HalInit

i.CyBleStackMgr_HalIntrEnable
                0x100064b0        0x8
 i.CyBleStackMgr_HalIntrEnable
                0x100064b0        0x8 Generated_Source\PSoC6\pdl\middleware\ble\lib\cy_ble_stack_gcc_controller_ipc_cm0p.a(CyBleStackMgr_PSoCHal.o)
                0x100064b0                CyBleStackMgr_HalIntrEnable

i.CyBleStackMgr_HciPortInit
                0x100064b8       0x18
 i.CyBleStackMgr_HciPortInit
                0x100064b8       0x18 Generated_Source\PSoC6\pdl\middleware\ble\lib\cy_ble_stack_gcc_controller_ipc_cm0p.a(CyBleStackMgr_PSoCHal.o)
                0x100064b8                CyBleStackMgr_HciPortInit

i.CyBleStackMgr_HciPortReset
                0x100064d0        0x8
 i.CyBleStackMgr_HciPortReset
                0x100064d0        0x8 Generated_Source\PSoC6\pdl\middleware\ble\lib\cy_ble_stack_gcc_controller_ipc_cm0p.a(CyBleStackMgr_PSoCHal.o)
                0x100064d0                CyBleStackMgr_HciPortReset

i.CyBleStackMgr_HciPortWrite
                0x100064d8        0x8
 i.CyBleStackMgr_HciPortWrite
                0x100064d8        0x8 Generated_Source\PSoC6\pdl\middleware\ble\lib\cy_ble_stack_gcc_controller_ipc_cm0p.a(CyBleStackMgr_PSoCHal.o)
                0x100064d8                CyBleStackMgr_HciPortWrite

i.CyBleStackMgr_TimerStart
                0x100064e0       0x20
 i.CyBleStackMgr_TimerStart
                0x100064e0       0x20 Generated_Source\PSoC6\pdl\middleware\ble\lib\cy_ble_stack_gcc_controller_ipc_cm0p.a(CyBleStackMgr_PSoCHal.o)
                0x100064e0                CyBleStackMgr_TimerStart

i.CyBleStackMgr_TimerStop
                0x10006500       0x18
 i.CyBleStackMgr_TimerStop
                0x10006500       0x18 Generated_Source\PSoC6\pdl\middleware\ble\lib\cy_ble_stack_gcc_controller_ipc_cm0p.a(CyBleStackMgr_PSoCHal.o)
                0x10006500                CyBleStackMgr_TimerStop

i.CyBleStackMgr_isTimerRunning
                0x10006518        0xc
 i.CyBleStackMgr_isTimerRunning
                0x10006518        0xc Generated_Source\PSoC6\pdl\middleware\ble\lib\cy_ble_stack_gcc_controller_ipc_cm0p.a(CyBleStackMgr_PSoCHal.o)
                0x10006518                CyBleStackMgr_isTimerRunning

i.CyBleStackMgr_BleSSFifoRead
                0x10006524       0x3c
 i.CyBleStackMgr_BleSSFifoRead
                0x10006524       0x3c Generated_Source\PSoC6\pdl\middleware\ble\lib\cy_ble_stack_gcc_controller_ipc_cm0p.a(CyBleStackMgr_BleSSDriver.o)
                0x10006524                CyBleStackMgr_BleSSFifoRead

i.CyBleStackMgr_BleSSFifoWrite
                0x10006560       0x30
 i.CyBleStackMgr_BleSSFifoWrite
                0x10006560       0x30 Generated_Source\PSoC6\pdl\middleware\ble\lib\cy_ble_stack_gcc_controller_ipc_cm0p.a(CyBleStackMgr_BleSSDriver.o)
                0x10006560                CyBleStackMgr_BleSSFifoWrite

i.CyBleStackMgr_BleSSInit
                0x10006590       0x70
 i.CyBleStackMgr_BleSSInit
                0x10006590       0x70 Generated_Source\PSoC6\pdl\middleware\ble\lib\cy_ble_stack_gcc_controller_ipc_cm0p.a(CyBleStackMgr_BleSSDriver.o)
                0x10006590                CyBleStackMgr_BleSSInit

i.CyBleStackMgr_BleSSMemRead
                0x10006600       0x30
 i.CyBleStackMgr_BleSSMemRead
                0x10006600       0x30 Generated_Source\PSoC6\pdl\middleware\ble\lib\cy_ble_stack_gcc_controller_ipc_cm0p.a(CyBleStackMgr_BleSSDriver.o)
                0x10006600                CyBleStackMgr_BleSSMemRead

i.CyBleStackMgr_BleSSMemWrite
                0x10006630       0x34
 i.CyBleStackMgr_BleSSMemWrite
                0x10006630       0x34 Generated_Source\PSoC6\pdl\middleware\ble\lib\cy_ble_stack_gcc_controller_ipc_cm0p.a(CyBleStackMgr_BleSSDriver.o)
                0x10006630                CyBleStackMgr_BleSSMemWrite

i.CyBleStackMgr_BleSSMemWriteFields
                0x10006664       0x70
 i.CyBleStackMgr_BleSSMemWriteFields
                0x10006664       0x70 Generated_Source\PSoC6\pdl\middleware\ble\lib\cy_ble_stack_gcc_controller_ipc_cm0p.a(CyBleStackMgr_BleSSDriver.o)
                0x10006664                CyBleStackMgr_BleSSMemWriteFields

i.CyBleStackMgr_BleSSReset
                0x100066d4       0x2c
 i.CyBleStackMgr_BleSSReset
                0x100066d4       0x2c Generated_Source\PSoC6\pdl\middleware\ble\lib\cy_ble_stack_gcc_controller_ipc_cm0p.a(CyBleStackMgr_BleSSDriver.o)
                0x100066d4                CyBleStackMgr_BleSSReset

i.CyBleStackMgr_BleSSShutdown
                0x10006700       0x34
 i.CyBleStackMgr_BleSSShutdown
                0x10006700       0x34 Generated_Source\PSoC6\pdl\middleware\ble\lib\cy_ble_stack_gcc_controller_ipc_cm0p.a(CyBleStackMgr_BleSSDriver.o)
                0x10006700                CyBleStackMgr_BleSSShutdown

i.CyBleStackMgr_GenericIface
                0x10006734       0x58
 i.CyBleStackMgr_GenericIface
                0x10006734       0x58 Generated_Source\PSoC6\pdl\middleware\ble\lib\cy_ble_stack_gcc_controller_ipc_cm0p.a(CyBleStackMgr_BleSSDriver.o)
                0x10006734                CyBleStackMgr_GenericIface

i.CyBleStackMgr_HandleBleSSIntr
                0x1000678c       0x70
 i.CyBleStackMgr_HandleBleSSIntr
                0x1000678c       0x70 Generated_Source\PSoC6\pdl\middleware\ble\lib\cy_ble_stack_gcc_controller_ipc_cm0p.a(CyBleStackMgr_BleSSDriver.o)
                0x1000678c                CyBleStackMgr_HandleBleSSIntr

i.CyBle_ControllerGetBleClockCfgParam
                0x100067fc       0x20
 i.CyBle_ControllerGetBleClockCfgParam
                0x100067fc       0x20 Generated_Source\PSoC6\pdl\middleware\ble\lib\cy_ble_stack_gcc_controller_ipc_cm0p.a(CyBleStackMgr_BleSSDriver.o)
                0x100067fc                CyBle_ControllerGetBleClockCfgParam

i.CyBle_ControllerGetTxPowerLevel
                0x1000681c       0x3c
 i.CyBle_ControllerGetTxPowerLevel
                0x1000681c       0x3c Generated_Source\PSoC6\pdl\middleware\ble\lib\cy_ble_stack_gcc_controller_ipc_cm0p.a(CyBleStackMgr_BleSSDriver.o)
                0x1000681c                CyBle_ControllerGetTxPowerLevel

i.CyBle_ControllerSetBleClockCfgParam
                0x10006858       0x30
 i.CyBle_ControllerSetBleClockCfgParam
                0x10006858       0x30 Generated_Source\PSoC6\pdl\middleware\ble\lib\cy_ble_stack_gcc_controller_ipc_cm0p.a(CyBleStackMgr_BleSSDriver.o)
                0x10006858                CyBle_ControllerSetBleClockCfgParam

i.CyBle_ControllerSetDcxoLdoTrim
                0x10006888       0x1c
 i.CyBle_ControllerSetDcxoLdoTrim
                0x10006888       0x1c Generated_Source\PSoC6\pdl\middleware\ble\lib\cy_ble_stack_gcc_controller_ipc_cm0p.a(CyBleStackMgr_BleSSDriver.o)
                0x10006888                CyBle_ControllerSetDcxoLdoTrim

i.CyBle_ControllerSetTxPowerLevel
                0x100068a4       0x20
 i.CyBle_ControllerSetTxPowerLevel
                0x100068a4       0x20 Generated_Source\PSoC6\pdl\middleware\ble\lib\cy_ble_stack_gcc_controller_ipc_cm0p.a(CyBleStackMgr_BleSSDriver.o)
                0x100068a4                CyBle_ControllerSetTxPowerLevel

i.CyBle_EnterDsmMode
                0x100068c4       0x34
 i.CyBle_EnterDsmMode
                0x100068c4       0x34 Generated_Source\PSoC6\pdl\middleware\ble\lib\cy_ble_stack_gcc_controller_ipc_cm0p.a(CyBleStackMgr_BleSSDriver.o)
                0x100068c4                CyBle_EnterDsmMode

i.CyBle_ExitDsmMode
                0x100068f8       0x34
 i.CyBle_ExitDsmMode
                0x100068f8       0x34 Generated_Source\PSoC6\pdl\middleware\ble\lib\cy_ble_stack_gcc_controller_ipc_cm0p.a(CyBleStackMgr_BleSSDriver.o)
                0x100068f8                CyBle_ExitDsmMode

i.CyBle_GetBleSsOperationalMode
                0x1000692c        0xc
 i.CyBle_GetBleSsOperationalMode
                0x1000692c        0xc Generated_Source\PSoC6\pdl\middleware\ble\lib\cy_ble_stack_gcc_controller_ipc_cm0p.a(CyBleStackMgr_BleSSDriver.o)
                0x1000692c                CyBle_GetBleSsOperationalMode

i.CyBle_GetEventCloseState
                0x10006938       0x10
 i.CyBle_GetEventCloseState
                0x10006938       0x10 Generated_Source\PSoC6\pdl\middleware\ble\lib\cy_ble_stack_gcc_controller_ipc_cm0p.a(CyBleStackMgr_BleSSDriver.o)
                0x10006938                CyBle_GetEventCloseState

i.CyBle_GetLpMode
                0x10006948       0x1c
 i.CyBle_GetLpMode
                0x10006948       0x1c Generated_Source\PSoC6\pdl\middleware\ble\lib\cy_ble_stack_gcc_controller_ipc_cm0p.a(CyBleStackMgr_BleSSDriver.o)
                0x10006948                CyBle_GetLpMode

i.CyBle_GetTxGainMode
                0x10006964        0xe
 i.CyBle_GetTxGainMode
                0x10006964        0xe Generated_Source\PSoC6\pdl\middleware\ble\lib\cy_ble_stack_gcc_controller_ipc_cm0p.a(CyBleStackMgr_BleSSDriver.o)
                0x10006964                CyBle_GetTxGainMode

i.CyBle_SetAutoWakeUp
                0x10006974        0xc
 i.CyBle_SetAutoWakeUp
                0x10006974        0xc Generated_Source\PSoC6\pdl\middleware\ble\lib\cy_ble_stack_gcc_controller_ipc_cm0p.a(CyBleStackMgr_BleSSDriver.o)
                0x10006974                CyBle_SetAutoWakeUp

i.CyBle_SetBleSsOperationalMode
                0x10006980       0x20
 i.CyBle_SetBleSsOperationalMode
                0x10006980       0x20 Generated_Source\PSoC6\pdl\middleware\ble\lib\cy_ble_stack_gcc_controller_ipc_cm0p.a(CyBleStackMgr_BleSSDriver.o)
                0x10006980                CyBle_SetBleSsOperationalMode

i.CyBle_SetEventCloseState
                0x100069a0        0xc
 i.CyBle_SetEventCloseState
                0x100069a0        0xc Generated_Source\PSoC6\pdl\middleware\ble\lib\cy_ble_stack_gcc_controller_ipc_cm0p.a(CyBleStackMgr_BleSSDriver.o)
                0x100069a0                CyBle_SetEventCloseState

i.CyBle_CheckBleStackTaskStatus
                0x100069ac        0x4
 i.CyBle_CheckBleStackTaskStatus
                0x100069ac        0x4 Generated_Source\PSoC6\pdl\middleware\ble\lib\cy_ble_stack_gcc_controller_ipc_cm0p.a(CyBleStackMgr_StackTaskHandler.o)
                0x100069ac                CyBle_CheckBleStackTaskStatus

i.CyBle_CreateBleStackTask
                0x100069b0       0x30
 i.CyBle_CreateBleStackTask
                0x100069b0       0x30 Generated_Source\PSoC6\pdl\middleware\ble\lib\cy_ble_stack_gcc_controller_ipc_cm0p.a(CyBleStackMgr_StackTaskHandler.o)
                0x100069b0                CyBle_CreateBleStackTask

i.CyBle_SignalBleStackTask
                0x100069e0       0x44
 i.CyBle_SignalBleStackTask
                0x100069e0       0x44 Generated_Source\PSoC6\pdl\middleware\ble\lib\cy_ble_stack_gcc_controller_ipc_cm0p.a(CyBleStackMgr_StackTaskHandler.o)
                0x100069e0                CyBle_SignalBleStackTask

i.CyBle_StackTaskHandler
                0x10006a24       0x26
 i.CyBle_StackTaskHandler
                0x10006a24       0x26 Generated_Source\PSoC6\pdl\middleware\ble\lib\cy_ble_stack_gcc_controller_ipc_cm0p.a(CyBleStackMgr_StackTaskHandler.o)
                0x10006a24                CyBle_StackTaskHandler

i.IsStackTaskFree
                0x10006a4c       0x10
 i.IsStackTaskFree
                0x10006a4c       0x10 Generated_Source\PSoC6\pdl\middleware\ble\lib\cy_ble_stack_gcc_controller_ipc_cm0p.a(CyBleStackMgr_StackTaskHandler.o)
                0x10006a4c                IsStackTaskFree

i.BT_start_timer
                0x10006a5c       0xe4
 i.BT_start_timer
                0x10006a5c       0xe4 Generated_Source\PSoC6\pdl\middleware\ble\lib\cy_ble_stack_gcc_controller_ipc_cm0p.a(BT_timer.o)
                0x10006a5c                BT_start_timer

i.BT_start_timer_controller
                0x10006b40       0x28
 i.BT_start_timer_controller
                0x10006b40       0x28 Generated_Source\PSoC6\pdl\middleware\ble\lib\cy_ble_stack_gcc_controller_ipc_cm0p.a(BT_timer.o)
                0x10006b40                BT_start_timer_controller

i.BT_start_timer_pilo
                0x10006b68       0x28
 i.BT_start_timer_pilo
                0x10006b68       0x28 Generated_Source\PSoC6\pdl\middleware\ble\lib\cy_ble_stack_gcc_controller_ipc_cm0p.a(BT_timer.o)
                0x10006b68                BT_start_timer_pilo

i.BT_stop_timer
                0x10006b90       0xa0
 i.BT_stop_timer
                0x10006b90       0xa0 Generated_Source\PSoC6\pdl\middleware\ble\lib\cy_ble_stack_gcc_controller_ipc_cm0p.a(BT_timer.o)
                0x10006b90                BT_stop_timer

i.BT_stop_timer_controller
                0x10006c30       0x28
 i.BT_stop_timer_controller
                0x10006c30       0x28 Generated_Source\PSoC6\pdl\middleware\ble\lib\cy_ble_stack_gcc_controller_ipc_cm0p.a(BT_timer.o)
                0x10006c30                BT_stop_timer_controller

i.BT_stop_timer_pilo
                0x10006c58       0x28
 i.BT_stop_timer_pilo
                0x10006c58       0x28 Generated_Source\PSoC6\pdl\middleware\ble\lib\cy_ble_stack_gcc_controller_ipc_cm0p.a(BT_timer.o)
                0x10006c58                BT_stop_timer_pilo

i.BT_timer_process_signals
                0x10006c80       0xd4
 i.BT_timer_process_signals
                0x10006c80       0xd4 Generated_Source\PSoC6\pdl\middleware\ble\lib\cy_ble_stack_gcc_controller_ipc_cm0p.a(BT_timer.o)
                0x10006c80                BT_timer_process_signals

i.timer_allocated_entity
                0x10006d54       0x34
 i.timer_allocated_entity
                0x10006d54       0x34 Generated_Source\PSoC6\pdl\middleware\ble\lib\cy_ble_stack_gcc_controller_ipc_cm0p.a(BT_timer.o)
                0x10006d54                timer_allocated_entity

i.timer_init    0x10006d88       0x30
 i.timer_init   0x10006d88       0x30 Generated_Source\PSoC6\pdl\middleware\ble\lib\cy_ble_stack_gcc_controller_ipc_cm0p.a(BT_timer.o)
                0x10006d88                timer_init

i.timer_update_offsets
                0x10006db8       0x34
 i.timer_update_offsets
                0x10006db8       0x34 Generated_Source\PSoC6\pdl\middleware\ble\lib\cy_ble_stack_gcc_controller_ipc_cm0p.a(BT_timer.o)

i.BT_ISROSQPost
                0x10006dec        0xa
 i.BT_ISROSQPost
                0x10006dec        0xa Generated_Source\PSoC6\pdl\middleware\ble\lib\cy_ble_stack_gcc_controller_ipc_cm0p.a(bt_os_common.o)
                0x10006dec                BT_ISROSQPost

i.BT_OSQPost    0x10006df6        0xa
 i.BT_OSQPost   0x10006df6        0xa Generated_Source\PSoC6\pdl\middleware\ble\lib\cy_ble_stack_gcc_controller_ipc_cm0p.a(bt_os_common.o)
                0x10006df6                BT_OSQPost

i.BT_thread_create
                0x10006e00       0x30
 i.BT_thread_create
                0x10006e00       0x30 Generated_Source\PSoC6\pdl\middleware\ble\lib\cy_ble_stack_gcc_controller_ipc_cm0p.a(bt_os_common.o)
                0x10006e00                BT_thread_create

i.pf_timer_handle_tick
                0x10006e30       0x20
 i.pf_timer_handle_tick
                0x10006e30       0x20 Generated_Source\PSoC6\pdl\middleware\ble\lib\cy_ble_stack_gcc_controller_ipc_cm0p.a(bt_os_common.o)
                0x10006e30                pf_timer_handle_tick

i.CyPilo_ApplyTrim
                0x10006e50       0x88
 i.CyPilo_ApplyTrim
                0x10006e50       0x88 Generated_Source\PSoC6\pdl\middleware\ble\lib\cy_ble_stack_gcc_controller_ipc_cm0p.a(CyBleStackMgrIP_Pilo.o)

i.CyPilo_DSMExitCalibration
                0x10006ed8       0x14
 i.CyPilo_DSMExitCalibration
                0x10006ed8       0x14 Generated_Source\PSoC6\pdl\middleware\ble\lib\cy_ble_stack_gcc_controller_ipc_cm0p.a(CyBleStackMgrIP_Pilo.o)
                0x10006ed8                CyPilo_DSMExitCalibration

i.CyPilo_GetState
                0x10006eec        0xc
 i.CyPilo_GetState
                0x10006eec        0xc Generated_Source\PSoC6\pdl\middleware\ble\lib\cy_ble_stack_gcc_controller_ipc_cm0p.a(CyBleStackMgrIP_Pilo.o)
                0x10006eec                CyPilo_GetState

i.CyPilo_InitCalibration
                0x10006ef8       0x18
 i.CyPilo_InitCalibration
                0x10006ef8       0x18 Generated_Source\PSoC6\pdl\middleware\ble\lib\cy_ble_stack_gcc_controller_ipc_cm0p.a(CyBleStackMgrIP_Pilo.o)
                0x10006ef8                CyPilo_InitCalibration

i.CyPilo_PeriodicCalibTimeout
                0x10006f10       0x24
 i.CyPilo_PeriodicCalibTimeout
                0x10006f10       0x24 Generated_Source\PSoC6\pdl\middleware\ble\lib\cy_ble_stack_gcc_controller_ipc_cm0p.a(CyBleStackMgrIP_Pilo.o)

i.CyPilo_RetryCalibration
                0x10006f34       0x20
 i.CyPilo_RetryCalibration
                0x10006f34       0x20 Generated_Source\PSoC6\pdl\middleware\ble\lib\cy_ble_stack_gcc_controller_ipc_cm0p.a(CyBleStackMgrIP_Pilo.o)

i.CyPilo_SetCalibInterval
                0x10006f54        0xc
 i.CyPilo_SetCalibInterval
                0x10006f54        0xc Generated_Source\PSoC6\pdl\middleware\ble\lib\cy_ble_stack_gcc_controller_ipc_cm0p.a(CyBleStackMgrIP_Pilo.o)
                0x10006f54                CyPilo_SetCalibInterval

i.CyPilo_SetState
                0x10006f60        0xc
 i.CyPilo_SetState
                0x10006f60        0xc Generated_Source\PSoC6\pdl\middleware\ble\lib\cy_ble_stack_gcc_controller_ipc_cm0p.a(CyBleStackMgrIP_Pilo.o)
                0x10006f60                CyPilo_SetState

i.CyPilo_ShutdownCalibration
                0x10006f6c       0x1c
 i.CyPilo_ShutdownCalibration
                0x10006f6c       0x1c Generated_Source\PSoC6\pdl\middleware\ble\lib\cy_ble_stack_gcc_controller_ipc_cm0p.a(CyBleStackMgrIP_Pilo.o)
                0x10006f6c                CyPilo_ShutdownCalibration

i.CyPilo_StopPeriodicTimer
                0x10006f88       0x10
 i.CyPilo_StopPeriodicTimer
                0x10006f88       0x10 Generated_Source\PSoC6\pdl\middleware\ble\lib\cy_ble_stack_gcc_controller_ipc_cm0p.a(CyBleStackMgrIP_Pilo.o)
                0x10006f88                CyPilo_StopPeriodicTimer

i.CyPilo_TriggerCalibration
                0x10006f98       0x54
 i.CyPilo_TriggerCalibration
                0x10006f98       0x54 Generated_Source\PSoC6\pdl\middleware\ble\lib\cy_ble_stack_gcc_controller_ipc_cm0p.a(CyBleStackMgrIP_Pilo.o)
                0x10006f98                CyPilo_TriggerCalibration

i.CyPilo_UpdateCalibInterval
                0x10006fec       0x34
 i.CyPilo_UpdateCalibInterval
                0x10006fec       0x34 Generated_Source\PSoC6\pdl\middleware\ble\lib\cy_ble_stack_gcc_controller_ipc_cm0p.a(CyBleStackMgrIP_Pilo.o)
                0x10006fec                CyPilo_UpdateCalibInterval

i.OS_init       0x10007020       0x64
 i.OS_init      0x10007020       0x64 Generated_Source\PSoC6\pdl\middleware\ble\lib\cy_ble_stack_gcc_controller_ipc_cm0p.a(mint_os.o)
                0x10007020                OS_init

i.OS_shutdown   0x10007084        0x4
 i.OS_shutdown  0x10007084        0x4 Generated_Source\PSoC6\pdl\middleware\ble\lib\cy_ble_stack_gcc_controller_ipc_cm0p.a(mint_os.o)
                0x10007084                OS_shutdown

i.mintos_malloc
                0x10007088       0x34
 i.mintos_malloc
                0x10007088       0x34 Generated_Source\PSoC6\pdl\middleware\ble\lib\cy_ble_stack_gcc_controller_ipc_cm0p.a(mint_os.o)
                0x10007088                mintos_malloc

i.OS_create_queue
                0x100070bc       0x64
 i.OS_create_queue
                0x100070bc       0x64 Generated_Source\PSoC6\pdl\middleware\ble\lib\cy_ble_stack_gcc_controller_ipc_cm0p.a(mint_os_queue.o)
                0x100070bc                OS_create_queue

i.OS_enqueue_item
                0x10007120       0x8c
 i.OS_enqueue_item
                0x10007120       0x8c Generated_Source\PSoC6\pdl\middleware\ble\lib\cy_ble_stack_gcc_controller_ipc_cm0p.a(mint_os_queue.o)
                0x10007120                OS_enqueue_item

i.OS_queue_get_num_of_items
                0x100071ac       0x28
 i.OS_queue_get_num_of_items
                0x100071ac       0x28 Generated_Source\PSoC6\pdl\middleware\ble\lib\cy_ble_stack_gcc_controller_ipc_cm0p.a(mint_os_queue.o)
                0x100071ac                OS_queue_get_num_of_items

i.OS_queue_mgmt_init
                0x100071d4       0x40
 i.OS_queue_mgmt_init
                0x100071d4       0x40 Generated_Source\PSoC6\pdl\middleware\ble\lib\cy_ble_stack_gcc_controller_ipc_cm0p.a(mint_os_queue.o)
                0x100071d4                OS_queue_mgmt_init

i.OS_remove_item
                0x10007214       0xa0
 i.OS_remove_item
                0x10007214       0xa0 Generated_Source\PSoC6\pdl\middleware\ble\lib\cy_ble_stack_gcc_controller_ipc_cm0p.a(mint_os_queue.o)
                0x10007214                OS_remove_item

i.OS_create_task
                0x100072b4       0x88
 i.OS_create_task
                0x100072b4       0x88 Generated_Source\PSoC6\pdl\middleware\ble\lib\cy_ble_stack_gcc_controller_ipc_cm0p.a(mint_os_task.o)
                0x100072b4                OS_create_task

i.OS_is_task_free
                0x1000733c       0x30
 i.OS_is_task_free
                0x1000733c       0x30 Generated_Source\PSoC6\pdl\middleware\ble\lib\cy_ble_stack_gcc_controller_ipc_cm0p.a(mint_os_task.o)
                0x1000733c                OS_is_task_free

i.OS_isr_send_signal_to_task
                0x1000736c        0xc
 i.OS_isr_send_signal_to_task
                0x1000736c        0xc Generated_Source\PSoC6\pdl\middleware\ble\lib\cy_ble_stack_gcc_controller_ipc_cm0p.a(mint_os_task.o)
                0x1000736c                OS_isr_send_signal_to_task

i.OS_scheduler  0x10007378       0x64
 i.OS_scheduler
                0x10007378       0x64 Generated_Source\PSoC6\pdl\middleware\ble\lib\cy_ble_stack_gcc_controller_ipc_cm0p.a(mint_os_task.o)
                0x10007378                OS_scheduler

i.OS_send_signal_to_task
                0x100073dc        0xc
 i.OS_send_signal_to_task
                0x100073dc        0xc Generated_Source\PSoC6\pdl\middleware\ble\lib\cy_ble_stack_gcc_controller_ipc_cm0p.a(mint_os_task.o)
                0x100073dc                OS_send_signal_to_task

i.OS_send_signal_to_task_context
                0x100073e8       0x3c
 i.OS_send_signal_to_task_context
                0x100073e8       0x3c Generated_Source\PSoC6\pdl\middleware\ble\lib\cy_ble_stack_gcc_controller_ipc_cm0p.a(mint_os_task.o)

i.OS_task_mgmt_init
                0x10007424       0x50
 i.OS_task_mgmt_init
                0x10007424       0x50 Generated_Source\PSoC6\pdl\middleware\ble\lib\cy_ble_stack_gcc_controller_ipc_cm0p.a(mint_os_task.o)
                0x10007424                OS_task_mgmt_init

i.mint_buf_mgmt_allocate_buffer
                0x10007474       0x4c
 i.mint_buf_mgmt_allocate_buffer
                0x10007474       0x4c Generated_Source\PSoC6\pdl\middleware\ble\lib\cy_ble_stack_gcc_controller_ipc_cm0p.a(mint_buf_mgmt.o)
                0x10007474                mint_buf_mgmt_allocate_buffer

i.mint_buf_mgmt_create_pool
                0x100074c0       0xd4
 i.mint_buf_mgmt_create_pool
                0x100074c0       0xd4 Generated_Source\PSoC6\pdl\middleware\ble\lib\cy_ble_stack_gcc_controller_ipc_cm0p.a(mint_buf_mgmt.o)
                0x100074c0                mint_buf_mgmt_create_pool

i.mint_buf_mgmt_free_buffer
                0x10007594       0xa4
 i.mint_buf_mgmt_free_buffer
                0x10007594       0xa4 Generated_Source\PSoC6\pdl\middleware\ble\lib\cy_ble_stack_gcc_controller_ipc_cm0p.a(mint_buf_mgmt.o)
                0x10007594                mint_buf_mgmt_free_buffer

i.mint_buf_mgmt_init
                0x10007638       0x44
 i.mint_buf_mgmt_init
                0x10007638       0x44 Generated_Source\PSoC6\pdl\middleware\ble\lib\cy_ble_stack_gcc_controller_ipc_cm0p.a(mint_buf_mgmt.o)
                0x10007638                mint_buf_mgmt_init

i.mint_buf_mgmt_malloc
                0x1000767c       0x28
 i.mint_buf_mgmt_malloc
                0x1000767c       0x28 Generated_Source\PSoC6\pdl\middleware\ble\lib\cy_ble_stack_gcc_controller_ipc_cm0p.a(mint_buf_mgmt.o)
                0x1000767c                mint_buf_mgmt_malloc

i.mint_buf_mgmt_pl_init
                0x100076a4       0x4c
 i.mint_buf_mgmt_pl_init
                0x100076a4       0x4c Generated_Source\PSoC6\pdl\middleware\ble\lib\cy_ble_stack_gcc_controller_ipc_cm0p.a(mint_buf_mgmt.o)
                0x100076a4                mint_buf_mgmt_pl_init

i.mint_buf_mgmt_reset_pool
                0x100076f0       0x70
 i.mint_buf_mgmt_reset_pool
                0x100076f0       0x70 Generated_Source\PSoC6\pdl\middleware\ble\lib\cy_ble_stack_gcc_controller_ipc_cm0p.a(mint_buf_mgmt.o)
                0x100076f0                mint_buf_mgmt_reset_pool

i.mint_buf_mgmt_stack_init
                0x10007760       0x24
 i.mint_buf_mgmt_stack_init
                0x10007760       0x24 Generated_Source\PSoC6\pdl\middleware\ble\lib\cy_ble_stack_gcc_controller_ipc_cm0p.a(mint_buf_mgmt.o)
                0x10007760                mint_buf_mgmt_stack_init

i.mint_buf_mgmt_stack_pop
                0x10007784       0x36
 i.mint_buf_mgmt_stack_pop
                0x10007784       0x36 Generated_Source\PSoC6\pdl\middleware\ble\lib\cy_ble_stack_gcc_controller_ipc_cm0p.a(mint_buf_mgmt.o)
                0x10007784                mint_buf_mgmt_stack_pop

i.mint_buf_mgmt_stack_push
                0x100077ba       0x36
 i.mint_buf_mgmt_stack_push
                0x100077ba       0x36 Generated_Source\PSoC6\pdl\middleware\ble\lib\cy_ble_stack_gcc_controller_ipc_cm0p.a(mint_buf_mgmt.o)
                0x100077ba                mint_buf_mgmt_stack_push

i.mint_buf_mgmt_stack_reset
                0x100077f0       0x1e
 i.mint_buf_mgmt_stack_reset
                0x100077f0       0x1e Generated_Source\PSoC6\pdl\middleware\ble\lib\cy_ble_stack_gcc_controller_ipc_cm0p.a(mint_buf_mgmt.o)
                0x100077f0                mint_buf_mgmt_stack_reset

i.mint_buf_mgmt_stack_search_item
                0x1000780e       0x30
 i.mint_buf_mgmt_stack_search_item
                0x1000780e       0x30 Generated_Source\PSoC6\pdl\middleware\ble\lib\cy_ble_stack_gcc_controller_ipc_cm0p.a(mint_buf_mgmt.o)
                0x1000780e                mint_buf_mgmt_stack_search_item

i.CyBleController_HciIpcExtractPacket
                0x10007840       0x84
 i.CyBleController_HciIpcExtractPacket
                0x10007840       0x84 Generated_Source\PSoC6\pdl\middleware\ble\lib\cy_ble_stack_gcc_controller_ipc_cm0p.a(transport_ipc.o)
                0x10007840                CyBleController_HciIpcExtractPacket

i.CyBleController_HciIpcInit
                0x100078c4       0x10
 i.CyBleController_HciIpcInit
                0x100078c4       0x10 Generated_Source\PSoC6\pdl\middleware\ble\lib\cy_ble_stack_gcc_controller_ipc_cm0p.a(transport_ipc.o)
                0x100078c4                CyBleController_HciIpcInit

i.CyBleController_HciIpcMsgCompleteReceive
                0x100078d4       0x20
 i.CyBleController_HciIpcMsgCompleteReceive
                0x100078d4       0x20 Generated_Source\PSoC6\pdl\middleware\ble\lib\cy_ble_stack_gcc_controller_ipc_cm0p.a(transport_ipc.o)
                0x100078d4                CyBleController_HciIpcMsgCompleteReceive

i.CyBleController_HciIpcMsgReceive
                0x100078f4       0xb4
 i.CyBleController_HciIpcMsgReceive
                0x100078f4       0xb4 Generated_Source\PSoC6\pdl\middleware\ble\lib\cy_ble_stack_gcc_controller_ipc_cm0p.a(transport_ipc.o)
                0x100078f4                CyBleController_HciIpcMsgReceive

i.CyBleController_HciIpcSend
                0x100079a8       0x16
 i.CyBleController_HciIpcSend
                0x100079a8       0x16 Generated_Source\PSoC6\pdl\middleware\ble\lib\cy_ble_stack_gcc_controller_ipc_cm0p.a(transport_ipc.o)
                0x100079a8                CyBleController_HciIpcSend

i.CyBleController_IpcSendStackInitHWError
                0x100079be        0x8
 i.CyBleController_IpcSendStackInitHWError
                0x100079be        0x8 Generated_Source\PSoC6\pdl\middleware\ble\lib\cy_ble_stack_gcc_controller_ipc_cm0p.a(transport_ipc.o)
                0x100079be                CyBleController_IpcSendStackInitHWError

i.CyBleController_IPC_HAL_Init
                0x100079c8       0x40
 i.CyBleController_IPC_HAL_Init
                0x100079c8       0x40 Generated_Source\PSoC6\pdl\middleware\ble\lib\cy_ble_stack_gcc_controller_ipc_cm0p.a(CyBleStackMgr_PSoCIPCHal.o)
                0x100079c8                CyBleController_IPC_HAL_Init

i.CyBleController_IPC_HAL_InitWithStaticMem
                0x10007a08       0x10
 i.CyBleController_IPC_HAL_InitWithStaticMem
                0x10007a08       0x10 Generated_Source\PSoC6\pdl\middleware\ble\lib\cy_ble_stack_gcc_controller_ipc_cm0p.a(CyBleStackMgr_PSoCIPCHal.o)
                0x10007a08                CyBleController_IPC_HAL_InitWithStaticMem

i.CyBleController_IPC_HAL_IsQueueEmpty
                0x10007a18       0x24
 i.CyBleController_IPC_HAL_IsQueueEmpty
                0x10007a18       0x24 Generated_Source\PSoC6\pdl\middleware\ble\lib\cy_ble_stack_gcc_controller_ipc_cm0p.a(CyBleStackMgr_PSoCIPCHal.o)
                0x10007a18                CyBleController_IPC_HAL_IsQueueEmpty

i.CyBleController_IPC_HAL_PipeReleaseCallback
                0x10007a3c       0x1c
 i.CyBleController_IPC_HAL_PipeReleaseCallback
                0x10007a3c       0x1c Generated_Source\PSoC6\pdl\middleware\ble\lib\cy_ble_stack_gcc_controller_ipc_cm0p.a(CyBleStackMgr_PSoCIPCHal.o)

i.CyBleController_IPC_HAL_ProcessMsgQ
                0x10007a58       0x40
 i.CyBleController_IPC_HAL_ProcessMsgQ
                0x10007a58       0x40 Generated_Source\PSoC6\pdl\middleware\ble\lib\cy_ble_stack_gcc_controller_ipc_cm0p.a(CyBleStackMgr_PSoCIPCHal.o)
                0x10007a58                CyBleController_IPC_HAL_ProcessMsgQ

i.CyBleController_IPC_HAL_PushMessage
                0x10007a98       0x4c
 i.CyBleController_IPC_HAL_PushMessage
                0x10007a98       0x4c Generated_Source\PSoC6\pdl\middleware\ble\lib\cy_ble_stack_gcc_controller_ipc_cm0p.a(CyBleStackMgr_PSoCIPCHal.o)

i.CyBleController_IPC_HAL_Reset
                0x10007ae4        0x2
 i.CyBleController_IPC_HAL_Reset
                0x10007ae4        0x2 Generated_Source\PSoC6\pdl\middleware\ble\lib\cy_ble_stack_gcc_controller_ipc_cm0p.a(CyBleStackMgr_PSoCIPCHal.o)
                0x10007ae4                CyBleController_IPC_HAL_Reset

i.CyBleController_IPC_HAL_SendEnqueue
                0x10007ae6       0x10
 i.CyBleController_IPC_HAL_SendEnqueue
                0x10007ae6       0x10 Generated_Source\PSoC6\pdl\middleware\ble\lib\cy_ble_stack_gcc_controller_ipc_cm0p.a(CyBleStackMgr_PSoCIPCHal.o)
                0x10007ae6                CyBleController_IPC_HAL_SendEnqueue

i.CyBle_ControllerAesCcmDecrypt
                0x10007af8       0x50
 i.CyBle_ControllerAesCcmDecrypt
                0x10007af8       0x50 Generated_Source\PSoC6\pdl\middleware\ble\lib\cy_ble_stack_gcc_controller_ipc_cm0p.a(CyBleControllerIP_Interface.o)
                0x10007af8                CyBle_ControllerAesCcmDecrypt

i.CyBle_ControllerAesCcmEncrypt
                0x10007b48       0x44
 i.CyBle_ControllerAesCcmEncrypt
                0x10007b48       0x44 Generated_Source\PSoC6\pdl\middleware\ble\lib\cy_ble_stack_gcc_controller_ipc_cm0p.a(CyBleControllerIP_Interface.o)
                0x10007b48                CyBle_ControllerAesCcmEncrypt

i.CyBle_ControllerAesEncrypt
                0x10007b8c       0x60
 i.CyBle_ControllerAesEncrypt
                0x10007b8c       0x60 Generated_Source\PSoC6\pdl\middleware\ble\lib\cy_ble_stack_gcc_controller_ipc_cm0p.a(CyBleControllerIP_Interface.o)
                0x10007b8c                CyBle_ControllerAesEncrypt

i.CyBle_ControllerDisableDleFeature
                0x10007bec       0x10
 i.CyBle_ControllerDisableDleFeature
                0x10007bec       0x10 Generated_Source\PSoC6\pdl\middleware\ble\lib\cy_ble_stack_gcc_controller_ipc_cm0p.a(CyBleControllerIP_Interface.o)
                0x10007bec                CyBle_ControllerDisableDleFeature

i.CyBle_ControllerDisablePhyUpdateFeature
                0x10007bfc        0xc
 i.CyBle_ControllerDisablePhyUpdateFeature
                0x10007bfc        0xc Generated_Source\PSoC6\pdl\middleware\ble\lib\cy_ble_stack_gcc_controller_ipc_cm0p.a(CyBleControllerIP_Interface.o)
                0x10007bfc                CyBle_ControllerDisablePhyUpdateFeature

i.CyBle_ControllerDisablePrivacyFeature
                0x10007c08        0xc
 i.CyBle_ControllerDisablePrivacyFeature
                0x10007c08        0xc Generated_Source\PSoC6\pdl\middleware\ble\lib\cy_ble_stack_gcc_controller_ipc_cm0p.a(CyBleControllerIP_Interface.o)
                0x10007c08                CyBle_ControllerDisablePrivacyFeature

i.CyBle_ControllerEnableDleFeature
                0x10007c14       0x14
 i.CyBle_ControllerEnableDleFeature
                0x10007c14       0x14 Generated_Source\PSoC6\pdl\middleware\ble\lib\cy_ble_stack_gcc_controller_ipc_cm0p.a(CyBleControllerIP_Interface.o)
                0x10007c14                CyBle_ControllerEnableDleFeature

i.CyBle_ControllerEnterLPM
                0x10007c28       0x14
 i.CyBle_ControllerEnterLPM
                0x10007c28       0x14 Generated_Source\PSoC6\pdl\middleware\ble\lib\cy_ble_stack_gcc_controller_ipc_cm0p.a(CyBleControllerIP_Interface.o)
                0x10007c28                CyBle_ControllerEnterLPM

i.CyBle_ControllerExitLPM
                0x10007c3c       0x10
 i.CyBle_ControllerExitLPM
                0x10007c3c       0x10 Generated_Source\PSoC6\pdl\middleware\ble\lib\cy_ble_stack_gcc_controller_ipc_cm0p.a(CyBleControllerIP_Interface.o)
                0x10007c3c                CyBle_ControllerExitLPM

i.CyBle_ControllerGetBleSsState
                0x10007c4c       0x10
 i.CyBle_ControllerGetBleSsState
                0x10007c4c       0x10 Generated_Source\PSoC6\pdl\middleware\ble\lib\cy_ble_stack_gcc_controller_ipc_cm0p.a(CyBleControllerIP_Interface.o)
                0x10007c4c                CyBle_ControllerGetBleSsState

i.CyBle_ControllerGetFeatureHeapReq
                0x10007c5c       0x56
 i.CyBle_ControllerGetFeatureHeapReq
                0x10007c5c       0x56 Generated_Source\PSoC6\pdl\middleware\ble\lib\cy_ble_stack_gcc_controller_ipc_cm0p.a(CyBleControllerIP_Interface.o)
                0x10007c5c                CyBle_ControllerGetFeatureHeapReq

i.CyBle_ControllerGetFirmwareProgrammedDSM
                0x10007cb4        0xc
 i.CyBle_ControllerGetFirmwareProgrammedDSM
                0x10007cb4        0xc Generated_Source\PSoC6\pdl\middleware\ble\lib\cy_ble_stack_gcc_controller_ipc_cm0p.a(CyBleControllerIP_Interface.o)
                0x10007cb4                CyBle_ControllerGetFirmwareProgrammedDSM

i.CyBle_ControllerGetHeapMemory
                0x10007cc0       0x18
 i.CyBle_ControllerGetHeapMemory
                0x10007cc0       0x18 Generated_Source\PSoC6\pdl\middleware\ble\lib\cy_ble_stack_gcc_controller_ipc_cm0p.a(CyBleControllerIP_Interface.o)
                0x10007cc0                CyBle_ControllerGetHeapMemory

i.CyBle_ControllerGetInternalHeapReq
                0x10007cd8       0x3c
 i.CyBle_ControllerGetInternalHeapReq
                0x10007cd8       0x3c Generated_Source\PSoC6\pdl\middleware\ble\lib\cy_ble_stack_gcc_controller_ipc_cm0p.a(CyBleControllerIP_Interface.o)
                0x10007cd8                CyBle_ControllerGetInternalHeapReq

i.CyBle_ControllerHCIReInit
                0x10007d14       0x60
 i.CyBle_ControllerHCIReInit
                0x10007d14       0x60 Generated_Source\PSoC6\pdl\middleware\ble\lib\cy_ble_stack_gcc_controller_ipc_cm0p.a(CyBleControllerIP_Interface.o)
                0x10007d14                CyBle_ControllerHCIReInit

i.CyBle_ControllerInit
                0x10007d74       0x68
 i.CyBle_ControllerInit
                0x10007d74       0x68 Generated_Source\PSoC6\pdl\middleware\ble\lib\cy_ble_stack_gcc_controller_ipc_cm0p.a(CyBleControllerIP_Interface.o)
                0x10007d74                CyBle_ControllerInit

i.CyBle_ControllerReset
                0x10007ddc       0x20
 i.CyBle_ControllerReset
                0x10007ddc       0x20 Generated_Source\PSoC6\pdl\middleware\ble\lib\cy_ble_stack_gcc_controller_ipc_cm0p.a(CyBleControllerIP_Interface.o)
                0x10007ddc                CyBle_ControllerReset

i.CyBle_ControllerSetFeatureConfig
                0x10007dfc       0x5c
 i.CyBle_ControllerSetFeatureConfig
                0x10007dfc       0x5c Generated_Source\PSoC6\pdl\middleware\ble\lib\cy_ble_stack_gcc_controller_ipc_cm0p.a(CyBleControllerIP_Interface.o)
                0x10007dfc                CyBle_ControllerSetFeatureConfig

i.CyBle_ControllerSetFirmwareProgrammedDSM
                0x10007e58        0xc
 i.CyBle_ControllerSetFirmwareProgrammedDSM
                0x10007e58        0xc Generated_Source\PSoC6\pdl\middleware\ble\lib\cy_ble_stack_gcc_controller_ipc_cm0p.a(CyBleControllerIP_Interface.o)
                0x10007e58                CyBle_ControllerSetFirmwareProgrammedDSM

i.CyBle_ControllerValidateInputParams
                0x10007e64       0x24
 i.CyBle_ControllerValidateInputParams
                0x10007e64       0x24 Generated_Source\PSoC6\pdl\middleware\ble\lib\cy_ble_stack_gcc_controller_ipc_cm0p.a(CyBleControllerIP_Interface.o)
                0x10007e64                CyBle_ControllerValidateInputParams

i.Cy_BLE_IsControllerActive
                0x10007e88       0x30
 i.Cy_BLE_IsControllerActive
                0x10007e88       0x30 Generated_Source\PSoC6\pdl\middleware\ble\lib\cy_ble_stack_gcc_controller_ipc_cm0p.a(ll.o)
                0x10007e88                Cy_BLE_IsControllerActive

i.ll_check_and_mark_packet_ready_for_transmission
                0x10007eb8       0x5c
 i.ll_check_and_mark_packet_ready_for_transmission
                0x10007eb8       0x5c Generated_Source\PSoC6\pdl\middleware\ble\lib\cy_ble_stack_gcc_controller_ipc_cm0p.a(ll.o)
                0x10007eb8                ll_check_and_mark_packet_ready_for_transmission

i.ll_cleanup_pending_data_pdu
                0x10007f14       0x3c
 i.ll_cleanup_pending_data_pdu
                0x10007f14       0x3c Generated_Source\PSoC6\pdl\middleware\ble\lib\cy_ble_stack_gcc_controller_ipc_cm0p.a(ll.o)
                0x10007f14                ll_cleanup_pending_data_pdu

i.ll_dequeue_data_in_pdu_q_mgr
                0x10007f50      0x144
 i.ll_dequeue_data_in_pdu_q_mgr
                0x10007f50      0x144 Generated_Source\PSoC6\pdl\middleware\ble\lib\cy_ble_stack_gcc_controller_ipc_cm0p.a(ll.o)
                0x10007f50                ll_dequeue_data_in_pdu_q_mgr

i.ll_derive_window_offset
                0x10008094       0x20
 i.ll_derive_window_offset
                0x10008094       0x20 Generated_Source\PSoC6\pdl\middleware\ble\lib\cy_ble_stack_gcc_controller_ipc_cm0p.a(ll.o)
                0x10008094                ll_derive_window_offset

i.ll_derive_window_size
                0x100080b4        0xc
 i.ll_derive_window_size
                0x100080b4        0xc Generated_Source\PSoC6\pdl\middleware\ble\lib\cy_ble_stack_gcc_controller_ipc_cm0p.a(ll.o)
                0x100080b4                ll_derive_window_size

i.ll_enqueue_data_in_pdu_q_mgr
                0x100080c0       0x84
 i.ll_enqueue_data_in_pdu_q_mgr
                0x100080c0       0x84 Generated_Source\PSoC6\pdl\middleware\ble\lib\cy_ble_stack_gcc_controller_ipc_cm0p.a(ll.o)
                0x100080c0                ll_enqueue_data_in_pdu_q_mgr

i.ll_enter_dsm_mode
                0x10008144      0x200
 i.ll_enter_dsm_mode
                0x10008144      0x200 Generated_Source\PSoC6\pdl\middleware\ble\lib\cy_ble_stack_gcc_controller_ipc_cm0p.a(ll.o)
                0x10008144                ll_enter_dsm_mode

i.ll_exit_low_power_mode
                0x10008344       0x6c
 i.ll_exit_low_power_mode
                0x10008344       0x6c Generated_Source\PSoC6\pdl\middleware\ble\lib\cy_ble_stack_gcc_controller_ipc_cm0p.a(ll.o)
                0x10008344                ll_exit_low_power_mode

i.ll_get_ack_status
                0x100083b0       0x44
 i.ll_get_ack_status
                0x100083b0       0x44 Generated_Source\PSoC6\pdl\middleware\ble\lib\cy_ble_stack_gcc_controller_ipc_cm0p.a(ll.o)
                0x100083b0                ll_get_ack_status

i.ll_get_ack_status_for_all_connections
                0x100083f4       0x38
 i.ll_get_ack_status_for_all_connections
                0x100083f4       0x38 Generated_Source\PSoC6\pdl\middleware\ble\lib\cy_ble_stack_gcc_controller_ipc_cm0p.a(ll.o)
                0x100083f4                ll_get_ack_status_for_all_connections

i.ll_get_adv_ch_tx_power
                0x1000842c       0x16
 i.ll_get_adv_ch_tx_power
                0x1000842c       0x16 Generated_Source\PSoC6\pdl\middleware\ble\lib\cy_ble_stack_gcc_controller_ipc_cm0p.a(ll.o)
                0x1000842c                ll_get_adv_ch_tx_power

i.ll_get_data_channel_map
                0x10008442       0x28
 i.ll_get_data_channel_map
                0x10008442       0x28 Generated_Source\PSoC6\pdl\middleware\ble\lib\cy_ble_stack_gcc_controller_ipc_cm0p.a(ll.o)
                0x10008442                ll_get_data_channel_map

i.ll_get_max_white_list_size
                0x1000846c        0xc
 i.ll_get_max_white_list_size
                0x1000846c        0xc Generated_Source\PSoC6\pdl\middleware\ble\lib\cy_ble_stack_gcc_controller_ipc_cm0p.a(ll.o)
                0x1000846c                ll_get_max_white_list_size

i.ll_get_my_role
                0x10008478        0xc
 i.ll_get_my_role
                0x10008478        0xc Generated_Source\PSoC6\pdl\middleware\ble\lib\cy_ble_stack_gcc_controller_ipc_cm0p.a(ll.o)
                0x10008478                ll_get_my_role

i.ll_get_next_available_fifo_for_data_pdu
                0x10008484        0x8
 i.ll_get_next_available_fifo_for_data_pdu
                0x10008484        0x8 Generated_Source\PSoC6\pdl\middleware\ble\lib\cy_ble_stack_gcc_controller_ipc_cm0p.a(ll.o)
                0x10008484                ll_get_next_available_fifo_for_data_pdu

i.ll_get_next_available_fifo_for_ll_pdu
                0x1000848c       0x30
 i.ll_get_next_available_fifo_for_ll_pdu
                0x1000848c       0x30 Generated_Source\PSoC6\pdl\middleware\ble\lib\cy_ble_stack_gcc_controller_ipc_cm0p.a(ll.o)
                0x1000848c                ll_get_next_available_fifo_for_ll_pdu

i.ll_get_rssi_value
                0x100084bc       0x28
 i.ll_get_rssi_value
                0x100084bc       0x28 Generated_Source\PSoC6\pdl\middleware\ble\lib\cy_ble_stack_gcc_controller_ipc_cm0p.a(ll.o)
                0x100084bc                ll_get_rssi_value

i.ll_get_transmit_power_level
                0x100084e4       0x20
 i.ll_get_transmit_power_level
                0x100084e4       0x20 Generated_Source\PSoC6\pdl\middleware\ble\lib\cy_ble_stack_gcc_controller_ipc_cm0p.a(ll.o)
                0x100084e4                ll_get_transmit_power_level

i.ll_handle_ack_received
                0x10008504       0x6c
 i.ll_handle_ack_received
                0x10008504       0x6c Generated_Source\PSoC6\pdl\middleware\ble\lib\cy_ble_stack_gcc_controller_ipc_cm0p.a(ll.o)
                0x10008504                ll_handle_ack_received

i.ll_handle_add_device_in_whitelist
                0x10008570       0xbc
 i.ll_handle_add_device_in_whitelist
                0x10008570       0xbc Generated_Source\PSoC6\pdl\middleware\ble\lib\cy_ble_stack_gcc_controller_ipc_cm0p.a(ll.o)