Archive member included to satisfy reference by file (symbol)

C:\Program Files (x86)\Cypress\PSoC Creator\4.2\PSoC Creator\psoc\content\CyComponentLibrary\CyComponentLibrary.cylib\CapSense_v2_0\Library\CapSense_Library_GCC_M4.a(CapSense_SmartSense_LL.o)
                              .\CortexM4\ARM_GCC_541\Debug\CapSense_Sensing.o (SmartSense_TunePrescalers)
C:\Program Files (x86)\Cypress\PSoC Creator\4.2\PSoC Creator\psoc\content\CyComponentLibrary\CyComponentLibrary.cylib\CapSense_v2_0\Library\CapSense_Library_GCC_M4.a(CapSense_SmartSense_SL.o)
                              .\CortexM4\ARM_GCC_541\Debug\CapSense_Processing.o (SmartSense_UpdateThresholds)
c:/program files (x86)/cypress/psoc creator/4.2/psoc creator/import/gnu/arm/5.4.1/bin/../lib/gcc/arm-none-eabi/5.4.1/armv7e-m/softfp\libgcc.a(_arm_addsubdf3.o)
                              .\CortexM4\ARM_GCC_541\Debug\cy_sysclk.o (__aeabi_f2d)
c:/program files (x86)/cypress/psoc creator/4.2/psoc creator/import/gnu/arm/5.4.1/bin/../lib/gcc/arm-none-eabi/5.4.1/armv7e-m/softfp\libgcc.a(_arm_muldivdf3.o)
                              .\CortexM4\ARM_GCC_541\Debug\cy_sysclk.o (__aeabi_ddiv)
c:/program files (x86)/cypress/psoc creator/4.2/psoc creator/import/gnu/arm/5.4.1/bin/../lib/gcc/arm-none-eabi/5.4.1/armv7e-m/softfp\libgcc.a(_arm_fixunsdfsi.o)
                              .\CortexM4\ARM_GCC_541\Debug\cy_sysclk.o (__aeabi_d2uiz)
c:/program files (x86)/cypress/psoc creator/4.2/psoc creator/import/gnu/arm/5.4.1/bin/../lib/gcc/arm-none-eabi/5.4.1/armv7e-m/softfp\libgcc.a(_arm_truncdfsf2.o)
                              .\CortexM4\ARM_GCC_541\Debug\cy_sysclk.o (__aeabi_d2f)
c:/program files (x86)/cypress/psoc creator/4.2/psoc creator/import/gnu/arm/5.4.1/bin/../lib/gcc/arm-none-eabi/5.4.1/armv7e-m/softfp\libgcc.a(_aeabi_uldivmod.o)
                              .\CortexM4\ARM_GCC_541\Debug\cy_sysclk.o (__aeabi_uldivmod)
c:/program files (x86)/cypress/psoc creator/4.2/psoc creator/import/gnu/arm/5.4.1/bin/../lib/gcc/arm-none-eabi/5.4.1/armv7e-m/softfp\libgcc.a(_udivmoddi4.o)
                              c:/program files (x86)/cypress/psoc creator/4.2/psoc creator/import/gnu/arm/5.4.1/bin/../lib/gcc/arm-none-eabi/5.4.1/armv7e-m/softfp\libgcc.a(_aeabi_uldivmod.o) (__udivmoddi4)
c:/program files (x86)/cypress/psoc creator/4.2/psoc creator/import/gnu/arm/5.4.1/bin/../lib/gcc/arm-none-eabi/5.4.1/armv7e-m/softfp\libgcc.a(_dvmd_tls.o)
                              c:/program files (x86)/cypress/psoc creator/4.2/psoc creator/import/gnu/arm/5.4.1/bin/../lib/gcc/arm-none-eabi/5.4.1/armv7e-m/softfp\libgcc.a(_aeabi_uldivmod.o) (__aeabi_ldiv0)
c:/program files (x86)/cypress/psoc creator/4.2/psoc creator/import/gnu/arm/5.4.1/bin/../lib/gcc/arm-none-eabi/5.4.1/../../../../arm-none-eabi/lib/armv7e-m/softfp\libg_nano.a(lib_a-exit.o)
                              c:/program files (x86)/cypress/psoc creator/4.2/psoc creator/import/gnu/arm/5.4.1/bin/../lib/gcc/arm-none-eabi/5.4.1/../../../../arm-none-eabi/lib/armv7e-m/softfp/crt0.o (exit)
c:/program files (x86)/cypress/psoc creator/4.2/psoc creator/import/gnu/arm/5.4.1/bin/../lib/gcc/arm-none-eabi/5.4.1/../../../../arm-none-eabi/lib/armv7e-m/softfp\libg_nano.a(lib_a-impure.o)
                              c:/program files (x86)/cypress/psoc creator/4.2/psoc creator/import/gnu/arm/5.4.1/bin/../lib/gcc/arm-none-eabi/5.4.1/../../../../arm-none-eabi/lib/armv7e-m/softfp\libg_nano.a(lib_a-exit.o) (_global_impure_ptr)
c:/program files (x86)/cypress/psoc creator/4.2/psoc creator/import/gnu/arm/5.4.1/bin/../lib/gcc/arm-none-eabi/5.4.1/../../../../arm-none-eabi/lib/armv7e-m/softfp\libg_nano.a(lib_a-init.o)
                              c:/program files (x86)/cypress/psoc creator/4.2/psoc creator/import/gnu/arm/5.4.1/bin/../lib/gcc/arm-none-eabi/5.4.1/../../../../arm-none-eabi/lib/armv7e-m/softfp/crt0.o (__libc_init_array)
c:/program files (x86)/cypress/psoc creator/4.2/psoc creator/import/gnu/arm/5.4.1/bin/../lib/gcc/arm-none-eabi/5.4.1/../../../../arm-none-eabi/lib/armv7e-m/softfp\libg_nano.a(lib_a-memset.o)
                              c:/program files (x86)/cypress/psoc creator/4.2/psoc creator/import/gnu/arm/5.4.1/bin/../lib/gcc/arm-none-eabi/5.4.1/../../../../arm-none-eabi/lib/armv7e-m/softfp/crt0.o (memset)
c:/program files (x86)/cypress/psoc creator/4.2/psoc creator/import/gnu/arm/5.4.1/bin/../lib/gcc/arm-none-eabi/5.4.1/../../../../arm-none-eabi/lib/armv7e-m/softfp\libg_nano.a(lib_a-strncpy.o)
                              .\CortexM4\ARM_GCC_541\Debug\cy_syslib.o (strncpy)
c:/program files (x86)/cypress/psoc creator/4.2/psoc creator/import/gnu/arm/5.4.1/bin/../lib/gcc/arm-none-eabi/5.4.1/../../../../arm-none-eabi/lib/armv7e-m/softfp\libnosys.a(_exit.o)
                              c:/program files (x86)/cypress/psoc creator/4.2/psoc creator/import/gnu/arm/5.4.1/bin/../lib/gcc/arm-none-eabi/5.4.1/../../../../arm-none-eabi/lib/armv7e-m/softfp\libg_nano.a(lib_a-exit.o) (_exit)
[...]
Memory Configuration

Name             Origin             Length             Attributes
ram              0x08024000         0x00023800         xrw
flash            0x10080000         0x00080000         xr
em_eeprom        0x14000000         0x00008000         xr
sflash_user_data 0x16000800         0x00000800         xr
sflash_nar       0x16001a00         0x00000200         xr
sflash_public_key 0x16005a00         0x00000c00         xr
sflash_toc_2     0x16007c00         0x00000200         xr
sflash_rtoc_2    0x16007e00         0x00000200         xr
xip              0x18000000         0x08000000         xr
efuse            0x90700000         0x00100000         r
*default*        0x00000000         0xffffffff

Linker script and memory map

LOAD c:/program files (x86)/cypress/psoc creator/4.2/psoc creator/import/gnu/arm/5.4.1/bin/../lib/gcc/arm-none-eabi/5.4.1/armv7e-m/softfp/crti.o
LOAD c:/program files (x86)/cypress/psoc creator/4.2/psoc creator/import/gnu/arm/5.4.1/bin/../lib/gcc/arm-none-eabi/5.4.1/armv7e-m/softfp/crtbegin.o
LOAD c:/program files (x86)/cypress/psoc creator/4.2/psoc creator/import/gnu/arm/5.4.1/bin/../lib/gcc/arm-none-eabi/5.4.1/../../../../arm-none-eabi/lib/armv7e-m/softfp/crt0.o
START GROUP
LOAD .\CortexM4\ARM_GCC_541\Debug\startup_psoc63_cm4.o
LOAD .\CortexM4\ARM_GCC_541\Debug\main_cm4.o
LOAD .\CortexM4\ARM_GCC_541\Debug\system_psoc63_cm4.o
LOAD .\CortexM4\ARM_GCC_541\Debug\cy_ipc_config.o
LOAD .\CortexM4\ARM_GCC_541\Debug\cyfitter_sysint_cfg.o
LOAD .\CortexM4\ARM_GCC_541\Debug\cymetadata.o
LOAD .\CortexM4\ARM_GCC_541\Debug\CY_EINK_Timer.o
LOAD .\CortexM4\ARM_GCC_541\Debug\CY_EINK_SPIM.o
LOAD .\CortexM4\ARM_GCC_541\Debug\CapSense_Control.o
LOAD .\CortexM4\ARM_GCC_541\Debug\CapSense_Processing.o
LOAD .\CortexM4\ARM_GCC_541\Debug\CapSense_Structure.o
LOAD .\CortexM4\ARM_GCC_541\Debug\CapSense_Tuner.o
LOAD .\CortexM4\ARM_GCC_541\Debug\CapSense_Filter.o
LOAD .\CortexM4\ARM_GCC_541\Debug\CapSense_Sensing.o
LOAD .\CortexM4\ARM_GCC_541\Debug\CapSense_INT.o
LOAD .\CortexM4\ARM_GCC_541\Debug\CapSense_SensingCSD_LL.o
LOAD .\CortexM4\ARM_GCC_541\Debug\CapSense_SensingCSX_LL.o
LOAD .\CortexM4\ARM_GCC_541\Debug\CapSense_Centroid_LL.o
LOAD .\CortexM4\ARM_GCC_541\Debug\cy_sysint.o
LOAD .\CortexM4\ARM_GCC_541\Debug\cy_ipc_drv.o
LOAD .\CortexM4\ARM_GCC_541\Debug\cy_ipc_sema.o
LOAD .\CortexM4\ARM_GCC_541\Debug\cy_ipc_pipe.o
LOAD .\CortexM4\ARM_GCC_541\Debug\cy_sysclk.o
LOAD .\CortexM4\ARM_GCC_541\Debug\cy_wdt.o
LOAD .\CortexM4\ARM_GCC_541\Debug\cy_tcpwm_counter.o
LOAD .\CortexM4\ARM_GCC_541\Debug\cy_tcpwm_pwm.o
LOAD .\CortexM4\ARM_GCC_541\Debug\cy_tcpwm_quaddec.o
LOAD .\CortexM4\ARM_GCC_541\Debug\cy_scb_common.o
LOAD .\CortexM4\ARM_GCC_541\Debug\cy_scb_i2c.o
LOAD .\CortexM4\ARM_GCC_541\Debug\cy_scb_ezi2c.o
LOAD .\CortexM4\ARM_GCC_541\Debug\cy_scb_spi.o
LOAD .\CortexM4\ARM_GCC_541\Debug\cy_scb_uart.o
LOAD .\CortexM4\ARM_GCC_541\Debug\cy_efuse.o
LOAD .\CortexM4\ARM_GCC_541\Debug\cy_flash.o
LOAD .\CortexM4\ARM_GCC_541\Debug\cy_gpio.o
LOAD .\CortexM4\ARM_GCC_541\Debug\cy_sysanalog.o
LOAD .\CortexM4\ARM_GCC_541\Debug\cy_syspm.o
LOAD .\CortexM4\ARM_GCC_541\Debug\cy_syslib.o
LOAD .\CortexM4\ARM_GCC_541\Debug\cy_syslib_gcc.o
LOAD .\CortexM4\ARM_GCC_541\Debug\cy_trigmux.o
LOAD .\CortexM4\ARM_GCC_541\Debug\cy_systick.o
LOAD .\CortexM4\ARM_GCC_541\Debug\cy_profile.o
LOAD .\CortexM4\ARM_GCC_541\Debug\cy_prot.o
LOAD .\CortexM4\ARM_GCC_541\Debug\cy_lvd.o
LOAD .\CortexM4\ARM_GCC_541\Debug\cy_ble_clk.o
LOAD C:\Program Files (x86)\Cypress\PSoC Creator\4.2\PSoC Creator\psoc\content\CyComponentLibrary\CyComponentLibrary.cylib\CapSense_v2_0\Library\CapSense_Library_GCC_M4.a
END GROUP
START GROUP
LOAD c:/program files (x86)/cypress/psoc creator/4.2/psoc creator/import/gnu/arm/5.4.1/bin/../lib/gcc/arm-none-eabi/5.4.1/armv7e-m/softfp\libgcc.a
LOAD c:/program files (x86)/cypress/psoc creator/4.2/psoc creator/import/gnu/arm/5.4.1/bin/../lib/gcc/arm-none-eabi/5.4.1/../../../../arm-none-eabi/lib/armv7e-m/softfp\libg_nano.a
LOAD c:/program files (x86)/cypress/psoc creator/4.2/psoc creator/import/gnu/arm/5.4.1/bin/../lib/gcc/arm-none-eabi/5.4.1/../../../../arm-none-eabi/lib/armv7e-m/softfp\libc_nano.a
END GROUP
START GROUP
LOAD c:/program files (x86)/cypress/psoc creator/4.2/psoc creator/import/gnu/arm/5.4.1/bin/../lib/gcc/arm-none-eabi/5.4.1/armv7e-m/softfp\libgcc.a
LOAD c:/program files (x86)/cypress/psoc creator/4.2/psoc creator/import/gnu/arm/5.4.1/bin/../lib/gcc/arm-none-eabi/5.4.1/../../../../arm-none-eabi/lib/armv7e-m/softfp\libc_nano.a
END GROUP
LOAD c:/program files (x86)/cypress/psoc creator/4.2/psoc creator/import/gnu/arm/5.4.1/bin/../lib/gcc/arm-none-eabi/5.4.1/armv7e-m/softfp/crtend.o
LOAD c:/program files (x86)/cypress/psoc creator/4.2/psoc creator/import/gnu/arm/5.4.1/bin/../lib/gcc/arm-none-eabi/5.4.1/armv7e-m/softfp/crtn.o
START GROUP
LOAD c:/program files (x86)/cypress/psoc creator/4.2/psoc creator/import/gnu/arm/5.4.1/bin/../lib/gcc/arm-none-eabi/5.4.1/armv7e-m/softfp\libgcc.a
LOAD c:/program files (x86)/cypress/psoc creator/4.2/psoc creator/import/gnu/arm/5.4.1/bin/../lib/gcc/arm-none-eabi/5.4.1/../../../../arm-none-eabi/lib/armv7e-m/softfp\libc.a
LOAD c:/program files (x86)/cypress/psoc creator/4.2/psoc creator/import/gnu/arm/5.4.1/bin/../lib/gcc/arm-none-eabi/5.4.1/../../../../arm-none-eabi/lib/armv7e-m/softfp\libnosys.a
END GROUP
START GROUP
LOAD c:/program files (x86)/cypress/psoc creator/4.2/psoc creator/import/gnu/arm/5.4.1/bin/../lib/gcc/arm-none-eabi/5.4.1/armv7e-m/softfp\libgcc.a
LOAD c:/program files (x86)/cypress/psoc creator/4.2/psoc creator/import/gnu/arm/5.4.1/bin/../lib/gcc/arm-none-eabi/5.4.1/../../../../arm-none-eabi/lib/armv7e-m/softfp\libc.a
LOAD c:/program files (x86)/cypress/psoc creator/4.2/psoc creator/import/gnu/arm/5.4.1/bin/../lib/gcc/arm-none-eabi/5.4.1/../../../../arm-none-eabi/lib/armv7e-m/softfp\libm.a
LOAD c:/program files (x86)/cypress/psoc creator/4.2/psoc creator/import/gnu/arm/5.4.1/bin/../lib/gcc/arm-none-eabi/5.4.1/../../../../arm-none-eabi/lib/armv7e-m/softfp\libnosys.a
END GROUP

.text           0x10080000     0x102c
                0x10080000                . = ALIGN (0x4)
                0x10080000                __Vectors = .
 *(.vectors)
 .vectors       0x10080000      0x28c .\CortexM4\ARM_GCC_541\Debug\startup_psoc63_cm4.o
                0x1008028c                . = ALIGN (0x4)
                0x1008028c                __Vectors_End = .
                0x0000028c                __Vectors_Size = (__Vectors_End - __Vectors)
                0x1008028c                __end__ = .
                0x1008028c                . = ALIGN (0x4)
 *(.text*)
 .text          0x1008028c       0x5c c:/program files (x86)/cypress/psoc creator/4.2/psoc creator/import/gnu/arm/5.4.1/bin/../lib/gcc/arm-none-eabi/5.4.1/armv7e-m/softfp/crtbegin.o
 .text          0x100802e8       0x94 .\CortexM4\ARM_GCC_541\Debug\startup_psoc63_cm4.o
                0x100802e8                Cy_OnResetUser
                0x100802ea                Cy_SaveIRQ
                0x100802f2                Cy_RestoreIRQ
                0x100802f8                Reset_Handler
                0x1008035c                tcpwm_1_interrupts_11_IRQHandler
                0x1008035c                cpuss_interrupts_ipc_0_IRQHandler
                0x1008035c                tcpwm_1_interrupts_15_IRQHandler
                0x1008035c                ioss_interrupts_gpio_13_IRQHandler
                0x1008035c                tcpwm_1_interrupts_13_IRQHandler
                0x1008035c                cpuss_interrupts_dw1_8_IRQHandler
                0x1008035c                tcpwm_0_interrupts_0_IRQHandler
                0x1008035c                SysTick_Handler
                0x1008035c                cpuss_interrupt_fm_IRQHandler
                0x1008035c                cpuss_interrupts_ipc_7_IRQHandler
                0x1008035c                tcpwm_1_interrupts_14_IRQHandler
                0x1008035c                cpuss_interrupts_dw0_11_IRQHandler
                0x1008035c                tcpwm_1_interrupts_9_IRQHandler
                0x1008035c                cpuss_interrupts_cm0_cti_1_IRQHandler
                0x1008035c                tcpwm_1_interrupts_22_IRQHandler
                0x1008035c                cpuss_interrupts_dw0_4_IRQHandler
                0x1008035c                PendSV_Handler
                0x1008035c                NMI_Handler
                0x1008035c                cpuss_interrupts_dw1_12_IRQHandler
                0x1008035c                tcpwm_1_interrupts_12_IRQHandler
                0x1008035c                smif_interrupt_IRQHandler
                0x1008035c                tcpwm_1_interrupts_2_IRQHandler
                0x1008035c                cpuss_interrupts_ipc_13_IRQHandler
                0x1008035c                udb_interrupts_11_IRQHandler
                0x1008035c                tcpwm_1_interrupts_18_IRQHandler
                0x1008035c                cpuss_interrupts_ipc_6_IRQHandler
                0x1008035c                tcpwm_0_interrupts_2_IRQHandler
                0x1008035c                cpuss_interrupts_dw0_13_IRQHandler
                0x1008035c                udb_interrupts_2_IRQHandler
                0x1008035c                cpuss_interrupts_dw1_7_IRQHandler
                0x1008035c                ioss_interrupts_gpio_1_IRQHandler
                0x1008035c                ioss_interrupts_gpio_7_IRQHandler
                0x1008035c                scb_5_interrupt_IRQHandler
                0x1008035c                udb_interrupts_6_IRQHandler
                0x1008035c                cpuss_interrupts_fault_1_IRQHandler
                0x1008035c                cpuss_interrupts_ipc_4_IRQHandler
                0x1008035c                cpuss_interrupts_ipc_5_IRQHandler
                0x1008035c                cpuss_interrupts_dw1_10_IRQHandler
                0x1008035c                udb_interrupts_0_IRQHandler
                0x1008035c                tcpwm_1_interrupts_6_IRQHandler
                0x1008035c                scb_4_interrupt_IRQHandler
                0x1008035c                pass_interrupt_dacs_IRQHandler
                0x1008035c                ioss_interrupts_gpio_2_IRQHandler
                0x1008035c                cpuss_interrupts_dw1_9_IRQHandler
                0x1008035c                cpuss_interrupts_dw1_13_IRQHandler
                0x1008035c                scb_2_interrupt_IRQHandler
                0x1008035c                cpuss_interrupts_cm0_cti_0_IRQHandler
                0x1008035c                udb_interrupts_5_IRQHandler
                0x1008035c                srss_interrupt_IRQHandler
                0x1008035c                udb_interrupts_12_IRQHandler
                0x1008035c                scb_0_interrupt_IRQHandler
                0x1008035c                csd_interrupt_IRQHandler
                0x1008035c                udb_interrupts_1_IRQHandler
                0x1008035c                profile_interrupt_IRQHandler
                0x1008035c                tcpwm_1_interrupts_1_IRQHandler
                0x1008035c                cpuss_interrupts_ipc_12_IRQHandler
                0x1008035c                tcpwm_1_interrupts_3_IRQHandler
                0x1008035c                tcpwm_0_interrupts_7_IRQHandler
                0x1008035c                cpuss_interrupts_dw1_1_IRQHandler
                0x1008035c                cpuss_interrupts_dw1_0_IRQHandler
                0x1008035c                cpuss_interrupts_dw0_9_IRQHandler
                0x1008035c                DebugMon_Handler
                0x1008035c                cpuss_interrupts_dw0_5_IRQHandler
                0x1008035c                udb_interrupts_4_IRQHandler
                0x1008035c                tcpwm_1_interrupts_20_IRQHandler
                0x1008035c                ioss_interrupt_gpio_IRQHandler
                0x1008035c                tcpwm_0_interrupts_1_IRQHandler
                0x1008035c                ioss_interrupts_gpio_8_IRQHandler
                0x1008035c                tcpwm_0_interrupts_6_IRQHandler
                0x1008035c                scb_7_interrupt_IRQHandler
                0x1008035c                tcpwm_1_interrupts_7_IRQHandler
                0x1008035c                cpuss_interrupts_ipc_11_IRQHandler
                0x1008035c                udb_interrupts_13_IRQHandler
                0x1008035c                cpuss_interrupts_dw0_15_IRQHandler
                0x1008035c                udb_interrupts_7_IRQHandler
                0x1008035c                cpuss_interrupts_dw1_6_IRQHandler
                0x1008035c                cpuss_interrupt_crypto_IRQHandler
                0x1008035c                scb_1_interrupt_IRQHandler
                0x1008035c                Default_Handler
                0x1008035c                usb_interrupt_hi_IRQHandler
                0x1008035c                tcpwm_1_interrupts_0_IRQHandler
                0x1008035c                udb_interrupts_9_IRQHandler
                0x1008035c                audioss_interrupt_pdm_IRQHandler
                0x1008035c                srss_interrupt_mcwdt_0_IRQHandler
                0x1008035c                scb_3_interrupt_IRQHandler
                0x1008035c                pass_interrupt_ctbs_IRQHandler
                0x1008035c                udb_interrupts_8_IRQHandler
                0x1008035c                ioss_interrupts_gpio_3_IRQHandler
                0x1008035c                scb_6_interrupt_IRQHandler
                0x1008035c                cpuss_interrupts_cm4_cti_0_IRQHandler
                0x1008035c                cpuss_interrupts_dw1_3_IRQHandler
                0x1008035c                pass_interrupt_sar_IRQHandler
                0x1008035c                ioss_interrupts_gpio_0_IRQHandler
                0x1008035c                ioss_interrupts_gpio_14_IRQHandler
                0x1008035c                tcpwm_0_interrupts_4_IRQHandler
                0x1008035c                udb_interrupts_3_IRQHandler
                0x1008035c                tcpwm_0_interrupts_5_IRQHandler
                0x1008035c                cpuss_interrupts_ipc_15_IRQHandler
                0x1008035c                cpuss_interrupts_cm4_cti_1_IRQHandler
                0x1008035c                scb_8_interrupt_IRQHandler
                0x1008035c                srss_interrupt_mcwdt_1_IRQHandler
                0x1008035c                cpuss_interrupts_dw1_2_IRQHandler
                0x1008035c                SVC_Handler
                0x1008035c                cpuss_interrupts_dw1_5_IRQHandler
                0x1008035c                cpuss_interrupts_ipc_1_IRQHandler
                0x1008035c                cpuss_interrupts_dw0_0_IRQHandler
                0x1008035c                ioss_interrupts_gpio_12_IRQHandler
                0x1008035c                cpuss_interrupts_ipc_3_IRQHandler
                0x1008035c                tcpwm_1_interrupts_17_IRQHandler
                0x1008035c                srss_interrupt_backup_IRQHandler
                0x1008035c                bless_interrupt_IRQHandler
                0x1008035c                cpuss_interrupts_ipc_10_IRQHandler
                0x1008035c                cpuss_interrupts_ipc_9_IRQHandler
                0x1008035c                cpuss_interrupts_dw0_14_IRQHandler
                0x1008035c                tcpwm_1_interrupts_4_IRQHandler
                0x1008035c                tcpwm_0_interrupts_3_IRQHandler
                0x1008035c                cpuss_interrupts_dw1_15_IRQHandler
                0x1008035c                ioss_interrupts_gpio_10_IRQHandler
                0x1008035c                udb_interrupts_10_IRQHandler
                0x1008035c                cpuss_interrupts_dw0_8_IRQHandler
                0x1008035c                ioss_interrupts_gpio_11_IRQHandler
                0x1008035c                cpuss_interrupts_ipc_14_IRQHandler
                0x1008035c                ioss_interrupts_gpio_5_IRQHandler
                0x1008035c                ioss_interrupts_gpio_4_IRQHandler
                0x1008035c                tcpwm_1_interrupts_8_IRQHandler
                0x1008035c                cpuss_interrupts_dw1_14_IRQHandler
                0x1008035c                usb_interrupt_med_IRQHandler
                0x1008035c                cpuss_interrupts_dw0_2_IRQHandler
                0x1008035c                tcpwm_1_interrupts_23_IRQHandler
                0x1008035c                tcpwm_1_interrupts_10_IRQHandler
                0x1008035c                cpuss_interrupts_fault_0_IRQHandler
                0x1008035c                cpuss_interrupts_dw0_12_IRQHandler
                0x1008035c                ioss_interrupts_gpio_6_IRQHandler
                0x1008035c                tcpwm_1_interrupts_21_IRQHandler
                0x1008035c                tcpwm_1_interrupts_16_IRQHandler
                0x1008035c                cpuss_interrupts_dw1_4_IRQHandler
                0x1008035c                udb_interrupts_15_IRQHandler
                0x1008035c                cpuss_interrupts_dw1_11_IRQHandler
                0x1008035c                cpuss_interrupts_dw0_6_IRQHandler
                0x1008035c                ioss_interrupt_vdd_IRQHandler
                0x1008035c                cpuss_interrupts_dw0_7_IRQHandler
                0x1008035c                audioss_interrupt_i2s_IRQHandler
                0x1008035c                tcpwm_1_interrupts_5_IRQHandler
                0x1008035c                cpuss_interrupts_ipc_2_IRQHandler
                0x1008035c                cpuss_interrupts_dw0_10_IRQHandler
                0x1008035c                tcpwm_1_interrupts_19_IRQHandler
                0x1008035c                cpuss_interrupts_dw0_1_IRQHandler
                0x1008035c                lpcomp_interrupt_IRQHandler
                0x1008035c                ioss_interrupts_gpio_9_IRQHandler
                0x1008035c                usb_interrupt_lo_IRQHandler
                0x1008035c                cpuss_interrupts_ipc_8_IRQHandler
                0x1008035c                udb_interrupts_14_IRQHandler
                0x1008035c                cpuss_interrupts_dw0_3_IRQHandler
                0x10080360                UsageFault_Handler
                0x10080360                HardFault_Handler
                0x10080360                MemManage_Handler
                0x10080360                BusFault_Handler
 .text.main     0x1008037c        0x4 .\CortexM4\ARM_GCC_541\Debug\main_cm4.o
                0x1008037c                main
 .text.Cy_SystemInit
                0x10080380        0x4 .\CortexM4\ARM_GCC_541\Debug\system_psoc63_cm4.o
                0x10080380                Cy_SystemInit
 .text.SystemCoreClockUpdate
                0x10080384      0x190 .\CortexM4\ARM_GCC_541\Debug\system_psoc63_cm4.o
                0x10080384                SystemCoreClockUpdate
 .text.SystemInit
                0x10080514       0x48 .\CortexM4\ARM_GCC_541\Debug\system_psoc63_cm4.o
                0x10080514                SystemInit
 .text.Cy_SystemInitFpuEnable
                0x1008055c       0x28 .\CortexM4\ARM_GCC_541\Debug\system_psoc63_cm4.o
                0x1008055c                Cy_SystemInitFpuEnable
 .text.Cy_IPC_SystemPipeIsr
                0x10080584        0xc .\CortexM4\ARM_GCC_541\Debug\cy_ipc_config.o
 .text.Cy_IPC_SystemSemaInit
                0x10080590       0x10 .\CortexM4\ARM_GCC_541\Debug\cy_ipc_config.o
                0x10080590                Cy_IPC_SystemSemaInit
 .text.Cy_IPC_SystemPipeInit
                0x100805a0       0x24 .\CortexM4\ARM_GCC_541\Debug\cy_ipc_config.o
                0x100805a0                Cy_IPC_SystemPipeInit
 .text.Cy_SysInt_SetVector
                0x100805c4       0x44 .\CortexM4\ARM_GCC_541\Debug\cy_sysint.o
                0x100805c4                Cy_SysInt_SetVector
 .text.Cy_SysInt_Init
                0x10080608       0x7c .\CortexM4\ARM_GCC_541\Debug\cy_sysint.o
                0x10080608                Cy_SysInt_Init
 .text.Cy_IPC_Drv_LockRelease
                0x10080684       0x30 .\CortexM4\ARM_GCC_541\Debug\cy_ipc_drv.o
                0x10080684                Cy_IPC_Drv_LockRelease
 .text.Cy_IPC_Drv_SendMsgWord
                0x100806b4       0x3c .\CortexM4\ARM_GCC_541\Debug\cy_ipc_drv.o
                0x100806b4                Cy_IPC_Drv_SendMsgWord
 .text.Cy_IPC_Drv_ReadMsgWord
                0x100806f0       0x2c .\CortexM4\ARM_GCC_541\Debug\cy_ipc_drv.o
                0x100806f0                Cy_IPC_Drv_ReadMsgWord
 .text.Cy_IPC_Sema_Init
                0x1008071c       0xb0 .\CortexM4\ARM_GCC_541\Debug\cy_ipc_sema.o
                0x1008071c                Cy_IPC_Sema_Init
 .text.Cy_IPC_Sema_Clear
                0x100807cc       0x88 .\CortexM4\ARM_GCC_541\Debug\cy_ipc_sema.o
                0x100807cc                Cy_IPC_Sema_Clear
 .text.Cy_IPC_Sema_Status
                0x10080854       0x40 .\CortexM4\ARM_GCC_541\Debug\cy_ipc_sema.o
                0x10080854                Cy_IPC_Sema_Status
 .text.Cy_IPC_Pipe_Config
                0x10080894       0x10 .\CortexM4\ARM_GCC_541\Debug\cy_ipc_pipe.o
                0x10080894                Cy_IPC_Pipe_Config
 .text.Cy_IPC_Pipe_EndpointInit
                0x100808a4       0xc8 .\CortexM4\ARM_GCC_541\Debug\cy_ipc_pipe.o
                0x100808a4                Cy_IPC_Pipe_EndpointInit
 .text.Cy_IPC_Pipe_Init
                0x1008096c       0xc4 .\CortexM4\ARM_GCC_541\Debug\cy_ipc_pipe.o
                0x1008096c                Cy_IPC_Pipe_Init
 .text.Cy_IPC_Pipe_SendMessage
                0x10080a30       0xc0 .\CortexM4\ARM_GCC_541\Debug\cy_ipc_pipe.o
                0x10080a30                Cy_IPC_Pipe_SendMessage
 .text.Cy_IPC_Pipe_RegisterCallback
                0x10080af0       0x60 .\CortexM4\ARM_GCC_541\Debug\cy_ipc_pipe.o
                0x10080af0                Cy_IPC_Pipe_RegisterCallback
 .text.Cy_IPC_Pipe_ExecCallback
                0x10080b50       0xb0 .\CortexM4\ARM_GCC_541\Debug\cy_ipc_pipe.o
                0x10080b50                Cy_IPC_Pipe_ExecCallback
 .text.Cy_IPC_Pipe_ExecuteCallback
                0x10080c00       0x3c .\CortexM4\ARM_GCC_541\Debug\cy_ipc_pipe.o
                0x10080c00                Cy_IPC_Pipe_ExecuteCallback
 .text.Cy_Flash_ProcessOpcode
                0x10080c3c       0xac .\CortexM4\ARM_GCC_541\Debug\cy_flash.o
 .text.Cy_Flash_OperationStatus
                0x10080ce8       0x44 .\CortexM4\ARM_GCC_541\Debug\cy_flash.o
 .text.Cy_Flash_Init
                0x10080d2c       0x4c .\CortexM4\ARM_GCC_541\Debug\cy_flash.o
                0x10080d2c                Cy_Flash_Init
 .text.Cy_SysLib_Halt
                0x10080d78        0x4 .\CortexM4\ARM_GCC_541\Debug\cy_syslib.o
                0x10080d78                Cy_SysLib_Halt
 .text.Cy_SysLib_AssertFailed
                0x10080d7c       0x1c .\CortexM4\ARM_GCC_541\Debug\cy_syslib.o
                0x10080d7c                Cy_SysLib_AssertFailed
 .text.Cy_SysLib_ProcessingFault
                0x10080d98        0x4 .\CortexM4\ARM_GCC_541\Debug\cy_syslib.o
                0x10080d98                Cy_SysLib_ProcessingFault
 .text.Cy_SysLib_FaultHandler
                0x10080d9c       0xa4 .\CortexM4\ARM_GCC_541\Debug\cy_syslib.o
                0x10080d9c                Cy_SysLib_FaultHandler
 .text          0x10080e40       0x20 .\CortexM4\ARM_GCC_541\Debug\cy_syslib_gcc.o
                0x10080e40                Cy_SysLib_DelayCycles
                0x10080e52                Cy_SysLib_EnterCriticalSection
                0x10080e5a                Cy_SysLib_ExitCriticalSection
 .text.memset   0x10080e60       0x10 c:/program files (x86)/cypress/psoc creator/4.2/psoc creator/import/gnu/arm/5.4.1/bin/../lib/gcc/arm-none-eabi/5.4.1/../../../../arm-none-eabi/lib/armv7e-m/softfp\libg_nano.a(lib_a-memset.o)
                0x10080e60                memset
 .text.strncpy  0x10080e70       0x26 c:/program files (x86)/cypress/psoc creator/4.2/psoc creator/import/gnu/arm/5.4.1/bin/../lib/gcc/arm-none-eabi/5.4.1/../../../../arm-none-eabi/lib/armv7e-m/softfp\libg_nano.a(lib_a-strncpy.o)
                0x10080e70                strncpy
 *(.init)
 *fill*         0x10080e96        0x2 
 .init          0x10080e98        0x4 c:/program files (x86)/cypress/psoc creator/4.2/psoc creator/import/gnu/arm/5.4.1/bin/../lib/gcc/arm-none-eabi/5.4.1/armv7e-m/softfp/crti.o
                0x10080e98                _init
 .init          0x10080e9c        0x8 c:/program files (x86)/cypress/psoc creator/4.2/psoc creator/import/gnu/arm/5.4.1/bin/../lib/gcc/arm-none-eabi/5.4.1/armv7e-m/softfp/crtn.o
 *(.fini)
 .fini          0x10080ea4        0x4 c:/program files (x86)/cypress/psoc creator/4.2/psoc creator/import/gnu/arm/5.4.1/bin/../lib/gcc/arm-none-eabi/5.4.1/armv7e-m/softfp/crti.o
                0x10080ea4                _fini
 .fini          0x10080ea8        0x8 c:/program files (x86)/cypress/psoc creator/4.2/psoc creator/import/gnu/arm/5.4.1/bin/../lib/gcc/arm-none-eabi/5.4.1/armv7e-m/softfp/crtn.o
 *crtbegin.o(.ctors)
 *crtbegin?.o(.ctors)
 *(EXCLUDE_FILE(*crtend.o *crtend?.o) .ctors)
 *(SORT(.ctors.*))
 *(.ctors)
 *crtbegin.o(.dtors)
 *crtbegin?.o(.dtors)
 *(EXCLUDE_FILE(*crtend.o *crtend?.o) .dtors)
 *(SORT(.dtors.*))
 *(.dtors)
 *(.rodata .rodata.* .constdata .constdata.* .conststring .conststring.*)
 .rodata        0x10080eb0       0x34 .\CortexM4\ARM_GCC_541\Debug\cy_ipc_config.o
 .rodata.str1.4
                0x10080ee4       0x41 .\CortexM4\ARM_GCC_541\Debug\cy_sysint.o
 *fill*         0x10080f25        0x3 
 .rodata.str1.4
                0x10080f28       0x7f .\CortexM4\ARM_GCC_541\Debug\cy_ipc_drv.o
 *fill*         0x10080fa7        0x1 
 .rodata.str1.4
                0x10080fa8       0x3f .\CortexM4\ARM_GCC_541\Debug\cy_ipc_sema.o
 *fill*         0x10080fe7        0x1 
 .rodata.str1.4
                0x10080fe8       0x40 .\CortexM4\ARM_GCC_541\Debug\cy_ipc_pipe.o
                                 0x7f (size before relaxing)
 *(.eh_frame*)
 .eh_frame      0x10081028        0x0 c:/program files (x86)/cypress/psoc creator/4.2/psoc creator/import/gnu/arm/5.4.1/bin/../lib/gcc/arm-none-eabi/5.4.1/armv7e-m/softfp/crtbegin.o
 .eh_frame      0x10081028        0x4 c:/program files (x86)/cypress/psoc creator/4.2/psoc creator/import/gnu/arm/5.4.1/bin/../lib/gcc/arm-none-eabi/5.4.1/armv7e-m/softfp/crtend.o

.glue_7         0x1008102c        0x0
 .glue_7        0x1008102c        0x0 linker stubs

.glue_7t        0x1008102c        0x0
 .glue_7t       0x1008102c        0x0 linker stubs

.vfp11_veneer   0x1008102c        0x0
 .vfp11_veneer  0x1008102c        0x0 linker stubs

.v4_bx          0x1008102c        0x0
 .v4_bx         0x1008102c        0x0 linker stubs

.iplt           0x1008102c        0x0
 .iplt          0x1008102c        0x0 c:/program files (x86)/cypress/psoc creator/4.2/psoc creator/import/gnu/arm/5.4.1/bin/../lib/gcc/arm-none-eabi/5.4.1/armv7e-m/softfp/crtbegin.o

.ARM.extab
 *(.ARM.extab* .gnu.linkonce.armextab.*)
                0x1008102c                __exidx_start = .

.ARM.exidx
 *(.ARM.exidx* .gnu.linkonce.armexidx.*)
                0x1008102c                __exidx_end = .

.copy.table     0x1008102c       0x18
                0x1008102c                . = ALIGN (0x4)
                0x1008102c                __copy_table_start__ = .
                0x1008102c        0x4 LONG 0x10080000 __Vectors
                0x10081030        0x4 LONG 0x8024000 __ram_vectors_start__
                0x10081034        0x4 LONG 0x28c (__Vectors_End - __Vectors)
                0x10081038        0x4 LONG 0x1008104c __etext
                0x1008103c        0x4 LONG 0x802428c __data_start__
                0x10081040        0x4 LONG 0x4cc (__data_end__ - __data_start__)
                0x10081044                __copy_table_end__ = .

.zero.table     0x10081044        0x8
                0x10081044                . = ALIGN (0x4)
                0x10081044                __zero_table_start__ = .
                0x10081044        0x4 LONG 0x80247ec __bss_start__
                0x10081048        0x4 LONG 0x1ec (__bss_end__ - __bss_start__)
                0x1008104c                __zero_table_end__ = .
                0x1008104c                __etext = .

.ramVectors     0x08024000      0x28c
                0x08024000                __ram_vectors_start__ = .
 *(.ram_vectors)
 .ram_vectors   0x08024000      0x28c .\CortexM4\ARM_GCC_541\Debug\startup_psoc63_cm4.o
                0x08024000                __ramVectors
                0x0802428c                __ram_vectors_end__ = .

.data           0x0802428c      0x4cc load address 0x1008104c
                0x0802428c                __data_start__ = .
 *(vtable)
 *(.data*)
 .data          0x0802428c       0x20 .\CortexM4\ARM_GCC_541\Debug\system_psoc63_cm4.o
                0x0802428c                cy_BleEcoClockFreqHz
                0x08024290                cy_Hfclk0FreqHz
                0x08024294                cy_PeriClkFreqHz
                0x08024298                SystemCoreClock
                0x0802429c                cy_delayFreqHz
                0x080242a0                cy_delayFreqMhz
                0x080242a4                cy_delayFreqKhz
                0x080242a8                cy_delay32kMs
 .data          0x080242ac        0x4 .\CortexM4\ARM_GCC_541\Debug\cy_flash.o
                0x080242b0                . = ALIGN (0x4)
                0x080242b0                PROVIDE (__preinit_array_start, .)
 *(.preinit_array)
                0x080242b0                PROVIDE (__preinit_array_end, .)
                0x080242b0                . = ALIGN (0x4)
                0x080242b0                PROVIDE (__init_array_start, .)
 *(SORT(.init_array.*))
 *(.init_array)
 .init_array    0x080242b0        0x4 c:/program files (x86)/cypress/psoc creator/4.2/psoc creator/import/gnu/arm/5.4.1/bin/../lib/gcc/arm-none-eabi/5.4.1/armv7e-m/softfp/crtbegin.o
                0x080242b4                PROVIDE (__init_array_end, .)
                0x080242b4                . = ALIGN (0x4)
                [!provide]                PROVIDE (__fini_array_start, .)
 *(SORT(.fini_array.*))
 *(.fini_array)
 .fini_array    0x080242b4        0x4 c:/program files (x86)/cypress/psoc creator/4.2/psoc creator/import/gnu/arm/5.4.1/bin/../lib/gcc/arm-none-eabi/5.4.1/armv7e-m/softfp/crtbegin.o
                [!provide]                PROVIDE (__fini_array_end, .)
 *(.jcr*)
 .jcr           0x080242b8        0x0 c:/program files (x86)/cypress/psoc creator/4.2/psoc creator/import/gnu/arm/5.4.1/bin/../lib/gcc/arm-none-eabi/5.4.1/armv7e-m/softfp/crtbegin.o
 .jcr           0x080242b8        0x4 c:/program files (x86)/cypress/psoc creator/4.2/psoc creator/import/gnu/arm/5.4.1/bin/../lib/gcc/arm-none-eabi/5.4.1/armv7e-m/softfp/crtend.o
                0x080242bc                . = ALIGN (0x4)
 *(.cy_ramfunc*)
 .cy_ramfunc    0x080242bc      0x29c .\CortexM4\ARM_GCC_541\Debug\cy_flash.o
 .cy_ramfunc    0x08024558      0x190 .\CortexM4\ARM_GCC_541\Debug\cy_syspm.o
 .cy_ramfunc.__stub
                0x080246e8       0x70 linker stubs
                0x08024758                . = ALIGN (0x4)
                0x08024758                __data_end__ = .

.igot.plt       0x08024758        0x0 load address 0x10081518
 .igot.plt      0x08024758        0x0 c:/program files (x86)/cypress/psoc creator/4.2/psoc creator/import/gnu/arm/5.4.1/bin/../lib/gcc/arm-none-eabi/5.4.1/armv7e-m/softfp/crtbegin.o

.noinit         0x08024758       0x94 load address 0x10081518
 *(.noinit)
 .noinit        0x08024758       0x94 .\CortexM4\ARM_GCC_541\Debug\cy_syslib.o
                0x08024758                cy_assertFileName
                0x08024770                cy_assertLine
                0x08024774                cy_faultFrame

.bss            0x080247ec      0x1ec load address 0x100815ac
                0x080247ec                . = ALIGN (0x4)
                0x080247ec                __bss_start__ = .
 *(.bss*)
 .bss           0x080247ec       0x1c c:/program files (x86)/cypress/psoc creator/4.2/psoc creator/import/gnu/arm/5.4.1/bin/../lib/gcc/arm-none-eabi/5.4.1/armv7e-m/softfp/crtbegin.o
 .bss           0x08024808      0x180 .\CortexM4\ARM_GCC_541\Debug\cy_ipc_config.o
 .bss           0x08024988        0xc .\CortexM4\ARM_GCC_541\Debug\cy_ipc_sema.o
 .bss           0x08024994        0x4 .\CortexM4\ARM_GCC_541\Debug\cy_ipc_pipe.o
 .bss           0x08024998       0x10 .\CortexM4\ARM_GCC_541\Debug\cy_flash.o
 .bss           0x080249a8       0x30 .\CortexM4\ARM_GCC_541\Debug\cy_syspm.o
 *(COMMON)
                0x080249d8                . = ALIGN (0x4)
                0x080249d8                __bss_end__ = .

.heap           0x080249d8      0x400
                0x080249d8                __HeapBase = .
                0x080249d8                __end__ = .
                0x080249d8                end = __end__
 *(.heap*)
 .heap          0x080249d8      0x400 .\CortexM4\ARM_GCC_541\Debug\startup_psoc63_cm4.o
                0x08024dd8                __HeapLimit = .

.stack_dummy    0x080249d8     0x1000
 *(.stack*)
 .stack         0x080249d8     0x1000 .\CortexM4\ARM_GCC_541\Debug\startup_psoc63_cm4.o
                0x08047800                __StackTop = (ORIGIN (ram) + LENGTH (ram))
                0x08046800                __StackLimit = (__StackTop - SIZEOF (.stack_dummy))
                0x08047800                PROVIDE (__stack, __StackTop)
                0x00000001                ASSERT ((__StackLimit >= __HeapLimit), region RAM overflowed with stack)

.cy_app_signature
 *(.cy_app_signature)

.cy_em_eeprom
 *(.cy_em_eeprom)

.cy_sflash_user_data
 *(.cy_sflash_user_data)

.cy_sflash_nar
 *(.cy_sflash_nar)

.cy_sflash_public_key
 *(.cy_sflash_public_key)

.cy_toc_part2
 *(.cy_toc_part2)

.cy_rtoc_part2
 *(.cy_rtoc_part2)

.cy_xip
 *(.cy_xip)

.cy_efuse
 *(.cy_efuse)

.cymeta         0x90500000        0xc
 *(.cymeta)
 .cymeta        0x90500000        0xc .\CortexM4\ARM_GCC_541\Debug\cymetadata.o
                0x90500000                cy_metadata
                0x10000000                __cy_memory_0_start = 0x10000000
                0x00100000                __cy_memory_0_length = 0x100000
                0x00000200                __cy_memory_0_row_size = 0x200
                0x14000000                __cy_memory_1_start = 0x14000000
                0x00008000                __cy_memory_1_length = 0x8000
                0x00000200                __cy_memory_1_row_size = 0x200
                0x16000000                __cy_memory_2_start = 0x16000000
                0x00008000                __cy_memory_2_length = 0x8000
                0x00000200                __cy_memory_2_row_size = 0x200
                0x18000000                __cy_memory_3_start = 0x18000000
                0x08000000                __cy_memory_3_length = 0x8000000
                0x00000200                __cy_memory_3_row_size = 0x200
                0x90700000                __cy_memory_4_start = 0x90700000
                0x00100000                __cy_memory_4_length = 0x100000
                0x00000001                __cy_memory_4_row_size = 0x1
OUTPUT(C:\Users\bryan.lee\Desktop\PSoC-6-MCU-Pioneer-Kits-master\CY8CKIT-062-BLE Pioneer Kit\CE218133_EINK_CapSense\CE218133_EINK_CapSense.cydsn\CortexM4\ARM_GCC_541\Debug\CE218133_EINK_CapSense_link.elf elf32-littlearm)

.rel.dyn        0x080249d8        0x0 load address 0x9855cdcc
 .rel.iplt      0x080249d8        0x0 c:/program files (x86)/cypress/psoc creator/4.2/psoc creator/import/gnu/arm/5.4.1/bin/../lib/gcc/arm-none-eabi/5.4.1/armv7e-m/softfp/crtbegin.o

.ARM.attributes
                0x00000000       0x2e
 .ARM.attributes
                0x00000000       0x22 c:/program files (x86)/cypress/psoc creator/4.2/psoc creator/import/gnu/arm/5.4.1/bin/../lib/gcc/arm-none-eabi/5.4.1/armv7e-m/softfp/crti.o
 .ARM.attributes
                0x00000022       0x32 c:/program files (x86)/cypress/psoc creator/4.2/psoc creator/import/gnu/arm/5.4.1/bin/../lib/gcc/arm-none-eabi/5.4.1/armv7e-m/softfp/crtbegin.o
 .ARM.attributes
                0x00000054       0x1f .\CortexM4\ARM_GCC_541\Debug\startup_psoc63_cm4.o
 .ARM.attributes
                0x00000073       0x37 .\CortexM4\ARM_GCC_541\Debug\main_cm4.o
 .ARM.attributes
                0x000000aa       0x37 .\CortexM4\ARM_GCC_541\Debug\system_psoc63_cm4.o
 .ARM.attributes
                0x000000e1       0x37 .\CortexM4\ARM_GCC_541\Debug\cy_ipc_config.o
 .ARM.attributes
                0x00000118       0x37 .\CortexM4\ARM_GCC_541\Debug\cymetadata.o
 .ARM.attributes
                0x0000014f       0x37 .\CortexM4\ARM_GCC_541\Debug\cy_sysint.o
 .ARM.attributes
                0x00000186       0x37 .\CortexM4\ARM_GCC_541\Debug\cy_ipc_drv.o
 .ARM.attributes
                0x000001bd       0x37 .\CortexM4\ARM_GCC_541\Debug\cy_ipc_sema.o
 .ARM.attributes
                0x000001f4       0x37 .\CortexM4\ARM_GCC_541\Debug\cy_ipc_pipe.o
 .ARM.attributes
                0x0000022b       0x37 .\CortexM4\ARM_GCC_541\Debug\cy_flash.o
 .ARM.attributes
                0x00000262       0x37 .\CortexM4\ARM_GCC_541\Debug\cy_syspm.o
 .ARM.attributes
                0x00000299       0x37 .\CortexM4\ARM_GCC_541\Debug\cy_syslib.o
 .ARM.attributes
                0x000002d0       0x25 .\CortexM4\ARM_GCC_541\Debug\cy_syslib_gcc.o
 .ARM.attributes
                0x000002f5       0x32 c:/program files (x86)/cypress/psoc creator/4.2/psoc creator/import/gnu/arm/5.4.1/bin/../lib/gcc/arm-none-eabi/5.4.1/../../../../arm-none-eabi/lib/armv7e-m/softfp\libg_nano.a(lib_a-memset.o)
 .ARM.attributes
                0x00000327       0x32 c:/program files (x86)/cypress/psoc creator/4.2/psoc creator/import/gnu/arm/5.4.1/bin/../lib/gcc/arm-none-eabi/5.4.1/../../../../arm-none-eabi/lib/armv7e-m/softfp\libg_nano.a(lib_a-strncpy.o)
 .ARM.attributes
                0x00000359       0x32 c:/program files (x86)/cypress/psoc creator/4.2/psoc creator/import/gnu/arm/5.4.1/bin/../lib/gcc/arm-none-eabi/5.4.1/armv7e-m/softfp/crtend.o
 .ARM.attributes
                0x0000038b       0x22 c:/program files (x86)/cypress/psoc creator/4.2/psoc creator/import/gnu/arm/5.4.1/bin/../lib/gcc/arm-none-eabi/5.4.1/armv7e-m/softfp/crtn.o

.comment        0x00000000       0x6e
 .comment       0x00000000       0x6e .\CortexM4\ARM_GCC_541\Debug\main_cm4.o
                                 0x6f (size before relaxing)
 .comment       0x0000006e       0x6f .\CortexM4\ARM_GCC_541\Debug\system_psoc63_cm4.o
 .comment       0x0000006e       0x6f .\CortexM4\ARM_GCC_541\Debug\cy_ipc_config.o
 .comment       0x0000006e       0x6f .\CortexM4\ARM_GCC_541\Debug\cymetadata.o
 .comment       0x0000006e       0x6f .\CortexM4\ARM_GCC_541\Debug\cy_sysint.o
 .comment       0x0000006e       0x6f .\CortexM4\ARM_GCC_541\Debug\cy_ipc_drv.o
 .comment       0x0000006e       0x6f .\CortexM4\ARM_GCC_541\Debug\cy_ipc_sema.o
 .comment       0x0000006e       0x6f .\CortexM4\ARM_GCC_541\Debug\cy_ipc_pipe.o
 .comment       0x0000006e       0x6f .\CortexM4\ARM_GCC_541\Debug\cy_flash.o
 .comment       0x0000006e       0x6f .\CortexM4\ARM_GCC_541\Debug\cy_syspm.o
 .comment       0x0000006e       0x6f .\CortexM4\ARM_GCC_541\Debug\cy_syslib.o

.debug_line     0x00000000     0x2c73
 .debug_line    0x00000000       0xa0 .\CortexM4\ARM_GCC_541\Debug\startup_psoc63_cm4.o
 .debug_line    0x000000a0      0x238 .\CortexM4\ARM_GCC_541\Debug\main_cm4.o
 .debug_line    0x000002d8      0x2fa .\CortexM4\ARM_GCC_541\Debug\system_psoc63_cm4.o
 .debug_line    0x000005d2      0x2bc .\CortexM4\ARM_GCC_541\Debug\cy_ipc_config.o
 .debug_line    0x0000088e      0x141 .\CortexM4\ARM_GCC_541\Debug\cymetadata.o
 .debug_line    0x000009cf      0x2a8 .\CortexM4\ARM_GCC_541\Debug\cy_sysint.o
 .debug_line    0x00000c77      0x2ac .\CortexM4\ARM_GCC_541\Debug\cy_ipc_drv.o
 .debug_line    0x00000f23      0x35f .\CortexM4\ARM_GCC_541\Debug\cy_ipc_sema.o
 .debug_line    0x00001282      0x572 .\CortexM4\ARM_GCC_541\Debug\cy_ipc_pipe.o
 .debug_line    0x000017f4      0x72e .\CortexM4\ARM_GCC_541\Debug\cy_flash.o
 .debug_line    0x00001f22      0x8c7 .\CortexM4\ARM_GCC_541\Debug\cy_syspm.o
 .debug_line    0x000027e9      0x401 .\CortexM4\ARM_GCC_541\Debug\cy_syslib.o
 .debug_line    0x00002bea       0x89 .\CortexM4\ARM_GCC_541\Debug\cy_syslib_gcc.o

.debug_info     0x00000000     0xd3e0
 .debug_info    0x00000000       0xd6 .\CortexM4\ARM_GCC_541\Debug\startup_psoc63_cm4.o
 .debug_info    0x000000d6      0x2b2 .\CortexM4\ARM_GCC_541\Debug\main_cm4.o
 .debug_info    0x00000388      0xff9 .\CortexM4\ARM_GCC_541\Debug\system_psoc63_cm4.o
 .debug_info    0x00001381      0x876 .\CortexM4\ARM_GCC_541\Debug\cy_ipc_config.o
 .debug_info    0x00001bf7       0xac .\CortexM4\ARM_GCC_541\Debug\cymetadata.o
 .debug_info    0x00001ca3      0x9c5 .\CortexM4\ARM_GCC_541\Debug\cy_sysint.o
 .debug_info    0x00002668      0x486 .\CortexM4\ARM_GCC_541\Debug\cy_ipc_drv.o
 .debug_info    0x00002aee      0x808 .\CortexM4\ARM_GCC_541\Debug\cy_ipc_sema.o
 .debug_info    0x000032f6     0x15f4 .\CortexM4\ARM_GCC_541\Debug\cy_ipc_pipe.o
 .debug_info    0x000048ea     0x27a5 .\CortexM4\ARM_GCC_541\Debug\cy_flash.o
 .debug_info    0x0000708f     0x3d45 .\CortexM4\ARM_GCC_541\Debug\cy_syspm.o
 .debug_info    0x0000add4     0x2511 .\CortexM4\ARM_GCC_541\Debug\cy_syslib.o
 .debug_info    0x0000d2e5       0xfb .\CortexM4\ARM_GCC_541\Debug\cy_syslib_gcc.o

.debug_abbrev   0x00000000     0x1711
 .debug_abbrev  0x00000000       0x14 .\CortexM4\ARM_GCC_541\Debug\startup_psoc63_cm4.o
 .debug_abbrev  0x00000014       0xea .\CortexM4\ARM_GCC_541\Debug\main_cm4.o
 .debug_abbrev  0x000000fe      0x1c4 .\CortexM4\ARM_GCC_541\Debug\system_psoc63_cm4.o
 .debug_abbrev  0x000002c2      0x173 .\CortexM4\ARM_GCC_541\Debug\cy_ipc_config.o
 .debug_abbrev  0x00000435       0x5d .\CortexM4\ARM_GCC_541\Debug\cymetadata.o
 .debug_abbrev  0x00000492      0x221 .\CortexM4\ARM_GCC_541\Debug\cy_sysint.o
 .debug_abbrev  0x000006b3      0x177 .\CortexM4\ARM_GCC_541\Debug\cy_ipc_drv.o
 .debug_abbrev  0x0000082a      0x22d .\CortexM4\ARM_GCC_541\Debug\cy_ipc_sema.o
 .debug_abbrev  0x00000a57      0x30d .\CortexM4\ARM_GCC_541\Debug\cy_ipc_pipe.o
 .debug_abbrev  0x00000d64      0x340 .\CortexM4\ARM_GCC_541\Debug\cy_flash.o
 .debug_abbrev  0x000010a4      0x349 .\CortexM4\ARM_GCC_541\Debug\cy_syspm.o
 .debug_abbrev  0x000013ed      0x310 .\CortexM4\ARM_GCC_541\Debug\cy_syslib.o
 .debug_abbrev  0x000016fd       0x14 .\CortexM4\ARM_GCC_541\Debug\cy_syslib_gcc.o

.debug_aranges  0x00000000      0x418
 .debug_aranges
                0x00000000       0x20 .\CortexM4\ARM_GCC_541\Debug\startup_psoc63_cm4.o
 .debug_aranges
                0x00000020       0x20 .\CortexM4\ARM_GCC_541\Debug\main_cm4.o
 .debug_aranges
                0x00000040       0x38 .\CortexM4\ARM_GCC_541\Debug\system_psoc63_cm4.o
 .debug_aranges
                0x00000078       0x30 .\CortexM4\ARM_GCC_541\Debug\cy_ipc_config.o
 .debug_aranges
                0x000000a8       0x18 .\CortexM4\ARM_GCC_541\Debug\cymetadata.o
 .debug_aranges
                0x000000c0       0x30 .\CortexM4\ARM_GCC_541\Debug\cy_sysint.o
 .debug_aranges
                0x000000f0       0x30 .\CortexM4\ARM_GCC_541\Debug\cy_ipc_drv.o
 .debug_aranges
                0x00000120       0x40 .\CortexM4\ARM_GCC_541\Debug\cy_ipc_sema.o
 .debug_aranges
                0x00000160       0x68 .\CortexM4\ARM_GCC_541\Debug\cy_ipc_pipe.o
 .debug_aranges
                0x000001c8       0xb0 .\CortexM4\ARM_GCC_541\Debug\cy_flash.o
 .debug_aranges
                0x00000278      0x108 .\CortexM4\ARM_GCC_541\Debug\cy_syspm.o
 .debug_aranges
                0x00000380       0x78 .\CortexM4\ARM_GCC_541\Debug\cy_syslib.o
 .debug_aranges
                0x000003f8       0x20 .\CortexM4\ARM_GCC_541\Debug\cy_syslib_gcc.o

.debug_ranges   0x00000000      0x3a0
 .debug_ranges  0x00000000       0x10 .\CortexM4\ARM_GCC_541\Debug\main_cm4.o
 .debug_ranges  0x00000010       0x40 .\CortexM4\ARM_GCC_541\Debug\system_psoc63_cm4.o
 .debug_ranges  0x00000050       0x20 .\CortexM4\ARM_GCC_541\Debug\cy_ipc_config.o
 .debug_ranges  0x00000070       0x20 .\CortexM4\ARM_GCC_541\Debug\cy_sysint.o
 .debug_ranges  0x00000090       0x20 .\CortexM4\ARM_GCC_541\Debug\cy_ipc_drv.o
 .debug_ranges  0x000000b0       0x30 .\CortexM4\ARM_GCC_541\Debug\cy_ipc_sema.o
 .debug_ranges  0x000000e0       0x58 .\CortexM4\ARM_GCC_541\Debug\cy_ipc_pipe.o
 .debug_ranges  0x00000138       0xa0 .\CortexM4\ARM_GCC_541\Debug\cy_flash.o
 .debug_ranges  0x000001d8      0x160 .\CortexM4\ARM_GCC_541\Debug\cy_syspm.o
 .debug_ranges  0x00000338       0x68 .\CortexM4\ARM_GCC_541\Debug\cy_syslib.o

.debug_str      0x00000000     0x5054
 .debug_str     0x00000000      0x3c9 .\CortexM4\ARM_GCC_541\Debug\main_cm4.o
                                0x426 (size before relaxing)
 .debug_str     0x000003c9      0x8e1 .\CortexM4\ARM_GCC_541\Debug\system_psoc63_cm4.o
                                0xb46 (size before relaxing)
 .debug_str     0x00000caa     0x12f6 .\CortexM4\ARM_GCC_541\Debug\cy_ipc_config.o
                               0x156f (size before relaxing)
 .debug_str     0x00001fa0       0x30 .\CortexM4\ARM_GCC_541\Debug\cymetadata.o
                                0x20c (size before relaxing)
 .debug_str     0x00001fd0      0x173 .\CortexM4\ARM_GCC_541\Debug\cy_sysint.o
                               0x141b (size before relaxing)
 .debug_str     0x00002143      0x196 .\CortexM4\ARM_GCC_541\Debug\cy_ipc_drv.o
                                0x416 (size before relaxing)
 .debug_str     0x000022d9      0x268 .\CortexM4\ARM_GCC_541\Debug\cy_ipc_sema.o
                                0x63c (size before relaxing)
 .debug_str     0x00002541      0x46e .\CortexM4\ARM_GCC_541\Debug\cy_ipc_pipe.o
                               0x1b13 (size before relaxing)
 .debug_str     0x000029af      0xc56 .\CortexM4\ARM_GCC_541\Debug\cy_flash.o
                               0x2a31 (size before relaxing)
 .debug_str     0x00003605     0x1537 .\CortexM4\ARM_GCC_541\Debug\cy_syspm.o
                               0x2569 (size before relaxing)
 .debug_str     0x00004b3c      0x518 .\CortexM4\ARM_GCC_541\Debug\cy_syslib.o
                               0x1942 (size before relaxing)

.debug_frame    0x00000000      0xaf4
 .debug_frame   0x00000000       0x20 .\CortexM4\ARM_GCC_541\Debug\main_cm4.o
 .debug_frame   0x00000020       0x68 .\CortexM4\ARM_GCC_541\Debug\system_psoc63_cm4.o
 .debug_frame   0x00000088       0x64 .\CortexM4\ARM_GCC_541\Debug\cy_ipc_config.o
 .debug_frame   0x000000ec       0x7c .\CortexM4\ARM_GCC_541\Debug\cy_sysint.o
 .debug_frame   0x00000168       0x70 .\CortexM4\ARM_GCC_541\Debug\cy_ipc_drv.o
 .debug_frame   0x000001d8       0xcc .\CortexM4\ARM_GCC_541\Debug\cy_ipc_sema.o
 .debug_frame   0x000002a4      0x164 .\CortexM4\ARM_GCC_541\Debug\cy_ipc_pipe.o
 .debug_frame   0x00000408      0x22c .\CortexM4\ARM_GCC_541\Debug\cy_flash.o
 .debug_frame   0x00000634      0x354 .\CortexM4\ARM_GCC_541\Debug\cy_syspm.o
 .debug_frame   0x00000988      0x124 .\CortexM4\ARM_GCC_541\Debug\cy_syslib.o
 .debug_frame   0x00000aac       0x20 c:/program files (x86)/cypress/psoc creator/4.2/psoc creator/import/gnu/arm/5.4.1/bin/../lib/gcc/arm-none-eabi/5.4.1/../../../../arm-none-eabi/lib/armv7e-m/softfp\libg_nano.a(lib_a-memset.o)
 .debug_frame   0x00000acc       0x28 c:/program files (x86)/cypress/psoc creator/4.2/psoc creator/import/gnu/arm/5.4.1/bin/../lib/gcc/arm-none-eabi/5.4.1/../../../../arm-none-eabi/lib/armv7e-m/softfp\libg_nano.a(lib_a-strncpy.o)

.debug_loc      0x00000000     0x2e5c
 .debug_loc     0x00000000      0x1fe .\CortexM4\ARM_GCC_541\Debug\system_psoc63_cm4.o
 .debug_loc     0x000001fe       0x1e .\CortexM4\ARM_GCC_541\Debug\cy_ipc_config.o
 .debug_loc     0x0000021c      0x223 .\CortexM4\ARM_GCC_541\Debug\cy_sysint.o
 .debug_loc     0x0000043f      0x2a1 .\CortexM4\ARM_GCC_541\Debug\cy_ipc_drv.o
 .debug_loc     0x000006e0      0x6c2 .\CortexM4\ARM_GCC_541\Debug\cy_ipc_sema.o
 .debug_loc     0x00000da2      0x7d4 .\CortexM4\ARM_GCC_541\Debug\cy_ipc_pipe.o
 .debug_loc     0x00001576      0xbe0 .\CortexM4\ARM_GCC_541\Debug\cy_flash.o
 .debug_loc     0x00002156      0xb0a .\CortexM4\ARM_GCC_541\Debug\cy_syspm.o
 .debug_loc     0x00002c60      0x1fc .\CortexM4\ARM_GCC_541\Debug\cy_syslib.o
