ARM GAS  C:\Users\bryan.lee\AppData\Local\Temp\ccmpUOJA.s 			page 1


   1              		.syntax unified
   2              		.cpu cortex-m3
   3              		.fpu softvfp
   4              		.eabi_attribute 20, 1
   5              		.eabi_attribute 21, 1
   6              		.eabi_attribute 23, 3
   7              		.eabi_attribute 24, 1
   8              		.eabi_attribute 25, 1
   9              		.eabi_attribute 26, 1
  10              		.eabi_attribute 30, 6
  11              		.eabi_attribute 18, 4
  12              		.thumb
  13              		.file	"counterPolarC_PM.c"
  14              		.section	.debug_abbrev,"",%progbits
  15              	.Ldebug_abbrev0:
  16              		.section	.debug_info,"",%progbits
  17              	.Ldebug_info0:
  18              		.section	.debug_line,"",%progbits
  19              	.Ldebug_line0:
  20 0000 DC000000 		.text
  20      02007C00 
  20      00000201 
  20      FB0E0D00 
  20      01010101 
  21              	.Ltext0:
  22              		.cfi_sections	.debug_frame
  23              		.bss
  24              		.align	2
  25              	counterPolarC_backup:
  26 0000 00000000 		.space	6
  26      0000
  27 0006 0000     		.section	.text.counterPolarC_SaveConfig,"ax",%progbits
  28              		.align	2
  29              		.global	counterPolarC_SaveConfig
  30              		.thumb
  31              		.thumb_func
  32              		.type	counterPolarC_SaveConfig, %function
  33              	counterPolarC_SaveConfig:
  34              	.LFB0:
  35              		.file 1 ".\\Generated_Source\\PSoC5\\counterPolarC_PM.c"
   1:.\Generated_Source\PSoC5/counterPolarC_PM.c **** /*******************************************************************************
   2:.\Generated_Source\PSoC5/counterPolarC_PM.c **** * File Name: counterPolarC_PM.c  
   3:.\Generated_Source\PSoC5/counterPolarC_PM.c **** * Version 2.40
   4:.\Generated_Source\PSoC5/counterPolarC_PM.c **** *
   5:.\Generated_Source\PSoC5/counterPolarC_PM.c **** *  Description:
   6:.\Generated_Source\PSoC5/counterPolarC_PM.c **** *    This file provides the power management source code to API for the
   7:.\Generated_Source\PSoC5/counterPolarC_PM.c **** *    Counter.  
   8:.\Generated_Source\PSoC5/counterPolarC_PM.c **** *
   9:.\Generated_Source\PSoC5/counterPolarC_PM.c **** *   Note:
  10:.\Generated_Source\PSoC5/counterPolarC_PM.c **** *     None
  11:.\Generated_Source\PSoC5/counterPolarC_PM.c **** *
  12:.\Generated_Source\PSoC5/counterPolarC_PM.c **** *******************************************************************************
  13:.\Generated_Source\PSoC5/counterPolarC_PM.c **** * Copyright 2008-2012, Cypress Semiconductor Corporation.  All rights reserved.
  14:.\Generated_Source\PSoC5/counterPolarC_PM.c **** * You may use this file only in accordance with the license, terms, conditions, 
  15:.\Generated_Source\PSoC5/counterPolarC_PM.c **** * disclaimers, and limitations in the end user license agreement accompanying 
  16:.\Generated_Source\PSoC5/counterPolarC_PM.c **** * the software package with which this file was provided.
  17:.\Generated_Source\PSoC5/counterPolarC_PM.c **** ********************************************************************************/
ARM GAS  C:\Users\bryan.lee\AppData\Local\Temp\ccmpUOJA.s 			page 2


  18:.\Generated_Source\PSoC5/counterPolarC_PM.c **** 
  19:.\Generated_Source\PSoC5/counterPolarC_PM.c **** #include "counterPolarC.h"
  20:.\Generated_Source\PSoC5/counterPolarC_PM.c **** 
  21:.\Generated_Source\PSoC5/counterPolarC_PM.c **** static counterPolarC_backupStruct counterPolarC_backup;
  22:.\Generated_Source\PSoC5/counterPolarC_PM.c **** 
  23:.\Generated_Source\PSoC5/counterPolarC_PM.c **** 
  24:.\Generated_Source\PSoC5/counterPolarC_PM.c **** /*******************************************************************************
  25:.\Generated_Source\PSoC5/counterPolarC_PM.c **** * Function Name: counterPolarC_SaveConfig
  26:.\Generated_Source\PSoC5/counterPolarC_PM.c **** ********************************************************************************
  27:.\Generated_Source\PSoC5/counterPolarC_PM.c **** * Summary:
  28:.\Generated_Source\PSoC5/counterPolarC_PM.c **** *     Save the current user configuration
  29:.\Generated_Source\PSoC5/counterPolarC_PM.c **** *
  30:.\Generated_Source\PSoC5/counterPolarC_PM.c **** * Parameters:  
  31:.\Generated_Source\PSoC5/counterPolarC_PM.c **** *  void
  32:.\Generated_Source\PSoC5/counterPolarC_PM.c **** *
  33:.\Generated_Source\PSoC5/counterPolarC_PM.c **** * Return: 
  34:.\Generated_Source\PSoC5/counterPolarC_PM.c **** *  void
  35:.\Generated_Source\PSoC5/counterPolarC_PM.c **** *
  36:.\Generated_Source\PSoC5/counterPolarC_PM.c **** * Global variables:
  37:.\Generated_Source\PSoC5/counterPolarC_PM.c **** *  counterPolarC_backup:  Variables of this global structure are modified to 
  38:.\Generated_Source\PSoC5/counterPolarC_PM.c **** *  store the values of non retention configuration registers when Sleep() API is 
  39:.\Generated_Source\PSoC5/counterPolarC_PM.c **** *  called.
  40:.\Generated_Source\PSoC5/counterPolarC_PM.c **** *
  41:.\Generated_Source\PSoC5/counterPolarC_PM.c **** *******************************************************************************/
  42:.\Generated_Source\PSoC5/counterPolarC_PM.c **** void counterPolarC_SaveConfig(void) 
  43:.\Generated_Source\PSoC5/counterPolarC_PM.c **** {
  36              		.loc 1 43 0
  37              		.cfi_startproc
  38              		@ args = 0, pretend = 0, frame = 0
  39              		@ frame_needed = 1, uses_anonymous_args = 0
  40 0000 80B5     		push	{r7, lr}
  41              	.LCFI0:
  42              		.cfi_def_cfa_offset 8
  43 0002 00AF     		add	r7, sp, #0
  44              		.cfi_offset 14, -4
  45              		.cfi_offset 7, -8
  46              	.LCFI1:
  47              		.cfi_def_cfa_register 7
  44:.\Generated_Source\PSoC5/counterPolarC_PM.c ****     #if (!counterPolarC_UsingFixedFunction)
  45:.\Generated_Source\PSoC5/counterPolarC_PM.c **** 
  46:.\Generated_Source\PSoC5/counterPolarC_PM.c ****         counterPolarC_backup.CounterUdb = counterPolarC_ReadCounter();
  48              		.loc 1 46 0
  49 0004 FFF7FEFF 		bl	counterPolarC_ReadCounter
  50 0008 0346     		mov	r3, r0
  51 000a 1A46     		mov	r2, r3
  52 000c 40F20003 		movw	r3, #:lower16:counterPolarC_backup
  53 0010 C0F20003 		movt	r3, #:upper16:counterPolarC_backup
  54 0014 5A70     		strb	r2, [r3, #1]
  47:.\Generated_Source\PSoC5/counterPolarC_PM.c **** 
  48:.\Generated_Source\PSoC5/counterPolarC_PM.c ****         #if (CY_UDB_V0)
  49:.\Generated_Source\PSoC5/counterPolarC_PM.c ****             counterPolarC_backup.CounterPeriod = counterPolarC_ReadPeriod();
  55              		.loc 1 49 0
  56 0016 FFF7FEFF 		bl	counterPolarC_ReadPeriod
  57 001a 0346     		mov	r3, r0
  58 001c 1A46     		mov	r2, r3
  59 001e 40F20003 		movw	r3, #:lower16:counterPolarC_backup
  60 0022 C0F20003 		movt	r3, #:upper16:counterPolarC_backup
ARM GAS  C:\Users\bryan.lee\AppData\Local\Temp\ccmpUOJA.s 			page 3


  61 0026 9A70     		strb	r2, [r3, #2]
  50:.\Generated_Source\PSoC5/counterPolarC_PM.c ****             counterPolarC_backup.CompareValue = counterPolarC_ReadCompare();
  62              		.loc 1 50 0
  63 0028 FFF7FEFF 		bl	counterPolarC_ReadCompare
  64 002c 0346     		mov	r3, r0
  65 002e 1A46     		mov	r2, r3
  66 0030 40F20003 		movw	r3, #:lower16:counterPolarC_backup
  67 0034 C0F20003 		movt	r3, #:upper16:counterPolarC_backup
  68 0038 DA70     		strb	r2, [r3, #3]
  51:.\Generated_Source\PSoC5/counterPolarC_PM.c ****             counterPolarC_backup.InterruptMaskValue = counterPolarC_STATUS_MASK;
  69              		.loc 1 51 0
  70 003a 46F28553 		movw	r3, #:lower16:1073767813
  71 003e C4F20003 		movt	r3, #:upper16:1073767813
  72 0042 1B78     		ldrb	r3, [r3, #0]
  73 0044 DAB2     		uxtb	r2, r3
  74 0046 40F20003 		movw	r3, #:lower16:counterPolarC_backup
  75 004a C0F20003 		movt	r3, #:upper16:counterPolarC_backup
  76 004e 1A71     		strb	r2, [r3, #4]
  52:.\Generated_Source\PSoC5/counterPolarC_PM.c ****         #endif /* CY_UDB_V0 */
  53:.\Generated_Source\PSoC5/counterPolarC_PM.c **** 
  54:.\Generated_Source\PSoC5/counterPolarC_PM.c ****         #if(!counterPolarC_ControlRegRemoved)
  55:.\Generated_Source\PSoC5/counterPolarC_PM.c ****             counterPolarC_backup.CounterControlRegister = counterPolarC_ReadControlRegister();
  77              		.loc 1 55 0
  78 0050 FFF7FEFF 		bl	counterPolarC_ReadControlRegister
  79 0054 0346     		mov	r3, r0
  80 0056 1A46     		mov	r2, r3
  81 0058 40F20003 		movw	r3, #:lower16:counterPolarC_backup
  82 005c C0F20003 		movt	r3, #:upper16:counterPolarC_backup
  83 0060 5A71     		strb	r2, [r3, #5]
  56:.\Generated_Source\PSoC5/counterPolarC_PM.c ****         #endif /* (!counterPolarC_ControlRegRemoved) */
  57:.\Generated_Source\PSoC5/counterPolarC_PM.c **** 
  58:.\Generated_Source\PSoC5/counterPolarC_PM.c ****     #endif /* (!counterPolarC_UsingFixedFunction) */
  59:.\Generated_Source\PSoC5/counterPolarC_PM.c **** }
  84              		.loc 1 59 0
  85 0062 80BD     		pop	{r7, pc}
  86              		.cfi_endproc
  87              	.LFE0:
  88              		.size	counterPolarC_SaveConfig, .-counterPolarC_SaveConfig
  89              		.section	.text.counterPolarC_RestoreConfig,"ax",%progbits
  90              		.align	2
  91              		.global	counterPolarC_RestoreConfig
  92              		.thumb
  93              		.thumb_func
  94              		.type	counterPolarC_RestoreConfig, %function
  95              	counterPolarC_RestoreConfig:
  96              	.LFB1:
  60:.\Generated_Source\PSoC5/counterPolarC_PM.c **** 
  61:.\Generated_Source\PSoC5/counterPolarC_PM.c **** 
  62:.\Generated_Source\PSoC5/counterPolarC_PM.c **** /*******************************************************************************
  63:.\Generated_Source\PSoC5/counterPolarC_PM.c **** * Function Name: counterPolarC_RestoreConfig
  64:.\Generated_Source\PSoC5/counterPolarC_PM.c **** ********************************************************************************
  65:.\Generated_Source\PSoC5/counterPolarC_PM.c **** *
  66:.\Generated_Source\PSoC5/counterPolarC_PM.c **** * Summary:
  67:.\Generated_Source\PSoC5/counterPolarC_PM.c **** *  Restores the current user configuration.
  68:.\Generated_Source\PSoC5/counterPolarC_PM.c **** *
  69:.\Generated_Source\PSoC5/counterPolarC_PM.c **** * Parameters:  
  70:.\Generated_Source\PSoC5/counterPolarC_PM.c **** *  void
ARM GAS  C:\Users\bryan.lee\AppData\Local\Temp\ccmpUOJA.s 			page 4


  71:.\Generated_Source\PSoC5/counterPolarC_PM.c **** *
  72:.\Generated_Source\PSoC5/counterPolarC_PM.c **** * Return: 
  73:.\Generated_Source\PSoC5/counterPolarC_PM.c **** *  void
  74:.\Generated_Source\PSoC5/counterPolarC_PM.c **** *
  75:.\Generated_Source\PSoC5/counterPolarC_PM.c **** * Global variables:
  76:.\Generated_Source\PSoC5/counterPolarC_PM.c **** *  counterPolarC_backup:  Variables of this global structure are used to 
  77:.\Generated_Source\PSoC5/counterPolarC_PM.c **** *  restore the values of non retention registers on wakeup from sleep mode.
  78:.\Generated_Source\PSoC5/counterPolarC_PM.c **** *
  79:.\Generated_Source\PSoC5/counterPolarC_PM.c **** *******************************************************************************/
  80:.\Generated_Source\PSoC5/counterPolarC_PM.c **** void counterPolarC_RestoreConfig(void) 
  81:.\Generated_Source\PSoC5/counterPolarC_PM.c **** {      
  97              		.loc 1 81 0
  98              		.cfi_startproc
  99              		@ args = 0, pretend = 0, frame = 8
 100              		@ frame_needed = 1, uses_anonymous_args = 0
 101 0000 80B5     		push	{r7, lr}
 102              	.LCFI2:
 103              		.cfi_def_cfa_offset 8
 104 0002 82B0     		sub	sp, sp, #8
 105              	.LCFI3:
 106              		.cfi_def_cfa_offset 16
 107 0004 00AF     		add	r7, sp, #0
 108              		.cfi_offset 14, -4
 109              		.cfi_offset 7, -8
 110              	.LCFI4:
 111              		.cfi_def_cfa_register 7
  82:.\Generated_Source\PSoC5/counterPolarC_PM.c ****     #if (!counterPolarC_UsingFixedFunction)
  83:.\Generated_Source\PSoC5/counterPolarC_PM.c **** 
  84:.\Generated_Source\PSoC5/counterPolarC_PM.c ****         #if (CY_UDB_V0)
  85:.\Generated_Source\PSoC5/counterPolarC_PM.c ****             uint8 counterPolarC_interruptState;
  86:.\Generated_Source\PSoC5/counterPolarC_PM.c ****         #endif  /* (CY_UDB_V0) */
  87:.\Generated_Source\PSoC5/counterPolarC_PM.c **** 
  88:.\Generated_Source\PSoC5/counterPolarC_PM.c ****        counterPolarC_WriteCounter(counterPolarC_backup.CounterUdb);
 112              		.loc 1 88 0
 113 0006 40F20003 		movw	r3, #:lower16:counterPolarC_backup
 114 000a C0F20003 		movt	r3, #:upper16:counterPolarC_backup
 115 000e 5B78     		ldrb	r3, [r3, #1]	@ zero_extendqisi2
 116 0010 1846     		mov	r0, r3
 117 0012 FFF7FEFF 		bl	counterPolarC_WriteCounter
  89:.\Generated_Source\PSoC5/counterPolarC_PM.c **** 
  90:.\Generated_Source\PSoC5/counterPolarC_PM.c ****         #if (CY_UDB_V0)
  91:.\Generated_Source\PSoC5/counterPolarC_PM.c ****             counterPolarC_WritePeriod(counterPolarC_backup.CounterPeriod);
 118              		.loc 1 91 0
 119 0016 40F20003 		movw	r3, #:lower16:counterPolarC_backup
 120 001a C0F20003 		movt	r3, #:upper16:counterPolarC_backup
 121 001e 9B78     		ldrb	r3, [r3, #2]	@ zero_extendqisi2
 122 0020 1846     		mov	r0, r3
 123 0022 FFF7FEFF 		bl	counterPolarC_WritePeriod
  92:.\Generated_Source\PSoC5/counterPolarC_PM.c ****             counterPolarC_WriteCompare(counterPolarC_backup.CompareValue);
 124              		.loc 1 92 0
 125 0026 40F20003 		movw	r3, #:lower16:counterPolarC_backup
 126 002a C0F20003 		movt	r3, #:upper16:counterPolarC_backup
 127 002e DB78     		ldrb	r3, [r3, #3]	@ zero_extendqisi2
 128 0030 1846     		mov	r0, r3
 129 0032 FFF7FEFF 		bl	counterPolarC_WriteCompare
  93:.\Generated_Source\PSoC5/counterPolarC_PM.c **** 
  94:.\Generated_Source\PSoC5/counterPolarC_PM.c ****             counterPolarC_interruptState = CyEnterCriticalSection();
ARM GAS  C:\Users\bryan.lee\AppData\Local\Temp\ccmpUOJA.s 			page 5


 130              		.loc 1 94 0
 131 0036 FFF7FEFF 		bl	CyEnterCriticalSection
 132 003a 0346     		mov	r3, r0
 133 003c FB71     		strb	r3, [r7, #7]
  95:.\Generated_Source\PSoC5/counterPolarC_PM.c ****             counterPolarC_STATUS_AUX_CTRL |= counterPolarC_STATUS_ACTL_INT_EN_MASK;
 134              		.loc 1 95 0
 135 003e 46F29553 		movw	r3, #:lower16:1073767829
 136 0042 C4F20003 		movt	r3, #:upper16:1073767829
 137 0046 46F29552 		movw	r2, #:lower16:1073767829
 138 004a C4F20002 		movt	r2, #:upper16:1073767829
 139 004e 1278     		ldrb	r2, [r2, #0]
 140 0050 D2B2     		uxtb	r2, r2
 141 0052 42F01002 		orr	r2, r2, #16
 142 0056 D2B2     		uxtb	r2, r2
 143 0058 1A70     		strb	r2, [r3, #0]
  96:.\Generated_Source\PSoC5/counterPolarC_PM.c ****             CyExitCriticalSection(counterPolarC_interruptState);
 144              		.loc 1 96 0
 145 005a FB79     		ldrb	r3, [r7, #7]	@ zero_extendqisi2
 146 005c 1846     		mov	r0, r3
 147 005e FFF7FEFF 		bl	CyExitCriticalSection
  97:.\Generated_Source\PSoC5/counterPolarC_PM.c **** 
  98:.\Generated_Source\PSoC5/counterPolarC_PM.c ****             counterPolarC_STATUS_MASK = counterPolarC_backup.InterruptMaskValue;
 148              		.loc 1 98 0
 149 0062 46F28553 		movw	r3, #:lower16:1073767813
 150 0066 C4F20003 		movt	r3, #:upper16:1073767813
 151 006a 40F20002 		movw	r2, #:lower16:counterPolarC_backup
 152 006e C0F20002 		movt	r2, #:upper16:counterPolarC_backup
 153 0072 1279     		ldrb	r2, [r2, #4]	@ zero_extendqisi2
 154 0074 1A70     		strb	r2, [r3, #0]
  99:.\Generated_Source\PSoC5/counterPolarC_PM.c ****         #endif  /* (CY_UDB_V0) */
 100:.\Generated_Source\PSoC5/counterPolarC_PM.c **** 
 101:.\Generated_Source\PSoC5/counterPolarC_PM.c ****         #if(!counterPolarC_ControlRegRemoved)
 102:.\Generated_Source\PSoC5/counterPolarC_PM.c ****             counterPolarC_WriteControlRegister(counterPolarC_backup.CounterControlRegister);
 155              		.loc 1 102 0
 156 0076 40F20003 		movw	r3, #:lower16:counterPolarC_backup
 157 007a C0F20003 		movt	r3, #:upper16:counterPolarC_backup
 158 007e 5B79     		ldrb	r3, [r3, #5]	@ zero_extendqisi2
 159 0080 1846     		mov	r0, r3
 160 0082 FFF7FEFF 		bl	counterPolarC_WriteControlRegister
 103:.\Generated_Source\PSoC5/counterPolarC_PM.c ****         #endif /* (!counterPolarC_ControlRegRemoved) */
 104:.\Generated_Source\PSoC5/counterPolarC_PM.c **** 
 105:.\Generated_Source\PSoC5/counterPolarC_PM.c ****     #endif /* (!counterPolarC_UsingFixedFunction) */
 106:.\Generated_Source\PSoC5/counterPolarC_PM.c **** }
 161              		.loc 1 106 0
 162 0086 07F10807 		add	r7, r7, #8
 163 008a BD46     		mov	sp, r7
 164 008c 80BD     		pop	{r7, pc}
 165              		.cfi_endproc
 166              	.LFE1:
 167              		.size	counterPolarC_RestoreConfig, .-counterPolarC_RestoreConfig
 168 008e 00BF     		.section	.text.counterPolarC_Sleep,"ax",%progbits
 169              		.align	2
 170              		.global	counterPolarC_Sleep
 171              		.thumb
 172              		.thumb_func
 173              		.type	counterPolarC_Sleep, %function
 174              	counterPolarC_Sleep:
ARM GAS  C:\Users\bryan.lee\AppData\Local\Temp\ccmpUOJA.s 			page 6


 175              	.LFB2:
 107:.\Generated_Source\PSoC5/counterPolarC_PM.c **** 
 108:.\Generated_Source\PSoC5/counterPolarC_PM.c **** 
 109:.\Generated_Source\PSoC5/counterPolarC_PM.c **** /*******************************************************************************
 110:.\Generated_Source\PSoC5/counterPolarC_PM.c **** * Function Name: counterPolarC_Sleep
 111:.\Generated_Source\PSoC5/counterPolarC_PM.c **** ********************************************************************************
 112:.\Generated_Source\PSoC5/counterPolarC_PM.c **** * Summary:
 113:.\Generated_Source\PSoC5/counterPolarC_PM.c **** *     Stop and Save the user configuration
 114:.\Generated_Source\PSoC5/counterPolarC_PM.c **** *
 115:.\Generated_Source\PSoC5/counterPolarC_PM.c **** * Parameters:  
 116:.\Generated_Source\PSoC5/counterPolarC_PM.c **** *  void
 117:.\Generated_Source\PSoC5/counterPolarC_PM.c **** *
 118:.\Generated_Source\PSoC5/counterPolarC_PM.c **** * Return: 
 119:.\Generated_Source\PSoC5/counterPolarC_PM.c **** *  void
 120:.\Generated_Source\PSoC5/counterPolarC_PM.c **** *
 121:.\Generated_Source\PSoC5/counterPolarC_PM.c **** * Global variables:
 122:.\Generated_Source\PSoC5/counterPolarC_PM.c **** *  counterPolarC_backup.enableState:  Is modified depending on the enable 
 123:.\Generated_Source\PSoC5/counterPolarC_PM.c **** *  state of the block before entering sleep mode.
 124:.\Generated_Source\PSoC5/counterPolarC_PM.c **** *
 125:.\Generated_Source\PSoC5/counterPolarC_PM.c **** *******************************************************************************/
 126:.\Generated_Source\PSoC5/counterPolarC_PM.c **** void counterPolarC_Sleep(void) 
 127:.\Generated_Source\PSoC5/counterPolarC_PM.c **** {
 176              		.loc 1 127 0
 177              		.cfi_startproc
 178              		@ args = 0, pretend = 0, frame = 0
 179              		@ frame_needed = 1, uses_anonymous_args = 0
 180 0000 80B5     		push	{r7, lr}
 181              	.LCFI5:
 182              		.cfi_def_cfa_offset 8
 183 0002 00AF     		add	r7, sp, #0
 184              		.cfi_offset 14, -4
 185              		.cfi_offset 7, -8
 186              	.LCFI6:
 187              		.cfi_def_cfa_register 7
 128:.\Generated_Source\PSoC5/counterPolarC_PM.c ****     #if(!counterPolarC_ControlRegRemoved)
 129:.\Generated_Source\PSoC5/counterPolarC_PM.c ****         /* Save Counter's enable state */
 130:.\Generated_Source\PSoC5/counterPolarC_PM.c ****         if(counterPolarC_CTRL_ENABLE == (counterPolarC_CONTROL & counterPolarC_CTRL_ENABLE))
 188              		.loc 1 130 0
 189 0004 46F27453 		movw	r3, #:lower16:1073767796
 190 0008 C4F20003 		movt	r3, #:upper16:1073767796
 191 000c 1B78     		ldrb	r3, [r3, #0]
 192 000e DBB2     		uxtb	r3, r3
 193 0010 5BB2     		sxtb	r3, r3
 194 0012 002B     		cmp	r3, #0
 195 0014 07DA     		bge	.L6
 131:.\Generated_Source\PSoC5/counterPolarC_PM.c ****         {
 132:.\Generated_Source\PSoC5/counterPolarC_PM.c ****             /* Counter is enabled */
 133:.\Generated_Source\PSoC5/counterPolarC_PM.c ****             counterPolarC_backup.CounterEnableState = 1u;
 196              		.loc 1 133 0
 197 0016 40F20003 		movw	r3, #:lower16:counterPolarC_backup
 198 001a C0F20003 		movt	r3, #:upper16:counterPolarC_backup
 199 001e 4FF00102 		mov	r2, #1
 200 0022 1A70     		strb	r2, [r3, #0]
 201 0024 06E0     		b	.L7
 202              	.L6:
 134:.\Generated_Source\PSoC5/counterPolarC_PM.c ****         }
 135:.\Generated_Source\PSoC5/counterPolarC_PM.c ****         else
ARM GAS  C:\Users\bryan.lee\AppData\Local\Temp\ccmpUOJA.s 			page 7


 136:.\Generated_Source\PSoC5/counterPolarC_PM.c ****         {
 137:.\Generated_Source\PSoC5/counterPolarC_PM.c ****             /* Counter is disabled */
 138:.\Generated_Source\PSoC5/counterPolarC_PM.c ****             counterPolarC_backup.CounterEnableState = 0u;
 203              		.loc 1 138 0
 204 0026 40F20003 		movw	r3, #:lower16:counterPolarC_backup
 205 002a C0F20003 		movt	r3, #:upper16:counterPolarC_backup
 206 002e 4FF00002 		mov	r2, #0
 207 0032 1A70     		strb	r2, [r3, #0]
 208              	.L7:
 139:.\Generated_Source\PSoC5/counterPolarC_PM.c ****         }
 140:.\Generated_Source\PSoC5/counterPolarC_PM.c ****     #else
 141:.\Generated_Source\PSoC5/counterPolarC_PM.c ****         counterPolarC_backup.CounterEnableState = 1u;
 142:.\Generated_Source\PSoC5/counterPolarC_PM.c ****         if(counterPolarC_backup.CounterEnableState != 0u)
 143:.\Generated_Source\PSoC5/counterPolarC_PM.c ****         {
 144:.\Generated_Source\PSoC5/counterPolarC_PM.c ****             counterPolarC_backup.CounterEnableState = 0u;
 145:.\Generated_Source\PSoC5/counterPolarC_PM.c ****         }
 146:.\Generated_Source\PSoC5/counterPolarC_PM.c ****     #endif /* (!counterPolarC_ControlRegRemoved) */
 147:.\Generated_Source\PSoC5/counterPolarC_PM.c ****     
 148:.\Generated_Source\PSoC5/counterPolarC_PM.c ****     counterPolarC_Stop();
 209              		.loc 1 148 0
 210 0034 FFF7FEFF 		bl	counterPolarC_Stop
 149:.\Generated_Source\PSoC5/counterPolarC_PM.c ****     counterPolarC_SaveConfig();
 211              		.loc 1 149 0
 212 0038 FFF7FEFF 		bl	counterPolarC_SaveConfig
 150:.\Generated_Source\PSoC5/counterPolarC_PM.c **** }
 213              		.loc 1 150 0
 214 003c 80BD     		pop	{r7, pc}
 215              		.cfi_endproc
 216              	.LFE2:
 217              		.size	counterPolarC_Sleep, .-counterPolarC_Sleep
 218 003e 00BF     		.section	.text.counterPolarC_Wakeup,"ax",%progbits
 219              		.align	2
 220              		.global	counterPolarC_Wakeup
 221              		.thumb
 222              		.thumb_func
 223              		.type	counterPolarC_Wakeup, %function
 224              	counterPolarC_Wakeup:
 225              	.LFB3:
 151:.\Generated_Source\PSoC5/counterPolarC_PM.c **** 
 152:.\Generated_Source\PSoC5/counterPolarC_PM.c **** 
 153:.\Generated_Source\PSoC5/counterPolarC_PM.c **** /*******************************************************************************
 154:.\Generated_Source\PSoC5/counterPolarC_PM.c **** * Function Name: counterPolarC_Wakeup
 155:.\Generated_Source\PSoC5/counterPolarC_PM.c **** ********************************************************************************
 156:.\Generated_Source\PSoC5/counterPolarC_PM.c **** *
 157:.\Generated_Source\PSoC5/counterPolarC_PM.c **** * Summary:
 158:.\Generated_Source\PSoC5/counterPolarC_PM.c **** *  Restores and enables the user configuration
 159:.\Generated_Source\PSoC5/counterPolarC_PM.c **** *  
 160:.\Generated_Source\PSoC5/counterPolarC_PM.c **** * Parameters:  
 161:.\Generated_Source\PSoC5/counterPolarC_PM.c **** *  void
 162:.\Generated_Source\PSoC5/counterPolarC_PM.c **** *
 163:.\Generated_Source\PSoC5/counterPolarC_PM.c **** * Return: 
 164:.\Generated_Source\PSoC5/counterPolarC_PM.c **** *  void
 165:.\Generated_Source\PSoC5/counterPolarC_PM.c **** *
 166:.\Generated_Source\PSoC5/counterPolarC_PM.c **** * Global variables:
 167:.\Generated_Source\PSoC5/counterPolarC_PM.c **** *  counterPolarC_backup.enableState:  Is used to restore the enable state of 
 168:.\Generated_Source\PSoC5/counterPolarC_PM.c **** *  block on wakeup from sleep mode.
 169:.\Generated_Source\PSoC5/counterPolarC_PM.c **** *
ARM GAS  C:\Users\bryan.lee\AppData\Local\Temp\ccmpUOJA.s 			page 8


 170:.\Generated_Source\PSoC5/counterPolarC_PM.c **** *******************************************************************************/
 171:.\Generated_Source\PSoC5/counterPolarC_PM.c **** void counterPolarC_Wakeup(void) 
 172:.\Generated_Source\PSoC5/counterPolarC_PM.c **** {
 226              		.loc 1 172 0
 227              		.cfi_startproc
 228              		@ args = 0, pretend = 0, frame = 0
 229              		@ frame_needed = 1, uses_anonymous_args = 0
 230 0000 80B5     		push	{r7, lr}
 231              	.LCFI7:
 232              		.cfi_def_cfa_offset 8
 233 0002 00AF     		add	r7, sp, #0
 234              		.cfi_offset 14, -4
 235              		.cfi_offset 7, -8
 236              	.LCFI8:
 237              		.cfi_def_cfa_register 7
 173:.\Generated_Source\PSoC5/counterPolarC_PM.c ****     counterPolarC_RestoreConfig();
 238              		.loc 1 173 0
 239 0004 FFF7FEFF 		bl	counterPolarC_RestoreConfig
 174:.\Generated_Source\PSoC5/counterPolarC_PM.c ****     #if(!counterPolarC_ControlRegRemoved)
 175:.\Generated_Source\PSoC5/counterPolarC_PM.c ****         if(counterPolarC_backup.CounterEnableState == 1u)
 240              		.loc 1 175 0
 241 0008 40F20003 		movw	r3, #:lower16:counterPolarC_backup
 242 000c C0F20003 		movt	r3, #:upper16:counterPolarC_backup
 243 0010 1B78     		ldrb	r3, [r3, #0]	@ zero_extendqisi2
 244 0012 012B     		cmp	r3, #1
 245 0014 01D1     		bne	.L11
 176:.\Generated_Source\PSoC5/counterPolarC_PM.c ****         {
 177:.\Generated_Source\PSoC5/counterPolarC_PM.c ****             /* Enable Counter's operation */
 178:.\Generated_Source\PSoC5/counterPolarC_PM.c ****             counterPolarC_Enable();
 246              		.loc 1 178 0
 247 0016 FFF7FEFF 		bl	counterPolarC_Enable
 248              	.L11:
 179:.\Generated_Source\PSoC5/counterPolarC_PM.c ****         } /* Do nothing if Counter was disabled before */    
 180:.\Generated_Source\PSoC5/counterPolarC_PM.c ****     #endif /* (!counterPolarC_ControlRegRemoved) */
 181:.\Generated_Source\PSoC5/counterPolarC_PM.c ****     
 182:.\Generated_Source\PSoC5/counterPolarC_PM.c **** }
 249              		.loc 1 182 0
 250 001a 80BD     		pop	{r7, pc}
 251              		.cfi_endproc
 252              	.LFE3:
 253              		.size	counterPolarC_Wakeup, .-counterPolarC_Wakeup
 254              		.text
 255              	.Letext0:
 256              		.section	.debug_loc,"",%progbits
 257              	.Ldebug_loc0:
 258              	.LLST0:
 259 0000 00000000 		.4byte	.LFB0
 260 0004 02000000 		.4byte	.LCFI0
 261 0008 0100     		.2byte	0x1
 262 000a 5D       		.byte	0x5d
 263 000b 02000000 		.4byte	.LCFI0
 264 000f 04000000 		.4byte	.LCFI1
 265 0013 0200     		.2byte	0x2
 266 0015 7D       		.byte	0x7d
 267 0016 08       		.sleb128 8
 268 0017 04000000 		.4byte	.LCFI1
 269 001b 64000000 		.4byte	.LFE0
ARM GAS  C:\Users\bryan.lee\AppData\Local\Temp\ccmpUOJA.s 			page 9


 270 001f 0200     		.2byte	0x2
 271 0021 77       		.byte	0x77
 272 0022 08       		.sleb128 8
 273 0023 00000000 		.4byte	0x0
 274 0027 00000000 		.4byte	0x0
 275              	.LLST1:
 276 002b 00000000 		.4byte	.LFB1
 277 002f 02000000 		.4byte	.LCFI2
 278 0033 0100     		.2byte	0x1
 279 0035 5D       		.byte	0x5d
 280 0036 02000000 		.4byte	.LCFI2
 281 003a 04000000 		.4byte	.LCFI3
 282 003e 0200     		.2byte	0x2
 283 0040 7D       		.byte	0x7d
 284 0041 08       		.sleb128 8
 285 0042 04000000 		.4byte	.LCFI3
 286 0046 06000000 		.4byte	.LCFI4
 287 004a 0200     		.2byte	0x2
 288 004c 7D       		.byte	0x7d
 289 004d 10       		.sleb128 16
 290 004e 06000000 		.4byte	.LCFI4
 291 0052 8E000000 		.4byte	.LFE1
 292 0056 0200     		.2byte	0x2
 293 0058 77       		.byte	0x77
 294 0059 10       		.sleb128 16
 295 005a 00000000 		.4byte	0x0
 296 005e 00000000 		.4byte	0x0
 297              	.LLST2:
 298 0062 00000000 		.4byte	.LFB2
 299 0066 02000000 		.4byte	.LCFI5
 300 006a 0100     		.2byte	0x1
 301 006c 5D       		.byte	0x5d
 302 006d 02000000 		.4byte	.LCFI5
 303 0071 04000000 		.4byte	.LCFI6
 304 0075 0200     		.2byte	0x2
 305 0077 7D       		.byte	0x7d
 306 0078 08       		.sleb128 8
 307 0079 04000000 		.4byte	.LCFI6
 308 007d 3E000000 		.4byte	.LFE2
 309 0081 0200     		.2byte	0x2
 310 0083 77       		.byte	0x77
 311 0084 08       		.sleb128 8
 312 0085 00000000 		.4byte	0x0
 313 0089 00000000 		.4byte	0x0
 314              	.LLST3:
 315 008d 00000000 		.4byte	.LFB3
 316 0091 02000000 		.4byte	.LCFI7
 317 0095 0100     		.2byte	0x1
 318 0097 5D       		.byte	0x5d
 319 0098 02000000 		.4byte	.LCFI7
 320 009c 04000000 		.4byte	.LCFI8
 321 00a0 0200     		.2byte	0x2
 322 00a2 7D       		.byte	0x7d
 323 00a3 08       		.sleb128 8
 324 00a4 04000000 		.4byte	.LCFI8
 325 00a8 1C000000 		.4byte	.LFE3
 326 00ac 0200     		.2byte	0x2
ARM GAS  C:\Users\bryan.lee\AppData\Local\Temp\ccmpUOJA.s 			page 10


 327 00ae 77       		.byte	0x77
 328 00af 08       		.sleb128 8
 329 00b0 00000000 		.4byte	0x0
 330 00b4 00000000 		.4byte	0x0
 331              		.file 2 ".\\Generated_Source\\PSoC5\\/counterPolarC.h"
 332              		.file 3 ".\\Generated_Source\\PSoC5\\/cytypes.h"
 333              		.section	.debug_info
 334 0000 61010000 		.4byte	0x161
 335 0004 0200     		.2byte	0x2
 336 0006 00000000 		.4byte	.Ldebug_abbrev0
 337 000a 04       		.byte	0x4
 338 000b 01       		.uleb128 0x1
 339 000c 0C010000 		.4byte	.LASF23
 340 0010 01       		.byte	0x1
 341 0011 73000000 		.4byte	.LASF24
 342 0015 BA010000 		.4byte	.LASF25
 343 0019 00000000 		.4byte	0x0
 344 001d 00000000 		.4byte	0x0
 345 0021 00000000 		.4byte	.Ldebug_ranges0+0x0
 346 0025 00000000 		.4byte	.Ldebug_line0
 347 0029 02       		.uleb128 0x2
 348 002a 01       		.byte	0x1
 349 002b 06       		.byte	0x6
 350 002c 6E010000 		.4byte	.LASF0
 351 0030 02       		.uleb128 0x2
 352 0031 01       		.byte	0x1
 353 0032 08       		.byte	0x8
 354 0033 18010000 		.4byte	.LASF1
 355 0037 02       		.uleb128 0x2
 356 0038 02       		.byte	0x2
 357 0039 05       		.byte	0x5
 358 003a A5010000 		.4byte	.LASF2
 359 003e 02       		.uleb128 0x2
 360 003f 02       		.byte	0x2
 361 0040 07       		.byte	0x7
 362 0041 C8000000 		.4byte	.LASF3
 363 0045 02       		.uleb128 0x2
 364 0046 04       		.byte	0x4
 365 0047 05       		.byte	0x5
 366 0048 39010000 		.4byte	.LASF4
 367 004c 02       		.uleb128 0x2
 368 004d 04       		.byte	0x4
 369 004e 07       		.byte	0x7
 370 004f 9F000000 		.4byte	.LASF5
 371 0053 02       		.uleb128 0x2
 372 0054 08       		.byte	0x8
 373 0055 05       		.byte	0x5
 374 0056 00000000 		.4byte	.LASF6
 375 005a 02       		.uleb128 0x2
 376 005b 08       		.byte	0x8
 377 005c 07       		.byte	0x7
 378 005d B1000000 		.4byte	.LASF7
 379 0061 03       		.uleb128 0x3
 380 0062 04       		.byte	0x4
 381 0063 05       		.byte	0x5
 382 0064 696E7400 		.ascii	"int\000"
 383 0068 02       		.uleb128 0x2
ARM GAS  C:\Users\bryan.lee\AppData\Local\Temp\ccmpUOJA.s 			page 11


 384 0069 04       		.byte	0x4
 385 006a 07       		.byte	0x7
 386 006b 1B000000 		.4byte	.LASF8
 387 006f 02       		.uleb128 0x2
 388 0070 01       		.byte	0x1
 389 0071 08       		.byte	0x8
 390 0072 26010000 		.4byte	.LASF9
 391 0076 04       		.uleb128 0x4
 392 0077 68010000 		.4byte	.LASF16
 393 007b 03       		.byte	0x3
 394 007c 60       		.byte	0x60
 395 007d 30000000 		.4byte	0x30
 396 0081 05       		.uleb128 0x5
 397 0082 04       		.byte	0x4
 398 0083 07       		.byte	0x7
 399 0084 06       		.uleb128 0x6
 400 0085 06       		.byte	0x6
 401 0086 02       		.byte	0x2
 402 0087 39       		.byte	0x39
 403 0088 E1000000 		.4byte	0xe1
 404 008c 07       		.uleb128 0x7
 405 008d 55010000 		.4byte	.LASF10
 406 0091 02       		.byte	0x2
 407 0092 3A       		.byte	0x3a
 408 0093 76000000 		.4byte	0x76
 409 0097 02       		.byte	0x2
 410 0098 23       		.byte	0x23
 411 0099 00       		.uleb128 0x0
 412 009a 07       		.uleb128 0x7
 413 009b AF010000 		.4byte	.LASF11
 414 009f 02       		.byte	0x2
 415 00a0 3B       		.byte	0x3b
 416 00a1 76000000 		.4byte	0x76
 417 00a5 02       		.byte	0x2
 418 00a6 23       		.byte	0x23
 419 00a7 01       		.uleb128 0x1
 420 00a8 07       		.uleb128 0x7
 421 00a9 2B010000 		.4byte	.LASF12
 422 00ad 02       		.byte	0x2
 423 00ae 3E       		.byte	0x3e
 424 00af 76000000 		.4byte	0x76
 425 00b3 02       		.byte	0x2
 426 00b4 23       		.byte	0x23
 427 00b5 02       		.uleb128 0x2
 428 00b6 07       		.uleb128 0x7
 429 00b7 0E000000 		.4byte	.LASF13
 430 00bb 02       		.byte	0x2
 431 00bc 3F       		.byte	0x3f
 432 00bd 76000000 		.4byte	0x76
 433 00c1 02       		.byte	0x2
 434 00c2 23       		.byte	0x23
 435 00c3 03       		.uleb128 0x3
 436 00c4 07       		.uleb128 0x7
 437 00c5 42010000 		.4byte	.LASF14
 438 00c9 02       		.byte	0x2
 439 00ca 40       		.byte	0x40
 440 00cb 76000000 		.4byte	0x76
ARM GAS  C:\Users\bryan.lee\AppData\Local\Temp\ccmpUOJA.s 			page 12


 441 00cf 02       		.byte	0x2
 442 00d0 23       		.byte	0x23
 443 00d1 04       		.uleb128 0x4
 444 00d2 07       		.uleb128 0x7
 445 00d3 8E010000 		.4byte	.LASF15
 446 00d7 02       		.byte	0x2
 447 00d8 44       		.byte	0x44
 448 00d9 76000000 		.4byte	0x76
 449 00dd 02       		.byte	0x2
 450 00de 23       		.byte	0x23
 451 00df 05       		.uleb128 0x5
 452 00e0 00       		.byte	0x0
 453 00e1 04       		.uleb128 0x4
 454 00e2 06020000 		.4byte	.LASF17
 455 00e6 02       		.byte	0x2
 456 00e7 47       		.byte	0x47
 457 00e8 84000000 		.4byte	0x84
 458 00ec 08       		.uleb128 0x8
 459 00ed 01       		.byte	0x1
 460 00ee 28000000 		.4byte	.LASF18
 461 00f2 01       		.byte	0x1
 462 00f3 2A       		.byte	0x2a
 463 00f4 01       		.byte	0x1
 464 00f5 00000000 		.4byte	.LFB0
 465 00f9 64000000 		.4byte	.LFE0
 466 00fd 00000000 		.4byte	.LLST0
 467 0101 09       		.uleb128 0x9
 468 0102 01       		.byte	0x1
 469 0103 DB000000 		.4byte	.LASF26
 470 0107 01       		.byte	0x1
 471 0108 50       		.byte	0x50
 472 0109 01       		.byte	0x1
 473 010a 00000000 		.4byte	.LFB1
 474 010e 8E000000 		.4byte	.LFE1
 475 0112 2B000000 		.4byte	.LLST1
 476 0116 29010000 		.4byte	0x129
 477 011a 0A       		.uleb128 0xa
 478 011b 41000000 		.4byte	.LASF21
 479 011f 01       		.byte	0x1
 480 0120 55       		.byte	0x55
 481 0121 76000000 		.4byte	0x76
 482 0125 02       		.byte	0x2
 483 0126 91       		.byte	0x91
 484 0127 77       		.sleb128 -9
 485 0128 00       		.byte	0x0
 486 0129 08       		.uleb128 0x8
 487 012a 01       		.byte	0x1
 488 012b 7A010000 		.4byte	.LASF19
 489 012f 01       		.byte	0x1
 490 0130 7E       		.byte	0x7e
 491 0131 01       		.byte	0x1
 492 0132 00000000 		.4byte	.LFB2
 493 0136 3E000000 		.4byte	.LFE2
 494 013a 62000000 		.4byte	.LLST2
 495 013e 08       		.uleb128 0x8
 496 013f 01       		.byte	0x1
 497 0140 5E000000 		.4byte	.LASF20
ARM GAS  C:\Users\bryan.lee\AppData\Local\Temp\ccmpUOJA.s 			page 13


 498 0144 01       		.byte	0x1
 499 0145 AB       		.byte	0xab
 500 0146 01       		.byte	0x1
 501 0147 00000000 		.4byte	.LFB3
 502 014b 1C000000 		.4byte	.LFE3
 503 014f 8D000000 		.4byte	.LLST3
 504 0153 0A       		.uleb128 0xa
 505 0154 F7000000 		.4byte	.LASF22
 506 0158 01       		.byte	0x1
 507 0159 15       		.byte	0x15
 508 015a E1000000 		.4byte	0xe1
 509 015e 05       		.byte	0x5
 510 015f 03       		.byte	0x3
 511 0160 00000000 		.4byte	counterPolarC_backup
 512 0164 00       		.byte	0x0
 513              		.section	.debug_abbrev
 514 0000 01       		.uleb128 0x1
 515 0001 11       		.uleb128 0x11
 516 0002 01       		.byte	0x1
 517 0003 25       		.uleb128 0x25
 518 0004 0E       		.uleb128 0xe
 519 0005 13       		.uleb128 0x13
 520 0006 0B       		.uleb128 0xb
 521 0007 03       		.uleb128 0x3
 522 0008 0E       		.uleb128 0xe
 523 0009 1B       		.uleb128 0x1b
 524 000a 0E       		.uleb128 0xe
 525 000b 11       		.uleb128 0x11
 526 000c 01       		.uleb128 0x1
 527 000d 52       		.uleb128 0x52
 528 000e 01       		.uleb128 0x1
 529 000f 55       		.uleb128 0x55
 530 0010 06       		.uleb128 0x6
 531 0011 10       		.uleb128 0x10
 532 0012 06       		.uleb128 0x6
 533 0013 00       		.byte	0x0
 534 0014 00       		.byte	0x0
 535 0015 02       		.uleb128 0x2
 536 0016 24       		.uleb128 0x24
 537 0017 00       		.byte	0x0
 538 0018 0B       		.uleb128 0xb
 539 0019 0B       		.uleb128 0xb
 540 001a 3E       		.uleb128 0x3e
 541 001b 0B       		.uleb128 0xb
 542 001c 03       		.uleb128 0x3
 543 001d 0E       		.uleb128 0xe
 544 001e 00       		.byte	0x0
 545 001f 00       		.byte	0x0
 546 0020 03       		.uleb128 0x3
 547 0021 24       		.uleb128 0x24
 548 0022 00       		.byte	0x0
 549 0023 0B       		.uleb128 0xb
 550 0024 0B       		.uleb128 0xb
 551 0025 3E       		.uleb128 0x3e
 552 0026 0B       		.uleb128 0xb
 553 0027 03       		.uleb128 0x3
 554 0028 08       		.uleb128 0x8
ARM GAS  C:\Users\bryan.lee\AppData\Local\Temp\ccmpUOJA.s 			page 14


 555 0029 00       		.byte	0x0
 556 002a 00       		.byte	0x0
 557 002b 04       		.uleb128 0x4
 558 002c 16       		.uleb128 0x16
 559 002d 00       		.byte	0x0
 560 002e 03       		.uleb128 0x3
 561 002f 0E       		.uleb128 0xe
 562 0030 3A       		.uleb128 0x3a
 563 0031 0B       		.uleb128 0xb
 564 0032 3B       		.uleb128 0x3b
 565 0033 0B       		.uleb128 0xb
 566 0034 49       		.uleb128 0x49
 567 0035 13       		.uleb128 0x13
 568 0036 00       		.byte	0x0
 569 0037 00       		.byte	0x0
 570 0038 05       		.uleb128 0x5
 571 0039 24       		.uleb128 0x24
 572 003a 00       		.byte	0x0
 573 003b 0B       		.uleb128 0xb
 574 003c 0B       		.uleb128 0xb
 575 003d 3E       		.uleb128 0x3e
 576 003e 0B       		.uleb128 0xb
 577 003f 00       		.byte	0x0
 578 0040 00       		.byte	0x0
 579 0041 06       		.uleb128 0x6
 580 0042 13       		.uleb128 0x13
 581 0043 01       		.byte	0x1
 582 0044 0B       		.uleb128 0xb
 583 0045 0B       		.uleb128 0xb
 584 0046 3A       		.uleb128 0x3a
 585 0047 0B       		.uleb128 0xb
 586 0048 3B       		.uleb128 0x3b
 587 0049 0B       		.uleb128 0xb
 588 004a 01       		.uleb128 0x1
 589 004b 13       		.uleb128 0x13
 590 004c 00       		.byte	0x0
 591 004d 00       		.byte	0x0
 592 004e 07       		.uleb128 0x7
 593 004f 0D       		.uleb128 0xd
 594 0050 00       		.byte	0x0
 595 0051 03       		.uleb128 0x3
 596 0052 0E       		.uleb128 0xe
 597 0053 3A       		.uleb128 0x3a
 598 0054 0B       		.uleb128 0xb
 599 0055 3B       		.uleb128 0x3b
 600 0056 0B       		.uleb128 0xb
 601 0057 49       		.uleb128 0x49
 602 0058 13       		.uleb128 0x13
 603 0059 38       		.uleb128 0x38
 604 005a 0A       		.uleb128 0xa
 605 005b 00       		.byte	0x0
 606 005c 00       		.byte	0x0
 607 005d 08       		.uleb128 0x8
 608 005e 2E       		.uleb128 0x2e
 609 005f 00       		.byte	0x0
 610 0060 3F       		.uleb128 0x3f
 611 0061 0C       		.uleb128 0xc
ARM GAS  C:\Users\bryan.lee\AppData\Local\Temp\ccmpUOJA.s 			page 15


 612 0062 03       		.uleb128 0x3
 613 0063 0E       		.uleb128 0xe
 614 0064 3A       		.uleb128 0x3a
 615 0065 0B       		.uleb128 0xb
 616 0066 3B       		.uleb128 0x3b
 617 0067 0B       		.uleb128 0xb
 618 0068 27       		.uleb128 0x27
 619 0069 0C       		.uleb128 0xc
 620 006a 11       		.uleb128 0x11
 621 006b 01       		.uleb128 0x1
 622 006c 12       		.uleb128 0x12
 623 006d 01       		.uleb128 0x1
 624 006e 40       		.uleb128 0x40
 625 006f 06       		.uleb128 0x6
 626 0070 00       		.byte	0x0
 627 0071 00       		.byte	0x0
 628 0072 09       		.uleb128 0x9
 629 0073 2E       		.uleb128 0x2e
 630 0074 01       		.byte	0x1
 631 0075 3F       		.uleb128 0x3f
 632 0076 0C       		.uleb128 0xc
 633 0077 03       		.uleb128 0x3
 634 0078 0E       		.uleb128 0xe
 635 0079 3A       		.uleb128 0x3a
 636 007a 0B       		.uleb128 0xb
 637 007b 3B       		.uleb128 0x3b
 638 007c 0B       		.uleb128 0xb
 639 007d 27       		.uleb128 0x27
 640 007e 0C       		.uleb128 0xc
 641 007f 11       		.uleb128 0x11
 642 0080 01       		.uleb128 0x1
 643 0081 12       		.uleb128 0x12
 644 0082 01       		.uleb128 0x1
 645 0083 40       		.uleb128 0x40
 646 0084 06       		.uleb128 0x6
 647 0085 01       		.uleb128 0x1
 648 0086 13       		.uleb128 0x13
 649 0087 00       		.byte	0x0
 650 0088 00       		.byte	0x0
 651 0089 0A       		.uleb128 0xa
 652 008a 34       		.uleb128 0x34
 653 008b 00       		.byte	0x0
 654 008c 03       		.uleb128 0x3
 655 008d 0E       		.uleb128 0xe
 656 008e 3A       		.uleb128 0x3a
 657 008f 0B       		.uleb128 0xb
 658 0090 3B       		.uleb128 0x3b
 659 0091 0B       		.uleb128 0xb
 660 0092 49       		.uleb128 0x49
 661 0093 13       		.uleb128 0x13
 662 0094 02       		.uleb128 0x2
 663 0095 0A       		.uleb128 0xa
 664 0096 00       		.byte	0x0
 665 0097 00       		.byte	0x0
 666 0098 00       		.byte	0x0
 667              		.section	.debug_pubnames,"",%progbits
 668 0000 7C000000 		.4byte	0x7c
ARM GAS  C:\Users\bryan.lee\AppData\Local\Temp\ccmpUOJA.s 			page 16


 669 0004 0200     		.2byte	0x2
 670 0006 00000000 		.4byte	.Ldebug_info0
 671 000a 65010000 		.4byte	0x165
 672 000e EC000000 		.4byte	0xec
 673 0012 636F756E 		.ascii	"counterPolarC_SaveConfig\000"
 673      74657250 
 673      6F6C6172 
 673      435F5361 
 673      7665436F 
 674 002b 01010000 		.4byte	0x101
 675 002f 636F756E 		.ascii	"counterPolarC_RestoreConfig\000"
 675      74657250 
 675      6F6C6172 
 675      435F5265 
 675      73746F72 
 676 004b 29010000 		.4byte	0x129
 677 004f 636F756E 		.ascii	"counterPolarC_Sleep\000"
 677      74657250 
 677      6F6C6172 
 677      435F536C 
 677      65657000 
 678 0063 3E010000 		.4byte	0x13e
 679 0067 636F756E 		.ascii	"counterPolarC_Wakeup\000"
 679      74657250 
 679      6F6C6172 
 679      435F5761 
 679      6B657570 
 680 007c 00000000 		.4byte	0x0
 681              		.section	.debug_aranges,"",%progbits
 682 0000 34000000 		.4byte	0x34
 683 0004 0200     		.2byte	0x2
 684 0006 00000000 		.4byte	.Ldebug_info0
 685 000a 04       		.byte	0x4
 686 000b 00       		.byte	0x0
 687 000c 0000     		.2byte	0x0
 688 000e 0000     		.2byte	0x0
 689 0010 00000000 		.4byte	.LFB0
 690 0014 64000000 		.4byte	.LFE0-.LFB0
 691 0018 00000000 		.4byte	.LFB1
 692 001c 8E000000 		.4byte	.LFE1-.LFB1
 693 0020 00000000 		.4byte	.LFB2
 694 0024 3E000000 		.4byte	.LFE2-.LFB2
 695 0028 00000000 		.4byte	.LFB3
 696 002c 1C000000 		.4byte	.LFE3-.LFB3
 697 0030 00000000 		.4byte	0x0
 698 0034 00000000 		.4byte	0x0
 699              		.section	.debug_ranges,"",%progbits
 700              	.Ldebug_ranges0:
 701 0000 00000000 		.4byte	.Ltext0
 702 0004 00000000 		.4byte	.Letext0
 703 0008 00000000 		.4byte	.LFB0
 704 000c 64000000 		.4byte	.LFE0
 705 0010 00000000 		.4byte	.LFB1
 706 0014 8E000000 		.4byte	.LFE1
 707 0018 00000000 		.4byte	.LFB2
 708 001c 3E000000 		.4byte	.LFE2
 709 0020 00000000 		.4byte	.LFB3
ARM GAS  C:\Users\bryan.lee\AppData\Local\Temp\ccmpUOJA.s 			page 17


 710 0024 1C000000 		.4byte	.LFE3
 711 0028 00000000 		.4byte	0x0
 712 002c 00000000 		.4byte	0x0
 713              		.section	.debug_str,"MS",%progbits,1
 714              	.LASF6:
 715 0000 6C6F6E67 		.ascii	"long long int\000"
 715      206C6F6E 
 715      6720696E 
 715      7400
 716              	.LASF13:
 717 000e 436F6D70 		.ascii	"CompareValue\000"
 717      61726556 
 717      616C7565 
 717      00
 718              	.LASF8:
 719 001b 756E7369 		.ascii	"unsigned int\000"
 719      676E6564 
 719      20696E74 
 719      00
 720              	.LASF18:
 721 0028 636F756E 		.ascii	"counterPolarC_SaveConfig\000"
 721      74657250 
 721      6F6C6172 
 721      435F5361 
 721      7665436F 
 722              	.LASF21:
 723 0041 636F756E 		.ascii	"counterPolarC_interruptState\000"
 723      74657250 
 723      6F6C6172 
 723      435F696E 
 723      74657272 
 724              	.LASF20:
 725 005e 636F756E 		.ascii	"counterPolarC_Wakeup\000"
 725      74657250 
 725      6F6C6172 
 725      435F5761 
 725      6B657570 
 726              	.LASF24:
 727 0073 2E5C4765 		.ascii	".\\Generated_Source\\PSoC5\\counterPolarC_PM.c\000"
 727      6E657261 
 727      7465645F 
 727      536F7572 
 727      63655C50 
 728              	.LASF5:
 729 009f 6C6F6E67 		.ascii	"long unsigned int\000"
 729      20756E73 
 729      69676E65 
 729      6420696E 
 729      7400
 730              	.LASF7:
 731 00b1 6C6F6E67 		.ascii	"long long unsigned int\000"
 731      206C6F6E 
 731      6720756E 
 731      7369676E 
 731      65642069 
 732              	.LASF3:
 733 00c8 73686F72 		.ascii	"short unsigned int\000"
ARM GAS  C:\Users\bryan.lee\AppData\Local\Temp\ccmpUOJA.s 			page 18


 733      7420756E 
 733      7369676E 
 733      65642069 
 733      6E7400
 734              	.LASF26:
 735 00db 636F756E 		.ascii	"counterPolarC_RestoreConfig\000"
 735      74657250 
 735      6F6C6172 
 735      435F5265 
 735      73746F72 
 736              	.LASF22:
 737 00f7 636F756E 		.ascii	"counterPolarC_backup\000"
 737      74657250 
 737      6F6C6172 
 737      435F6261 
 737      636B7570 
 738              	.LASF23:
 739 010c 474E5520 		.ascii	"GNU C 4.4.1\000"
 739      4320342E 
 739      342E3100 
 740              	.LASF1:
 741 0118 756E7369 		.ascii	"unsigned char\000"
 741      676E6564 
 741      20636861 
 741      7200
 742              	.LASF9:
 743 0126 63686172 		.ascii	"char\000"
 743      00
 744              	.LASF12:
 745 012b 436F756E 		.ascii	"CounterPeriod\000"
 745      74657250 
 745      6572696F 
 745      6400
 746              	.LASF4:
 747 0139 6C6F6E67 		.ascii	"long int\000"
 747      20696E74 
 747      00
 748              	.LASF14:
 749 0142 496E7465 		.ascii	"InterruptMaskValue\000"
 749      72727570 
 749      744D6173 
 749      6B56616C 
 749      756500
 750              	.LASF10:
 751 0155 436F756E 		.ascii	"CounterEnableState\000"
 751      74657245 
 751      6E61626C 
 751      65537461 
 751      746500
 752              	.LASF16:
 753 0168 75696E74 		.ascii	"uint8\000"
 753      3800
 754              	.LASF0:
 755 016e 7369676E 		.ascii	"signed char\000"
 755      65642063 
 755      68617200 
 756              	.LASF19:
ARM GAS  C:\Users\bryan.lee\AppData\Local\Temp\ccmpUOJA.s 			page 19


 757 017a 636F756E 		.ascii	"counterPolarC_Sleep\000"
 757      74657250 
 757      6F6C6172 
 757      435F536C 
 757      65657000 
 758              	.LASF15:
 759 018e 436F756E 		.ascii	"CounterControlRegister\000"
 759      74657243 
 759      6F6E7472 
 759      6F6C5265 
 759      67697374 
 760              	.LASF2:
 761 01a5 73686F72 		.ascii	"short int\000"
 761      7420696E 
 761      7400
 762              	.LASF11:
 763 01af 436F756E 		.ascii	"CounterUdb\000"
 763      74657255 
 763      646200
 764              	.LASF25:
 765 01ba 433A5C55 		.ascii	"C:\\Users\\bryan.lee\\Documents\\PSoC Creator\\Puls"
 765      73657273 
 765      5C627279 
 765      616E2E6C 
 765      65655C44 
 766 01e8 655F7073 		.ascii	"e_psoc5\\Combine\\Combine.cydsn\000"
 766      6F63355C 
 766      436F6D62 
 766      696E655C 
 766      436F6D62 
 767              	.LASF17:
 768 0206 636F756E 		.ascii	"counterPolarC_backupStruct\000"
 768      74657250 
 768      6F6C6172 
 768      435F6261 
 768      636B7570 
 769              		.ident	"GCC: (Sourcery G++ Lite 2010q1-188) 4.4.1"
