ARM GAS  C:\Users\bryan.lee\AppData\Local\Temp\cc8I3m18.s 			page 1


   1              		.syntax unified
   2              		.cpu cortex-m3
   3              		.fpu softvfp
   4              		.eabi_attribute 20, 1
   5              		.eabi_attribute 21, 1
   6              		.eabi_attribute 23, 3
   7              		.eabi_attribute 24, 1
   8              		.eabi_attribute 25, 1
   9              		.eabi_attribute 26, 1
  10              		.eabi_attribute 30, 6
  11              		.eabi_attribute 34, 1
  12              		.eabi_attribute 18, 4
  13              		.thumb
  14              		.syntax unified
  15              		.file	"shiftregSender_PM.c"
  16              		.text
  17              	.Ltext0:
  18              		.cfi_sections	.debug_frame
  19              		.bss
  20              		.align	2
  21              	shiftregSender_backup:
  22 0000 000000   		.space	3
  23              		.section	.text.shiftregSender_SaveConfig,"ax",%progbits
  24              		.align	2
  25              		.global	shiftregSender_SaveConfig
  26              		.thumb
  27              		.thumb_func
  28              		.type	shiftregSender_SaveConfig, %function
  29              	shiftregSender_SaveConfig:
  30              	.LFB0:
  31              		.file 1 "Generated_Source\\PSoC5\\shiftregSender_PM.c"
   1:Generated_Source\PSoC5/shiftregSender_PM.c **** /*******************************************************************************
   2:Generated_Source\PSoC5/shiftregSender_PM.c **** * File Name: shiftregSender_PM.c
   3:Generated_Source\PSoC5/shiftregSender_PM.c **** * Version 2.30
   4:Generated_Source\PSoC5/shiftregSender_PM.c **** *
   5:Generated_Source\PSoC5/shiftregSender_PM.c **** * Description:
   6:Generated_Source\PSoC5/shiftregSender_PM.c **** *  This file provides the API source code for sleep mode support for Shift
   7:Generated_Source\PSoC5/shiftregSender_PM.c **** *  Register component.
   8:Generated_Source\PSoC5/shiftregSender_PM.c **** *
   9:Generated_Source\PSoC5/shiftregSender_PM.c **** * Note:
  10:Generated_Source\PSoC5/shiftregSender_PM.c **** *
  11:Generated_Source\PSoC5/shiftregSender_PM.c **** ********************************************************************************
  12:Generated_Source\PSoC5/shiftregSender_PM.c **** * Copyright 2008-2013, Cypress Semiconductor Corporation.  All rights reserved.
  13:Generated_Source\PSoC5/shiftregSender_PM.c **** * You may use this file only in accordance with the license, terms, conditions,
  14:Generated_Source\PSoC5/shiftregSender_PM.c **** * disclaimers, and limitations in the end user license agreement accompanying
  15:Generated_Source\PSoC5/shiftregSender_PM.c **** * the software package with which this file was provided.
  16:Generated_Source\PSoC5/shiftregSender_PM.c **** *******************************************************************************/
  17:Generated_Source\PSoC5/shiftregSender_PM.c **** 
  18:Generated_Source\PSoC5/shiftregSender_PM.c **** #include "shiftregSender.h"
  19:Generated_Source\PSoC5/shiftregSender_PM.c **** 
  20:Generated_Source\PSoC5/shiftregSender_PM.c **** static shiftregSender_BACKUP_STRUCT shiftregSender_backup =
  21:Generated_Source\PSoC5/shiftregSender_PM.c **** {
  22:Generated_Source\PSoC5/shiftregSender_PM.c ****     shiftregSender_DISABLED,
  23:Generated_Source\PSoC5/shiftregSender_PM.c **** 
  24:Generated_Source\PSoC5/shiftregSender_PM.c ****     ((uint8) shiftregSender_DEFAULT_A0),
  25:Generated_Source\PSoC5/shiftregSender_PM.c ****     ((uint8) shiftregSender_DEFAULT_A1),
  26:Generated_Source\PSoC5/shiftregSender_PM.c **** 
ARM GAS  C:\Users\bryan.lee\AppData\Local\Temp\cc8I3m18.s 			page 2


  27:Generated_Source\PSoC5/shiftregSender_PM.c ****     #if(CY_UDB_V0)
  28:Generated_Source\PSoC5/shiftregSender_PM.c ****         ((uint8) shiftregSender_INT_SRC),
  29:Generated_Source\PSoC5/shiftregSender_PM.c ****     #endif /* (CY_UDB_V0) */
  30:Generated_Source\PSoC5/shiftregSender_PM.c **** };
  31:Generated_Source\PSoC5/shiftregSender_PM.c **** 
  32:Generated_Source\PSoC5/shiftregSender_PM.c **** 
  33:Generated_Source\PSoC5/shiftregSender_PM.c **** /*******************************************************************************
  34:Generated_Source\PSoC5/shiftregSender_PM.c **** * Function Name: shiftregSender_SaveConfig
  35:Generated_Source\PSoC5/shiftregSender_PM.c **** ********************************************************************************
  36:Generated_Source\PSoC5/shiftregSender_PM.c **** *
  37:Generated_Source\PSoC5/shiftregSender_PM.c **** * Summary:
  38:Generated_Source\PSoC5/shiftregSender_PM.c **** *  Saves Shift Register configuration.
  39:Generated_Source\PSoC5/shiftregSender_PM.c **** *
  40:Generated_Source\PSoC5/shiftregSender_PM.c **** * Parameters:
  41:Generated_Source\PSoC5/shiftregSender_PM.c **** *  None.
  42:Generated_Source\PSoC5/shiftregSender_PM.c **** *
  43:Generated_Source\PSoC5/shiftregSender_PM.c **** * Return:
  44:Generated_Source\PSoC5/shiftregSender_PM.c **** *  None.
  45:Generated_Source\PSoC5/shiftregSender_PM.c **** *
  46:Generated_Source\PSoC5/shiftregSender_PM.c **** * Reentrant:
  47:Generated_Source\PSoC5/shiftregSender_PM.c **** *  No.
  48:Generated_Source\PSoC5/shiftregSender_PM.c **** *
  49:Generated_Source\PSoC5/shiftregSender_PM.c **** *******************************************************************************/
  50:Generated_Source\PSoC5/shiftregSender_PM.c **** void shiftregSender_SaveConfig(void) 
  51:Generated_Source\PSoC5/shiftregSender_PM.c **** {
  32              		.loc 1 51 0
  33              		.cfi_startproc
  34              		@ args = 0, pretend = 0, frame = 0
  35              		@ frame_needed = 1, uses_anonymous_args = 0
  36              		@ link register save eliminated.
  37 0000 80B4     		push	{r7}
  38              		.cfi_def_cfa_offset 4
  39              		.cfi_offset 7, -4
  40 0002 00AF     		add	r7, sp, #0
  41              		.cfi_def_cfa_register 7
  52:Generated_Source\PSoC5/shiftregSender_PM.c ****     /* Store working registers A0 and A1 */
  53:Generated_Source\PSoC5/shiftregSender_PM.c ****     shiftregSender_backup.saveSrA0Reg   = CY_GET_REG8(shiftregSender_SHIFT_REG_LSB_PTR);
  42              		.loc 1 53 0
  43 0004 064B     		ldr	r3, .L2
  44 0006 1B78     		ldrb	r3, [r3]
  45 0008 DAB2     		uxtb	r2, r3
  46 000a 064B     		ldr	r3, .L2+4
  47 000c 5A70     		strb	r2, [r3, #1]
  54:Generated_Source\PSoC5/shiftregSender_PM.c ****     shiftregSender_backup.saveSrA1Reg   = CY_GET_REG8(shiftregSender_SHIFT_REG_VALUE_LSB_PTR);
  48              		.loc 1 54 0
  49 000e 064B     		ldr	r3, .L2+8
  50 0010 1B78     		ldrb	r3, [r3]
  51 0012 DAB2     		uxtb	r2, r3
  52 0014 034B     		ldr	r3, .L2+4
  53 0016 9A70     		strb	r2, [r3, #2]
  55:Generated_Source\PSoC5/shiftregSender_PM.c **** 
  56:Generated_Source\PSoC5/shiftregSender_PM.c ****     #if(CY_UDB_V0)
  57:Generated_Source\PSoC5/shiftregSender_PM.c ****         shiftregSender_backup.saveSrIntMask = shiftregSender_SR_STATUS_MASK;
  58:Generated_Source\PSoC5/shiftregSender_PM.c ****     #endif /* (CY_UDB_V0) */
  59:Generated_Source\PSoC5/shiftregSender_PM.c **** }
  54              		.loc 1 59 0
  55 0018 00BF     		nop
ARM GAS  C:\Users\bryan.lee\AppData\Local\Temp\cc8I3m18.s 			page 3


  56 001a BD46     		mov	sp, r7
  57              		.cfi_def_cfa_register 13
  58              		@ sp needed
  59 001c 80BC     		pop	{r7}
  60              		.cfi_restore 7
  61              		.cfi_def_cfa_offset 0
  62 001e 7047     		bx	lr
  63              	.L3:
  64              		.align	2
  65              	.L2:
  66 0020 07650040 		.word	1073767687
  67 0024 00000000 		.word	shiftregSender_backup
  68 0028 17650040 		.word	1073767703
  69              		.cfi_endproc
  70              	.LFE0:
  71              		.size	shiftregSender_SaveConfig, .-shiftregSender_SaveConfig
  72              		.section	.text.shiftregSender_RestoreConfig,"ax",%progbits
  73              		.align	2
  74              		.global	shiftregSender_RestoreConfig
  75              		.thumb
  76              		.thumb_func
  77              		.type	shiftregSender_RestoreConfig, %function
  78              	shiftregSender_RestoreConfig:
  79              	.LFB1:
  60:Generated_Source\PSoC5/shiftregSender_PM.c **** 
  61:Generated_Source\PSoC5/shiftregSender_PM.c **** 
  62:Generated_Source\PSoC5/shiftregSender_PM.c **** /*******************************************************************************
  63:Generated_Source\PSoC5/shiftregSender_PM.c **** * Function Name: shiftregSender_RestoreConfig
  64:Generated_Source\PSoC5/shiftregSender_PM.c **** ********************************************************************************
  65:Generated_Source\PSoC5/shiftregSender_PM.c **** *
  66:Generated_Source\PSoC5/shiftregSender_PM.c **** * Summary:
  67:Generated_Source\PSoC5/shiftregSender_PM.c **** *  Restores Shift Register configuration.
  68:Generated_Source\PSoC5/shiftregSender_PM.c **** *
  69:Generated_Source\PSoC5/shiftregSender_PM.c **** * Parameters:
  70:Generated_Source\PSoC5/shiftregSender_PM.c **** *  None.
  71:Generated_Source\PSoC5/shiftregSender_PM.c **** *
  72:Generated_Source\PSoC5/shiftregSender_PM.c **** * Return:
  73:Generated_Source\PSoC5/shiftregSender_PM.c **** *  None.
  74:Generated_Source\PSoC5/shiftregSender_PM.c **** *
  75:Generated_Source\PSoC5/shiftregSender_PM.c **** *******************************************************************************/
  76:Generated_Source\PSoC5/shiftregSender_PM.c **** void shiftregSender_RestoreConfig(void) 
  77:Generated_Source\PSoC5/shiftregSender_PM.c **** {
  80              		.loc 1 77 0
  81              		.cfi_startproc
  82              		@ args = 0, pretend = 0, frame = 0
  83              		@ frame_needed = 1, uses_anonymous_args = 0
  84              		@ link register save eliminated.
  85 0000 80B4     		push	{r7}
  86              		.cfi_def_cfa_offset 4
  87              		.cfi_offset 7, -4
  88 0002 00AF     		add	r7, sp, #0
  89              		.cfi_def_cfa_register 7
  78:Generated_Source\PSoC5/shiftregSender_PM.c ****     /* Restore working registers A0 and A1 */
  79:Generated_Source\PSoC5/shiftregSender_PM.c ****     CY_SET_REG8(shiftregSender_SHIFT_REG_LSB_PTR, shiftregSender_backup.saveSrA0Reg);
  90              		.loc 1 79 0
  91 0004 054B     		ldr	r3, .L5
  92 0006 064A     		ldr	r2, .L5+4
ARM GAS  C:\Users\bryan.lee\AppData\Local\Temp\cc8I3m18.s 			page 4


  93 0008 5278     		ldrb	r2, [r2, #1]	@ zero_extendqisi2
  94 000a 1A70     		strb	r2, [r3]
  80:Generated_Source\PSoC5/shiftregSender_PM.c ****     CY_SET_REG8(shiftregSender_SHIFT_REG_VALUE_LSB_PTR, shiftregSender_backup.saveSrA1Reg);
  95              		.loc 1 80 0
  96 000c 054B     		ldr	r3, .L5+8
  97 000e 044A     		ldr	r2, .L5+4
  98 0010 9278     		ldrb	r2, [r2, #2]	@ zero_extendqisi2
  99 0012 1A70     		strb	r2, [r3]
  81:Generated_Source\PSoC5/shiftregSender_PM.c **** 
  82:Generated_Source\PSoC5/shiftregSender_PM.c ****     #if(CY_UDB_V0)
  83:Generated_Source\PSoC5/shiftregSender_PM.c ****         shiftregSender_SR_STATUS_MASK = ((uint8) shiftregSender_backup.saveSrIntMask);
  84:Generated_Source\PSoC5/shiftregSender_PM.c ****     #endif /* (CY_UDB_V0) */
  85:Generated_Source\PSoC5/shiftregSender_PM.c **** }
 100              		.loc 1 85 0
 101 0014 00BF     		nop
 102 0016 BD46     		mov	sp, r7
 103              		.cfi_def_cfa_register 13
 104              		@ sp needed
 105 0018 80BC     		pop	{r7}
 106              		.cfi_restore 7
 107              		.cfi_def_cfa_offset 0
 108 001a 7047     		bx	lr
 109              	.L6:
 110              		.align	2
 111              	.L5:
 112 001c 07650040 		.word	1073767687
 113 0020 00000000 		.word	shiftregSender_backup
 114 0024 17650040 		.word	1073767703
 115              		.cfi_endproc
 116              	.LFE1:
 117              		.size	shiftregSender_RestoreConfig, .-shiftregSender_RestoreConfig
 118              		.section	.text.shiftregSender_Sleep,"ax",%progbits
 119              		.align	2
 120              		.global	shiftregSender_Sleep
 121              		.thumb
 122              		.thumb_func
 123              		.type	shiftregSender_Sleep, %function
 124              	shiftregSender_Sleep:
 125              	.LFB2:
  86:Generated_Source\PSoC5/shiftregSender_PM.c **** 
  87:Generated_Source\PSoC5/shiftregSender_PM.c **** 
  88:Generated_Source\PSoC5/shiftregSender_PM.c **** /*******************************************************************************
  89:Generated_Source\PSoC5/shiftregSender_PM.c **** * Function Name: shiftregSender_Sleep
  90:Generated_Source\PSoC5/shiftregSender_PM.c **** ********************************************************************************
  91:Generated_Source\PSoC5/shiftregSender_PM.c **** *
  92:Generated_Source\PSoC5/shiftregSender_PM.c **** * Summary:
  93:Generated_Source\PSoC5/shiftregSender_PM.c **** *  Prepare the component to enter a Sleep mode.
  94:Generated_Source\PSoC5/shiftregSender_PM.c **** *
  95:Generated_Source\PSoC5/shiftregSender_PM.c **** * Parameters:
  96:Generated_Source\PSoC5/shiftregSender_PM.c **** *  None.
  97:Generated_Source\PSoC5/shiftregSender_PM.c **** *
  98:Generated_Source\PSoC5/shiftregSender_PM.c **** * Return:
  99:Generated_Source\PSoC5/shiftregSender_PM.c **** *  None.
 100:Generated_Source\PSoC5/shiftregSender_PM.c **** *
 101:Generated_Source\PSoC5/shiftregSender_PM.c **** * Reentrant:
 102:Generated_Source\PSoC5/shiftregSender_PM.c **** *  No.
 103:Generated_Source\PSoC5/shiftregSender_PM.c **** *
ARM GAS  C:\Users\bryan.lee\AppData\Local\Temp\cc8I3m18.s 			page 5


 104:Generated_Source\PSoC5/shiftregSender_PM.c **** *******************************************************************************/
 105:Generated_Source\PSoC5/shiftregSender_PM.c **** void shiftregSender_Sleep(void) 
 106:Generated_Source\PSoC5/shiftregSender_PM.c **** {
 126              		.loc 1 106 0
 127              		.cfi_startproc
 128              		@ args = 0, pretend = 0, frame = 0
 129              		@ frame_needed = 1, uses_anonymous_args = 0
 130 0000 80B5     		push	{r7, lr}
 131              		.cfi_def_cfa_offset 8
 132              		.cfi_offset 7, -8
 133              		.cfi_offset 14, -4
 134 0002 00AF     		add	r7, sp, #0
 135              		.cfi_def_cfa_register 7
 107:Generated_Source\PSoC5/shiftregSender_PM.c ****     shiftregSender_backup.enableState = ((uint8) shiftregSender_IS_ENABLED);
 136              		.loc 1 107 0
 137 0004 094B     		ldr	r3, .L8
 138 0006 1B78     		ldrb	r3, [r3]
 139 0008 DBB2     		uxtb	r3, r3
 140 000a 03F00103 		and	r3, r3, #1
 141 000e 002B     		cmp	r3, #0
 142 0010 14BF     		ite	ne
 143 0012 0123     		movne	r3, #1
 144 0014 0023     		moveq	r3, #0
 145 0016 DBB2     		uxtb	r3, r3
 146 0018 1A46     		mov	r2, r3
 147 001a 054B     		ldr	r3, .L8+4
 148 001c 1A70     		strb	r2, [r3]
 108:Generated_Source\PSoC5/shiftregSender_PM.c **** 
 109:Generated_Source\PSoC5/shiftregSender_PM.c ****     shiftregSender_Stop();
 149              		.loc 1 109 0
 150 001e FFF7FEFF 		bl	shiftregSender_Stop
 110:Generated_Source\PSoC5/shiftregSender_PM.c ****     shiftregSender_SaveConfig();
 151              		.loc 1 110 0
 152 0022 FFF7FEFF 		bl	shiftregSender_SaveConfig
 111:Generated_Source\PSoC5/shiftregSender_PM.c **** }
 153              		.loc 1 111 0
 154 0026 00BF     		nop
 155 0028 80BD     		pop	{r7, pc}
 156              	.L9:
 157 002a 00BF     		.align	2
 158              	.L8:
 159 002c 77650040 		.word	1073767799
 160 0030 00000000 		.word	shiftregSender_backup
 161              		.cfi_endproc
 162              	.LFE2:
 163              		.size	shiftregSender_Sleep, .-shiftregSender_Sleep
 164              		.section	.text.shiftregSender_Wakeup,"ax",%progbits
 165              		.align	2
 166              		.global	shiftregSender_Wakeup
 167              		.thumb
 168              		.thumb_func
 169              		.type	shiftregSender_Wakeup, %function
 170              	shiftregSender_Wakeup:
 171              	.LFB3:
 112:Generated_Source\PSoC5/shiftregSender_PM.c **** 
 113:Generated_Source\PSoC5/shiftregSender_PM.c **** 
 114:Generated_Source\PSoC5/shiftregSender_PM.c **** /*******************************************************************************
ARM GAS  C:\Users\bryan.lee\AppData\Local\Temp\cc8I3m18.s 			page 6


 115:Generated_Source\PSoC5/shiftregSender_PM.c **** * Function Name: shiftregSender_Wakeup
 116:Generated_Source\PSoC5/shiftregSender_PM.c **** ********************************************************************************
 117:Generated_Source\PSoC5/shiftregSender_PM.c **** *
 118:Generated_Source\PSoC5/shiftregSender_PM.c **** * Summary:
 119:Generated_Source\PSoC5/shiftregSender_PM.c **** *  Restores and enables the user configuration.
 120:Generated_Source\PSoC5/shiftregSender_PM.c **** *
 121:Generated_Source\PSoC5/shiftregSender_PM.c **** * Parameters:
 122:Generated_Source\PSoC5/shiftregSender_PM.c **** *  None.
 123:Generated_Source\PSoC5/shiftregSender_PM.c **** *
 124:Generated_Source\PSoC5/shiftregSender_PM.c **** * Return:
 125:Generated_Source\PSoC5/shiftregSender_PM.c **** *  None.
 126:Generated_Source\PSoC5/shiftregSender_PM.c **** *
 127:Generated_Source\PSoC5/shiftregSender_PM.c **** *******************************************************************************/
 128:Generated_Source\PSoC5/shiftregSender_PM.c **** void shiftregSender_Wakeup(void) 
 129:Generated_Source\PSoC5/shiftregSender_PM.c **** {
 172              		.loc 1 129 0
 173              		.cfi_startproc
 174              		@ args = 0, pretend = 0, frame = 0
 175              		@ frame_needed = 1, uses_anonymous_args = 0
 176 0000 80B5     		push	{r7, lr}
 177              		.cfi_def_cfa_offset 8
 178              		.cfi_offset 7, -8
 179              		.cfi_offset 14, -4
 180 0002 00AF     		add	r7, sp, #0
 181              		.cfi_def_cfa_register 7
 130:Generated_Source\PSoC5/shiftregSender_PM.c ****     shiftregSender_RestoreConfig();
 182              		.loc 1 130 0
 183 0004 FFF7FEFF 		bl	shiftregSender_RestoreConfig
 131:Generated_Source\PSoC5/shiftregSender_PM.c **** 
 132:Generated_Source\PSoC5/shiftregSender_PM.c ****     if(0u != shiftregSender_backup.enableState)
 184              		.loc 1 132 0
 185 0008 034B     		ldr	r3, .L13
 186 000a 1B78     		ldrb	r3, [r3]	@ zero_extendqisi2
 187 000c 002B     		cmp	r3, #0
 188 000e 01D0     		beq	.L12
 133:Generated_Source\PSoC5/shiftregSender_PM.c ****     {
 134:Generated_Source\PSoC5/shiftregSender_PM.c ****         shiftregSender_Enable();
 189              		.loc 1 134 0
 190 0010 FFF7FEFF 		bl	shiftregSender_Enable
 191              	.L12:
 135:Generated_Source\PSoC5/shiftregSender_PM.c ****     }
 136:Generated_Source\PSoC5/shiftregSender_PM.c **** }
 192              		.loc 1 136 0
 193 0014 00BF     		nop
 194 0016 80BD     		pop	{r7, pc}
 195              	.L14:
 196              		.align	2
 197              	.L13:
 198 0018 00000000 		.word	shiftregSender_backup
 199              		.cfi_endproc
 200              	.LFE3:
 201              		.size	shiftregSender_Wakeup, .-shiftregSender_Wakeup
 202              		.text
 203              	.Letext0:
 204              		.file 2 "Generated_Source\\PSoC5\\cytypes.h"
 205              		.file 3 "Generated_Source\\PSoC5\\shiftregSender.h"
 206              		.section	.debug_info,"",%progbits
ARM GAS  C:\Users\bryan.lee\AppData\Local\Temp\cc8I3m18.s 			page 7


 207              	.Ldebug_info0:
 208 0000 35010000 		.4byte	0x135
 209 0004 0400     		.2byte	0x4
 210 0006 00000000 		.4byte	.Ldebug_abbrev0
 211 000a 04       		.byte	0x4
 212 000b 01       		.uleb128 0x1
 213 000c E0000000 		.4byte	.LASF24
 214 0010 0C       		.byte	0xc
 215 0011 63000000 		.4byte	.LASF25
 216 0015 8A010000 		.4byte	.LASF26
 217 0019 00000000 		.4byte	.Ldebug_ranges0+0
 218 001d 00000000 		.4byte	0
 219 0021 00000000 		.4byte	.Ldebug_line0
 220 0025 02       		.uleb128 0x2
 221 0026 01       		.byte	0x1
 222 0027 06       		.byte	0x6
 223 0028 00020000 		.4byte	.LASF0
 224 002c 02       		.uleb128 0x2
 225 002d 01       		.byte	0x1
 226 002e 08       		.byte	0x8
 227 002f 6E010000 		.4byte	.LASF1
 228 0033 02       		.uleb128 0x2
 229 0034 02       		.byte	0x2
 230 0035 05       		.byte	0x5
 231 0036 DC010000 		.4byte	.LASF2
 232 003a 02       		.uleb128 0x2
 233 003b 02       		.byte	0x2
 234 003c 07       		.byte	0x7
 235 003d ED010000 		.4byte	.LASF3
 236 0041 02       		.uleb128 0x2
 237 0042 04       		.byte	0x4
 238 0043 05       		.byte	0x5
 239 0044 81010000 		.4byte	.LASF4
 240 0048 02       		.uleb128 0x2
 241 0049 04       		.byte	0x4
 242 004a 07       		.byte	0x7
 243 004b 94000000 		.4byte	.LASF5
 244 004f 02       		.uleb128 0x2
 245 0050 08       		.byte	0x8
 246 0051 05       		.byte	0x5
 247 0052 00000000 		.4byte	.LASF6
 248 0056 02       		.uleb128 0x2
 249 0057 08       		.byte	0x8
 250 0058 07       		.byte	0x7
 251 0059 C3000000 		.4byte	.LASF7
 252 005d 03       		.uleb128 0x3
 253 005e 04       		.byte	0x4
 254 005f 05       		.byte	0x5
 255 0060 696E7400 		.ascii	"int\000"
 256 0064 02       		.uleb128 0x2
 257 0065 04       		.byte	0x4
 258 0066 07       		.byte	0x7
 259 0067 1A000000 		.4byte	.LASF8
 260 006b 04       		.uleb128 0x4
 261 006c 8E000000 		.4byte	.LASF12
 262 0070 02       		.byte	0x2
 263 0071 E401     		.2byte	0x1e4
ARM GAS  C:\Users\bryan.lee\AppData\Local\Temp\cc8I3m18.s 			page 8


 264 0073 2C000000 		.4byte	0x2c
 265 0077 02       		.uleb128 0x2
 266 0078 04       		.byte	0x4
 267 0079 04       		.byte	0x4
 268 007a DA000000 		.4byte	.LASF9
 269 007e 02       		.uleb128 0x2
 270 007f 08       		.byte	0x8
 271 0080 04       		.byte	0x4
 272 0081 E6010000 		.4byte	.LASF10
 273 0085 02       		.uleb128 0x2
 274 0086 01       		.byte	0x1
 275 0087 08       		.byte	0x8
 276 0088 7C010000 		.4byte	.LASF11
 277 008c 04       		.uleb128 0x4
 278 008d 43020000 		.4byte	.LASF13
 279 0091 02       		.byte	0x2
 280 0092 8E02     		.2byte	0x28e
 281 0094 98000000 		.4byte	0x98
 282 0098 05       		.uleb128 0x5
 283 0099 6B000000 		.4byte	0x6b
 284 009d 02       		.uleb128 0x2
 285 009e 08       		.byte	0x8
 286 009f 04       		.byte	0x4
 287 00a0 0C020000 		.4byte	.LASF14
 288 00a4 02       		.uleb128 0x2
 289 00a5 04       		.byte	0x4
 290 00a6 07       		.byte	0x7
 291 00a7 71020000 		.4byte	.LASF15
 292 00ab 06       		.uleb128 0x6
 293 00ac 03       		.byte	0x3
 294 00ad 03       		.byte	0x3
 295 00ae 2A       		.byte	0x2a
 296 00af D8000000 		.4byte	0xd8
 297 00b3 07       		.uleb128 0x7
 298 00b4 0E000000 		.4byte	.LASF16
 299 00b8 03       		.byte	0x3
 300 00b9 2C       		.byte	0x2c
 301 00ba 6B000000 		.4byte	0x6b
 302 00be 00       		.byte	0
 303 00bf 07       		.uleb128 0x7
 304 00c0 48020000 		.4byte	.LASF17
 305 00c4 03       		.byte	0x3
 306 00c5 2E       		.byte	0x2e
 307 00c6 6B000000 		.4byte	0x6b
 308 00ca 01       		.byte	0x1
 309 00cb 07       		.uleb128 0x7
 310 00cc 27000000 		.4byte	.LASF18
 311 00d0 03       		.byte	0x3
 312 00d1 2F       		.byte	0x2f
 313 00d2 6B000000 		.4byte	0x6b
 314 00d6 02       		.byte	0x2
 315 00d7 00       		.byte	0
 316 00d8 08       		.uleb128 0x8
 317 00d9 A6000000 		.4byte	.LASF19
 318 00dd 03       		.byte	0x3
 319 00de 35       		.byte	0x35
 320 00df AB000000 		.4byte	0xab
ARM GAS  C:\Users\bryan.lee\AppData\Local\Temp\cc8I3m18.s 			page 9


 321 00e3 09       		.uleb128 0x9
 322 00e4 33000000 		.4byte	.LASF20
 323 00e8 01       		.byte	0x1
 324 00e9 32       		.byte	0x32
 325 00ea 00000000 		.4byte	.LFB0
 326 00ee 2C000000 		.4byte	.LFE0-.LFB0
 327 00f2 01       		.uleb128 0x1
 328 00f3 9C       		.byte	0x9c
 329 00f4 09       		.uleb128 0x9
 330 00f5 54020000 		.4byte	.LASF21
 331 00f9 01       		.byte	0x1
 332 00fa 4C       		.byte	0x4c
 333 00fb 00000000 		.4byte	.LFB1
 334 00ff 28000000 		.4byte	.LFE1-.LFB1
 335 0103 01       		.uleb128 0x1
 336 0104 9C       		.byte	0x9c
 337 0105 0A       		.uleb128 0xa
 338 0106 2E020000 		.4byte	.LASF22
 339 010a 01       		.byte	0x1
 340 010b 69       		.byte	0x69
 341 010c 00000000 		.4byte	.LFB2
 342 0110 34000000 		.4byte	.LFE2-.LFB2
 343 0114 01       		.uleb128 0x1
 344 0115 9C       		.byte	0x9c
 345 0116 0A       		.uleb128 0xa
 346 0117 4D000000 		.4byte	.LASF23
 347 011b 01       		.byte	0x1
 348 011c 80       		.byte	0x80
 349 011d 00000000 		.4byte	.LFB3
 350 0121 1C000000 		.4byte	.LFE3-.LFB3
 351 0125 01       		.uleb128 0x1
 352 0126 9C       		.byte	0x9c
 353 0127 0B       		.uleb128 0xb
 354 0128 18020000 		.4byte	.LASF27
 355 012c 01       		.byte	0x1
 356 012d 14       		.byte	0x14
 357 012e D8000000 		.4byte	0xd8
 358 0132 05       		.uleb128 0x5
 359 0133 03       		.byte	0x3
 360 0134 00000000 		.4byte	shiftregSender_backup
 361 0138 00       		.byte	0
 362              		.section	.debug_abbrev,"",%progbits
 363              	.Ldebug_abbrev0:
 364 0000 01       		.uleb128 0x1
 365 0001 11       		.uleb128 0x11
 366 0002 01       		.byte	0x1
 367 0003 25       		.uleb128 0x25
 368 0004 0E       		.uleb128 0xe
 369 0005 13       		.uleb128 0x13
 370 0006 0B       		.uleb128 0xb
 371 0007 03       		.uleb128 0x3
 372 0008 0E       		.uleb128 0xe
 373 0009 1B       		.uleb128 0x1b
 374 000a 0E       		.uleb128 0xe
 375 000b 55       		.uleb128 0x55
 376 000c 17       		.uleb128 0x17
 377 000d 11       		.uleb128 0x11
ARM GAS  C:\Users\bryan.lee\AppData\Local\Temp\cc8I3m18.s 			page 10


 378 000e 01       		.uleb128 0x1
 379 000f 10       		.uleb128 0x10
 380 0010 17       		.uleb128 0x17
 381 0011 00       		.byte	0
 382 0012 00       		.byte	0
 383 0013 02       		.uleb128 0x2
 384 0014 24       		.uleb128 0x24
 385 0015 00       		.byte	0
 386 0016 0B       		.uleb128 0xb
 387 0017 0B       		.uleb128 0xb
 388 0018 3E       		.uleb128 0x3e
 389 0019 0B       		.uleb128 0xb
 390 001a 03       		.uleb128 0x3
 391 001b 0E       		.uleb128 0xe
 392 001c 00       		.byte	0
 393 001d 00       		.byte	0
 394 001e 03       		.uleb128 0x3
 395 001f 24       		.uleb128 0x24
 396 0020 00       		.byte	0
 397 0021 0B       		.uleb128 0xb
 398 0022 0B       		.uleb128 0xb
 399 0023 3E       		.uleb128 0x3e
 400 0024 0B       		.uleb128 0xb
 401 0025 03       		.uleb128 0x3
 402 0026 08       		.uleb128 0x8
 403 0027 00       		.byte	0
 404 0028 00       		.byte	0
 405 0029 04       		.uleb128 0x4
 406 002a 16       		.uleb128 0x16
 407 002b 00       		.byte	0
 408 002c 03       		.uleb128 0x3
 409 002d 0E       		.uleb128 0xe
 410 002e 3A       		.uleb128 0x3a
 411 002f 0B       		.uleb128 0xb
 412 0030 3B       		.uleb128 0x3b
 413 0031 05       		.uleb128 0x5
 414 0032 49       		.uleb128 0x49
 415 0033 13       		.uleb128 0x13
 416 0034 00       		.byte	0
 417 0035 00       		.byte	0
 418 0036 05       		.uleb128 0x5
 419 0037 35       		.uleb128 0x35
 420 0038 00       		.byte	0
 421 0039 49       		.uleb128 0x49
 422 003a 13       		.uleb128 0x13
 423 003b 00       		.byte	0
 424 003c 00       		.byte	0
 425 003d 06       		.uleb128 0x6
 426 003e 13       		.uleb128 0x13
 427 003f 01       		.byte	0x1
 428 0040 0B       		.uleb128 0xb
 429 0041 0B       		.uleb128 0xb
 430 0042 3A       		.uleb128 0x3a
 431 0043 0B       		.uleb128 0xb
 432 0044 3B       		.uleb128 0x3b
 433 0045 0B       		.uleb128 0xb
 434 0046 01       		.uleb128 0x1
ARM GAS  C:\Users\bryan.lee\AppData\Local\Temp\cc8I3m18.s 			page 11


 435 0047 13       		.uleb128 0x13
 436 0048 00       		.byte	0
 437 0049 00       		.byte	0
 438 004a 07       		.uleb128 0x7
 439 004b 0D       		.uleb128 0xd
 440 004c 00       		.byte	0
 441 004d 03       		.uleb128 0x3
 442 004e 0E       		.uleb128 0xe
 443 004f 3A       		.uleb128 0x3a
 444 0050 0B       		.uleb128 0xb
 445 0051 3B       		.uleb128 0x3b
 446 0052 0B       		.uleb128 0xb
 447 0053 49       		.uleb128 0x49
 448 0054 13       		.uleb128 0x13
 449 0055 38       		.uleb128 0x38
 450 0056 0B       		.uleb128 0xb
 451 0057 00       		.byte	0
 452 0058 00       		.byte	0
 453 0059 08       		.uleb128 0x8
 454 005a 16       		.uleb128 0x16
 455 005b 00       		.byte	0
 456 005c 03       		.uleb128 0x3
 457 005d 0E       		.uleb128 0xe
 458 005e 3A       		.uleb128 0x3a
 459 005f 0B       		.uleb128 0xb
 460 0060 3B       		.uleb128 0x3b
 461 0061 0B       		.uleb128 0xb
 462 0062 49       		.uleb128 0x49
 463 0063 13       		.uleb128 0x13
 464 0064 00       		.byte	0
 465 0065 00       		.byte	0
 466 0066 09       		.uleb128 0x9
 467 0067 2E       		.uleb128 0x2e
 468 0068 00       		.byte	0
 469 0069 3F       		.uleb128 0x3f
 470 006a 19       		.uleb128 0x19
 471 006b 03       		.uleb128 0x3
 472 006c 0E       		.uleb128 0xe
 473 006d 3A       		.uleb128 0x3a
 474 006e 0B       		.uleb128 0xb
 475 006f 3B       		.uleb128 0x3b
 476 0070 0B       		.uleb128 0xb
 477 0071 27       		.uleb128 0x27
 478 0072 19       		.uleb128 0x19
 479 0073 11       		.uleb128 0x11
 480 0074 01       		.uleb128 0x1
 481 0075 12       		.uleb128 0x12
 482 0076 06       		.uleb128 0x6
 483 0077 40       		.uleb128 0x40
 484 0078 18       		.uleb128 0x18
 485 0079 9742     		.uleb128 0x2117
 486 007b 19       		.uleb128 0x19
 487 007c 00       		.byte	0
 488 007d 00       		.byte	0
 489 007e 0A       		.uleb128 0xa
 490 007f 2E       		.uleb128 0x2e
 491 0080 00       		.byte	0
ARM GAS  C:\Users\bryan.lee\AppData\Local\Temp\cc8I3m18.s 			page 12


 492 0081 3F       		.uleb128 0x3f
 493 0082 19       		.uleb128 0x19
 494 0083 03       		.uleb128 0x3
 495 0084 0E       		.uleb128 0xe
 496 0085 3A       		.uleb128 0x3a
 497 0086 0B       		.uleb128 0xb
 498 0087 3B       		.uleb128 0x3b
 499 0088 0B       		.uleb128 0xb
 500 0089 27       		.uleb128 0x27
 501 008a 19       		.uleb128 0x19
 502 008b 11       		.uleb128 0x11
 503 008c 01       		.uleb128 0x1
 504 008d 12       		.uleb128 0x12
 505 008e 06       		.uleb128 0x6
 506 008f 40       		.uleb128 0x40
 507 0090 18       		.uleb128 0x18
 508 0091 9642     		.uleb128 0x2116
 509 0093 19       		.uleb128 0x19
 510 0094 00       		.byte	0
 511 0095 00       		.byte	0
 512 0096 0B       		.uleb128 0xb
 513 0097 34       		.uleb128 0x34
 514 0098 00       		.byte	0
 515 0099 03       		.uleb128 0x3
 516 009a 0E       		.uleb128 0xe
 517 009b 3A       		.uleb128 0x3a
 518 009c 0B       		.uleb128 0xb
 519 009d 3B       		.uleb128 0x3b
 520 009e 0B       		.uleb128 0xb
 521 009f 49       		.uleb128 0x49
 522 00a0 13       		.uleb128 0x13
 523 00a1 02       		.uleb128 0x2
 524 00a2 18       		.uleb128 0x18
 525 00a3 00       		.byte	0
 526 00a4 00       		.byte	0
 527 00a5 00       		.byte	0
 528              		.section	.debug_aranges,"",%progbits
 529 0000 34000000 		.4byte	0x34
 530 0004 0200     		.2byte	0x2
 531 0006 00000000 		.4byte	.Ldebug_info0
 532 000a 04       		.byte	0x4
 533 000b 00       		.byte	0
 534 000c 0000     		.2byte	0
 535 000e 0000     		.2byte	0
 536 0010 00000000 		.4byte	.LFB0
 537 0014 2C000000 		.4byte	.LFE0-.LFB0
 538 0018 00000000 		.4byte	.LFB1
 539 001c 28000000 		.4byte	.LFE1-.LFB1
 540 0020 00000000 		.4byte	.LFB2
 541 0024 34000000 		.4byte	.LFE2-.LFB2
 542 0028 00000000 		.4byte	.LFB3
 543 002c 1C000000 		.4byte	.LFE3-.LFB3
 544 0030 00000000 		.4byte	0
 545 0034 00000000 		.4byte	0
 546              		.section	.debug_ranges,"",%progbits
 547              	.Ldebug_ranges0:
 548 0000 00000000 		.4byte	.LFB0
ARM GAS  C:\Users\bryan.lee\AppData\Local\Temp\cc8I3m18.s 			page 13


 549 0004 2C000000 		.4byte	.LFE0
 550 0008 00000000 		.4byte	.LFB1
 551 000c 28000000 		.4byte	.LFE1
 552 0010 00000000 		.4byte	.LFB2
 553 0014 34000000 		.4byte	.LFE2
 554 0018 00000000 		.4byte	.LFB3
 555 001c 1C000000 		.4byte	.LFE3
 556 0020 00000000 		.4byte	0
 557 0024 00000000 		.4byte	0
 558              		.section	.debug_line,"",%progbits
 559              	.Ldebug_line0:
 560 0000 B5000000 		.section	.debug_str,"MS",%progbits,1
 560      02006200 
 560      00000201 
 560      FB0E0D00 
 560      01010101 
 561              	.LASF6:
 562 0000 6C6F6E67 		.ascii	"long long int\000"
 562      206C6F6E 
 562      6720696E 
 562      7400
 563              	.LASF16:
 564 000e 656E6162 		.ascii	"enableState\000"
 564      6C655374 
 564      61746500 
 565              	.LASF8:
 566 001a 756E7369 		.ascii	"unsigned int\000"
 566      676E6564 
 566      20696E74 
 566      00
 567              	.LASF18:
 568 0027 73617665 		.ascii	"saveSrA1Reg\000"
 568      53724131 
 568      52656700 
 569              	.LASF20:
 570 0033 73686966 		.ascii	"shiftregSender_SaveConfig\000"
 570      74726567 
 570      53656E64 
 570      65725F53 
 570      61766543 
 571              	.LASF23:
 572 004d 73686966 		.ascii	"shiftregSender_Wakeup\000"
 572      74726567 
 572      53656E64 
 572      65725F57 
 572      616B6575 
 573              	.LASF25:
 574 0063 47656E65 		.ascii	"Generated_Source\\PSoC5\\shiftregSender_PM.c\000"
 574      72617465 
 574      645F536F 
 574      75726365 
 574      5C50536F 
 575              	.LASF12:
 576 008e 75696E74 		.ascii	"uint8\000"
 576      3800
 577              	.LASF5:
 578 0094 6C6F6E67 		.ascii	"long unsigned int\000"
ARM GAS  C:\Users\bryan.lee\AppData\Local\Temp\cc8I3m18.s 			page 14


 578      20756E73 
 578      69676E65 
 578      6420696E 
 578      7400
 579              	.LASF19:
 580 00a6 73686966 		.ascii	"shiftregSender_BACKUP_STRUCT\000"
 580      74726567 
 580      53656E64 
 580      65725F42 
 580      41434B55 
 581              	.LASF7:
 582 00c3 6C6F6E67 		.ascii	"long long unsigned int\000"
 582      206C6F6E 
 582      6720756E 
 582      7369676E 
 582      65642069 
 583              	.LASF9:
 584 00da 666C6F61 		.ascii	"float\000"
 584      7400
 585              	.LASF24:
 586 00e0 474E5520 		.ascii	"GNU C11 5.4.1 20160609 (release) [ARM/embedded-5-br"
 586      43313120 
 586      352E342E 
 586      31203230 
 586      31363036 
 587 0113 616E6368 		.ascii	"anch revision 237715] -mcpu=cortex-m3 -mthumb -g -O"
 587      20726576 
 587      6973696F 
 587      6E203233 
 587      37373135 
 588 0146 30202D66 		.ascii	"0 -ffunction-sections -ffat-lto-objects\000"
 588      66756E63 
 588      74696F6E 
 588      2D736563 
 588      74696F6E 
 589              	.LASF1:
 590 016e 756E7369 		.ascii	"unsigned char\000"
 590      676E6564 
 590      20636861 
 590      7200
 591              	.LASF11:
 592 017c 63686172 		.ascii	"char\000"
 592      00
 593              	.LASF4:
 594 0181 6C6F6E67 		.ascii	"long int\000"
 594      20696E74 
 594      00
 595              	.LASF26:
 596 018a 433A5C55 		.ascii	"C:\\Users\\bryan.lee\\Documents\\GitHub\\hello-worl"
 596      73657273 
 596      5C627279 
 596      616E2E6C 
 596      65655C44 
 597 01b8 645C4379 		.ascii	"d\\Cypress\\Combine_4.0\\Combine.cydsn\000"
 597      70726573 
 597      735C436F 
 597      6D62696E 
ARM GAS  C:\Users\bryan.lee\AppData\Local\Temp\cc8I3m18.s 			page 15


 597      655F342E 
 598              	.LASF2:
 599 01dc 73686F72 		.ascii	"short int\000"
 599      7420696E 
 599      7400
 600              	.LASF10:
 601 01e6 646F7562 		.ascii	"double\000"
 601      6C6500
 602              	.LASF3:
 603 01ed 73686F72 		.ascii	"short unsigned int\000"
 603      7420756E 
 603      7369676E 
 603      65642069 
 603      6E7400
 604              	.LASF0:
 605 0200 7369676E 		.ascii	"signed char\000"
 605      65642063 
 605      68617200 
 606              	.LASF14:
 607 020c 6C6F6E67 		.ascii	"long double\000"
 607      20646F75 
 607      626C6500 
 608              	.LASF27:
 609 0218 73686966 		.ascii	"shiftregSender_backup\000"
 609      74726567 
 609      53656E64 
 609      65725F62 
 609      61636B75 
 610              	.LASF22:
 611 022e 73686966 		.ascii	"shiftregSender_Sleep\000"
 611      74726567 
 611      53656E64 
 611      65725F53 
 611      6C656570 
 612              	.LASF13:
 613 0243 72656738 		.ascii	"reg8\000"
 613      00
 614              	.LASF17:
 615 0248 73617665 		.ascii	"saveSrA0Reg\000"
 615      53724130 
 615      52656700 
 616              	.LASF21:
 617 0254 73686966 		.ascii	"shiftregSender_RestoreConfig\000"
 617      74726567 
 617      53656E64 
 617      65725F52 
 617      6573746F 
 618              	.LASF15:
 619 0271 73697A65 		.ascii	"sizetype\000"
 619      74797065 
 619      00
 620              		.ident	"GCC: (GNU Tools for ARM Embedded Processors) 5.4.1 20160609 (release) [ARM/embedded-5-bran
