Archive member included to satisfy reference by file (symbol)

c:/program files (x86)/cypress/psoc creator/4.2/psoc creator/import/gnu/arm/5.4.1/bin/../lib/gcc/arm-none-eabi/5.4.1/armv7e-m/softfp\libgcc.a(_arm_addsubdf3.o)
                              .\CortexM4\ARM_GCC_541\Debug\cy_sysclk.o (__aeabi_f2d)
c:/program files (x86)/cypress/psoc creator/4.2/psoc creator/import/gnu/arm/5.4.1/bin/../lib/gcc/arm-none-eabi/5.4.1/armv7e-m/softfp\libgcc.a(_arm_muldivdf3.o)
                              .\CortexM4\ARM_GCC_541\Debug\cy_sysclk.o (__aeabi_ddiv)
c:/program files (x86)/cypress/psoc creator/4.2/psoc creator/import/gnu/arm/5.4.1/bin/../lib/gcc/arm-none-eabi/5.4.1/armv7e-m/softfp\libgcc.a(_arm_fixunsdfsi.o)
                              .\CortexM4\ARM_GCC_541\Debug\cy_sysclk.o (__aeabi_d2uiz)
c:/program files (x86)/cypress/psoc creator/4.2/psoc creator/import/gnu/arm/5.4.1/bin/../lib/gcc/arm-none-eabi/5.4.1/armv7e-m/softfp\libgcc.a(_arm_truncdfsf2.o)
                              .\CortexM4\ARM_GCC_541\Debug\cy_sysclk.o (__aeabi_d2f)
c:/program files (x86)/cypress/psoc creator/4.2/psoc creator/import/gnu/arm/5.4.1/bin/../lib/gcc/arm-none-eabi/5.4.1/armv7e-m/softfp\libgcc.a(_aeabi_uldivmod.o)
                              .\CortexM4\ARM_GCC_541\Debug\cy_sysclk.o (__aeabi_uldivmod)
c:/program files (x86)/cypress/psoc creator/4.2/psoc creator/import/gnu/arm/5.4.1/bin/../lib/gcc/arm-none-eabi/5.4.1/armv7e-m/softfp\libgcc.a(_udivmoddi4.o)
                              c:/program files (x86)/cypress/psoc creator/4.2/psoc creator/import/gnu/arm/5.4.1/bin/../lib/gcc/arm-none-eabi/5.4.1/armv7e-m/softfp\libgcc.a(_aeabi_uldivmod.o) (__udivmoddi4)
c:/program files (x86)/cypress/psoc creator/4.2/psoc creator/import/gnu/arm/5.4.1/bin/../lib/gcc/arm-none-eabi/5.4.1/armv7e-m/softfp\libgcc.a(_dvmd_tls.o)
                              c:/program files (x86)/cypress/psoc creator/4.2/psoc creator/import/gnu/arm/5.4.1/bin/../lib/gcc/arm-none-eabi/5.4.1/armv7e-m/softfp\libgcc.a(_aeabi_uldivmod.o) (__aeabi_ldiv0)
c:/program files (x86)/cypress/psoc creator/4.2/psoc creator/import/gnu/arm/5.4.1/bin/../lib/gcc/arm-none-eabi/5.4.1/../../../../arm-none-eabi/lib/armv7e-m/softfp\libg_nano.a(lib_a-exit.o)
                              c:/program files (x86)/cypress/psoc creator/4.2/psoc creator/import/gnu/arm/5.4.1/bin/../lib/gcc/arm-none-eabi/5.4.1/../../../../arm-none-eabi/lib/armv7e-m/softfp/crt0.o (exit)
c:/program files (x86)/cypress/psoc creator/4.2/psoc creator/import/gnu/arm/5.4.1/bin/../lib/gcc/arm-none-eabi/5.4.1/../../../../arm-none-eabi/lib/armv7e-m/softfp\libg_nano.a(lib_a-impure.o)
                              c:/program files (x86)/cypress/psoc creator/4.2/psoc creator/import/gnu/arm/5.4.1/bin/../lib/gcc/arm-none-eabi/5.4.1/../../../../arm-none-eabi/lib/armv7e-m/softfp\libg_nano.a(lib_a-exit.o) (_global_impure_ptr)
c:/program files (x86)/cypress/psoc creator/4.2/psoc creator/import/gnu/arm/5.4.1/bin/../lib/gcc/arm-none-eabi/5.4.1/../../../../arm-none-eabi/lib/armv7e-m/softfp\libg_nano.a(lib_a-init.o)
                              c:/program files (x86)/cypress/psoc creator/4.2/psoc creator/import/gnu/arm/5.4.1/bin/../lib/gcc/arm-none-eabi/5.4.1/../../../../arm-none-eabi/lib/armv7e-m/softfp/crt0.o (__libc_init_array)
c:/program files (x86)/cypress/psoc creator/4.2/psoc creator/import/gnu/arm/5.4.1/bin/../lib/gcc/arm-none-eabi/5.4.1/../../../../arm-none-eabi/lib/armv7e-m/softfp\libg_nano.a(lib_a-memcpy-stub.o)
                              .\CortexM4\ARM_GCC_541\Debug\queue.o (memcpy)
c:/program files (x86)/cypress/psoc creator/4.2/psoc creator/import/gnu/arm/5.4.1/bin/../lib/gcc/arm-none-eabi/5.4.1/../../../../arm-none-eabi/lib/armv7e-m/softfp\libg_nano.a(lib_a-memset.o)
                              c:/program files (x86)/cypress/psoc creator/4.2/psoc creator/import/gnu/arm/5.4.1/bin/../lib/gcc/arm-none-eabi/5.4.1/../../../../arm-none-eabi/lib/armv7e-m/softfp/crt0.o (memset)
c:/program files (x86)/cypress/psoc creator/4.2/psoc creator/import/gnu/arm/5.4.1/bin/../lib/gcc/arm-none-eabi/5.4.1/../../../../arm-none-eabi/lib/armv7e-m/softfp\libg_nano.a(lib_a-strncpy.o)
                              .\CortexM4\ARM_GCC_541\Debug\cy_syslib.o (strncpy)
c:/program files (x86)/cypress/psoc creator/4.2/psoc creator/import/gnu/arm/5.4.1/bin/../lib/gcc/arm-none-eabi/5.4.1/../../../../arm-none-eabi/lib/armv7e-m/softfp\libnosys.a(_exit.o)
                              c:/program files (x86)/cypress/psoc creator/4.2/psoc creator/import/gnu/arm/5.4.1/bin/../lib/gcc/arm-none-eabi/5.4.1/../../../../arm-none-eabi/lib/armv7e-m/softfp\libg_nano.a(lib_a-exit.o) (_exit)
c:/program files (x86)/cypress/psoc creator/4.2/psoc creator/import/gnu/arm/5.4.1/bin/../lib/gcc/arm-none-eabi/5.4.1/../../../../arm-none-eabi/lib/armv7e-m/softfp\libm.a(lib_a-s_floor.o)
                              .\CortexM4\ARM_GCC_541\Debug\cy_sysclk.o (floor)
[...]
Memory Configuration

Name             Origin             Length             Attributes
ram              0x08024000         0x00023800         xrw
flash            0x10080000         0x00080000         xr
em_eeprom        0x14000000         0x00008000         xr
sflash_user_data 0x16000800         0x00000800         xr
sflash_nar       0x16001a00         0x00000200         xr
sflash_public_key 0x16005a00         0x00000c00         xr
sflash_toc_2     0x16007c00         0x00000200         xr
sflash_rtoc_2    0x16007e00         0x00000200         xr
xip              0x18000000         0x08000000         xr
efuse            0x90700000         0x00100000         r
*default*        0x00000000         0xffffffff

Linker script and memory map

LOAD c:/program files (x86)/cypress/psoc creator/4.2/psoc creator/import/gnu/arm/5.4.1/bin/../lib/gcc/arm-none-eabi/5.4.1/armv7e-m/softfp/crti.o
LOAD c:/program files (x86)/cypress/psoc creator/4.2/psoc creator/import/gnu/arm/5.4.1/bin/../lib/gcc/arm-none-eabi/5.4.1/armv7e-m/softfp/crtbegin.o
LOAD c:/program files (x86)/cypress/psoc creator/4.2/psoc creator/import/gnu/arm/5.4.1/bin/../lib/gcc/arm-none-eabi/5.4.1/../../../../arm-none-eabi/lib/armv7e-m/softfp/crt0.o
START GROUP
LOAD .\CortexM4\ARM_GCC_541\Debug\startup_psoc63_cm4.o
LOAD .\CortexM4\ARM_GCC_541\Debug\main_cm4.o
LOAD .\CortexM4\ARM_GCC_541\Debug\system_psoc63_cm4.o
LOAD .\CortexM4\ARM_GCC_541\Debug\cy_ipc_config.o
LOAD .\CortexM4\ARM_GCC_541\Debug\cyfitter_sysint_cfg.o
LOAD .\CortexM4\ARM_GCC_541\Debug\cymetadata.o
LOAD .\CortexM4\ARM_GCC_541\Debug\cy_sysint.o
LOAD .\CortexM4\ARM_GCC_541\Debug\cy_ipc_drv.o
LOAD .\CortexM4\ARM_GCC_541\Debug\cy_ipc_sema.o
LOAD .\CortexM4\ARM_GCC_541\Debug\cy_ipc_pipe.o
LOAD .\CortexM4\ARM_GCC_541\Debug\cy_sysclk.o
LOAD .\CortexM4\ARM_GCC_541\Debug\cy_wdt.o
LOAD .\CortexM4\ARM_GCC_541\Debug\cy_efuse.o
LOAD .\CortexM4\ARM_GCC_541\Debug\cy_flash.o
LOAD .\CortexM4\ARM_GCC_541\Debug\cy_gpio.o
LOAD .\CortexM4\ARM_GCC_541\Debug\cy_sysanalog.o
LOAD .\CortexM4\ARM_GCC_541\Debug\cy_syspm.o
LOAD .\CortexM4\ARM_GCC_541\Debug\cy_syslib.o
LOAD .\CortexM4\ARM_GCC_541\Debug\cy_syslib_gcc.o
LOAD .\CortexM4\ARM_GCC_541\Debug\cy_trigmux.o
LOAD .\CortexM4\ARM_GCC_541\Debug\cy_systick.o
LOAD .\CortexM4\ARM_GCC_541\Debug\cy_profile.o
LOAD .\CortexM4\ARM_GCC_541\Debug\cy_prot.o
LOAD .\CortexM4\ARM_GCC_541\Debug\cy_lvd.o
LOAD .\CortexM4\ARM_GCC_541\Debug\cy_ble_clk.o
LOAD .\CortexM4\ARM_GCC_541\Debug\croutine.o
LOAD .\CortexM4\ARM_GCC_541\Debug\event_groups.o
LOAD .\CortexM4\ARM_GCC_541\Debug\list.o
LOAD .\CortexM4\ARM_GCC_541\Debug\queue.o
LOAD .\CortexM4\ARM_GCC_541\Debug\tasks.o
LOAD .\CortexM4\ARM_GCC_541\Debug\timers.o
LOAD .\CortexM4\ARM_GCC_541\Debug\stream_buffer.o
LOAD .\CortexM4\ARM_GCC_541\Debug\port.o
LOAD .\CortexM4\ARM_GCC_541\Debug\heap_1.o
END GROUP
START GROUP
LOAD c:/program files (x86)/cypress/psoc creator/4.2/psoc creator/import/gnu/arm/5.4.1/bin/../lib/gcc/arm-none-eabi/5.4.1/armv7e-m/softfp\libgcc.a
LOAD c:/program files (x86)/cypress/psoc creator/4.2/psoc creator/import/gnu/arm/5.4.1/bin/../lib/gcc/arm-none-eabi/5.4.1/../../../../arm-none-eabi/lib/armv7e-m/softfp\libg_nano.a
LOAD c:/program files (x86)/cypress/psoc creator/4.2/psoc creator/import/gnu/arm/5.4.1/bin/../lib/gcc/arm-none-eabi/5.4.1/../../../../arm-none-eabi/lib/armv7e-m/softfp\libc_nano.a
END GROUP
START GROUP
LOAD c:/program files (x86)/cypress/psoc creator/4.2/psoc creator/import/gnu/arm/5.4.1/bin/../lib/gcc/arm-none-eabi/5.4.1/armv7e-m/softfp\libgcc.a
LOAD c:/program files (x86)/cypress/psoc creator/4.2/psoc creator/import/gnu/arm/5.4.1/bin/../lib/gcc/arm-none-eabi/5.4.1/../../../../arm-none-eabi/lib/armv7e-m/softfp\libc_nano.a
END GROUP
LOAD c:/program files (x86)/cypress/psoc creator/4.2/psoc creator/import/gnu/arm/5.4.1/bin/../lib/gcc/arm-none-eabi/5.4.1/armv7e-m/softfp/crtend.o
LOAD c:/program files (x86)/cypress/psoc creator/4.2/psoc creator/import/gnu/arm/5.4.1/bin/../lib/gcc/arm-none-eabi/5.4.1/armv7e-m/softfp/crtn.o
START GROUP
LOAD c:/program files (x86)/cypress/psoc creator/4.2/psoc creator/import/gnu/arm/5.4.1/bin/../lib/gcc/arm-none-eabi/5.4.1/armv7e-m/softfp\libgcc.a
LOAD c:/program files (x86)/cypress/psoc creator/4.2/psoc creator/import/gnu/arm/5.4.1/bin/../lib/gcc/arm-none-eabi/5.4.1/../../../../arm-none-eabi/lib/armv7e-m/softfp\libc.a
LOAD c:/program files (x86)/cypress/psoc creator/4.2/psoc creator/import/gnu/arm/5.4.1/bin/../lib/gcc/arm-none-eabi/5.4.1/../../../../arm-none-eabi/lib/armv7e-m/softfp\libnosys.a
END GROUP
START GROUP
LOAD c:/program files (x86)/cypress/psoc creator/4.2/psoc creator/import/gnu/arm/5.4.1/bin/../lib/gcc/arm-none-eabi/5.4.1/armv7e-m/softfp\libgcc.a
LOAD c:/program files (x86)/cypress/psoc creator/4.2/psoc creator/import/gnu/arm/5.4.1/bin/../lib/gcc/arm-none-eabi/5.4.1/../../../../arm-none-eabi/lib/armv7e-m/softfp\libc.a
LOAD c:/program files (x86)/cypress/psoc creator/4.2/psoc creator/import/gnu/arm/5.4.1/bin/../lib/gcc/arm-none-eabi/5.4.1/../../../../arm-none-eabi/lib/armv7e-m/softfp\libm.a
LOAD c:/program files (x86)/cypress/psoc creator/4.2/psoc creator/import/gnu/arm/5.4.1/bin/../lib/gcc/arm-none-eabi/5.4.1/../../../../arm-none-eabi/lib/armv7e-m/softfp\libnosys.a
END GROUP

.text           0x10080000     0x27c4
                0x10080000                . = ALIGN (0x4)
                0x10080000                __Vectors = .
 *(.vectors)
 .vectors       0x10080000      0x28c .\CortexM4\ARM_GCC_541\Debug\startup_psoc63_cm4.o
                0x1008028c                . = ALIGN (0x4)
                0x1008028c                __Vectors_End = .
                0x0000028c                __Vectors_Size = (__Vectors_End - __Vectors)
                0x1008028c                __end__ = .
                0x1008028c                . = ALIGN (0x4)
 *(.text*)
 .text          0x1008028c       0x5c c:/program files (x86)/cypress/psoc creator/4.2/psoc creator/import/gnu/arm/5.4.1/bin/../lib/gcc/arm-none-eabi/5.4.1/armv7e-m/softfp/crtbegin.o
 .text          0x100802e8       0x94 .\CortexM4\ARM_GCC_541\Debug\startup_psoc63_cm4.o
                0x100802e8                Cy_OnResetUser
                0x100802ea                Cy_SaveIRQ
                0x100802f2                Cy_RestoreIRQ
                0x100802f8                Reset_Handler
                0x1008035c                tcpwm_1_interrupts_11_IRQHandler
                0x1008035c                cpuss_interrupts_ipc_0_IRQHandler
                0x1008035c                tcpwm_1_interrupts_15_IRQHandler
                0x1008035c                ioss_interrupts_gpio_13_IRQHandler
                0x1008035c                tcpwm_1_interrupts_13_IRQHandler
                0x1008035c                cpuss_interrupts_dw1_8_IRQHandler
                0x1008035c                tcpwm_0_interrupts_0_IRQHandler
                0x1008035c                cpuss_interrupt_fm_IRQHandler
                0x1008035c                cpuss_interrupts_ipc_7_IRQHandler
                0x1008035c                tcpwm_1_interrupts_14_IRQHandler
                0x1008035c                cpuss_interrupts_dw0_11_IRQHandler
                0x1008035c                tcpwm_1_interrupts_9_IRQHandler
                0x1008035c                cpuss_interrupts_cm0_cti_1_IRQHandler
                0x1008035c                tcpwm_1_interrupts_22_IRQHandler
                0x1008035c                cpuss_interrupts_dw0_4_IRQHandler
                0x1008035c                NMI_Handler
                0x1008035c                cpuss_interrupts_dw1_12_IRQHandler
                0x1008035c                tcpwm_1_interrupts_12_IRQHandler
                0x1008035c                smif_interrupt_IRQHandler
                0x1008035c                tcpwm_1_interrupts_2_IRQHandler
                0x1008035c                cpuss_interrupts_ipc_13_IRQHandler
                0x1008035c                udb_interrupts_11_IRQHandler
                0x1008035c                tcpwm_1_interrupts_18_IRQHandler
                0x1008035c                cpuss_interrupts_ipc_6_IRQHandler
                0x1008035c                tcpwm_0_interrupts_2_IRQHandler
                0x1008035c                cpuss_interrupts_dw0_13_IRQHandler
                0x1008035c                udb_interrupts_2_IRQHandler
                0x1008035c                cpuss_interrupts_dw1_7_IRQHandler
                0x1008035c                ioss_interrupts_gpio_1_IRQHandler
                0x1008035c                ioss_interrupts_gpio_7_IRQHandler
                0x1008035c                scb_5_interrupt_IRQHandler
                0x1008035c                udb_interrupts_6_IRQHandler
                0x1008035c                cpuss_interrupts_fault_1_IRQHandler
                0x1008035c                cpuss_interrupts_ipc_4_IRQHandler
                0x1008035c                cpuss_interrupts_ipc_5_IRQHandler
                0x1008035c                cpuss_interrupts_dw1_10_IRQHandler
                0x1008035c                udb_interrupts_0_IRQHandler
                0x1008035c                tcpwm_1_interrupts_6_IRQHandler
                0x1008035c                scb_4_interrupt_IRQHandler
                0x1008035c                pass_interrupt_dacs_IRQHandler
                0x1008035c                ioss_interrupts_gpio_2_IRQHandler
                0x1008035c                cpuss_interrupts_dw1_9_IRQHandler
                0x1008035c                cpuss_interrupts_dw1_13_IRQHandler
                0x1008035c                scb_2_interrupt_IRQHandler
                0x1008035c                cpuss_interrupts_cm0_cti_0_IRQHandler
                0x1008035c                udb_interrupts_5_IRQHandler
                0x1008035c                srss_interrupt_IRQHandler
                0x1008035c                udb_interrupts_12_IRQHandler
                0x1008035c                scb_0_interrupt_IRQHandler
                0x1008035c                csd_interrupt_IRQHandler
                0x1008035c                udb_interrupts_1_IRQHandler
                0x1008035c                profile_interrupt_IRQHandler
                0x1008035c                tcpwm_1_interrupts_1_IRQHandler
                0x1008035c                cpuss_interrupts_ipc_12_IRQHandler
                0x1008035c                tcpwm_1_interrupts_3_IRQHandler
                0x1008035c                tcpwm_0_interrupts_7_IRQHandler
                0x1008035c                cpuss_interrupts_dw1_1_IRQHandler
                0x1008035c                cpuss_interrupts_dw1_0_IRQHandler
                0x1008035c                cpuss_interrupts_dw0_9_IRQHandler
                0x1008035c                DebugMon_Handler
                0x1008035c                tcpwm_1_interrupts_23_IRQHandler
                0x1008035c                cpuss_interrupts_dw0_5_IRQHandler
                0x1008035c                tcpwm_1_interrupts_20_IRQHandler
                0x1008035c                ioss_interrupt_gpio_IRQHandler
                0x1008035c                tcpwm_0_interrupts_1_IRQHandler
                0x1008035c                ioss_interrupts_gpio_8_IRQHandler
                0x1008035c                tcpwm_0_interrupts_6_IRQHandler
                0x1008035c                scb_7_interrupt_IRQHandler
                0x1008035c                tcpwm_1_interrupts_7_IRQHandler
                0x1008035c                cpuss_interrupts_ipc_11_IRQHandler
                0x1008035c                udb_interrupts_13_IRQHandler
                0x1008035c                cpuss_interrupts_dw0_15_IRQHandler
                0x1008035c                udb_interrupts_7_IRQHandler
                0x1008035c                cpuss_interrupts_dw1_6_IRQHandler
                0x1008035c                cpuss_interrupt_crypto_IRQHandler
                0x1008035c                scb_1_interrupt_IRQHandler
                0x1008035c                Default_Handler
                0x1008035c                usb_interrupt_hi_IRQHandler
                0x1008035c                tcpwm_1_interrupts_0_IRQHandler
                0x1008035c                udb_interrupts_9_IRQHandler
                0x1008035c                audioss_interrupt_pdm_IRQHandler
                0x1008035c                srss_interrupt_mcwdt_0_IRQHandler
                0x1008035c                scb_3_interrupt_IRQHandler
                0x1008035c                pass_interrupt_ctbs_IRQHandler
                0x1008035c                udb_interrupts_8_IRQHandler
                0x1008035c                ioss_interrupts_gpio_3_IRQHandler
                0x1008035c                scb_6_interrupt_IRQHandler
                0x1008035c                cpuss_interrupts_cm4_cti_0_IRQHandler
                0x1008035c                cpuss_interrupts_dw1_3_IRQHandler
                0x1008035c                pass_interrupt_sar_IRQHandler
                0x1008035c                ioss_interrupts_gpio_0_IRQHandler
                0x1008035c                ioss_interrupts_gpio_14_IRQHandler
                0x1008035c                tcpwm_0_interrupts_4_IRQHandler
                0x1008035c                udb_interrupts_3_IRQHandler
                0x1008035c                tcpwm_0_interrupts_5_IRQHandler
                0x1008035c                cpuss_interrupts_ipc_15_IRQHandler
                0x1008035c                cpuss_interrupts_cm4_cti_1_IRQHandler
                0x1008035c                scb_8_interrupt_IRQHandler
                0x1008035c                srss_interrupt_mcwdt_1_IRQHandler
                0x1008035c                cpuss_interrupts_dw1_2_IRQHandler
                0x1008035c                cpuss_interrupts_dw1_5_IRQHandler
                0x1008035c                cpuss_interrupts_ipc_1_IRQHandler
                0x1008035c                cpuss_interrupts_dw0_0_IRQHandler
                0x1008035c                ioss_interrupts_gpio_12_IRQHandler
                0x1008035c                cpuss_interrupts_ipc_3_IRQHandler
                0x1008035c                tcpwm_1_interrupts_17_IRQHandler
                0x1008035c                srss_interrupt_backup_IRQHandler
                0x1008035c                bless_interrupt_IRQHandler
                0x1008035c                cpuss_interrupts_ipc_10_IRQHandler
                0x1008035c                cpuss_interrupts_ipc_9_IRQHandler
                0x1008035c                cpuss_interrupts_dw0_14_IRQHandler
                0x1008035c                tcpwm_1_interrupts_4_IRQHandler
                0x1008035c                tcpwm_0_interrupts_3_IRQHandler
                0x1008035c                cpuss_interrupts_dw1_15_IRQHandler
                0x1008035c                ioss_interrupts_gpio_10_IRQHandler
                0x1008035c                udb_interrupts_10_IRQHandler
                0x1008035c                cpuss_interrupts_dw0_8_IRQHandler
                0x1008035c                ioss_interrupts_gpio_11_IRQHandler
                0x1008035c                cpuss_interrupts_ipc_14_IRQHandler
                0x1008035c                ioss_interrupts_gpio_5_IRQHandler
                0x1008035c                ioss_interrupts_gpio_4_IRQHandler
                0x1008035c                tcpwm_1_interrupts_8_IRQHandler
                0x1008035c                cpuss_interrupts_dw1_14_IRQHandler
                0x1008035c                usb_interrupt_med_IRQHandler
                0x1008035c                cpuss_interrupts_dw0_2_IRQHandler
                0x1008035c                udb_interrupts_4_IRQHandler
                0x1008035c                tcpwm_1_interrupts_10_IRQHandler
                0x1008035c                cpuss_interrupts_fault_0_IRQHandler
                0x1008035c                cpuss_interrupts_dw0_12_IRQHandler
                0x1008035c                ioss_interrupts_gpio_6_IRQHandler
                0x1008035c                tcpwm_1_interrupts_21_IRQHandler
                0x1008035c                tcpwm_1_interrupts_16_IRQHandler
                0x1008035c                cpuss_interrupts_dw1_4_IRQHandler
                0x1008035c                udb_interrupts_15_IRQHandler
                0x1008035c                cpuss_interrupts_dw1_11_IRQHandler
                0x1008035c                cpuss_interrupts_dw0_6_IRQHandler
                0x1008035c                ioss_interrupt_vdd_IRQHandler
                0x1008035c                cpuss_interrupts_dw0_7_IRQHandler
                0x1008035c                audioss_interrupt_i2s_IRQHandler
                0x1008035c                tcpwm_1_interrupts_5_IRQHandler
                0x1008035c                cpuss_interrupts_ipc_2_IRQHandler
                0x1008035c                cpuss_interrupts_dw0_10_IRQHandler
                0x1008035c                tcpwm_1_interrupts_19_IRQHandler
                0x1008035c                cpuss_interrupts_dw0_1_IRQHandler
                0x1008035c                lpcomp_interrupt_IRQHandler
                0x1008035c                ioss_interrupts_gpio_9_IRQHandler
                0x1008035c                usb_interrupt_lo_IRQHandler
                0x1008035c                cpuss_interrupts_ipc_8_IRQHandler
                0x1008035c                udb_interrupts_14_IRQHandler
                0x1008035c                cpuss_interrupts_dw0_3_IRQHandler
                0x10080360                UsageFault_Handler
                0x10080360                HardFault_Handler
                0x10080360                MemManage_Handler
                0x10080360                BusFault_Handler
 .text.LED_TASK
                0x1008037c       0x20 .\CortexM4\ARM_GCC_541\Debug\main_cm4.o
                0x1008037c                LED_TASK
 .text.main     0x1008039c       0x28 .\CortexM4\ARM_GCC_541\Debug\main_cm4.o
                0x1008039c                main
 .text.Cy_SystemInit
                0x100803c4        0x4 .\CortexM4\ARM_GCC_541\Debug\system_psoc63_cm4.o
                0x100803c4                Cy_SystemInit
 .text.SystemCoreClockUpdate
                0x100803c8      0x190 .\CortexM4\ARM_GCC_541\Debug\system_psoc63_cm4.o
                0x100803c8                SystemCoreClockUpdate
 .text.SystemInit
                0x10080558       0x48 .\CortexM4\ARM_GCC_541\Debug\system_psoc63_cm4.o
                0x10080558                SystemInit
 .text.Cy_SystemInitFpuEnable
                0x100805a0       0x28 .\CortexM4\ARM_GCC_541\Debug\system_psoc63_cm4.o
                0x100805a0                Cy_SystemInitFpuEnable
 .text.Cy_IPC_SystemPipeIsr
                0x100805c8        0xc .\CortexM4\ARM_GCC_541\Debug\cy_ipc_config.o
 .text.Cy_IPC_SystemSemaInit
                0x100805d4       0x10 .\CortexM4\ARM_GCC_541\Debug\cy_ipc_config.o
                0x100805d4                Cy_IPC_SystemSemaInit
 .text.Cy_IPC_SystemPipeInit
                0x100805e4       0x24 .\CortexM4\ARM_GCC_541\Debug\cy_ipc_config.o
                0x100805e4                Cy_IPC_SystemPipeInit
 .text.Cy_SysInt_SetVector
                0x10080608       0x44 .\CortexM4\ARM_GCC_541\Debug\cy_sysint.o
                0x10080608                Cy_SysInt_SetVector
 .text.Cy_SysInt_Init
                0x1008064c       0x7c .\CortexM4\ARM_GCC_541\Debug\cy_sysint.o
                0x1008064c                Cy_SysInt_Init
 .text.Cy_IPC_Drv_LockRelease
                0x100806c8       0x30 .\CortexM4\ARM_GCC_541\Debug\cy_ipc_drv.o
                0x100806c8                Cy_IPC_Drv_LockRelease
 .text.Cy_IPC_Drv_SendMsgWord
                0x100806f8       0x3c .\CortexM4\ARM_GCC_541\Debug\cy_ipc_drv.o
                0x100806f8                Cy_IPC_Drv_SendMsgWord
 .text.Cy_IPC_Drv_ReadMsgWord
                0x10080734       0x2c .\CortexM4\ARM_GCC_541\Debug\cy_ipc_drv.o
                0x10080734                Cy_IPC_Drv_ReadMsgWord
 .text.Cy_IPC_Sema_Init
                0x10080760       0xb0 .\CortexM4\ARM_GCC_541\Debug\cy_ipc_sema.o
                0x10080760                Cy_IPC_Sema_Init
 .text.Cy_IPC_Sema_Clear
                0x10080810       0x88 .\CortexM4\ARM_GCC_541\Debug\cy_ipc_sema.o
                0x10080810                Cy_IPC_Sema_Clear
 .text.Cy_IPC_Sema_Status
                0x10080898       0x40 .\CortexM4\ARM_GCC_541\Debug\cy_ipc_sema.o
                0x10080898                Cy_IPC_Sema_Status
 .text.Cy_IPC_Pipe_Config
                0x100808d8       0x10 .\CortexM4\ARM_GCC_541\Debug\cy_ipc_pipe.o
                0x100808d8                Cy_IPC_Pipe_Config
 .text.Cy_IPC_Pipe_EndpointInit
                0x100808e8       0xc8 .\CortexM4\ARM_GCC_541\Debug\cy_ipc_pipe.o
                0x100808e8                Cy_IPC_Pipe_EndpointInit
 .text.Cy_IPC_Pipe_Init
                0x100809b0       0xc4 .\CortexM4\ARM_GCC_541\Debug\cy_ipc_pipe.o
                0x100809b0                Cy_IPC_Pipe_Init
 .text.Cy_IPC_Pipe_SendMessage
                0x10080a74       0xc0 .\CortexM4\ARM_GCC_541\Debug\cy_ipc_pipe.o
                0x10080a74                Cy_IPC_Pipe_SendMessage
 .text.Cy_IPC_Pipe_RegisterCallback
                0x10080b34       0x60 .\CortexM4\ARM_GCC_541\Debug\cy_ipc_pipe.o
                0x10080b34                Cy_IPC_Pipe_RegisterCallback
 .text.Cy_IPC_Pipe_ExecCallback
                0x10080b94       0xb0 .\CortexM4\ARM_GCC_541\Debug\cy_ipc_pipe.o
                0x10080b94                Cy_IPC_Pipe_ExecCallback
 .text.Cy_IPC_Pipe_ExecuteCallback
                0x10080c44       0x3c .\CortexM4\ARM_GCC_541\Debug\cy_ipc_pipe.o
                0x10080c44                Cy_IPC_Pipe_ExecuteCallback
 .text.Cy_Flash_ProcessOpcode
                0x10080c80       0xac .\CortexM4\ARM_GCC_541\Debug\cy_flash.o
 .text.Cy_Flash_OperationStatus
                0x10080d2c       0x44 .\CortexM4\ARM_GCC_541\Debug\cy_flash.o
 .text.Cy_Flash_Init
                0x10080d70       0x4c .\CortexM4\ARM_GCC_541\Debug\cy_flash.o
                0x10080d70                Cy_Flash_Init
 .text.Cy_SysLib_Halt
                0x10080dbc        0x4 .\CortexM4\ARM_GCC_541\Debug\cy_syslib.o
                0x10080dbc                Cy_SysLib_Halt
 .text.Cy_SysLib_AssertFailed
                0x10080dc0       0x1c .\CortexM4\ARM_GCC_541\Debug\cy_syslib.o
                0x10080dc0                Cy_SysLib_AssertFailed
 .text.Cy_SysLib_ProcessingFault
                0x10080ddc        0x4 .\CortexM4\ARM_GCC_541\Debug\cy_syslib.o
                0x10080ddc                Cy_SysLib_ProcessingFault
 .text.Cy_SysLib_FaultHandler
                0x10080de0       0xa4 .\CortexM4\ARM_GCC_541\Debug\cy_syslib.o
                0x10080de0                Cy_SysLib_FaultHandler
 *fill*         0x10080e84        0x4 
 .text          0x10080e88       0x20 .\CortexM4\ARM_GCC_541\Debug\cy_syslib_gcc.o
                0x10080e88                Cy_SysLib_DelayCycles
                0x10080e9a                Cy_SysLib_EnterCriticalSection
                0x10080ea2                Cy_SysLib_ExitCriticalSection
 .text.vListInitialise
                0x10080ea8       0x18 .\CortexM4\ARM_GCC_541\Debug\list.o
                0x10080ea8                vListInitialise
 .text.vListInitialiseItem
                0x10080ec0        0x8 .\CortexM4\ARM_GCC_541\Debug\list.o
                0x10080ec0                vListInitialiseItem
 .text.vListInsertEnd
                0x10080ec8       0x18 .\CortexM4\ARM_GCC_541\Debug\list.o
                0x10080ec8                vListInsertEnd
 .text.vListInsert
                0x10080ee0       0x34 .\CortexM4\ARM_GCC_541\Debug\list.o
                0x10080ee0                vListInsert
 .text.uxListRemove
                0x10080f14       0x28 .\CortexM4\ARM_GCC_541\Debug\list.o
                0x10080f14                uxListRemove
 .text.prvIsQueueFull
                0x10080f3c       0x20 .\CortexM4\ARM_GCC_541\Debug\queue.o
 .text.prvIsQueueEmpty
                0x10080f5c       0x1c .\CortexM4\ARM_GCC_541\Debug\queue.o
 .text.prvCopyDataToQueue
                0x10080f78       0x54 .\CortexM4\ARM_GCC_541\Debug\queue.o
 .text.prvCopyDataFromQueue
                0x10080fcc       0x24 .\CortexM4\ARM_GCC_541\Debug\queue.o
 .text.prvUnlockQueue
                0x10080ff0       0x68 .\CortexM4\ARM_GCC_541\Debug\queue.o
 .text.xQueueGenericReset
                0x10081058       0x80 .\CortexM4\ARM_GCC_541\Debug\queue.o
                0x10081058                xQueueGenericReset
 .text.prvInitialiseNewQueue
                0x100810d8       0x1c .\CortexM4\ARM_GCC_541\Debug\queue.o
 .text.xQueueGenericCreate
                0x100810f4       0x4c .\CortexM4\ARM_GCC_541\Debug\queue.o
                0x100810f4                xQueueGenericCreate
 .text.xQueueGenericSend
                0x10081140      0x190 .\CortexM4\ARM_GCC_541\Debug\queue.o
                0x10081140                xQueueGenericSend
 .text.xQueueGenericSendFromISR
                0x100812d0       0xe4 .\CortexM4\ARM_GCC_541\Debug\queue.o
                0x100812d0                xQueueGenericSendFromISR
 .text.xQueueReceive
                0x100813b4      0x158 .\CortexM4\ARM_GCC_541\Debug\queue.o
                0x100813b4                xQueueReceive
 .text.vQueueAddToRegistry
                0x1008150c       0x28 .\CortexM4\ARM_GCC_541\Debug\queue.o
                0x1008150c                vQueueAddToRegistry
 .text.vQueueWaitForMessageRestricted
                0x10081534       0x4c .\CortexM4\ARM_GCC_541\Debug\queue.o
                0x10081534                vQueueWaitForMessageRestricted
 .text.prvResetNextTaskUnblockTime
                0x10081580       0x2c .\CortexM4\ARM_GCC_541\Debug\tasks.o
 .text.prvDeleteTCB
                0x100815ac       0x14 .\CortexM4\ARM_GCC_541\Debug\tasks.o
 .text.prvInitialiseNewTask
                0x100815c0       0xa0 .\CortexM4\ARM_GCC_541\Debug\tasks.o
 .text.prvInitialiseTaskLists
                0x10081660       0x58 .\CortexM4\ARM_GCC_541\Debug\tasks.o
 .text.prvAddNewTaskToReadyList
                0x100816b8       0xac .\CortexM4\ARM_GCC_541\Debug\tasks.o
 .text.prvCheckTasksWaitingTermination
                0x10081764       0x44 .\CortexM4\ARM_GCC_541\Debug\tasks.o
 .text.prvIdleTask
                0x100817a8       0x28 .\CortexM4\ARM_GCC_541\Debug\tasks.o
 .text.prvAddCurrentTaskToDelayedList
                0x100817d0       0x68 .\CortexM4\ARM_GCC_541\Debug\tasks.o
 .text.xTaskCreate
                0x10081838       0x64 .\CortexM4\ARM_GCC_541\Debug\tasks.o
                0x10081838                xTaskCreate
 .text.vTaskStartScheduler
                0x1008189c       0x7c .\CortexM4\ARM_GCC_541\Debug\tasks.o
                0x1008189c                vTaskStartScheduler
 .text.vTaskSuspendAll
                0x10081918       0x14 .\CortexM4\ARM_GCC_541\Debug\tasks.o
                0x10081918                vTaskSuspendAll
 .text.xTaskGetTickCount
                0x1008192c        0xc .\CortexM4\ARM_GCC_541\Debug\tasks.o
                0x1008192c                xTaskGetTickCount
 .text.xTaskIncrementTick
                0x10081938       0xfc .\CortexM4\ARM_GCC_541\Debug\tasks.o
                0x10081938                xTaskIncrementTick
 .text.xTaskResumeAll
                0x10081a34       0xf0 .\CortexM4\ARM_GCC_541\Debug\tasks.o
                0x10081a34                xTaskResumeAll
 .text.vTaskDelay
                0x10081b24       0x50 .\CortexM4\ARM_GCC_541\Debug\tasks.o
                0x10081b24                vTaskDelay
 .text.vTaskSwitchContext
                0x10081b74       0xc8 .\CortexM4\ARM_GCC_541\Debug\tasks.o
                0x10081b74                vTaskSwitchContext
 .text.vTaskPlaceOnEventList
                0x10081c3c       0x34 .\CortexM4\ARM_GCC_541\Debug\tasks.o
                0x10081c3c                vTaskPlaceOnEventList
 .text.vTaskPlaceOnEventListRestricted
                0x10081c70       0x3c .\CortexM4\ARM_GCC_541\Debug\tasks.o
                0x10081c70                vTaskPlaceOnEventListRestricted
 .text.xTaskRemoveFromEventList
                0x10081cac       0x88 .\CortexM4\ARM_GCC_541\Debug\tasks.o
                0x10081cac                xTaskRemoveFromEventList
 .text.vTaskInternalSetTimeOutState
                0x10081d34       0x14 .\CortexM4\ARM_GCC_541\Debug\tasks.o
                0x10081d34                vTaskInternalSetTimeOutState
 .text.xTaskCheckForTimeOut
                0x10081d48       0x80 .\CortexM4\ARM_GCC_541\Debug\tasks.o
                0x10081d48                xTaskCheckForTimeOut
 .text.vTaskMissedYield
                0x10081dc8       0x10 .\CortexM4\ARM_GCC_541\Debug\tasks.o
                0x10081dc8                vTaskMissedYield
 .text.xTaskGetSchedulerState
                0x10081dd8       0x20 .\CortexM4\ARM_GCC_541\Debug\tasks.o
                0x10081dd8                xTaskGetSchedulerState
 .text.prvGetNextExpireTime
                0x10081df8       0x20 .\CortexM4\ARM_GCC_541\Debug\timers.o
 .text.prvInsertTimerInActiveList
                0x10081e18       0x44 .\CortexM4\ARM_GCC_541\Debug\timers.o
 .text.prvCheckForValidListAndQueue
                0x10081e5c       0x48 .\CortexM4\ARM_GCC_541\Debug\timers.o
 .text.xTimerCreateTimerTask
                0x10081ea4       0x50 .\CortexM4\ARM_GCC_541\Debug\timers.o
                0x10081ea4                xTimerCreateTimerTask
 .text.xTimerGenericCommand
                0x10081ef4       0x6c .\CortexM4\ARM_GCC_541\Debug\timers.o
                0x10081ef4                xTimerGenericCommand
 .text.prvSwitchTimerLists
                0x10081f60       0x74 .\CortexM4\ARM_GCC_541\Debug\timers.o
 .text.prvSampleTimeNow
                0x10081fd4       0x2c .\CortexM4\ARM_GCC_541\Debug\timers.o
 .text.prvProcessExpiredTimer
                0x10082000       0x5c .\CortexM4\ARM_GCC_541\Debug\timers.o
 .text.prvProcessTimerOrBlockTask
                0x1008205c       0x70 .\CortexM4\ARM_GCC_541\Debug\timers.o
 .text.prvProcessReceivedCommands
                0x100820cc       0xbc .\CortexM4\ARM_GCC_541\Debug\timers.o
 .text.prvTimerTask
                0x10082188       0x18 .\CortexM4\ARM_GCC_541\Debug\timers.o
 .text.prvTaskExitError
                0x100821a0       0x40 .\CortexM4\ARM_GCC_541\Debug\port.o
 .text.prvPortStartFirstTask
                0x100821e0       0x28 .\CortexM4\ARM_GCC_541\Debug\port.o
 .text.vPortEnableVFP
                0x10082208       0x14 .\CortexM4\ARM_GCC_541\Debug\port.o
 .text.pxPortInitialiseStack
                0x1008221c       0x2c .\CortexM4\ARM_GCC_541\Debug\port.o
                0x1008221c                pxPortInitialiseStack
 *fill*         0x10082248        0x8 
 .text.SVC_Handler
                0x10082250       0x24 .\CortexM4\ARM_GCC_541\Debug\port.o
                0x10082250                SVC_Handler
 .text.vPortEnterCritical
                0x10082274       0x44 .\CortexM4\ARM_GCC_541\Debug\port.o
                0x10082274                vPortEnterCritical
 .text.vPortExitCritical
                0x100822b8       0x2c .\CortexM4\ARM_GCC_541\Debug\port.o
                0x100822b8                vPortExitCritical
 *fill*         0x100822e4        0xc 
 .text.PendSV_Handler
                0x100822f0       0x64 .\CortexM4\ARM_GCC_541\Debug\port.o
                0x100822f0                PendSV_Handler
 .text.SysTick_Handler
                0x10082354       0x2c .\CortexM4\ARM_GCC_541\Debug\port.o
                0x10082354                SysTick_Handler
 .text.vPortSetupTimerInterrupt
                0x10082380       0x38 .\CortexM4\ARM_GCC_541\Debug\port.o
                0x10082380                vPortSetupTimerInterrupt
 .text.xPortStartScheduler
                0x100823b8       0xc4 .\CortexM4\ARM_GCC_541\Debug\port.o
                0x100823b8                xPortStartScheduler
 .text.vPortValidateInterruptPriority
                0x1008247c       0x58 .\CortexM4\ARM_GCC_541\Debug\port.o
                0x1008247c                vPortValidateInterruptPriority
 .text.vApplicationStackOverflowHook
                0x100824d4       0x24 .\CortexM4\ARM_GCC_541\Debug\port.o
                0x100824d4                vApplicationStackOverflowHook
 .text.pvPortMalloc
                0x100824f8       0x60 .\CortexM4\ARM_GCC_541\Debug\heap_1.o
                0x100824f8                pvPortMalloc
 .text.vPortFree
                0x10082558       0x18 .\CortexM4\ARM_GCC_541\Debug\heap_1.o
                0x10082558                vPortFree
 .text.memcpy   0x10082570       0x16 c:/program files (x86)/cypress/psoc creator/4.2/psoc creator/import/gnu/arm/5.4.1/bin/../lib/gcc/arm-none-eabi/5.4.1/../../../../arm-none-eabi/lib/armv7e-m/softfp\libg_nano.a(lib_a-memcpy-stub.o)
                0x10082570                memcpy
 .text.memset   0x10082586       0x10 c:/program files (x86)/cypress/psoc creator/4.2/psoc creator/import/gnu/arm/5.4.1/bin/../lib/gcc/arm-none-eabi/5.4.1/../../../../arm-none-eabi/lib/armv7e-m/softfp\libg_nano.a(lib_a-memset.o)
                0x10082586                memset
 .text.strncpy  0x10082596       0x26 c:/program files (x86)/cypress/psoc creator/4.2/psoc creator/import/gnu/arm/5.4.1/bin/../lib/gcc/arm-none-eabi/5.4.1/../../../../arm-none-eabi/lib/armv7e-m/softfp\libg_nano.a(lib_a-strncpy.o)
                0x10082596                strncpy
 *(.init)
 .init          0x100825bc        0x4 c:/program files (x86)/cypress/psoc creator/4.2/psoc creator/import/gnu/arm/5.4.1/bin/../lib/gcc/arm-none-eabi/5.4.1/armv7e-m/softfp/crti.o
                0x100825bc                _init
 .init          0x100825c0        0x8 c:/program files (x86)/cypress/psoc creator/4.2/psoc creator/import/gnu/arm/5.4.1/bin/../lib/gcc/arm-none-eabi/5.4.1/armv7e-m/softfp/crtn.o
 *(.fini)
 .fini          0x100825c8        0x4 c:/program files (x86)/cypress/psoc creator/4.2/psoc creator/import/gnu/arm/5.4.1/bin/../lib/gcc/arm-none-eabi/5.4.1/armv7e-m/softfp/crti.o
                0x100825c8                _fini
 .fini          0x100825cc        0x8 c:/program files (x86)/cypress/psoc creator/4.2/psoc creator/import/gnu/arm/5.4.1/bin/../lib/gcc/arm-none-eabi/5.4.1/armv7e-m/softfp/crtn.o
 *crtbegin.o(.ctors)
 *crtbegin?.o(.ctors)
 *(EXCLUDE_FILE(*crtend.o *crtend?.o) .ctors)
 *(SORT(.ctors.*))
 *(.ctors)
 *crtbegin.o(.dtors)
 *crtbegin?.o(.dtors)
 *(EXCLUDE_FILE(*crtend.o *crtend?.o) .dtors)
 *(SORT(.dtors.*))
 *(.dtors)
 *(.rodata .rodata.* .constdata .constdata.* .conststring .conststring.*)
 .rodata.str1.4
                0x100825d4        0x9 .\CortexM4\ARM_GCC_541\Debug\main_cm4.o
 *fill*         0x100825dd        0x3 
 .rodata        0x100825e0       0x34 .\CortexM4\ARM_GCC_541\Debug\cy_ipc_config.o
 .rodata.str1.4
                0x10082614       0x41 .\CortexM4\ARM_GCC_541\Debug\cy_sysint.o
 *fill*         0x10082655        0x3 
 .rodata.str1.4
                0x10082658       0x7f .\CortexM4\ARM_GCC_541\Debug\cy_ipc_drv.o
 *fill*         0x100826d7        0x1 
 .rodata.str1.4
                0x100826d8       0x3f .\CortexM4\ARM_GCC_541\Debug\cy_ipc_sema.o
 *fill*         0x10082717        0x1 
 .rodata.str1.4
                0x10082718       0x40 .\CortexM4\ARM_GCC_541\Debug\cy_ipc_pipe.o
                                 0x7f (size before relaxing)
 .rodata.str1.4
                0x10082758        0x5 .\CortexM4\ARM_GCC_541\Debug\tasks.o
 *fill*         0x1008275d        0x3 
 .rodata.str1.4
                0x10082760       0x10 .\CortexM4\ARM_GCC_541\Debug\timers.o
 .rodata.str1.4
                0x10082770       0x50 .\CortexM4\ARM_GCC_541\Debug\port.o
 *(.eh_frame*)
 .eh_frame      0x100827c0        0x0 c:/program files (x86)/cypress/psoc creator/4.2/psoc creator/import/gnu/arm/5.4.1/bin/../lib/gcc/arm-none-eabi/5.4.1/armv7e-m/softfp/crtbegin.o
 .eh_frame      0x100827c0        0x4 c:/program files (x86)/cypress/psoc creator/4.2/psoc creator/import/gnu/arm/5.4.1/bin/../lib/gcc/arm-none-eabi/5.4.1/armv7e-m/softfp/crtend.o

.glue_7         0x100827c4        0x0
 .glue_7        0x100827c4        0x0 linker stubs

.glue_7t        0x100827c4        0x0
 .glue_7t       0x100827c4        0x0 linker stubs

.vfp11_veneer   0x100827c4        0x0
 .vfp11_veneer  0x100827c4        0x0 linker stubs

.v4_bx          0x100827c4        0x0
 .v4_bx         0x100827c4        0x0 linker stubs

.iplt           0x100827c4        0x0
 .iplt          0x100827c4        0x0 c:/program files (x86)/cypress/psoc creator/4.2/psoc creator/import/gnu/arm/5.4.1/bin/../lib/gcc/arm-none-eabi/5.4.1/armv7e-m/softfp/crtbegin.o

.ARM.extab
 *(.ARM.extab* .gnu.linkonce.armextab.*)
                0x100827c4                __exidx_start = .

.ARM.exidx
 *(.ARM.exidx* .gnu.linkonce.armexidx.*)
                0x100827c4                __exidx_end = .

.copy.table     0x100827c4       0x18
                0x100827c4                . = ALIGN (0x4)
                0x100827c4                __copy_table_start__ = .
                0x100827c4        0x4 LONG 0x10080000 __Vectors
                0x100827c8        0x4 LONG 0x8024000 __ram_vectors_start__
                0x100827cc        0x4 LONG 0x28c (__Vectors_End - __Vectors)
                0x100827d0        0x4 LONG 0x100827e4 __etext
                0x100827d4        0x4 LONG 0x802428c __data_start__
                0x100827d8        0x4 LONG 0x4d4 (__data_end__ - __data_start__)
                0x100827dc                __copy_table_end__ = .

.zero.table     0x100827dc        0x8
                0x100827dc                . = ALIGN (0x4)
                0x100827dc                __zero_table_start__ = .
                0x100827dc        0x4 LONG 0x80247f4 __bss_start__
                0x100827e0        0x4 LONG 0x2bb4 (__bss_end__ - __bss_start__)
                0x100827e4                __zero_table_end__ = .
                0x100827e4                __etext = .

.ramVectors     0x08024000      0x28c
                0x08024000                __ram_vectors_start__ = .
 *(.ram_vectors)
 .ram_vectors   0x08024000      0x28c .\CortexM4\ARM_GCC_541\Debug\startup_psoc63_cm4.o
                0x08024000                __ramVectors
                0x0802428c                __ram_vectors_end__ = .

.data           0x0802428c      0x4d4 load address 0x100827e4
                0x0802428c                __data_start__ = .
 *(vtable)
 *(.data*)
 .data          0x0802428c       0x20 .\CortexM4\ARM_GCC_541\Debug\system_psoc63_cm4.o
                0x0802428c                cy_BleEcoClockFreqHz
                0x08024290                cy_Hfclk0FreqHz
                0x08024294                cy_PeriClkFreqHz
                0x08024298                SystemCoreClock
                0x0802429c                cy_delayFreqHz
                0x080242a0                cy_delayFreqMhz
                0x080242a4                cy_delayFreqKhz
                0x080242a8                cy_delay32kMs
 .data          0x080242ac        0x4 .\CortexM4\ARM_GCC_541\Debug\cy_flash.o
 .data          0x080242b0        0x4 .\CortexM4\ARM_GCC_541\Debug\port.o
                0x080242b4                . = ALIGN (0x4)
                0x080242b4                PROVIDE (__preinit_array_start, .)
 *(.preinit_array)
                0x080242b4                PROVIDE (__preinit_array_end, .)
                0x080242b4                . = ALIGN (0x4)
                0x080242b4                PROVIDE (__init_array_start, .)
 *(SORT(.init_array.*))
 *(.init_array)
 .init_array    0x080242b4        0x4 c:/program files (x86)/cypress/psoc creator/4.2/psoc creator/import/gnu/arm/5.4.1/bin/../lib/gcc/arm-none-eabi/5.4.1/armv7e-m/softfp/crtbegin.o
                0x080242b8                PROVIDE (__init_array_end, .)
                0x080242b8                . = ALIGN (0x4)
                [!provide]                PROVIDE (__fini_array_start, .)
 *(SORT(.fini_array.*))
 *(.fini_array)
 .fini_array    0x080242b8        0x4 c:/program files (x86)/cypress/psoc creator/4.2/psoc creator/import/gnu/arm/5.4.1/bin/../lib/gcc/arm-none-eabi/5.4.1/armv7e-m/softfp/crtbegin.o
                [!provide]                PROVIDE (__fini_array_end, .)
 *(.jcr*)
 .jcr           0x080242bc        0x0 c:/program files (x86)/cypress/psoc creator/4.2/psoc creator/import/gnu/arm/5.4.1/bin/../lib/gcc/arm-none-eabi/5.4.1/armv7e-m/softfp/crtbegin.o
 .jcr           0x080242bc        0x4 c:/program files (x86)/cypress/psoc creator/4.2/psoc creator/import/gnu/arm/5.4.1/bin/../lib/gcc/arm-none-eabi/5.4.1/armv7e-m/softfp/crtend.o
                0x080242c0                . = ALIGN (0x4)
 *(.cy_ramfunc*)
 .cy_ramfunc    0x080242c0      0x29c .\CortexM4\ARM_GCC_541\Debug\cy_flash.o
 .cy_ramfunc    0x0802455c      0x190 .\CortexM4\ARM_GCC_541\Debug\cy_syspm.o
 *fill*         0x080246ec        0x4 
 .cy_ramfunc.__stub
                0x080246f0       0x70 linker stubs
                0x08024760                . = ALIGN (0x4)
                0x08024760                __data_end__ = .

.igot.plt       0x08024760        0x0 load address 0x10082cb8
 .igot.plt      0x08024760        0x0 c:/program files (x86)/cypress/psoc creator/4.2/psoc creator/import/gnu/arm/5.4.1/bin/../lib/gcc/arm-none-eabi/5.4.1/armv7e-m/softfp/crtbegin.o

.noinit         0x08024760       0x94 load address 0x10082cb8
 *(.noinit)
 .noinit        0x08024760       0x94 .\CortexM4\ARM_GCC_541\Debug\cy_syslib.o
                0x08024760                cy_assertFileName
                0x08024778                cy_assertLine
                0x0802477c                cy_faultFrame

.bss            0x080247f4     0x2bb4 load address 0x10082d4c
                0x080247f4                . = ALIGN (0x4)
                0x080247f4                __bss_start__ = .
 *(.bss*)
 .bss           0x080247f4       0x1c c:/program files (x86)/cypress/psoc creator/4.2/psoc creator/import/gnu/arm/5.4.1/bin/../lib/gcc/arm-none-eabi/5.4.1/armv7e-m/softfp/crtbegin.o
 .bss           0x08024810      0x180 .\CortexM4\ARM_GCC_541\Debug\cy_ipc_config.o
 .bss           0x08024990        0xc .\CortexM4\ARM_GCC_541\Debug\cy_ipc_sema.o
 .bss           0x0802499c        0x4 .\CortexM4\ARM_GCC_541\Debug\cy_ipc_pipe.o
 .bss           0x080249a0       0x10 .\CortexM4\ARM_GCC_541\Debug\cy_flash.o
 .bss           0x080249b0       0x30 .\CortexM4\ARM_GCC_541\Debug\cy_syspm.o
 .bss           0x080249e0      0x12c .\CortexM4\ARM_GCC_541\Debug\tasks.o
                0x08024ae0                pxCurrentTCB
 .bss           0x08024b0c       0x3c .\CortexM4\ARM_GCC_541\Debug\timers.o
 .bss           0x08024b48        0x8 .\CortexM4\ARM_GCC_541\Debug\port.o
 .bss           0x08024b50     0x2808 .\CortexM4\ARM_GCC_541\Debug\heap_1.o
 *(COMMON)
 COMMON         0x08027358       0x50 .\CortexM4\ARM_GCC_541\Debug\queue.o
                0x08027358                xQueueRegistry
                0x080273a8                . = ALIGN (0x4)
                0x080273a8                __bss_end__ = .

.heap           0x080273a8      0x400
                0x080273a8                __HeapBase = .
                0x080273a8                __end__ = .
                0x080273a8                end = __end__
 *(.heap*)
 .heap          0x080273a8      0x400 .\CortexM4\ARM_GCC_541\Debug\startup_psoc63_cm4.o
                0x080277a8                __HeapLimit = .

.stack_dummy    0x080273a8     0x1000
 *(.stack*)
 .stack         0x080273a8     0x1000 .\CortexM4\ARM_GCC_541\Debug\startup_psoc63_cm4.o
                0x08047800                __StackTop = (ORIGIN (ram) + LENGTH (ram))
                0x08046800                __StackLimit = (__StackTop - SIZEOF (.stack_dummy))
                0x08047800                PROVIDE (__stack, __StackTop)
                0x00000001                ASSERT ((__StackLimit >= __HeapLimit), region RAM overflowed with stack)

.cy_app_signature
 *(.cy_app_signature)

.cy_em_eeprom
 *(.cy_em_eeprom)

.cy_sflash_user_data
 *(.cy_sflash_user_data)

.cy_sflash_nar
 *(.cy_sflash_nar)

.cy_sflash_public_key
 *(.cy_sflash_public_key)

.cy_toc_part2
 *(.cy_toc_part2)

.cy_rtoc_part2
 *(.cy_rtoc_part2)

.cy_xip
 *(.cy_xip)

.cy_efuse
 *(.cy_efuse)

.cymeta         0x90500000        0xc
 *(.cymeta)
 .cymeta        0x90500000        0xc .\CortexM4\ARM_GCC_541\Debug\cymetadata.o
                0x90500000                cy_metadata
                0x10000000                __cy_memory_0_start = 0x10000000
                0x00100000                __cy_memory_0_length = 0x100000
                0x00000200                __cy_memory_0_row_size = 0x200
                0x14000000                __cy_memory_1_start = 0x14000000
                0x00008000                __cy_memory_1_length = 0x8000
                0x00000200                __cy_memory_1_row_size = 0x200
                0x16000000                __cy_memory_2_start = 0x16000000
                0x00008000                __cy_memory_2_length = 0x8000
                0x00000200                __cy_memory_2_row_size = 0x200
                0x18000000                __cy_memory_3_start = 0x18000000
                0x08000000                __cy_memory_3_length = 0x8000000
                0x00000200                __cy_memory_3_row_size = 0x200
                0x90700000                __cy_memory_4_start = 0x90700000
                0x00100000                __cy_memory_4_length = 0x100000
                0x00000001                __cy_memory_4_row_size = 0x1
OUTPUT(C:\Users\bryan.lee\Documents\GitHub\hello-world\Psoc_101_6BLE\Design04.cydsn\CortexM4\ARM_GCC_541\Debug\Design04_link.elf elf32-littlearm)

.rel.dyn        0x080273a8        0x0 load address 0x9855e564
 .rel.iplt      0x080273a8        0x0 c:/program files (x86)/cypress/psoc creator/4.2/psoc creator/import/gnu/arm/5.4.1/bin/../lib/gcc/arm-none-eabi/5.4.1/armv7e-m/softfp/crtbegin.o

.ARM.attributes
                0x00000000       0x2e
 .ARM.attributes
                0x00000000       0x22 c:/program files (x86)/cypress/psoc creator/4.2/psoc creator/import/gnu/arm/5.4.1/bin/../lib/gcc/arm-none-eabi/5.4.1/armv7e-m/softfp/crti.o
 .ARM.attributes
                0x00000022       0x32 c:/program files (x86)/cypress/psoc creator/4.2/psoc creator/import/gnu/arm/5.4.1/bin/../lib/gcc/arm-none-eabi/5.4.1/armv7e-m/softfp/crtbegin.o
 .ARM.attributes
                0x00000054       0x1f .\CortexM4\ARM_GCC_541\Debug\startup_psoc63_cm4.o
 .ARM.attributes
                0x00000073       0x37 .\CortexM4\ARM_GCC_541\Debug\main_cm4.o
 .ARM.attributes
                0x000000aa       0x37 .\CortexM4\ARM_GCC_541\Debug\system_psoc63_cm4.o
 .ARM.attributes
                0x000000e1       0x37 .\CortexM4\ARM_GCC_541\Debug\cy_ipc_config.o
 .ARM.attributes
                0x00000118       0x37 .\CortexM4\ARM_GCC_541\Debug\cymetadata.o
 .ARM.attributes
                0x0000014f       0x37 .\CortexM4\ARM_GCC_541\Debug\cy_sysint.o
 .ARM.attributes
                0x00000186       0x37 .\CortexM4\ARM_GCC_541\Debug\cy_ipc_drv.o
 .ARM.attributes
                0x000001bd       0x37 .\CortexM4\ARM_GCC_541\Debug\cy_ipc_sema.o
 .ARM.attributes
                0x000001f4       0x37 .\CortexM4\ARM_GCC_541\Debug\cy_ipc_pipe.o
 .ARM.attributes
                0x0000022b       0x37 .\CortexM4\ARM_GCC_541\Debug\cy_flash.o
 .ARM.attributes
                0x00000262       0x37 .\CortexM4\ARM_GCC_541\Debug\cy_syspm.o
 .ARM.attributes
                0x00000299       0x37 .\CortexM4\ARM_GCC_541\Debug\cy_syslib.o
 .ARM.attributes
                0x000002d0       0x25 .\CortexM4\ARM_GCC_541\Debug\cy_syslib_gcc.o
 .ARM.attributes
                0x000002f5       0x37 .\CortexM4\ARM_GCC_541\Debug\list.o
 .ARM.attributes
                0x0000032c       0x37 .\CortexM4\ARM_GCC_541\Debug\queue.o
 .ARM.attributes
                0x00000363       0x37 .\CortexM4\ARM_GCC_541\Debug\tasks.o
 .ARM.attributes
                0x0000039a       0x37 .\CortexM4\ARM_GCC_541\Debug\timers.o
 .ARM.attributes
                0x000003d1       0x37 .\CortexM4\ARM_GCC_541\Debug\port.o
 .ARM.attributes
                0x00000408       0x37 .\CortexM4\ARM_GCC_541\Debug\heap_1.o
 .ARM.attributes
                0x0000043f       0x32 c:/program files (x86)/cypress/psoc creator/4.2/psoc creator/import/gnu/arm/5.4.1/bin/../lib/gcc/arm-none-eabi/5.4.1/../../../../arm-none-eabi/lib/armv7e-m/softfp\libg_nano.a(lib_a-memcpy-stub.o)
 .ARM.attributes
                0x00000471       0x32 c:/program files (x86)/cypress/psoc creator/4.2/psoc creator/import/gnu/arm/5.4.1/bin/../lib/gcc/arm-none-eabi/5.4.1/../../../../arm-none-eabi/lib/armv7e-m/softfp\libg_nano.a(lib_a-memset.o)
 .ARM.attributes
                0x000004a3       0x32 c:/program files (x86)/cypress/psoc creator/4.2/psoc creator/import/gnu/arm/5.4.1/bin/../lib/gcc/arm-none-eabi/5.4.1/../../../../arm-none-eabi/lib/armv7e-m/softfp\libg_nano.a(lib_a-strncpy.o)
 .ARM.attributes
                0x000004d5       0x32 c:/program files (x86)/cypress/psoc creator/4.2/psoc creator/import/gnu/arm/5.4.1/bin/../lib/gcc/arm-none-eabi/5.4.1/armv7e-m/softfp/crtend.o
 .ARM.attributes
                0x00000507       0x22 c:/program files (x86)/cypress/psoc creator/4.2/psoc creator/import/gnu/arm/5.4.1/bin/../lib/gcc/arm-none-eabi/5.4.1/armv7e-m/softfp/crtn.o

.comment        0x00000000       0x6e
 .comment       0x00000000       0x6e .\CortexM4\ARM_GCC_541\Debug\main_cm4.o
                                 0x6f (size before relaxing)
 .comment       0x0000006e       0x6f .\CortexM4\ARM_GCC_541\Debug\system_psoc63_cm4.o
 .comment       0x0000006e       0x6f .\CortexM4\ARM_GCC_541\Debug\cy_ipc_config.o
 .comment       0x0000006e       0x6f .\CortexM4\ARM_GCC_541\Debug\cymetadata.o
 .comment       0x0000006e       0x6f .\CortexM4\ARM_GCC_541\Debug\cy_sysint.o
 .comment       0x0000006e       0x6f .\CortexM4\ARM_GCC_541\Debug\cy_ipc_drv.o
 .comment       0x0000006e       0x6f .\CortexM4\ARM_GCC_541\Debug\cy_ipc_sema.o
 .comment       0x0000006e       0x6f .\CortexM4\ARM_GCC_541\Debug\cy_ipc_pipe.o
 .comment       0x0000006e       0x6f .\CortexM4\ARM_GCC_541\Debug\cy_flash.o
 .comment       0x0000006e       0x6f .\CortexM4\ARM_GCC_541\Debug\cy_syspm.o
 .comment       0x0000006e       0x6f .\CortexM4\ARM_GCC_541\Debug\cy_syslib.o
 .comment       0x0000006e       0x6f .\CortexM4\ARM_GCC_541\Debug\list.o
 .comment       0x0000006e       0x6f .\CortexM4\ARM_GCC_541\Debug\queue.o
 .comment       0x0000006e       0x6f .\CortexM4\ARM_GCC_541\Debug\tasks.o
 .comment       0x0000006e       0x6f .\CortexM4\ARM_GCC_541\Debug\timers.o
 .comment       0x0000006e       0x6f .\CortexM4\ARM_GCC_541\Debug\port.o
 .comment       0x0000006e       0x6f .\CortexM4\ARM_GCC_541\Debug\heap_1.o

.debug_line     0x00000000     0x51c0
 .debug_line    0x00000000       0xa0 .\CortexM4\ARM_GCC_541\Debug\startup_psoc63_cm4.o
 .debug_line    0x000000a0      0x27e .\CortexM4\ARM_GCC_541\Debug\main_cm4.o
 .debug_line    0x0000031e      0x2fa .\CortexM4\ARM_GCC_541\Debug\system_psoc63_cm4.o
 .debug_line    0x00000618      0x2bc .\CortexM4\ARM_GCC_541\Debug\cy_ipc_config.o
 .debug_line    0x000008d4      0x141 .\CortexM4\ARM_GCC_541\Debug\cymetadata.o
 .debug_line    0x00000a15      0x2a8 .\CortexM4\ARM_GCC_541\Debug\cy_sysint.o
 .debug_line    0x00000cbd      0x2ac .\CortexM4\ARM_GCC_541\Debug\cy_ipc_drv.o
 .debug_line    0x00000f69      0x35f .\CortexM4\ARM_GCC_541\Debug\cy_ipc_sema.o
 .debug_line    0x000012c8      0x572 .\CortexM4\ARM_GCC_541\Debug\cy_ipc_pipe.o
 .debug_line    0x0000183a      0x72e .\CortexM4\ARM_GCC_541\Debug\cy_flash.o
 .debug_line    0x00001f68      0x8c7 .\CortexM4\ARM_GCC_541\Debug\cy_syspm.o
 .debug_line    0x0000282f      0x401 .\CortexM4\ARM_GCC_541\Debug\cy_syslib.o
 .debug_line    0x00002c30       0x89 .\CortexM4\ARM_GCC_541\Debug\cy_syslib_gcc.o
 .debug_line    0x00002cb9      0x2af .\CortexM4\ARM_GCC_541\Debug\list.o
 .debug_line    0x00002f68      0x939 .\CortexM4\ARM_GCC_541\Debug\queue.o
 .debug_line    0x000038a1      0xcd0 .\CortexM4\ARM_GCC_541\Debug\tasks.o
 .debug_line    0x00004571      0x524 .\CortexM4\ARM_GCC_541\Debug\timers.o
 .debug_line    0x00004a95      0x402 .\CortexM4\ARM_GCC_541\Debug\port.o
 .debug_line    0x00004e97      0x329 .\CortexM4\ARM_GCC_541\Debug\heap_1.o

.debug_info     0x00000000    0x12e56
 .debug_info    0x00000000       0x99 .\CortexM4\ARM_GCC_541\Debug\startup_psoc63_cm4.o
 .debug_info    0x00000099      0x43b .\CortexM4\ARM_GCC_541\Debug\main_cm4.o
 .debug_info    0x000004d4      0xff9 .\CortexM4\ARM_GCC_541\Debug\system_psoc63_cm4.o
 .debug_info    0x000014cd      0x876 .\CortexM4\ARM_GCC_541\Debug\cy_ipc_config.o
 .debug_info    0x00001d43       0xac .\CortexM4\ARM_GCC_541\Debug\cymetadata.o
 .debug_info    0x00001def      0x9c5 .\CortexM4\ARM_GCC_541\Debug\cy_sysint.o
 .debug_info    0x000027b4      0x486 .\CortexM4\ARM_GCC_541\Debug\cy_ipc_drv.o
 .debug_info    0x00002c3a      0x808 .\CortexM4\ARM_GCC_541\Debug\cy_ipc_sema.o
 .debug_info    0x00003442     0x15f4 .\CortexM4\ARM_GCC_541\Debug\cy_ipc_pipe.o
 .debug_info    0x00004a36     0x27a5 .\CortexM4\ARM_GCC_541\Debug\cy_flash.o
 .debug_info    0x000071db     0x3d45 .\CortexM4\ARM_GCC_541\Debug\cy_syspm.o
 .debug_info    0x0000af20     0x2511 .\CortexM4\ARM_GCC_541\Debug\cy_syslib.o
 .debug_info    0x0000d431       0xbe .\CortexM4\ARM_GCC_541\Debug\cy_syslib_gcc.o
 .debug_info    0x0000d4ef      0x2df .\CortexM4\ARM_GCC_541\Debug\list.o
 .debug_info    0x0000d7ce     0x1b44 .\CortexM4\ARM_GCC_541\Debug\queue.o
 .debug_info    0x0000f312     0x22b4 .\CortexM4\ARM_GCC_541\Debug\tasks.o
 .debug_info    0x000115c6     0x1089 .\CortexM4\ARM_GCC_541\Debug\timers.o
 .debug_info    0x0001264f      0x5ed .\CortexM4\ARM_GCC_541\Debug\port.o
 .debug_info    0x00012c3c      0x21a .\CortexM4\ARM_GCC_541\Debug\heap_1.o

.debug_abbrev   0x00000000     0x252c
 .debug_abbrev  0x00000000       0x14 .\CortexM4\ARM_GCC_541\Debug\startup_psoc63_cm4.o
 .debug_abbrev  0x00000014      0x1ce .\CortexM4\ARM_GCC_541\Debug\main_cm4.o
 .debug_abbrev  0x000001e2      0x1c4 .\CortexM4\ARM_GCC_541\Debug\system_psoc63_cm4.o
 .debug_abbrev  0x000003a6      0x173 .\CortexM4\ARM_GCC_541\Debug\cy_ipc_config.o
 .debug_abbrev  0x00000519       0x5d .\CortexM4\ARM_GCC_541\Debug\cymetadata.o
 .debug_abbrev  0x00000576      0x221 .\CortexM4\ARM_GCC_541\Debug\cy_sysint.o
 .debug_abbrev  0x00000797      0x177 .\CortexM4\ARM_GCC_541\Debug\cy_ipc_drv.o
 .debug_abbrev  0x0000090e      0x22d .\CortexM4\ARM_GCC_541\Debug\cy_ipc_sema.o
 .debug_abbrev  0x00000b3b      0x30d .\CortexM4\ARM_GCC_541\Debug\cy_ipc_pipe.o
 .debug_abbrev  0x00000e48      0x340 .\CortexM4\ARM_GCC_541\Debug\cy_flash.o
 .debug_abbrev  0x00001188      0x349 .\CortexM4\ARM_GCC_541\Debug\cy_syspm.o
 .debug_abbrev  0x000014d1      0x310 .\CortexM4\ARM_GCC_541\Debug\cy_syslib.o
 .debug_abbrev  0x000017e1       0x14 .\CortexM4\ARM_GCC_541\Debug\cy_syslib_gcc.o
 .debug_abbrev  0x000017f5       0xf6 .\CortexM4\ARM_GCC_541\Debug\list.o
 .debug_abbrev  0x000018eb      0x2df .\CortexM4\ARM_GCC_541\Debug\queue.o
 .debug_abbrev  0x00001bca      0x308 .\CortexM4\ARM_GCC_541\Debug\tasks.o
 .debug_abbrev  0x00001ed2      0x269 .\CortexM4\ARM_GCC_541\Debug\timers.o
 .debug_abbrev  0x0000213b      0x283 .\CortexM4\ARM_GCC_541\Debug\port.o
 .debug_abbrev  0x000023be      0x16e .\CortexM4\ARM_GCC_541\Debug\heap_1.o

.debug_aranges  0x00000000      0x860
 .debug_aranges
                0x00000000       0x20 .\CortexM4\ARM_GCC_541\Debug\startup_psoc63_cm4.o
 .debug_aranges
                0x00000020       0x28 .\CortexM4\ARM_GCC_541\Debug\main_cm4.o
 .debug_aranges
                0x00000048       0x38 .\CortexM4\ARM_GCC_541\Debug\system_psoc63_cm4.o
 .debug_aranges
                0x00000080       0x30 .\CortexM4\ARM_GCC_541\Debug\cy_ipc_config.o
 .debug_aranges
                0x000000b0       0x18 .\CortexM4\ARM_GCC_541\Debug\cymetadata.o
 .debug_aranges
                0x000000c8       0x30 .\CortexM4\ARM_GCC_541\Debug\cy_sysint.o
 .debug_aranges
                0x000000f8       0x30 .\CortexM4\ARM_GCC_541\Debug\cy_ipc_drv.o
 .debug_aranges
                0x00000128       0x40 .\CortexM4\ARM_GCC_541\Debug\cy_ipc_sema.o
 .debug_aranges
                0x00000168       0x68 .\CortexM4\ARM_GCC_541\Debug\cy_ipc_pipe.o
 .debug_aranges
                0x000001d0       0xb0 .\CortexM4\ARM_GCC_541\Debug\cy_flash.o
 .debug_aranges
                0x00000280      0x108 .\CortexM4\ARM_GCC_541\Debug\cy_syspm.o
 .debug_aranges
                0x00000388       0x78 .\CortexM4\ARM_GCC_541\Debug\cy_syslib.o
 .debug_aranges
                0x00000400       0x20 .\CortexM4\ARM_GCC_541\Debug\cy_syslib_gcc.o
 .debug_aranges
                0x00000420       0x40 .\CortexM4\ARM_GCC_541\Debug\list.o
 .debug_aranges
                0x00000460       0xe8 .\CortexM4\ARM_GCC_541\Debug\queue.o
 .debug_aranges
                0x00000548      0x1a0 .\CortexM4\ARM_GCC_541\Debug\tasks.o
 .debug_aranges
                0x000006e8       0xb8 .\CortexM4\ARM_GCC_541\Debug\timers.o
 .debug_aranges
                0x000007a0       0x88 .\CortexM4\ARM_GCC_541\Debug\port.o
 .debug_aranges
                0x00000828       0x38 .\CortexM4\ARM_GCC_541\Debug\heap_1.o

.debug_loc      0x00000000     0x5c66
 .debug_loc     0x00000000       0xa1 .\CortexM4\ARM_GCC_541\Debug\main_cm4.o
 .debug_loc     0x000000a1      0x1fe .\CortexM4\ARM_GCC_541\Debug\system_psoc63_cm4.o
 .debug_loc     0x0000029f       0x1e .\CortexM4\ARM_GCC_541\Debug\cy_ipc_config.o
 .debug_loc     0x000002bd      0x223 .\CortexM4\ARM_GCC_541\Debug\cy_sysint.o
 .debug_loc     0x000004e0      0x2a1 .\CortexM4\ARM_GCC_541\Debug\cy_ipc_drv.o
 .debug_loc     0x00000781      0x6c2 .\CortexM4\ARM_GCC_541\Debug\cy_ipc_sema.o
 .debug_loc     0x00000e43      0x7d4 .\CortexM4\ARM_GCC_541\Debug\cy_ipc_pipe.o
 .debug_loc     0x00001617      0xbe0 .\CortexM4\ARM_GCC_541\Debug\cy_flash.o
 .debug_loc     0x000021f7      0xb0a .\CortexM4\ARM_GCC_541\Debug\cy_syspm.o
 .debug_loc     0x00002d01      0x1fc .\CortexM4\ARM_GCC_541\Debug\cy_syslib.o
 .debug_loc     0x00002efd       0x65 .\CortexM4\ARM_GCC_541\Debug\list.o
 .debug_loc     0x00002f62      0xef3 .\CortexM4\ARM_GCC_541\Debug\queue.o
 .debug_loc     0x00003e55     0x12e7 .\CortexM4\ARM_GCC_541\Debug\tasks.o
 .debug_loc     0x0000513c      0x9ad .\CortexM4\ARM_GCC_541\Debug\timers.o
 .debug_loc     0x00005ae9      0x11e .\CortexM4\ARM_GCC_541\Debug\port.o
 .debug_loc     0x00005c07       0x5f .\CortexM4\ARM_GCC_541\Debug\heap_1.o

.debug_ranges   0x00000000      0x808
 .debug_ranges  0x00000000       0x18 .\CortexM4\ARM_GCC_541\Debug\main_cm4.o
 .debug_ranges  0x00000018       0x40 .\CortexM4\ARM_GCC_541\Debug\system_psoc63_cm4.o
 .debug_ranges  0x00000058       0x20 .\CortexM4\ARM_GCC_541\Debug\cy_ipc_config.o
 .debug_ranges  0x00000078       0x20 .\CortexM4\ARM_GCC_541\Debug\cy_sysint.o
 .debug_ranges  0x00000098       0x20 .\CortexM4\ARM_GCC_541\Debug\cy_ipc_drv.o
 .debug_ranges  0x000000b8       0x30 .\CortexM4\ARM_GCC_541\Debug\cy_ipc_sema.o
 .debug_ranges  0x000000e8       0x58 .\CortexM4\ARM_GCC_541\Debug\cy_ipc_pipe.o
 .debug_ranges  0x00000140       0xa0 .\CortexM4\ARM_GCC_541\Debug\cy_flash.o
 .debug_ranges  0x000001e0      0x160 .\CortexM4\ARM_GCC_541\Debug\cy_syspm.o
 .debug_ranges  0x00000340       0x68 .\CortexM4\ARM_GCC_541\Debug\cy_syslib.o
 .debug_ranges  0x000003a8       0x30 .\CortexM4\ARM_GCC_541\Debug\list.o
 .debug_ranges  0x000003d8      0x120 .\CortexM4\ARM_GCC_541\Debug\queue.o
 .debug_ranges  0x000004f8      0x1c8 .\CortexM4\ARM_GCC_541\Debug\tasks.o
 .debug_ranges  0x000006c0       0xa8 .\CortexM4\ARM_GCC_541\Debug\timers.o
 .debug_ranges  0x00000768       0x78 .\CortexM4\ARM_GCC_541\Debug\port.o
 .debug_ranges  0x000007e0       0x28 .\CortexM4\ARM_GCC_541\Debug\heap_1.o

.debug_str      0x00000000     0x6716
 .debug_str     0x00000000      0x2dd .\CortexM4\ARM_GCC_541\Debug\main_cm4.o
                                0x360 (size before relaxing)
 .debug_str     0x000002dd      0x8ce .\CortexM4\ARM_GCC_541\Debug\system_psoc63_cm4.o
                                0xb09 (size before relaxing)
 .debug_str     0x00000bab     0x12f6 .\CortexM4\ARM_GCC_541\Debug\cy_ipc_config.o
                               0x1532 (size before relaxing)
 .debug_str     0x00001ea1       0x30 .\CortexM4\ARM_GCC_541\Debug\cymetadata.o
                                0x1cf (size before relaxing)
 .debug_str     0x00001ed1      0x173 .\CortexM4\ARM_GCC_541\Debug\cy_sysint.o
                               0x13de (size before relaxing)
 .debug_str     0x00002044      0x191 .\CortexM4\ARM_GCC_541\Debug\cy_ipc_drv.o
                                0x3d9 (size before relaxing)
 .debug_str     0x000021d5      0x268 .\CortexM4\ARM_GCC_541\Debug\cy_ipc_sema.o
                                0x5ff (size before relaxing)
 .debug_str     0x0000243d      0x46e .\CortexM4\ARM_GCC_541\Debug\cy_ipc_pipe.o
                               0x1ad6 (size before relaxing)
 .debug_str     0x000028ab      0xc56 .\CortexM4\ARM_GCC_541\Debug\cy_flash.o
                               0x29f4 (size before relaxing)
 .debug_str     0x00003501     0x1539 .\CortexM4\ARM_GCC_541\Debug\cy_syspm.o
                               0x252c (size before relaxing)
 .debug_str     0x00004a3a      0x518 .\CortexM4\ARM_GCC_541\Debug\cy_syslib.o
                               0x1905 (size before relaxing)
 .debug_str     0x00004f52      0x172 .\CortexM4\ARM_GCC_541\Debug\list.o
                                0x35b (size before relaxing)
 .debug_str     0x000050c4      0x653 .\CortexM4\ARM_GCC_541\Debug\queue.o
                                0x93f (size before relaxing)
 .debug_str     0x00005717      0x991 .\CortexM4\ARM_GCC_541\Debug\tasks.o
                                0xf1a (size before relaxing)
 .debug_str     0x000060a8      0x42a .\CortexM4\ARM_GCC_541\Debug\timers.o
                                0x8e6 (size before relaxing)
 .debug_str     0x000064d2      0x198 .\CortexM4\ARM_GCC_541\Debug\port.o
                                0x522 (size before relaxing)
 .debug_str     0x0000666a       0xac .\CortexM4\ARM_GCC_541\Debug\heap_1.o
                                0x301 (size before relaxing)

.debug_frame    0x00000000     0x183c
 .debug_frame   0x00000000       0x48 .\CortexM4\ARM_GCC_541\Debug\main_cm4.o
 .debug_frame   0x00000048       0x68 .\CortexM4\ARM_GCC_541\Debug\system_psoc63_cm4.o
 .debug_frame   0x000000b0       0x64 .\CortexM4\ARM_GCC_541\Debug\cy_ipc_config.o
 .debug_frame   0x00000114       0x7c .\CortexM4\ARM_GCC_541\Debug\cy_sysint.o
 .debug_frame   0x00000190       0x70 .\CortexM4\ARM_GCC_541\Debug\cy_ipc_drv.o
 .debug_frame   0x00000200       0xcc .\CortexM4\ARM_GCC_541\Debug\cy_ipc_sema.o
 .debug_frame   0x000002cc      0x164 .\CortexM4\ARM_GCC_541\Debug\cy_ipc_pipe.o
 .debug_frame   0x00000430      0x22c .\CortexM4\ARM_GCC_541\Debug\cy_flash.o
 .debug_frame   0x0000065c      0x354 .\CortexM4\ARM_GCC_541\Debug\cy_syspm.o
 .debug_frame   0x000009b0      0x124 .\CortexM4\ARM_GCC_541\Debug\cy_syslib.o
 .debug_frame   0x00000ad4       0x70 .\CortexM4\ARM_GCC_541\Debug\list.o
 .debug_frame   0x00000b44      0x324 .\CortexM4\ARM_GCC_541\Debug\queue.o
 .debug_frame   0x00000e68      0x584 .\CortexM4\ARM_GCC_541\Debug\tasks.o
 .debug_frame   0x000013ec      0x260 .\CortexM4\ARM_GCC_541\Debug\timers.o
 .debug_frame   0x0000164c      0x120 .\CortexM4\ARM_GCC_541\Debug\port.o
 .debug_frame   0x0000176c       0x60 .\CortexM4\ARM_GCC_541\Debug\heap_1.o
 .debug_frame   0x000017cc       0x28 c:/program files (x86)/cypress/psoc creator/4.2/psoc creator/import/gnu/arm/5.4.1/bin/../lib/gcc/arm-none-eabi/5.4.1/../../../../arm-none-eabi/lib/armv7e-m/softfp\libg_nano.a(lib_a-memcpy-stub.o)
 .debug_frame   0x000017f4       0x20 c:/program files (x86)/cypress/psoc creator/4.2/psoc creator/import/gnu/arm/5.4.1/bin/../lib/gcc/arm-none-eabi/5.4.1/../../../../arm-none-eabi/lib/armv7e-m/softfp\libg_nano.a(lib_a-memset.o)
 .debug_frame   0x00001814       0x28 c:/program files (x86)/cypress/psoc creator/4.2/psoc creator/import/gnu/arm/5.4.1/bin/../lib/gcc/arm-none-eabi/5.4.1/../../../../arm-none-eabi/lib/armv7e-m/softfp\libg_nano.a(lib_a-strncpy.o)
